>scga-mini-dna-015-normal-3
agcactgccTGGAAGTGTGGGGTGAGAGCTCCTCCTAGGACACCCCTTTCCCCTTGGGGA
AAGAATTGTGCCCCCAGGCCCTTCCCCGCGGAGGTCCCTCTCCTCCTTCCCCCTCATCTC
CCCTTCCTGGGACAGAAAGTGCCTCCACCTGCATCCCCAGGGGCCCGGCCTCCAGGGCCC
GCTGGCCCCACAGCAGGCAAGCTGAGATGACGGTCAAGCTGGATTTCGAGGAGTGTCTCA
AGGACTCACCCCGTTTCCGGTAAGTGTGAACTGGTCTGGGGGGCTAAGGAGGGGAAAGTC
TAACACCCCCAGCACACACACACCTTTCCCCAGGCCAGGTCTCCTTCCAGGGAGCAGGCC
TCTAAGAGGCAGGAGCGAGCCTGTGGGCCAAAGTGGTACCCCAGCTGTGAAAGCAGGGTA
CTCCAATGCTCTCTGCCCCTGCATGCTCCTCCTGGCCTCTGCAGTTTCCCTCACCCCTAG
AGCTGGCATTCCCTCTGGCCTCTCAGTGGGACCCCTGCCCCTCCCCCAGCACCTGCTCTG
GGGCGGTTAGCAACTTCCTGCCCTGGCCACATCCACCCTCCTTCTACCCTTCCTGCTCTG
GCCTGGGCTGTGGTAGCTCCCAGACTGCAGAGCGGGCAGAGCACAAGTAGGTGGGTGGGG
GGCGAGCCTCTCAACTCTGCAGCTTTCTCCTCCGTACCCACCGCCCTGCGACTCCATCCC
GCCTGATGAGGCAGACAGACCAGATGGACCCAAGCTCTCTTCCCATGACCCCCTCTTTCC
CAGAGCCTCTATTGAGCTGGTGGAAGCCGAAGTGTCAGAATTGGAGACCCGTCTGGAAAA
GGTGACCCTGACATGGAGAGGTGACCCAGGAGTGGATTAGGTTGAGAGGGGTAGGGCCAG
GGAGAAAGCTGGAGACACAGAATGCATCCCAGGGATTATTGAATACTGTGTAGGGGAGAT
ATTTTGGAGACTGCAGAGAAGCAAAAAAGGTGGTTCTGTACCGACAAGAAGCTCAGGATC
TTGGAAAACAAGACTTACTTTTGggccaggcatggtagctcatgcctgtaatcccagcac
tttgggaggccaaggtgaatggatcacctgaggtcaggagttctagaccagcctggctaa
catggcgaaaccccatctctactaaaaatgcaaaaatcatccaggcttagtggcacccat
ctgtagctccagctactcaagaggctgaggcagaggaatcacttgaacctgggaggcgga
ggttgcagtgagccaagatcgcaccactgcactccaggctaggcgacagagcgagactct
gtgtcaaaaaaaaaaagaCTTAATTTTGGACTTCCTTGTTCTGCTCttgagctcctgcat
tgtgccaggccctgggcattcagggaggacaagatcatttctgctcccacggagcccaaa
ggctgactagaagacaaaccagtgaaacgtttcaattcaagacagtaaggtgtcccctga
gcactctatcaaacagcatgttcacacaaatacacactcaaatgctctctcattcccctt
acttcgctttacttttctctgcaacatttacctctgacacattatgtatttGCTTGCTAt
atattagttctctattgctgtgtaacaaattgtcacaaatttagtggGCAACATTGTTTT
AtgggcaacatggtgagacctcatctctacaaataataAttttatttttatttttattta
tttgagatggagtctcgctctgtcacccaggctggagtgcagtggtgcgatctcggctta
ctggaacctccacctcccaggttcaagtgattctcctacctcagcctcccaagtagctgg
gattacaggtgtgcaccaccacacctggataattttttttctttttgtatttttagtaaa
gacagggtctcaccatgttggctaagctggtcttgaactcctgacctcaaatgatctacc
tgccgcagcctcccaaagtgctggcattacaggcttaagccaccgcacccggccTACAAA
TAATAATTTTAAACAATGGACTGGATGGAGTGGCCACAGCTGTGATCCCAGATGCTTCAA
TActgggctcaagtgatcctccctcctcaacctccccagtagctgtgctacaggcacatg
ccaccacgcctggcttttttaaatttaaatttattttttgtagagatggggtctccctat
gttacctaggctggtctggaactcctggcctcaagtaatcctcccacctcagcctcccaa
agtgctggaattacaggtgtgagccaccacacctggccTGaattttttattttgagtaaa
ttattgactcaggagactagtgaggagaggtctcatgtacccatcacccagcttccccca
gtggtgacatcttatacaatactagtacattattaaaaccaggacattaatagtgtcaca
ttacaattaacaataaactCggccaggtgtggtggctcacgcctgtaatcccagcacttt
gggaggccaaggtgggcggatcacgaggtcaggagatcgaaaccatcctggctaacactg
tgaaaccccgtctctactaaaaatacaaaaaattattcgggtgtggcggcaggcgcctgt
agtcccagctactcaggaggctgaggcaggagaatggcgcgaacccgggaggtggagctt
gcagtgagtggaggtcgtgccactgcactccagcctgggcgacagagtgagactgtctca
ataaacaaaaacaaacaaacaaaaaaCCCCAATAAACTCTAgccaagctcagtggctcac
gcctgtaatcccagcactttggtaggctgcggcaggtggatcacgaggtcaggacttcga
gaacagcctgaccaacatgatgaaacccccatctctactaaaaatacaaaaattagccag
gcgtggtggcacgcacctgtaatcccagctactcaggaggctgaggcaggagaattgctt
gaacccaggaggcggaggttgcagtgagccgagatcacgccaccacactccagcctgcgg
aggtcgcaatgagccgagatcgtgccactgcactccggcgtgggcgacagaccaagactc
tgtctctaaataaataaataaaCtctatagatcctactttgattttacattttgcatata
ctcttttttggtgtttttgtgtataattctatggtactttatcacgtgtatggattcctt
taaccatcaccacacaccaatggacacaaggaattcctttacagtggtacccgacaccct
tcccacacttctttaatctgtggtaaccgctgatttgttctccatctctctacttttgtc
atttccagaatgttccatatatagaatcatacactatgtgaccctttgagatttggcttc
cccctcccccctcactcagaataatgctgctgccgggtgtggtcgctcatgcctgtcatc
ccaactactcaggaggtcaaggtaggagggttgcttgaggccagaagctcgagaccagcc
tgggcaacatagcaagacccttgtctctaaataatgttctgttttgtttttaaattagcc
aggcatggtggtgtgtgcctgtagtctcagctactcaggaagctaagattggaggatccc
ttgaacccaggagttcaaggctgcagtgagctatgatcccaccactgcactccagcctgg
gcgacagagacctcaactctaaaaataatcataattttttaaaagatgaatgctcttgaa
gtttatccaagttgttgcacatatcaacagtttgttcctttttattgctgagtactgttc
tattgaacagatgtcccagtctgtCACTAGTCCAGTGTTATGAAAGTTTCTTACTCATCT
AAGGGGGAGGGGCTGAGATGGTAAGGAAAAAAACTAGACACAGAGTCCTCAGATTCACAC
AGTGATTTGTGAACATCCTTGTACCTTGTCACAGACAACCCATGGTGATGTCTGATAAGA
TTTGATCTCGGTCAggccaggtgcagtggctcatgcctgtaatcccagcacttcgggagg
ccgaagcaggtggatcacctgaagtcaggagttcgagaccagcctggtcaacatggtgaa
accccgtctctactaaaaatacaaaaaattagctgggcgtggtggcgggcacctgtaatc
ccagctactctggaggctgaggcaggaggatcgcttgaacctgggaggtggaggttgtgg
tgagccaagatcatgccattgcactccagcttgggcaacggagcaaaactccgtctcaaa
aatagaaaaataaaaagagaTggggtttcactatgttggtcaggctgatatccaactcct
gacctcaggtgatccacccacctcagcctcccaaagtgttgagattacaggtctgagcca
ccttgcctggccTATCAAGTCTCTTTGTCAGTCAAAAGAGCCAGATAGGATGGGCCCCAG
GAGTACCCCGGCATTTCCTCTTGGCCCTGACCCGTGGTCTAGATGATGGATTAATATTTA
TGAGGGAACGTGCAGTGAGCACAGAATGGGACAACTCCTAGCAGTAAATACTATAGAttt
tatttatttatttatttttcgagacagagtctcggtctgtcacccaggctggagtgcagt
agcgccatctcggctcactgcagccttgacctcccggattcaggcagtcctcctgcctta
gccccccaggtaactgggattataggcacTtggtgccatctcagctcactacagcctcag
cctcccgggttcaagcagtcctcctgccttagcctcccaagtagctgggattacaggcat
gtgccaccatgcctggctaatttttgaatttttagtagagatgaggtttcaccatgttgc
ccaggctgctcttgaattcctgagctcaagcgactggcccgccttggcctcccaaagggt
tgggattacaggtgtgagccaccacgcccggccAATACTGTAGAATTTAATAGCAACCAG
GTAGAGCATCCAGACCATGCAGGAATCTCCACGGAGCTCTGGATCTAAGCAGGTAGGCAG
GGCAGGAAGAGATATGTGCGAGTGGACAGGGAAAGATGTTTTGGAGGTAAGGCTGACAGA
GGTGTTGGCGACAGGCTGAGAGGAATGGGCAGGAATTGGGTTTCAGGCCCAAGGCAGTGG
GAGCAAAGACGCAGCGATAAGAACACAGCAGGTATGTGTTAGATACAGGGAGAGCTGGAT
GAGCCTGGAGGGCAGTGAGGCCAGGCAGGAATAGGGGAGCGCCGCCCTGGGCAAGGGGAG
AGGAAGTGGGGCAGGTGTGGGGGCATCACCAGGTGTGAGGATGATGGCACAGCTCCCTGT
TACCCTCCTTCTTTCCCAGCTCCTGAAACTGGGCACTGGTCTCCTGGAAAGTGGGCGCCA
TTACCTTGCTGCCAGCCGCGCCTTCGTTGTCGGCATTTGTGACCTGGCCCGCCTGGGTCC
ACCAGAGCCCATGATGGCGGTATGCGGAGGGTCTGCATCTGGGAGGGAAGGGGTCTGGGA
TGAGGAGGTGATGCTGTGGAAGAGGAGGGCTGGCCTGGGGTCTGCAGGTTCCAGGCCACA
GCAGGGCTGGGCTGCTGTCCATGACAGCCGTAGCAGGCTGGGTCTCGAGTCGGGAGGGTG
CTGCCACCCCATGCCTGGTACTCTTTCTGTGCCTCTTCTTGCCTAGGAGTGTCTGGAAAA
ATTCACCGTGAGCCTGAACCACAAGCTGGACAGCCATGCGGTAAGTAGGGGAAGGTAAGG
ATTGTCGGGGTGGTGGCCAGGTCACCTGTGGTCCTGACCCCAGTCTACCAACTTCTCCTT
CCCTCAGGAGCTTCTAGATGCCACCCAACACACACTGCAGCAGCAGATCCAGACCCTGGT
CAAGGAGTGAGATGGggccgggcgcagtggctcatgcctgtaatcccaacactttggaag
gccaaggcgggaggattgcttgagcccaggagttggacaccaacctagccaacatggcga
aactgtctccacaaaaaatacaaaaattaggccgggcacggtggctcatgcctatgatcc
cggcattttgggaggccaaggcgggcggatcacctgaggtcgggagttcgagaccagcct
gtctaacatggcaaaaccccagctctactaaaaaatacgaaaaaaaaaaattagccgggc
atggtggcaggtgcctgtaatcccagctactcaggaggccgaggcaggagaatcatttga
acccaggaggtggaggttgcagtgagccaagatcgcactacttcacttcagcctgggcaa
cagagtgagactctgcctcaaaaaaaaaaaaaaaaaaaaaaaaatagccgggcgtggtgg
cacatgtctgttgtcccagcttcttgggaggctgaggcaggagaattgcttgagcctgga
ggtcagggctgcggtgagccatgattgtgccactgtactccagcctgggtaacagagcaa
gacccggtctcaaaaacaaaaacaacaacaacaacaaaaaTTTTTTAAAGGGGGAGTGAG
ATGGGAGAGAAGGGGGCCTTATTTCTCGGAAACCAGCCCTGCTGCCCTCTTCCCATGGCC
ACAGGAGCCTCCCCAGTGACGGAGTTGTGAGATTGGGGGTTTCTGGTGTCCTGACTTCCG
TCCCAGGGATCACCTTGGGTTTCCCACGTTGCAGAGACTAACTGAAAGGACATGAGGGCT
TTACCCTGGGAATGCTCTGCTGGGGCAGGTGGGTGTTAGCTGCGATTCTGTGTTATTTTC
CCATCCTCAGAGGTCTGCGGGGTTTCCGAGAGGCTCGCCGGGATTTCTGGCGGGGGGCTG
AGAGCCTGGAGGCTGCCCTGACCCACAACGCAGAGGTTCCCAGGCGCCGGGCCCAGGAGG
CAGAAGAGGCAGGAGCTGCTTTGAGGACGGCTCGAGCTGGGTACCGGGGACGGGCACTGG
ATTATGCCCTGCAGGTGCCTGCCCCAATCTGTCTTCCTGGGGTACCAGAGCCTCAAGTGT
CACCTCGAGGCTTGGGGGTCTCCAGTGTGCAGTGGGAAGGGGTGCTGTGTCTTCAAGACT
GATCTGGGGTTTTTTACGTCCTCTTTTACGTCCTCAGATCAACGTGATTGAGGACAAGAG
GAAGTTTGACATCATGGAGTTTGTGAGTTGTGGCGGGGGTGAGGGCAGGGTGGAGAAGAG
CCTGCTGCCAGCACAAGGGAATGGGGAGAGGGGTTCTTCCTCAGCCTTCCCACTGCCCGC
CTTGTCCCCCAGGTGCTGCGTTTGGTGGAGGCCCAGGCTACCCATTTCCAGCAGGGCCAT
GAGGAGCTGAGCCGGCTGTCCCAGTATCGAAAGGAGCTGGGCGCCCAGGTGGGGCCCCAG
GGCACAGCAGGTGGTAGAGGGAGGTTAGGGACTCCTAACTGGGGGGCCTTGGACATCTGA
GATGCCCTTCCTGTGCCCAGTTGCACCAGCTGGTCTTGAATTCAGCACGAGAGAAGAGGG
ACATGGAGCAGAGACACGTGCTGCTGAAACAGAAGGTGAGGggccaggtgcggtggccca
cgaccgtcatcccaacatgttgggaggctgaggtgggaagattgcttgaggcctggagtt
caagattagcctaggcatcgtagtgaaactccatctctacagaaaattttaaaattagct
ggtgtggtggcatgcacctctagttctagctactcaggaggctgaggtgggaggattgct
tgagcccaggagttcaagactgcagtgagctatgatcacacaactgcacttaagcctggg
tgaaagaacaagaccctgtctctaaaaataaaTTTTAAAAAGTATTTCAAAAAGCAGAAA
GTAAGGGCTAGGGCTGTGGGCAGGAGGCAGATGCCTATGGCCTTGGTGTCTGCCCATCTC
AGTTGCCCTTTGATCCTCTTGTGCCTCCAGGAGCTGGGTGGGGAGGAGCCAGAACCAAGC
TTAAGAGAGGGGCCTGGTGGCCTGGTGATGGAAGGACATCTCTTCAAACGGGCCAGCAAC
GCATTTAAGACCTGGAGCAGGTGAGGAGAGGACACCCCCAATCAGCCCGCCCCACCCAAT
GATGTATTTTCGAGTGGTAATAGCACACTAAGCactgcaaggaaaaacagacgaaccccc
ctgcctcagtagagtttcattccatcagcaaagacagaggataaacctagtatgtaaatt
acgtgctatgttagaaggtgatagtgcttgctataggagaaagatgataaagcaagggat
gtggggagctgggtaggggttacagttctaaatagttgggcagtgtgggcttcatgagaa
ggtaacttttgaacaaagacttgaaggatatctgggggaagaaagttctagacagaagaa
agagccagtgccaaggccctgagatagctggggagttggaagagcagggtggtggccctg
ggtctggacagagtgagggaggaggatgtgcaggagatgaaatcggagctaatgggggca
tgagtcattatagggccctatagatttttgtagggatttggggtctactctgagagcaat
tgggagccgctatagggtttggaacaggatggtggcatgctgtgacttGACTCCTTTCCC
TTCTagggccactgctagcccacatgggatctctgtacaaattagaaaatggagctgctt
ccccaagatactcttttttctttttcttttctttttttttttctgttttttttgagatgg
ggtgtcactctgttgcccagcctgcagtgcagtggcgcagtctcggctcactgcaacctc
tatcccctgagttcaagtgatcctccctcctcagcatcctaaatagctgggaccacaggc
gtgtgccatcacgctcggctaatttttgtatttttggtagaaacagggtttcaccatgtt
gcccaggctggttgcaaactcctgacatcaagcaatccacccgcctcggcctcccaactt
gctgggattacaggcgtgagccactgtacctggccCCCAAGATTCtttcttttctttttt
tctttttctttttttttcttttttgatggagcctcgctatgttgcgcaggctgcagcaca
gtggtgcgatctcagctcactgcaacctcagcttcctgggttcaagcgattctcctgcct
cagcctcccaagtaggtgggattatagccgcctgccaccacgcctggctaatttttgtat
ttttagtagagacggagtttcaccatattggtcagggtggtctcaaactcctgacctcgg
gtgatccaccacccccatcagcctcccaaagtgctgggattacaggtgtgagccCAGCCT
AAATAGTATTTTTTAAATTGTAGCAATAGAcattttattagaaaaagaattttactgcca
tctgctggaaagttgtcttcataactatatgaaatctgggttgtccaagataggaatagc
atcctttagatgttccaatctgcacaattgtccaCCCTTCTCTGGAATGTCTCGTGGAAC
AGTCAGCCCAGGTGTCTGTCCTCTCAGTAAGATCCTCATGGGCAAAAAGCACAGCCTCTC
TTCCGTCCCTCATCCTAAAGCTGCCTATGTCTGTAATGATTTCCTTCTCTTACAGACGCT
GGTTCACCATTCAGAGCAACCAACTGGTTTACCAGAAGAAGTACAAGGTGAGTGGACCTG
GGTCCTGGATGCCTGGGCCCCAGGGAGACTCAGCTCTTGCCTGCAGCTGGACATCTGGCC
CCTTATCACCTTATCCTGCCAGGACCCTGTGACTGTGGTGGTGGATGACCTTCGTCTCTG
CACAGTGAAACTCTGCCCTGACTCAGAAAGGCGGTTCTGCTTTGAGGTGGTGTCCACCAG
CAAGTGAGTGCAATCCCcaggggtgatactctaatatatctaaacaactgccaatctgaa
aggcagggcccaccacaatggaggccccccatgcagctccagactttaatttaattcttt
ggcggctggactggggggccattgtggaagagggtacagggtgatgggggatatttagga
gaatattaccaactggtacagaagtctttcaatgcaactggaactggttgaatactggct
gaatgtcagtcTGCCCATGCTGCCACTTTGCTTCCCAGGCCTCAGACCCCTCTGCCATCT
CCCTCACCCTCCTACCTAGGTCCTGCCTCCTCCAGGCTGACTCAGAGCGCCTCCTGCAGC
TGTGGGTCAGTGCTGTGCAGAGCAGCATTGCTTCTGCCTTCAGTCAGGCTCGCCTTGATG
ACAGCCCCCGGGGTCCAGGCCAGGTACCTTAACCTGGGGGTGCGGAGCCAGGCTGCCTGT
GGAGATGGGGCACCCTTTACCCTAGGCCCCTTGGCCACCCTTTCTTCCCCTCTCTCCCCC
AGGGCTCAGGACACCTGGCCATAGGCTCTGCTGCCACCCTGGGCTCTGGTGGAATGGCCA
GGGGAAGGGAGCCTGGGGGAGTCGGGCACGTGGTGGCCCAGGTCCAGAGTGTGGATGGCA
ATGCCCAGTGCTGCGACTGCCGGGAGCCAGCCCCGGAGTGGGCCAGCATCAACCTTGGTG
TCACCCTCTGCATTCAGTGTTCCGGCATCCACAGGTTACTCCACAAGGCCCATGCGGGAG
CCCCACTCCTTCGGGCCACAGTGCGGCTCCAATACAGAGCGCATCACACCGGCCCCTCTT
CCTTCCCTGTCCTGGCTTCCTCTCTTAGCTTCTGGCTTTGTCACTGGGTACCAGGCCTGG
GCCCAAGCCTCTGGGGTGCCAGTTGGACCCAGGCGGGCCTAGCCCCTCTGTGTCCTAGTC
TGGCCAGAATTGGGGGATACCCAGAATTTGTTGGCTTGGTTGGAAGAAGTGTGGGGTCAA
GGCTGCTGAGGGTGGGGGAGCCAGTGAAGACTAGGCAGAGAAACGGTCATGAGGCCTTAG
CAAGTATCTAAGGCCCTCGCCCCCCACCTCAGTGTGGTGGAAGGGAGGTGACATGGGAGA
GGTTGTCCAGGCCAAAGTGTCACAAGTGTCACTAGAGAAGGGAGGTGGCTGGAGTGATGA
GGGCCTTGAAATGAAACCTAAGGAAGAAGGAATGGTGACGAGGCAGAGTCCTGCCAGGGC
CAGGTCAAGGCTACATGGCGGTTACATGGCCGCAGCTGCCCTGCCTCCTGGGCCAGCACC
TCTGCACGGGCCCCCATGCCAGCCTTGCCTCCCAGTGTCTTCAGGAGCAGCAGCAGCTCC
CCAGGCCACTGCCCCCCTGCACAGGGCCTGACCCTCCCCCTCTGGCCCTCCAGGAGCCTT
GGTGTTCACTTCTCCAAAGTCCGGTCTCTGACCCTTGACTCATGGGAGCCAGAACTAGTG
AAGGTAACTTAGCGTATTGTGAAGATTGGGGGCAAGAACTTGGGGTGGGGCAAGGACATG
GCGGTGCAGGGGCGTGATCCCTGAGGAGTCACTCACCCCCACCTTCCCTGTCTCTGCCTC
TGCCTGGGCCTCCTGAAGCTCATGTGTGAGCTGGGAAATGTCATCATCAACCAGATCTAT
GAGGCCCGCGTGGAGGCCATGGCAGTGAAGAAACCAGGGCCCAGCTGCTCCCGGTGAGCT
TGGGGTTTAGCCTCCCAGGGGAATGGGGGACCCCTGGAGCAGAAGAGGGAAGACTGCGTG
CTTCTCCCCTCCCACAGGCAGGAGAAGGAGGCCTGGATTCACGCTAAATACGTGGAGAAG
AAGTTCCTGACCAAGCTGCCTGAGATTCGAGGGCGAAGAGGTGGCCGGGGGCGCCCAAGG
GGGCAGCCTCCTGTGCCCCCAAAGCCTTCCATCAGGCCCCGGCCAGGGAGCTTGAGATCC
AAGCCAGGTATAGGGTTGGTTGGGcattcattgagcatctgctgtgtgctcggcatcgtg
ccaggtagcgccgggaggcacagagtgtgaaGCCCAGGCCTTCCGCTGGACAATGTCGGA
GGGACCGGACTGCCGTTTCAGGGGTTACGGTGGAGTGTGACATTAAGAATGAGAAGGAAT
GTGGGGCTGGGCGTGGGCAGGGAGGGTAAGGGGTGCCAACAGCACAAGAAAAGGAGAGAG
AGAGGGGGTGGGTTTGGCTGGAGCGTCAGGGGTTGAGAGCTGAGGCCAAGTGTGGTTGGA
CCAGATGAGGTGATGATGCCGTCTCTCCCCCACACCCTAGGGACTCGTACACATGCATAC
GCATACTTACACATACCCACACTTGCATCACTCTATTCCCTCCACAGTCCCAAGCTCCCC
ATCATTTAGAAGAGACCTGTCCCATTATAGCATTGGGACACTGCTGAGGGTTTTCTTCCC
AGACTCGGAGCTGCTTCCCCCTAACAGAACCAAATCCCCCGAACAGAGCCCCCCTCTGAG
GACCTGGGAAGCCTGCACCCTGGGGCCCTACTGTTTCGAGCGTCTGGGCATCCTCCATCT
CTTCCCACCATGGCTGATGCCCTTGCCCATGGAGCTGATGTCAACTGGGTCAATGGGGGC
CAAGATAATGCCACACCGCTGATCCAGGCCACAGCTGCTGTAAGAGCCCTGCTGACCTCT
CCACCCCACCCTAGGGCTCTGACACCTACTCCTGACTCTGGGCCCTGCCCTTACCTCCTT
TCCCCACCACCTGTTCCCTAGGGCTTCCACCCATAGGGAGAGATCAacaatagagactgg
ttgctaagagtgtgtgatttggaggcagagaacctgagtttgaacccaggctctcacctc
ttacaggagacttttttttttttttttgagacagtctcgctctgtcccccaggctggagt
gcaatggtgcgatctcggctcactgcaagctccgcctcccgggttcacaccattctcctg
cctcagctgcctgagtagctgggactacaggcgccagccagcatgcccggctaatttttt
gtattgttagtagagatagggtttcaccgtgttagccaggatggtctggatctcctgacc
ttgtgatccacccgcctcggcctcccaaagtgctgggattactggcgtgagccactgtgc
ccggcctacaggagacttttaacaagttattaacctctcagcctcatctgtaaaatagta
acatacctcaaaagcttgtactatggatttatatatgaatacatgcaaagagctagagcc
aagcctagcTTGGTTACAGTTAGCTGTAACCCCTTCCACACTCCTGATTACCACACTCCA
CCCTCCCATTCTCTGAACTGGCGCCACCCTAAGACATCTTGAAATCCACCACTAGGGATG
CCACCCTCAACCCCCCTTCTCGACTTCTCCATGCAGAATTCTCTTCTGGCCTGTGAGTTT
CTCCTCCAGAACGGGGCGAACGTGAACCAAGCGGACAGTGCGGGCCGGGGCCCGCTGCAC
CACGCAACCATTCTTGGCCACACGGGGTAGGGATGATGGCATGGGGAGGAAGGCTGGGAG
AAGTTGGGCGGCCGGCTGACCCTGGCTCTTCTCTCCAGGCTCGCCTGCCTGTTCCTGAAA
CGGGGAGCTGATCTGGGGGCTCGAGACTCTGAAGGCAGGGACCCTCTGACCATCGCCATG
GAAACAGCCAACGCTGACATCGTCACCCTGTAAGAATGCCTGAAGGGGCGGGGCTGGCGC
TGGGACTCCCCCCACCCCCGCCCACCCACGTTCGGGCGGGCGGGCGGGGCTGACGCCGAA
ACAGAAGCCTGTGCTGTGGGGCCTCGGAAAGGGGCTGGGCCAGCGCCGGGGCCAGGCTCG
AGAAAGGCTGCGCGAAGTGTGCACTGGGACGTGGAGTAGAAGGCAGGCGGGAGGGCGGGC
AGGGTGCAAGGATGCTTGGCCCACCCTGAGAGGCGTAATTCGCCCATCAACATTGCTGTC
AGGCATCTTTTTAGCACTAGACGTGACCCCGGGGGTGGGGGCAGATGAACGGAACGCAAC
CCAGCTCAAAGGATGGGAAGTTGTGGGGGAGGTGAGGATAGtctttttttttttttttga
gacggagtctcactctgtcgcccaggctagagtgcaggggcgcgatctcggctcactgca
acccccgcctcccgggttcaagcgattctcctgtctcagcctcccctgagtagctgggac
tacaggcgtgcgccaccacccccggctaattttttgtatttttagtagagacggggtttc
accatgttggccaggacggtctcgatctcctgacctcgtgatccgcctgcctcggcctcc
caaagtgttgggattacaggcgtgagccaccgcgcccggccAAAGATAGTGTCGTTCATT
TCTTAATTCCCTCCTCTTCAGGCTACGACTGGCAAAGATGAGGGAGGCTGAAGCGGCCCA
GGGGCAGGCAGGTAAAGAATACACCCACCCCACCCCCCAGGCCCAACACCTGAACTCTGG
GCTTCTGGTCCACGGTGACCTCTCTCCCTAGTGCCCAGCTGCattcattccgttatttaa
caaatgcgtattgggcgcatgcgacgtgccaggccctggcaaggcataggtgctggcgca
gtgcccgcggcgcgcacgttcccacccaggctcggagcgcgaggtccCCAGGTGGGCCCC
AACCGCCGGATCCTGCCCTTCTGCACTGGGGCCCAGCCGCCTCCCGGCCTTTCCTCCCTC
CCCCAGGAGATGAGACGTATCTTGACATCTTCCGCGACTTCTCCCTCATGGCGTCAGACG
ACCCGGAGAAGCTGAGCCGTCGCAGTCATGACCTCCACACGCTGTGACCCGAGGCCCACG
GGGCCCGCGCCTGCCTCCCTTCCCCGCCACCGGGCCCTCTGCCATTAAAGCCTCCGTGCT
TCGCTCTTC
