>scga-mini-dna-003-tumor-1
TGGCAGCAAAGTTTTATTGTAAAATAAGAGATCGATATAAAAATGGGATATAAAAAGGGA
GAAGGAGGGGAAGGGTGGGGTGAAAATGCAGATGTGCTTGCAGAATGTAAAAGATGTTGA
CCCTTCCAgctggacgtggtggctcacaattgtaatcccagcactctgggaggctgagac
aggtggatcgcctgagcccaggagtttgagaccagcctgggcaacactgtgagaccccat
ctctacaaaacatgcaaaagttggctggccatggtggcatgaacctgtggtcccagctac
tccggaggctgaggcaggactgctcgagccggggaggcaaaggctgcagtaagccaagat
cacgccactccactccagcctgggcaacaaagcgagacccagtctcaaagaaaaagaaaa
aaaaaaaaaaaaaagaaaaaagaaaTTGACCCTGAGCATAAAACAAGTCTTGGTGGATCC
AGATCATCATATACAAGAGATGAAATCCTCCAGGGTGTGGGATGGGGTGAGATTTCCTTT
TAGGTACTAAGGTTCACCAAGAGGTTGTCAGACAGGGTTTGGCTGGGCCAGCAGAGACTT
GACAACTCCCTCTACCTAACCAGCTGCCCAACTGTAGAAACTACCAACCCACCGACCAAC
AGGGAGAGGGAACAAGCACCCTCAAGGGGGTCAAGTTCTAGACCCCATGTAATAAAAGGT
Ggtttcaaggccagatgtacattatttcattaaccctcacaatgcactctgtgaggtagg
tgcaaatgccagcatttcacagatatgggccttgaagttagagaAAATTCAACAGTGAGG
GACAGCTTCCCTGGTTAGTACGGTGAAGTGGGCCCCTACCTAGAATGTGGCTGATTGTAA
ACTAACCCTTAACTGCAAGAACATTTCTTACATCTCCCAAACATCCCTCACAGTAAAAAC
CTTAAAATCTAAGCTGGTATGTCCTACTCCCCATCCTCCTCCCCACAACAAAACACCAGT
GCAGGCCAACTTGTTCAGTGGAGCCCCGGGACAAAGCAAATGGAAGTCCTGGGTGCTTCT
GACGCACACCTATTGCAAGCAAGGGTTCAAAGACCCAAAACCCAAAATGGCAGGGGAGGG
AGAGATGGGGGTGGGAGGCTGTCAGTGGGGAACAAGAAGTGGAGAATGTCAGTCTGAGTC
AGGCCCTTCTGTCTTGAACATGAGTTTTTTATGGCGGGAGGTAGACTGACCCTTTTTGGA
CTTCAGGTGGCTGTAGGAGACAGAAGCAGGGAGGAGAGATGACATCACATGAGTGAGAGG
GTCTGTGCCCCTTTTCCCTGACCAATGCTTTGAAGGGCCTAAGGCTGGGACAACGGGAAT
TCAAATCAAGATGGTGGCCACACCCCATGCAAATATGTTTACTGAGCACCTCAGAGTATT
AGTGTGTATTAGTCTCGTAATCTTCCCTTACCCCAttttactttatttatcttttttgag
acggagtttcactcttgttgcccaggctggagtgtaatggtgagatctcagctcaccgca
acctctgcctcccgggttcaagcgattctcctgcctcagcctcccgagtaggtagctggg
attacaggcatgcatcaccacgcccggctacttttgtatttttagtagagatggggtttc
tccatgttggtcaggctgggctcaaactcccgacctcaggtgatccactcgccttggcct
cccagagtgtgggattcgtgagccactgcgcccggccCCCTTAccccattttatatataa
ggaaactgagtttgacgggggtcacctaggacctgccggtgcatggcagggctgagtata
tgacctgaaactcTGGCTGTATTCAGTATTACACAATTATTAGGCCCCTCCTTGAGACCC
TCCAGCTCTGGGCTGGGAGTTGCGGAGAATGGCAAAGAAGTATCCACACTCGTCCCTGGG
TTTGGATGTTCTGTGGATACACTGAGGCAAGAATGTGGTTATAGGATTCAACCGGAGGAA
GACTAAAAAAATGTCTGTGCAGGGCTGGGACCCAATGAGATGGGGTCAGCTGCCTTTGAC
CATGAAGGCAGGATGAGAATGGAATCCTATGGCTTTCCAACCTAGGAAGGCAGGGGAGTA
GGGCCAGGAAGGGGCTGAGGTCACTCACCTGGAGTGAGCCCTGCTCCCCCCTGGCTCCTT
CCCAGCCTGGGCATCCTTGAGTTCCAAGGCCTCATTCAGCTCTCGGAACATCTCGAAGCG
CTCACGCCCACGGATCTGCAGCAACAGAGGAGGGGGAGAAGTAAGTATATACacagtacc
tgagttaaaagatggttcaagttacaattgtttgactttatgacggtacaaaagcaacat
gcatttagtagaaactgcacttcaagtacctatacagcTGACTTTTAAAAATAtttattt
atttattttgagatggggtctcactctgttgcccaggcgggagtgcaatggtgcaatctt
ggctgattgcaatctccgcctctggggttcaagtgattcttgtgcctcagcctcccgagt
agctgggactacaggcgtgtgctaccacacctggctaatttttgtgtttttagtagagat
ggggcttcaccatgttagccaggctggtttccaactcctgacgtcaggtgatctacccac
ctccacctcccaaagtgctgggattacaggtgtgagccactgtgcccggccCttttttaa
attttagagatgatgtcttgctatgttgttcaggctggactcaaactcttgggctcaaga
gatcctcctgccttagcctctcaagtaactgggactacatgtgcatgcgactgtgcctcg
tttcttttcttttttttctgagacggagtctcactctatcgcccaggctggagtgcagtg
gcgccatcttggctccctgcaacctccgcctcctggttcaagcgattctcctgcctcagc
ctcccaagtagctgggattacaggcacctgccatcacgcccggttaatttttgtatttta
gtagagacggggtttcaccatgttggctaggctggtcttgaactcctgacctcaggtgat
ccacccgcctcagcctcccgaaatgctgggattacaggcgtgagccagtgcgcctggcct
tttctttttttgagtctcgctctgcgcccaggctgTGCCTGGCTCGACTGTGCCTCCTTT
catgcaaccatgctgtttctcactttcagtaacaatattcaataaatcacatgagatata
caacattttattactataaaaagggctttgtgttagatgactttgcccaactgtagggta
acttaaatgctctgaacacgtttcaagtaggctagggctgagtgtggtagctcatgcctg
taaccccaatacttggggaggctgaggtggaaggattgattgagcccaggggtttgatac
cagcatgggcaacgtagcaagaccttgacttcacagaaaataaaaaattagctgggtgtc
gtggcatgtgcctgtagtcctagctacttgggagggtgaaatcaccggagcccagggagg
tcaaggctgcagtgagctgagatggtgccactgcactctagcctgagtgacagagtgaga
ctctgtctttaaataaataaataaaaaTTAgccgggcgtggtggctcacacctgtaatcc
cagcactttgggaggccgaggcgggcggatcacatggtcagaagttcgagaccagcctgg
ccaacatggtgaaaccctgtctctactaaaaatacaaaaattagctgggcgtggtagcag
gcgcttgtagtcctagctattcgggaggctgaggcaggagaatcacttgaacccaggagg
cagaggttgcagtgagccgagatcatgccactgcactccagcctgggcgacagagtgaga
ctgagtctcaaaaaaataaaataaaataaaataaaaataaataaataaaaattagccagg
catggtggtgcaggcctgtagttgaagcaacttgggaggctgagctgggaggatggatgg
agcctgggaggtggaggctgcagtgagctgtgactgcactactgcactctatccagcctg
ggtgacagagcaagaccttgtctcaaaaaaGTAGGCTAgagaccagcctgggcaacatag
tgagactctatctatctacaaaaaattttaaaaattagctgggtatggtggtgtatgcct
gtggtcctagctactggggaggcagagttagggggattgcttgagcccaggagggtataa
tgagctatgatcacatcactgtaatccagcctgggcaacagagcaagatgctgtctccat
taaaaataaaataaaaGTAGGCTAGGCAggccgggtgcggtggctcacgcctgtaatccc
agcactttgggaggccaaggcaggcagatcacaaggtcaggagttcgagactagcctggc
caacatggtgaaacctcatctctactaaaaaaaaaaataaataaataacaaaaaattagc
tgggcgtcggggcaggtgcctgtaatcccagctactcagtgggctgaggcaggagaatcg
cttgaacccagaaggcggaggttgcagtgagccgagatcccgccactgcactccagcctg
ggtgacagagtgagactctgtctccaaaaaaaaaaaaaaaaaaagcaggctaggctaagc
tatgatgttccttagattaggtgtattaaatccattttcaacttacaatattttcaactt
acgacgagtttatcaggaagtaacaccatcgtaagtcaagtagcatctgTATCAGGCAAA
GTCATAGAACCATTTTCATGCTCTCTTTAACAATTTTCTTTTTGAAAGCTGGTCTGGTCC
TTTAAAATATATATTATGGTATAAGTTGGTGTTCTGAAGTTAGTTAGCTACAACCAGGAG
CCATTGTCTTTGAGGCATCACTGCCCCCTGATGGCAAATGCCCCAATTGCAGGTAAAACA
GTCAAGAAGAAAACGGCATTTTGAGTGTTAGACTGGAAACTTTCCACTTGATAAGAGGTC
CCAAGACTTAGTACCTGAAGGGTGAAATATTCTCCATCCAGTGGTTTCTTCTTTGGCTGG
GGAGAGGAGCTGGTGTTGTTGGGCAGTGCTAGGAAAGAGGCAAGGAAAGGTGATAAAAGT
GAATCTGAGGCATAACTGCACCCTTGGTCTCCTCCACCGCTTCTTGTCCTGCTTGCTTAC
CTCGCTTAGTGCTCCCTGGGGGCAGCTCGTGGTGAGGCTCCCCTTTCTTGCGGAGATTCT
CTTCCTCTGTGCGCCGGTCTCTCCCAGGACAGGCACAAACACGCACCTCAAAGCTGTTCC
GTCCCAGTAGATTACCACTACTCAGGATAGGAAAAGAGAAGCAAGAGGCAGTAAGGAAAT
CAGGTCCTACCTGTCCCATTTAAAAAACCAGGCTCCATCTACTCCCAACCACCCTTGTCC
TTTCTGGAGCCTAAGCTCCAGCTCCAGGTAGGTGGAGGAGAAGCCACAGGTTAAGAGGTC
CCAAAGCCAGAGAAAAGAAAACTGAGTGGGAGCAGTAAGGAGATTCCCCGCCGGGGATGT
GATGAGAGGTGGATGGGTAGTAGTATGGAAGAAATCGGTAAGAGGTGGGCCCAGGGGTCA
GAGGCAAGCAGAGGCTGGGGCACAGCAGGCCAGTGTGCAGGGTGGCAAGTGGCTCCTGAC
CTGGAGTCTTCCAGTGTGATGCCCATGCAGGAACTGTTACACATGTAGTTGTAGTGGATG
GTGGTACAGTCAGAGCCAACCTAGGAGATAACACAGGCCCAAGATGAGGCCAGTGCGCCT
TGGGGAGACCTGTGGCAAGCAGGGGAGGCCttttttttttttttttgagatggaatctcg
ctctgtcgcccaggctggagtgcagtggcgtgatctcagctcactgcaagctccaccgcc
caggttcacgccattctccttcctcagcctcccgagtagctgggactacaggtgcccagc
accacgcccggctaatttttttttgtatttttcagtagagacggggtttcaccgttagcc
aggatggtctcgatctcccaacctcgtgatccgcctgccttggcctcccaaagtgctggg
attacaggcatgagccactgcgcccagccAAGCAGGGGaggcccttagcctctgtaagct
tcagttttttcaactgtgcaatagttaaacccatttactttgcacatctcatggggttat
agggaggtcaaataagCAGCAGGAGAAAGCCCCCCTACTGCTCACCTGGAGGGCCACTGA
CAACCACCCTTAACCCCTCCTCCCAGAGACCCCAGTTGCAAACCAGACCTCAGGCGGCTC
ATAGGGCACCACCACACTATGTCGAAAAGTGTTTCTGTCATCCAAATACTCCACACGCAA
ATTTCCTTCCACTCGGATAAGATGCTGAGGAGGGGCCAGACCTAAGAGCAATCAGTGAGG
AATCAGAGGCCTGGGGACCCTGGGCAACCAGCCCTGTCGTCTCTCCAGCCCCAGCTGCTC
ACCATCGCTATCTGAGCAGCGCTCATGGTGGGGGCAGCGCCTCACAACCTCCGTCATGTG
CTGTGACTGCTTGTAGATGGCCATGGCGCGGACGCGGGTGCCGGGCGGGGGTGTGGAATC
AACCCACAGCTGCACAGGGCAGGTCTTGGCCAGTTGGCAAAACATCTTGTTGAGGGCAGG
GGAGTACTGTAGGAAGAGGAAGGAGACAGAGTTGAAAGTCAGGGCACAAGTGAACAGATA
AAGCAACTGGAAGACGGCAGCAAAGAAACAAACATGCGTAAGCACCTCCTGCAACCCACT
AGCGAGCTAGAGAGAGTTGGCGTCTACACCTCAGGAGCttttcttttttttttttttttt
tgagatagggtcttgctctgtcactcaggctggagcacagtggtgtgatcacagctcact
gcagcctccatctcctggcctcaagtgatcttcccacctcagcctcctaagtggctggga
ctataggtgtgcaccaccatgcctggctaattttttgtatttttttgtagagacgaggtt
tcatcatgttacccaggctggtcttgaactcctgggctcaggtgatctgcctgccttggc
ctctttgagagtgctgggattgcaggtgtgagccaccaagcctggtcAGGAGCTTATTTT
CAAAAGCCAAGGAATACACGTGGATGAAGAAAAAGAAAAGTTCTGCATCCCCAGGAGAGA
TGCTGAGGGTGTGATGGGATGGATAAAAGCCCAAATTCAAGGGGGGAATATTCAACTTTG
GGACAGGAGTCAGAGATCACACATTAAGTGGGTAAACTATAAAAAAACACTGACAGGAAG
CCAAAGGGTGAAGAGGAATCCCAAAGTTCCAAACAAAAGAAATGCAGGGGGATACGGCCA
GGCATTGAAGTCTCATGGAAGCCAGCCCCTCAGGGCAACTGACCGTGCAAGTCACAGACT
TGGCTGTCCCAGAATGCAAGAAGCCCAGACGGAAACCGTAGCTGCCCTGGTAGGTTTTCT
GGGAAGGGACAGAAGATGACAGGGGCCAGGAGGGGGCTGGTGCAGGGGCCGCCGGTGTAG
GAGCTGCTGGTGCAGGGGCCACGGGGGGAGCAGCCTCTGGCATTCTGGGAGCTTCATCTG
GACCTGGGTCTTCAGTGAACCATTGTTCAATATCGTCCGGGGACAGCATCAAATCATCCA
TTGCTTGGGACGGCAAGGGGGACTGTAGATGGGTGAAAAGAGCAGTCAGAGGACCAGGTC
CTcagccccccagccccccagccctccaggtccccagccctccaggtccccagcccAACC
CTTGTCCTTACCAGAACGTTGTTTTCAGGAAGTCTGAAAGACAAGAGCAGAAAGTCAGTC
CCATGGAATTTTCGCTTCCCACAGGTCTCTGCTAGGgggctggggttggggtgggggtgg
tgggCCTGCCCTTCCAATGGATCCACTCACAGTTTCCATAGGTCTGAAAATGTTTCCTGA
CTCAGAGGGGGCTCGACGCTAGGATCTGACTGCGGCTCCTCCATGGCAGTGACCCGGAAG
GCAGTCTGGCTGCTGCAAGAGGAAAAGTGGGGATCCAGCATGAGACACTTCCAACCCTGG
GTCACCTGGGCCTGCAGAGAAGGAACCCCCTCCCCCAACACCATGCCAGTGTCTGAGACA
GCTCGGCTTCCTGTGGAGCAGGAAAAGAatggctgcttcacattctctcttccaatgttt
caccacaacccaagcactcctgccccacccctcaccagccatgcacttctttgaggaaaa
gacaatcagagagggacttccaaccttcccaccactaaatccccaagacttcctaaatgt
gcaccctattcccaactcccttcctgtAttttttttttttttttgagatggagtctctct
ctgtcacctaggctggagcacagtggcatgatctcagctcactgcaacctctaccttccg
ggttcaagccattctcctgcctcagtctcccgagtagctgggattacaggcgagtaccac
cacacccagctaatttttgtatttttagtagagacagggctttgcatgttggccaggctg
gtctcgaactccttacttcaggtgatcggcccgcctcagcctcctaaagtgccaagatta
caggtgtgagctaccgtgccctgcTCCCACCTCCTGTTAACAAGGATATAGTCATTCTCA
GCCTGCAATCTCTGTATGGGGAAGGACACCCCCTTGGCCCCCACCCTTCCCCACCTGATA
CACGGCTCCATTTCTTTGATTCCTTTCACTGCAAAGCTTCTGGAAGAACAACTGTCTCAC
CGCTCACCTGCCCATTCTCTTCGGACACTCCTCAGCCCTGCATTACAAACCCCTCACGAA
TGGCCCGTCTCGGCTTCTTTAATCTCATCTCTTAACAACCACTCCCTCTTCCCCAAAAGC
TCTAGCTAGACTGGCTGCCCTTCTCTGCTAATCAACTGGTGGTTCCTTGGCTAGCCAGGA
ACATGGGGGTAGGCTCCTTCCCGTGCAGACTTTAAGTCATCCTATTTTAATTCACATCAc
ctcatttgcattctcatagcacttacattgtctgatacttttccttgtttattttatctg
tttcctctaatagcatatacacttcctaagggcagggcagtgatctatcttgttgtcttg
ctgaccaaagtattagatcacaatgccttgcacctgcttgggctcaataaatgtGAATAA
CACACAAGCCTGTTATATGAGAGGTTAAGAGAGCGAGAAAGAGCAAGGGGCAGCCCCTGT
GTGGACCAGCATCTTGCACGAAGTTATGCAACTATCATCGCACCTTCTCCCAGACAAGCT
TTCAAAGGCTTTGCCATGTTTtcttttgttttgtttttttgtttgttttttgagatggag
tttggctcttttcgcccaggctggagtgcagtggtgcagtctaggctcactgcaacctct
gccttctggtttcaagcaattctcctgcctcagcctcccgagtagctgggattacaggcc
cctgccaccatgcctggctgattttttgtatttttagtagagacagggtttcaccatgtt
ggccaggctggtgtggaactcctgaccttgtgatccacctgcctcggcctctcaaagcgc
tgggattacaggtgtgagccactgtgcctggccCGCCATGttctttctttctttcttttt
tcttttgaggcagggtcttgctttgttgcccaagctagggtacagtggtgcaatcatggc
tcactacagcctcggactcctgggctcagtgattctcctgcctcagcctcccaagtagct
gggaccacagaggcctgcctggctaattttttagtctttttctttttctttttttttttg
gagacggagtctcgccctgtcacccaggctagagtgcagtggtgtgatctcgactcactg
taacctccacctcccagattcaagcgatcctcttgcctcaacttcctgagtagctgggat
tacaggcgcccaccaatgcgcctgattaattttttgtatttttagtagagatggggtttt
gccatgttggccaggctggtttcgaactcctgacctcaggtgatcctcccgcctccgact
cccaaagtgctgggattacaggtgtgagccactgcacccggccaatttttgagttttttt
gtagaggcagggtttcactatgttgcccaggcAGGATGCTCTCtttctttttcttttttt
ttttttCAGGGATGCTCTCTTTCTTTATGCCAAATTTGTCATCAGATTTGCTAAGAAACA
TGCCTACTGTAAGTGTTTGTTACACttttctgtttttttttttttttgagacagagtttt
gctctcgtccaggctggagtgcaatggtgcgatctcggctcaccgcaacctctgcctccc
aggttcaagcgattctcctgcctcagcctcccgagtagctgggattacaggcatgcgcca
ctgcgcccggctaattttgtatttttagtagagacggggtttctccatattggtcaggct
ggtcttgaactcccaacttcaggtgatccgcccgccttggcctcccaaagtgctgggatt
acaggcatgaaccactgtgcccagccCACTTTTCTGTTGTTTGCACTGACAAAACATCCC
CTACCAAACAGCTCCTTTAATGGCAGGCTCTTTTCTTTttttattttattttattttatt
ttattttattttattttattttgagacggagtctcagctcttattgcccaggctggagta
cagtggcactatctccgcttactgcaacctcctcccggattcaaatgattctcctgcctc
agcctgctgagtagctaggactacaagcatgtgccaccacacctggctaattttgtactt
ctagtagagacggggtttcaccatgttggtcaggctggtcttgaactcccgacctcaggt
gatccaccccccttggcctcctaaagtgctgggattacaggcgtgagccaccaagcctgg
ccTACCTAGTACTCTGTGTATTATGGGAAatgtagagttgaggaaagtgctgggcacaca
gtaagagctcaacaaaggttagctctTTCTGCAATTGTTCTATTTCACTTGTTCTATATT
ATTATTCTAGAGAGAACTGTGTGATTGTTAGTGCGGATCTGTGGTACTGCTCCCACCCCC
ACTCCATTAATGCAAGTACACCTCCTTCAGGGATCTATTCAGTCAACAGGCCAGGAGGTG
CTGTCCTGAAATGGGGGGCCCAAAGTCTCAATCCCACTTGGAGGGACACAGGTCTACAGA
CAGGTCTCCCTGTCTTTATCTCTCAAATCTTCAGTAGCAACTAAAATCTCCGTGTTTTTC
AGAGCAGGACCTTCCCAGGGGTACCAGCATCAGTGGGCCAGGATACAAATGTGCCAGGCT
GAACTAGGCCTTCCAAATGGCCAGGGAGCCAAGAGAAATGCAGGTGCCCTTGGCTGGGTG
GGAAGGCAATGAGATCAACTGAGACCCCAAACAGGGGCAGGCCTGACCAGAATCTTAACA
GTGGCTGCTGGTATCAGTCTTGAAGGCCTATATGTCCAGTGattccctaaacaatatagt
acaagtacttacatacatacttgcatgtacattagcattttcattgtatgggggtaatgt
aagtaatctagagataatttaaactatatgggaggatatgtgtaggttaaatccaaatac
tataccgtcttatatatgggacttagacatctgtgggtttggtgtgtgaggagtcccaga
accaagcccctacagatagagggataactatattgccctgtaacctgcaaccctgctata
tttatttattagttttggtagctttttatggattttccattaggactttttttttttttt
gagatagagtttcactctttttttttttttttgagacggaatctcgctctgttgcccggc
gtggtgtgcaatggcatgatctcagctcactgcaacctccacctcctgggttcaagcaat
tcttctgtctcagcctcccaagtagctgggattacaggcgcccaccactacacccagcta
attcttgtatttttagtagagacggggtttcaccatgttaggttggtctcaaactcctga
cctcaggtgatcggcctgcctcagcctcccgaagtgctgggattacaggcgtaagccacc
acaccctgccggagtttcactcttgttgcccaggctggagtgcaatagcgcgatctcggc
tcactgcaacctctgcctcccaggtccaagcaattctcctgcctcagcctcctgagtagc
tgggattagaggtgcccgtcaccacgcctggctgattttttgtatttttattagagttgg
ggtttcaccatgttggccaggctggtcccagggaagccacctgcctcagcctcctaaaag
tgctaggattacaggcatgagccaccacgcctggccccattaggacatgtatgtatagaa
tcatactggctgtgaatgtgttttatttcttcctttctaatcgttattttttttctttcc
ttttttttttttttttttgacatggaattttgctcttgtcgcctaggctggagtgcaatg
ggacaatctcggctcactgcaacctctgcctcctgggttcaagtgattctcctgcctctg
cctcctgagtagctgggactacaggcgttcaccactacccctggctaattcttttttttt
tgagacggagtttttgcttttgtcacccaggctggagtgcaatggtgcaatctcggctca
ctacaacctccgcctcccaggttcaagcgattctcctgcctaagcctcccaagtagctgg
gattacaggcgcccgccactacgcccggctaatttttgtatttttagtagagatggggtt
tcaccatgttggccaggctggtgttgaactcctgacctcaggtgatccacccacctcggc
ctcccaaagtgctgggattacaggcatgagccactgtacccggccaacgcctggctattt
ttttaatattttaatagagacgaggtttcaccatctttgtcaggctggtctccaactcca
gacctcaggtgatctgcccacctcggcctcccaaagtgctgggattataggcgtgagaca
tcgggccACTAATCAttatttctttttctttttttttttttgagacacagtcttgctctg
tcgcccaggctggagtgcagtggctcgatctcagctcactgcaagctccgccccctgagt
tcacgccattctcctgcctcagcctcccgagtagctgggactacaggcgcccgccactac
gcccggctaattttttgtatatttagtagagacagggtttcaccgtgttagccaggatgg
tctcgatctcctgacctcgtgatccacccgtctcggcttcccaaagtgctgggattacag
gcctgagccaccgcacccggccctcattatttctttttcttgcctggttaaaacctccag
tatggtatcaacgttgtgagagtcaaatccttttctagttcctgatcttagaggaaaaag
cgttgagttttcttttcttttttttttttttttttttttgagacgaagtctcactctgtc
acccaggctggagtgcagtggcacgatctaggctctgcaagctccgcctcccgggttcac
gccattctctcgcctcagcctcccgagtagctgggactataggcgcccgccaccatgccc
ggctaattttttgtttttgtatttttagtagagacggggtttcagcatgctagtcaggac
agtctcgatctcctgacctcgtgatccgcccgcctaggcctcccaaagtgctggcattac
aggcgtgagccaccgcgcccggcagcactgagttttctaccattatgtatgctgctagtg
gaactccgactgtggacgccctgttatcaaactaggttaagtttcctttccctagtttgc
taggaggttggttggtttgtaatcatgcatatgtgttgaatatcattaactgcttttgct
acatctgttgaaatgatcatagggtttttatgtttccctttgttaatgtggtgaattaca
cagactgatttttttccccccagtaaagaccagtctgactatgttgcccaggctggtctt
gaaatcctgggctcaagagatcttcctgcctcagcctcctaaaatgttgggattacaggc
ctgagctactgcaccaggccaatttttgaatgttgaatcagctacaatcatgagataaac
attatttggttagaatgtatttatcctttttctttttctttttttgagatggagtctcac
tctgttgcccaggctggagtgcaatggtgtgatcccagctcagtgcaacttctgcctcct
gggttcaagcgattctcctgcctcagactcccgagtagctgggatttcaggtgcccacca
ccatgcccagctaatttttttttttttttgagatgaagtcttgctctgtcgcccaggctg
gagtgcagtggcacgatcttggctcactgcaacctctgcctcccgggttcaagcaattct
gcctcagcctcctgagtagctgggattacaggcaggtgccaccacaccggctgatttttg
tatttttagtagagatggcgtttcaccacattggtcaggctggtcttgaactcctgacct
cgtgatctgcccacctcggcctcccaaagtgctgggattacaggcgtgagccaccgtgcc
cagcctgatttttgtatttttattagaaacggggtttcaccatgttggtcaggctggtct
caaactcctgacctcaagtgatctgcctgcctcagcctcccaaagtgctgggattacagg
cgtgagccaccgcgactggcctatttatccttttttctatattaccaggtttggtttgct
aaaattggttagctgttgcatgtctatgctaacaggaatattggtctatattttcttttc
ttataatgtccttgtttggttttggtaccaggattatgctggcttcgaaaacaagttggg
aaatattcctctattttttctttctttctttttttttctgagacagggtctcactctgtt
gcccaggctggagtgcagtggcgcaatctcggctcactgcaacctccgcttcccaggttc
aagggattcttgtgcctcagcctcctgagtaactggcattacaggtatgtgtcaccacgc
ctagctactttttgtatttttagtagagatggggtttcgccgtgttggccaggctggtct
cgaactcccgacctcaaatgatcccctgcctcagcgtaccaaagtgctgagattacaggt
atgagccaccgcgcccagtctgttcctctgttttctgaagagtttgtgtaagatgggtac
tgtttcttcctccaacgtttAAAGAgagcagagaacagaggagataaatagaaaatagca
ctaagaggtcaggcatggtggctcacacctgtaatcccagcactttgggaggccgagatg
ggatgaaagcttgaggccagcagtttgagaccagcctgggcaacatagtgagatcctgtc
aatacaaaaaaataaaatagttagctgggtgtggtggagtaatcccagctactcgtgagg
ctgctagaggactgcttgagcccaggggttcgaggctgcagtaagccttgattgtgccat
tgtactctagcctgggcaacagtgtgagtccctgtctcaaaaattaacaaagaaaaaaag
aaaatagcactaaaatggtagccctatactccaactgtaaaataattaaaattaaaAGCa
ttcagtagagaaaggaagcctatttcaacaagtggagacagaataactggatttccatac
aggaaagataccagagactgactcctacacctcacaccataaacaattaattttaagaat
taattaatggctcaaggaccttactgtaaaacttacaaccataaaggtcctaaaagaaaa
tgtaagataatatcttcatgaccctggggttaaaaaaaaaaaaaaagatgtcctaaacag
gacaaggcaaatactgaacataaaaaagataaatccactcctcttaagatactgtaaact
ctgtaaagcaaacaaataggcaagcaacagatcagaagaaaacattcacgacacatggat
ctgataaaggacttgtatccagaatgtataaagcagtcccacaactgaacaataaaaaca
aacaaaaaaccaaaataacaggtaaaagactcgaagagctactttacaaacaaaatacga
atggccaataggcacatgaaaaaatgctgaacatccttagtcaatagagaactgtaaatt
acaaccacaaggatataccacattagaaagactgacaatacctaatgtccggaaggctgt
ggcacaaccataataactcccataccttgctagttggagtgtaaaatggtacaaccgctc
tggaaaactcagagcttctgaaaaagttcaaaatacagctactttttacttccaaactcg
caattcccctcctaagtatttctccaagaaacacgaaaacatatgatcacaaaaagaatt
gtacaagaatgtttatagcagctttatttcataaccgcaaatgggaaacaactcaaaagg
ccatcaaaaggacggatatacaatcgatggactatactaaatgaaaaggagcaaaatact
gatatatacaacatgaacgaatgtcagacagtacattgaaggacagaagcccgacaaaaa
tgagcacataatgtatgattccccccttttttttgagacggagtttcgttcttgtcgccc
aggctggagtgtagtggcacgatcttggctcactgcaacctctgcctcccgggttcaagc
gattctcctgcctcaccctcccgaatagctgggattacaggcacccaccacgcccagcta
atttttgtattttttagtagagacggggattcaccacgttggccacgctggtctggaact
cctatcctcaagtaatccgcccgcctcggcctcccaaagtgcaggcgtgagccacagcgc
ccagcctgattccattctatatgaagttctccaacaggcaaaatggttatggagatcaaa
ataaaggtggggtcgggaatcgactgggaagagacgtgatgaaacgtttctgggacgatg
aaaagggtctgtgacttggtaggcatcacggagcggttaggggccaaaactcatcttcct
gtgcacttgctgtgtgcactggcgctgtgtgtaaatgccacctcgaTTTAGGAAAAAGAT
GACGTAAGTACGGCACAAAGTGGCCGGTACGCGGCAGGTGCATGGGAAGAAACTGCGGAA
TGAAACAACCGCGAGCTAAGAGATGGGGCAGCGGGAGAAATGAATTCGAGTTCCGCCTCC
TACCAGGAAGAACCGGCTCGGGCCGGAGGGCTGCACGGAGGACCACACGGACGCCTGCGG
GCCCGCCCCTTCCGCTTCACGACGTTCAGCCTGCGTCTGGAACTGGAATGGCCTAGCCCA
AAGCTAGATAACAGGTAGATTGTTTTTCCGACAAATTATCAAACGACCCATCATTGCACT
CTTTCAAAATTTGATTCTCAGACGTACCCATTCTTTTTTTTTTTCCTCCGGGAAGATGAG
ATATACTCATTCTTGAAAATACCTCCGGGCTTGCCTTCTGCACACTTCTTTCCCTCCCTG
TCTCACGCCATGGTAGCGTCCGCCTAGGTTGCAGGCGACCCGCGGGGTGGGGCACACCAT
TCAAAGAAGGGGAGGGATTGAGGTTTGCATCAAAACAAATACCCCTGCCTTTGCAAAGGC
CATAACTAAGTAATCCAGAAAAAGAAATGCAGGCGGAGAATAGCAGCCTCCCTCTGCCAA
GTAAGAGGAACCGGCCTAAAGGACATTTTCTCTCTCTCTCCTCCCCTCTCATCGGGTGAA
TAGTGAGCTGCTCCGGCAAAAAGAAACCGGAAATGCTGCTGCAAGAGGCAGAAATGTAAA
TGTGGAGCCAAACAATAACAGGGCTGCCGGGCCTCTCAGATTGCGACGGTCCTCCTCGGC
CTGGCGGGCAAACCCCTGGTTTAGCACTTCTCACTTCCACGACTGACAGCCTTCAATTGG
ATTTTCTCCATCTAGCGGAGCCGGGGGCTGCCTGGAAAGATCGCTCCAGGAAGGACAAAG
GTCCGGAAGTTGTGGGACCTTAGCAGCTTGGGCTCCCCGGATCACCCCCAAATGATCATT
TCGGAATGGAGCCCCAGTTTTCACTAGGATGCCATGGGCTCTAAAATATACAGCTATGAG
TTCTCAATGTTTCGAGATCCAAAAGTCTCAGACCTCAATGCTTTGTGCATCTTTTATTTC
AGGGATTCCCTACGCCCAGCACCGGGTGGATGTGCAAAGAAGTACGCTTTAGGCCGGCTC
AAGGTTCCCCAAAGCTCCACTCCTCTGCCTAGGCGTTCAACTTTGAGTTCGGATGGTCCT
AACATCCCCATCATCTACACCCAGGTCTCCCAACAATGCAACTCCTATGATGATCCCTCT
AGCCAAGCTTCCATCCCACTCACCCCCAAACTCGCTAAGTCCCCACTGCCCCACCCCCAG
CCCCAGCGATTTTCCCGAGCTGAAAATACACGGAGCCGAGAGCCCGTGACTCAGAGAGGA
CTCATCAAGTTCAGTCAGGAGCTTACCCAATCCAGGGAAGCGTGTCACCGTCGTGGAAAG
CACGCTCCCAGCCCGAACGCAAAGTGTCCCCGGAGCCCAGCAGCTACCTGCTCCCTGGAC
GGTGGCTCTAGACTTTTGAG
