>scga-mini-dna-015-tumor-4
AGAACTTGTAACAGAAAATTAAAATATACTCCACTCAAGGGAATTCTGTACTTTGCCCTT
TGGGTAAAGTCTCATTTACATTTCTAAACCTTTCTTAAGAAAATCGAATTTCCTTTGATC
TCTCTTCTGAATTGCAGAAATCAGATAAAAACTACTTGGTGAAATGACTTCTTGTCACAT
TGCTGAAGAACATATACAAAAGGTTGCTATCTTTGGAGGAACCCATGGGAATGAGCTAAC
CGGAGTATTTCTGGTTAAGCATTGGCTAGAGAATGGCGCTGAGATTCAGAGAACAGGGCT
GGAGGTAAAACCATTTATTACTAACCCCAGAGCAGTGAAGAAGTGTACCAGATATATTGA
CTGTGACCTGAATCGCATTTTTGACCTTGAAAATCTTGGGTAAGACtatgctttgtattg
tatatgtatgtatgttgtgtgAAAAGTGGTAGGTGTGTGAAAGAGAACACATATATGTAT
ATGCAGATGATAATTCATGTCCGTACATGCAGTCGTATGTTGAATAAGATCACTTTCACT
TTTAATTATACTGCATTGTGAATTGCACAATTATCTAAACTGGGCATTCACATGCTCTTT
TATAAACCTTCTTAAGCACCAGATTATTAAGTTTTCTTTTCAAATGTATACAGACTGAGA
CAATAAATAGAAAAGGGTTTTGTTTTAAAATCATACCTTTAAAGAAACAGATTTAATACT
CCTTTGCATTGAGTTAGTGTTTGGCCACTATGCTTGCATATAAAATTGTTAGCTTTTTAG
GAAATTCACTACGTTTTCAAGCAACTATGCTTACGGTAATGCATAAAGTTCTAGTTCAAA
AAATGTAATGTTTCAAGTAATATTTGTTGAATGAAAGCGTGATTAAATATCTTTTGTCAG
AAGACATCAGAcactttgggaggccgaggcaggcggatcacgaggtcaggagatcgagac
catcctggctaatgcagtgaaaccccatctctactaaaaatacaaaaaattagccgggcg
tagtggcgggtgcctgtagtcccagctacttgggaggctgaggcaggagaatggcgtgaa
cccgggaggcggagcttgcagtgagccaagattgtgccactgcactccagcctgggagac
agagcaagactccgtctcaaaaaaataaataaataaataaaaataaaGACATCAGACCTC
CCTGTGATCCGAAGTAGCAGACGTACTTAACTTCCATGGTGGATTGTTGTAGATGGGATA
CCAGAGATGAGAACTAAAGACACCATCTGAATTTTCAGAGCTTATATTTTGCTGATTTGT
AATATATTGCATACAACGTAAGCAGTCATAACATGCTAGGTTAGGTCCTTATTAATTATT
TTTGCCTTCGTTTACATCATAATAGCTACCACTGTGGATATAATATGACTCCACATATTT
GCTTTTTACCACttctttctttctttctctttttgagatggagtttcgctcttgttgccc
agtctggagtgcaatggtgcaatctcagctcactgcagcctccacctccgggttaaagtg
attctcctgcctcaacctcccgagtagctgggattacaggcacttgccaccatgtccggg
taattttttgtatttttagtagagacggggtttctccatgttggccaggctggtctcaaa
ctcctggcctcaggtgatctgcctgcctcagcctcccaaagtgctgggattataggcatg
agccaccgcgctgggccGCTTTTTttcttttactaaaaaatattctgaaacatctgtttt
tctcaggaaactgtgccaggtactgggggagtacacagctctatacaacttggtttctac
ccctcaaggagttggtagactactagctaagataTAAGATACATggccgggcacagtggc
tcacacctgtaatcccaacactttgggaggctgaggcaggcagatcatgaggtcaggaga
tcaagaccatcctggctaacacggtaaaaccccgtctctactaaaaaaaatacaaaaaat
tagccgggcatggtggcgggcacctgtagtcccagctattcgggagactgaggcaggaga
atggcgtgaacctgggaggcggagcttgcagtgagcagagatggtgccactgcactccag
cctgggtgacagagcgagactccgtctcaaaaaaaaaaatatatatatatataagatatG
CACAGGCACAACTAGCCACTGTTCTATGTGCTTGTTTTCTGATCAACTCTAATTTGAGTT
AGATCACTCCTTAGGTTTAGTCTCAACACAGATCAAAACATGGACACTACTCTTAATAGA
AACATGCCTCACTTTATGGAATAGATGTTTTTCAGGGCAATTATACTGCAGTCATCCTGT
TTGTATCAAATCATATTTTTACTAGCATAAATTTTAATTTGAGAAATGCTTTATCTTCAT
GACTGAGGTTATGTCAACACAATTCATGCTTATCTATTGACCTAAGAGAGCTGTTAACTA
ACTTCTATATTACAAGTAAGAATTTGTTGAAGGATAACTTTTAGTCGGCATATTAACTTC
CCAAATAGGTGTGAAATGGACTGGGGTGAGTTTATGAGCACCCAGTAGTATGCATTTCAG
TGAGCACAGTCTTTTCACTTAAATTCACTTTCTGCTCCTTACTGTTAACACTGTTCAGAG
ACTAGACTGTTCCCAGCGTGGTTGAAAAATTATAAAATAGATaaactaattaacttctcc
catcctgcctctcccaaatttattcattttcctatattcctcatctcagtggtggcatca
ttatccaccaagtcccctgtgaaaatcaccctagaaccttcccagtcctttgtctcccac
gtctagtgggtcactaagtcctcccaattattccttgcaagtacttcacaaatccagcct
tcctctccagttttactaccttagttgatttcctctgtggacagttagaatagcctccta
aagggtctctctgcatccagacttgctctgacccttcctgtcatctattttccatctgat
acctctaggaatcatcctaatatgcaaatcttatcatgtctctcccctgctgaaaattct
ttaaaaatgtatccagaatagatttaatcaacttagtatggctaatgcccttcagaatct
cactcttccctattcttcatcccttgggactcttccAATGGGAGCTCAACTGCAGGCATG
AGAACTCAAAAGTGTCCATCTTTTTGAAAACTTCCAGACttgactctgagcaactgggta
gatactagcaccatttactcaaatgcggaagaatgatatagaaccaaaattgtcgggcgc
gacctcagggggttatttcatgaattaacttttaaaatgtataaatatccattaggcttg
gtttgcatacaataggaacctaagaatagtggtttaaacaaataagggtttcttgttcac
aaataataagtccagaagtaggctgtccagggctgatggagcggccacatgatatcatca
atgccacaggctccttctaccttcccacagcactgtctcaacatggccccttccacctTC
CCACTGCACCATCTCAACGTGGCCCTTTCCACCTTCCCCCTGCACCGACTCGACGTGGTC
CCTTCTACCTTCCCAGTGCACTATCTCAAGATGCCGGCTTTGTCCTCATGGTTTTTGCTT
CAAAGTCACAAAATAACTACTCCACCTTCCTGATCTCATTCCAGGCAGGAATTAGCCCAT
TGTACACAGTAGGTCCCTTGAAGATACTAGCAAAAATAACCAAGGAATACAAATAGATGG
AATTTTAGGAAAATGTGGTTGAACGGTTTAATGAGGAAAAGTAAATGAAAAACATTATTA
TATCTAGAAAAAAAATGTATCTTAACCATTGTGGGAAGTGGGGAGAGGGTAGAGGCCCAT
TTGAGAATGGAAGAAAAACTACTGGCCCTTGTGCCAGAAAAAAAATACATATATCTGTAC
CTGCAAACTTGTGGCCTTTTTGGAGAGGTTAGACTCTGAAAACTCTGTCCCTGGACCTCT
AGTGGTTCCTGGACCTCAATTAAGAATCTCTAATTAggccaggtgtggctgctcatactt
gtaattccagcactttgggaggccaaggcaggaggattgcctgaggccaagacttctgta
accacccagcaagttctcctcatccgctgcccagacagagctgatttatcaagacaaggg
aactgcaataaagagtttaattcacacagagccggctgtacagaaggccagagttttatt
attactcaaatcagtctccccgaaaattcagacactggaatttttaaggataatttggtg
ggtagggggccagtgagtcgggagtgctgattgatcagattgaaggtaaaatcataggga
gttggagctgtcctcttgcgctgaatcagttcctacgtggggaccacgagaccagataag
ccagtttatccatctgggtggtgccagctgatctgtcaactcagggtttacaaaatatct
caagccctgatcttaggttttacaatagtgatgttatccccaggagcaatttcaggaggt
tcagaatcttgcggccctccagctgcatgactcctaaaccataatttctcatcttgtggc
taatttgttagtcctgcaaaggcagtctagtccccaggtaggaagggggcttgttttggg
aaagggctgttatcatctttgtttcaaagttaagctgtaagttcctcccaaagttagttc
agtttacacccaggcatgaacaaggatagcttggagattagaagcaagatggagtcaggt
tagatctctttcattgtaataattgtctcagttataatttttgcaaaggcagttttagtt
caagaccagcctgggcaacagagcaagactgtatctccacaaaagataagaagattagct
gggcatggtggcacgcacctgtagtttcagcagctactcaggaggctgagatgggaagat
tgcttgagcccaggagtttgagggtacagtgatccataattgggccactgcactccagcc
tgggcaacagagcagaatcctgtctcaaaaaattaaaaaTTAAAATGATCTCTAATTAGA
TTATGTGAGCCCCTAAGTGACTATATTTGTGCACTAGAATTAGCTAAAGTGGGGGAAAAA
AAGATGCATTTGATGGTCTAGTCCCATAATAAATAACCCAGTGTACCATAACTACTAAGA
AACTGTTCATTAAATTAATGGATATGTTGCGTTCAAGATTGAAATCAAATGATAAATTCT
GTTTGATATGTCCTATTCATGACCAGCCACATAAATGCACGTATTACTTCGCAAGCATGC
CAATGCAACATTAGTTATATGGAATCAAATGAAGAAAAAGAATGTAAGTTTTCATATATA
AACATTTCAGGTAAGTTTTTACTTACCACACAGATTTTTCATATTAAAGATTTGGCGACT
GGTTCTTTTTACACTGTGTTCTTATTATATGTTTATATTATCTCAGGCACAGATGTTGTT
CATCTTTTTCTTTCTGCTTATAACAGCAAAAAAATGTCAGAAGATTTGCCATATGAAGTG
AGAAGGGCTCAAGAAATAAATCATTTATTTGGTCCAAAAGACAGTGAAGATTCCTATGAC
ATTATTTTTGACCTTCACAACACCACCTCTAACATGGGGTGCACTCTTATTCTTGAGGAT
TCCAGGAATAACTTTTTAATTCAGATGTTTCATTACATTAAGGTAATGTTAATGTTATTA
ATTTATAAGTTAGCAAAGGACTTGTACTTTTAAGTCAATTATGGATGTGAGACAATCAGA
AAACAGTTATGAGGGAAGGTGCAAGAGAAATGGGGTTTATTCCATAGCCAGGCTTGGTGG
TTGGGGGGAAAGGGTGCTACCAGAACACAGAGGCAGTGGTGAGAGGAAGGAGAAAAAGAG
AGGaaataagtaaaataataaacacaattaataaagtaataaaACACTTGTGGATTCTTG
TGTCTATAAAATTACACGTTTTATCCAGACAGCCACCAGATGGTGGGGTATTTGTTAAAA
CCaagtaaaattaatattaaaagtttaaatggtatggtcaatttgttaaaaccaagtaaa
attaatattaaaactttaaatGGTATGGGATCTCAATTACAAGGTTTTAGGAAACTTAAG
AAATAGTCCTTTAACGTAGACTAAAGCCCAGTGATAAAAAGATTGCCTCCCTTTAGTCCT
GCCCTCGTCCCCATTTGATTTAGACACCCCAGAATACGTCTAATCTTTCAGTACTTCATA
ATCATTTTAAGGCTCAGAAATCTCAGAGAAAATTTGCTAGAAAATAGCAACCAACCAGAA
ACACACATAAGGAACTGTATGCTTATTTCTGTGTACTAGATAGCCTTCCTTCCTGAGAGC
AAGGATGATTGAGAGGAAAGAGTGTggcctgtgctcagatcctgactttctccttcacta
accttagacaaaacacaccattcccaaaaccttgcctccttcattttataaaattggtgt
cataacaaacaacacttacccataagggtactcaaagccttaaatgacataaagtattta
aaacatttagcctcatacctggcctatagtaaAGATTATTATTTTTGTTTCCCTTCAGTT
TTGGACAGTAACTGGGTAGTGGTCCTGGTAGGAGATCATAATGTAGCGAttctttttttt
tttaattttttttAAAttttattactattatactttaagttttagggtacatgtgcacca
tgtgcaggtttgttacatatgtatacatgtgccatgttggtgtgccgcacccattaactc
gtcatttagcattaggtatatctcctaatgctatccctcccccctccccccaccccaatt
cttcattgcctattgaagagagagcggaatgctttggttgccagatatggaagcagaatt
gctgacactttgttatccaaaccaagaggcctgtcttcaattttcatgcagatAAGCAGG
AGGAGGGGGAATCACCCAACATCTGTAGAGAGCTGGACCACAGGAATAGAAACAGAATTG
TTTAAGAGACCAATACCAAGCTAAATAGTTAGTGTAACCAGTGATGAAACAAAAATCACC
ACATCCATTAAGAAAGAACATTTATTTCATGTTTTTTGATCATGGTTCTGGAGAACTATT
TAATGTATATTTTACCTGGAAAGACACTGTATAATTCAATTGTATATGAATTTCATATTG
TATAATTTATTTGTATGTTTTCAAAGCTATAATACCATTGGGTTTTAAAGTATTTCATAA
AGCTGTCTTACCAATCTTAGTTGATGAAGTAAAACGTATTGAAGGTATTATTGACTCTGT
TGAAGCAAAGAGAACAAAACATACGGTTTTTACCTAAGAAAGACGTTTTTGATTTTTTTC
AGACTTCTCTGGCTCCACTACCCTGCTACGTTTATCTGATTGAGCATCCTTCCCTCAAAT
ATGCGACCACTCGTTCCATAGCCAAGTATcctgtgggtaagtcatagttcccactgtcat
aactcaataaaatatgtcctagctgaaactcagagaaatttattttttatcttattttat
ttttgagacagagtcttgctctgtcacccaggctggagtccgatggtgtgatctcagctc
actgcaacctctacctctctggttcaagtgattctcctgcctcaagctccctagtagctg
ggattacaggcatgtgccaccctgtaatttttgtatttttagtacagacggagtttcacc
atgttagccagggctggcctcaaactcctgacctcaggtgatgcacctgcctcagcctcc
caaagtgctgggattacaggcatgagtcactgcctggccgagaaaattatttttaaaaaa
acatttacagctaCCTTCCATATCCTTAGGCTTATAATTGTCAAGTAACAAGCAATTTAg
ctccaggcaggctctaattgtaccgaatttccccaatttcactgagcagctttctggttt
tgttcatgttccctttgctgtaatgcttggcccttctatttagtctggcacaattcttct
cattctcaagattcagttcacctgtcacctcctatagaactttccctgaccctccTCTAT
AGCATTAATTACTCCAGAAATGTGTAcatttgactaatatttatagtgtgcctaccagag
accaaccctgtgctaggtgcgggggacagaacaatgagcaagacacacagtctcccctca
aacagcttcgtatgtgatgagaaaacagacaggtaaccaggtaatcactgcacagagtga
taaatgctaaataggggcaattacaggagactggaagagcaggaaagacctaacccagtc
ttgatggatcacagaaggcccaaagaagtgggatccatcttgaggttgtgtatgtgtatg
tgtttgggggaggaaaggaaaaaaattgagagcagtcaacaggATTCTAGACAAGTGTCT
TGaaattatctgtgatgaaaggccattgctgatttccaatctgctatagagcaatacttt
tgtaaaatgtaatttaaaaatggatttctagaaaaacgatcacatacttgaatattttag
caatgtcaaattgctataaaagtttctaaacacttactttaatttctgtacatatctcgc
ctgggaccagcagcagacaattggtggaccagtccctgtcctcagacaatactttgagGA
AAAAGGAATATCATATACAAGGGCCCCAAACCCCTAACTGATGACATGCCATACTTGATA
CACTGTGTTCTCCATTTATCTTAGCACTCTCTGTTCCCTATCCCCTTCTGCAGGCTGATA
ATGTATGCTTACTAAATATTAGCTCAAATTACCAGTAAGTACACAATTCTAACTTATAAA
TGATCATCATTCACAGTAGGGttttgttttgttttttttctggaaaagggtctcactctg
ttgcccaggctgagtgtagtggcacgatcacagttcactgcagccttgacctcctgggct
caggcaatcctcccatctcagcctcccaagtagcttgaactacaggcacgtgccaccaca
ttcagctaattttttattttttgtagagacaggatctcagtatgatcaggtctcaaactc
ctgattcaagcgatcctcccaccttggcctcccaaagtgctgggattacaagcgtgagcc
accacacctgTACCTCATTCACAGTTTTAATCACACCTATCCCACACAGACTTATACAAA
CTTATCCATTCCTTCCCATGCAGGTTCTATAACTATAACCATATATAAAATACTAGCCAA
Ccaggagaatcgcttgaaccccggaggtggaggttgcagtgagccgagatcatgccattg
cactccagccggggcaacaaaagtgaaactccgtctcaaaaaaacaaacaaacaaaaaTA
CTAGCCATCTAACACTGGAAATACATACATTCATGAGCTTGTCCGGAGTGATCAGATTTG
ACTGGATCAGAAAGGCAAGGGATCTGTTTCTCCAAAGTGCTTGTGCTACCAGTGACCTAC
TCCAGGTTGTTTTCTGACCCTCTCCTtatcaagacctgtcaaagatctgagaaattttac
ccgacttacaagctaaccattagcctagcacctctgagtggatgccagtagaagacacaa
gactcctaaaacagagacaaagaatagattattgacagtagtaatagcagagtgtcagca
tttctgcaccattacccaagctccagttcccacagggtgacatagagagagccagatggc
agctatccatgccagtggttgcattctaggagggaacctttttttttttttttgagacgg
agtttcgctcttgttgccaaggctggagtacagtggcacaatctcggctcactgcaacct
ccgcctcctgggtttaagcaattctcctgcctcagcctcctgagtagctgggattacagg
tgcccaccaccatacccagcaaattttttgcatttttagtagagacagggtttcatcatg
ttggccaggctggtttcgaacttctgacctcaggtgatccacccgcctcggcctcccaaa
gtgctgggattacaggcgtgagccaccgcacccggctgtgaaccttcatttttataatgg
gcagtaggcacgagtgccctttgctccagggaagaccccattcctaacttccaaggctgt
tcactatacagacatccttgaaaagatcatctggaacaaaaatagtccgtgtcttgctca
tgagacttgcagatatgcagaagatccatgaagaatcctctctccacaTCCCTCTTACCA
CCTGCTTTGCAATAGACATTTCACGAGCTGTTTGTCATCTATTCACTTGTTTATCCTGCC
AGTTACTAGGCTGTGACTTCATCTTTACCTTCTGGTAACTTCCAACATGCAGCCCCACAC
TCTCACACACCCTCTCAAACACCCTCTTTCTTCTCTAGTCCATTCTCTTTCTTGAGCGCC
TCATTAGCATAATTAATTATCTGCAGACTACACTACAATTAAAATTACAACTTAAAATAT
TTTTTGTTAAATCTCAGATGGTTTAGCCAGGAGTAATGTAATTTAAAAGCAGGTTGGCAA
ACAATATAAATAAATTAAAATCTAAAATTATTCTGGAAATTCAAGTAGTGATACTTTTGT
GCATAATAAAAGGATCTTTATATGCCATCTTTGGTGGCCCTATTGTCCAAACCAAAAATT
AATTTTTCGATACAAGATCTCATATCAGAGCAGAATATTTAGATTGTAGGACATGGCTAT
GGCAGAGTCAGGGGTGGCGTTGAATGAATAATAATTACACAAATAACTTTCCTAAGTCTC
AAATGAGACCACGGTTAATCTGAGAAAGTTAGGAGAGGGCTGTGTCCAGTCGCTTTCCCA
TATTtgtgtgtgtgtgtgtgtttatgtgtgtgtgtgcgtgtgtgtgtgtgATCATAAGAG
TGGCTGCAGCAAACTGCTTCTTTCTAGGATAAGGTTTGCCTAGAATGATCCTGTCACATT
TCTTCTTCCTTGAGAACAGAGTACAAAGGTGGTCCTTGTAGGTGCCTACTAGAAGTTAAA
GCAAAATTTGTATGCAGCAATATTCTTAGTGTATTATAAAATGTTGACTCAGAAAGATTG
TCTCTCTAATGTTAAACATGCTTTTTTCCCAGTGAGTGCATGATATAAAATATTCCAAAT
AAAACAGCAAAGTTGGAAGGAGAACATATAACATTTCTAATTATTTACAATGAGCTTAAT
ACTCCCTCATATTGAAATATTTTAAAGATTTGGCTCAACTTGTAAGGGCCAAACATATCA
GCAATGTTTGTTCTGGCTAAGAGTAGCATTGCCTACAAATATCATAGCCTAAGATTGATA
TTTGAGAGTTTGGAAATCTTAAGCTTTTATTTGGTGTCACAGAGAAACAGGATCTGTATC
TCTTATTGCTAAGCCTTTGATTTGTTTCAGCTAATTGCCTGTATTTGGATATTTAGCTTA
CTCTAATTCCTTACTTCAAGTATTGATACTTTTGTGCATAATAAAGATTCCTTCATTCTT
AAATCATTGACTAGgggattattatgattgacttaaactattcaacatttactcttgaaa
tggagagaaatttacctaccttgaagattggaagcccaactaatatcaggattctattag
aaacaggaggaaagtgaaatggatttggggtaggcaaacgacaatgtATTCTATAGTATT
CCTACAGACATATCTACAAACACACTTTTTCACATATTTGTGTAAGTCATTTATGCACAG
ATGCATACCTTAGCCACATTTATGACACCATATACTTAAATATATGTTCATACATATATG
CAAGAAACCTAAGCACAACAAATAAAAAATGATGCAAGAGAATAAGATAAGATTTTGTGT
ATTGGGAAATAACAGAAGCGGGTGAAAACAAGATGAGTGTAAAAGAATGCAGTATGTTAA
TGGGATGGAAGAGAATGAGGGTAGTGCAGTTGGGGTAAATGGTTTGCCAAATAGAGAAGG
TGATGACTGGGGAGATGACTTTGTGGGAGACTTGAACAGGAAGGAAGGGTCTACAAAAGT
AGTTTAAAGAAAGAGTATTTTGTAGATGTAAGGATGGATGCTTAACAGCCACACAAAGTA
GACCTAATAGTACAGGCATCATTTCATATGAGTTAGAAGAAATGAACACAAGTTTTTTCC
TGCATAAAATTAAAACCAggccaagcacgacggctcacgcctgtaatcccagcatttggg
gaagccgagaagggcagattacctgcggtcaggagtttgagaccagcctgaccaacatgg
tgaaaccctgcctctactaaaaatataaaaataagccaggaatggtggcccgtgcctgta
atcccagctactcgggaggctgaggcagaagaatcgcttgaacctgggaggcagaggttg
cagtgagcagaaatcacaccactgtactccagcctgggtgacagagtgagactctgtctc
gaaaaaataaataaataaataaaaCCATTGCACTATTGTGTTAGGATGGATTGCTAGGTT
AAGGGCAAAATCATTGCTCAAGGGTCACATAGATTGTCATATTGACTGAAATCCATGATT
CATCTAGTCTGGATTTCTGTGAAATCTATAAAAATAGATGTCCTTCCTCCCGTCACAGCT
AAATGTTAGATCTTAACAGTTTCTCTTCAGGTCCACCTATTATTTTGTCAGCATAAACTT
GTTCACCTTTTTTACTATGTTATGACTTTTAaatattttagcaatactgaaggaaattta
aagaaaaaagaccacaagagtttcctatttctaacaccactgattttttccatgttcttt
cccagtctttattcactatgcatctaacttaaacatgtaaatgttctgcttcacgttttg
ccaaacattatgtctcaaatattttccatgatgctacatggtttACCTTTTTAATAATTT
TAACAACATAATTCTAAATCTTGATACATTAAAATGCTTAGTTTTATAATATATTTTCAT
ACTTATATAAATGTGACTATCTCTCCTTCTGTACCTAGGTATAGAAGTTGGTCCTCAGCC
TCAAGGGGTTCTGAGAGCTGATATCTTGGATCAAATGAGAAAAATGATTAAACATGCTCT
TGATTTTATACATCATTTCAATGAAGGTAAGTAATAATGAAGGTAACGTTATCAAACTTA
ACCACCAAACATTTAAATAACAATTGGAACCTGGGTCAGATTTGCCATGCTAAAGATATG
AAGTGCTTTTTAAAATTTTTATTCACTTCAGCTATTCCCCAATGGCCAGGATAGACACAT
TCAAGAAAAGCAGCTGCCAAATAAAGACTCCACATTAAATCCTTATTTCCTGCTAATCTC
CATTTTAAAAAGAAAagacgagaaaatacaaatgcccagtaaacatatgaaaagatgttc
aacatcactagtaattagagaaatgcaaattaaaataagaagtcacttcccccattaagt
tgggaaaatattaaagtctgcaaatatcaagcgttggtaaatgtgtaggaaaaggggaaa
ctctcattacctgctggtgaacatataagtgaacatataagttggtaaagacattttaga
ggataatcttacagcatccacttcttaaaacacaccaatcttattacccagcgattccac
atctcaaagaaacacaagcacaagcaacatgttgtttacaaagattgttatcgtgcatca
tttataacagcaaaagaatggaaacagcatgaatgtccacctgttggtggagagttaaat
aaactaacatggaagaatcttcaaaacacaatggtaattagcagaaagcaagttgcagac
caagacattcagtacaccaattggctttaaaataacaataataatcatcaccttctagga
tacatatatatgttaacacatcacagggaaagtcctagaagaaaacacaccaaactgata
acaatagttaccggggacgggaggcaaaacccaggctaattttgtcttaattatattcaa
taagaataatgtatttatgtattatttctgtaattaaaaattaattAAACGGGGACTGGT
ggacaaggtgggtatatgcagctctatgcactatctgctcatttatttggtaaatctaaa
actgcactaaaaagtctattagttATAAAAAAAGTTTACTTTAAAATGGAAAATAGTTGC
TTAAAATCAAAGAGACATTCTATGTAAACAATTATTCCAACAGACTGAGTTGAAATTGTT
GTTGAGGAATGGGCAATTATAATAACAGAGGGGGTGTGTACTTCGGTGTCTGTGGGGAGT
GAATTCCTCAACCTCAGATCGTGCGCACCCCACTGCAATCACAGACATTCGTTTTGTGCT
TGGGAATCCTTTGACTCCAAAATCATGAAAACTGAAAATTTGCTTTTTACCATCTTTGTC
TGAGGGCAGGTTCTATACTGTCTAATGGAACTGGTTTTGAGAAGATCACAACATACTTAC
AATAAACCCTCTgaataggaagtgtgggactacaatatattaagaagtgatacattcaga
tagaaggccacaaatctgggtggaaaacgtggtTGGTTTTCAGATCATAGTCCATAGAAT
CCTATCACAACGGTGGAGAAAAGCAGTTCCTGGAACACCCCACCCCTTAACCCCTTATCT
CTGCTTCAACCAGAGCTCTTCTGTGTAACATTTCATTTAAGCAAAGGATTCGGCAAATCA
AAAATTGTCAACCACGATTAATTTAGACTATCcagcttggtggattttcaactgagcact
cctatccacagaatgctgacaaatgaatcatagccgccatgtgaaaagtctgaagaagtg
tgtagaagggcttcattcttgactctgtcctactcagaactgtagttagtgacttggata
aagacatatgcgacatgcttagctaagtgacaggtctcaggaagatagcaggaaaacatc
ctggttgagaaggcagatccaagaagtcctgacaatctttaacaattgtttaaaccaaat
gtttaaggttaacaacatcagggaccaaagttttgttcttatgtttaaaaaaAATCccag
aataagggaggtaatggtcttttttttctgccttgaataaacaacacttgagaactgtaa
ataaattctgagtccgtaatccaggagaaacatctataaagaggaatttagccaaggaga
gcattgagaatgttgaagagcttgaaaatcataatgagaaTAATTCCTggccaggcgcgg
tggctcatgcctgtaatccttgcactttgggaggctgaggcaggcagatcacttgaggtc
aggagttcaagaccagtctgggcaacatggggaaaaccttgtctctactaaaaatgcaaa
aattGCTGGTCACAGGTGGGCCACTCCCTGTTTCCAGAAGAACCAGAGCCTGACTGCTTG
AAACAATTTTTTTTCTCTCTTTTATTAACGTGTTAATTATTCAGCTAATATTTACTGATC
CATCCATCACACGTCCCAGGTTAGAGTGTAGGATCAGaataataatggctgttatttatt
tggacatctgttatgtgccaagcattgtattgtatagacatacatctgttatctcattta
atttaatcttcaaacagccttatgatgtaagtgccgctatcactgttttaatgatgaaga
atttgagtttctgggaagaaaagtaatttAAATGTTTTCATTATTAATAACAATATATTA
ACAGTAAAAACAATCGCTGCtgagtaattactgcatgccaagccttgtattagacatttt
acatgtgttaccttatggaattttcacaactacctcatggaattggaaccgtatccccat
tttatagatggggaagttgaggctcagagagaggcagctgcacatcccagcttgcacagc
cagatagtggtggagcctattcccaaaggctgtctCCATCCACTTCCTCAGAAGCATGTA
CAGCCTGGGAAGCATGTACAGCCACGTGCAGTCTCAGTCTGGGAAGGTCTTGAGCCCAAG
CACCTTGAAAACCTTGTGGTTAATTTCCCATCTACAATGATAAATGTTTAATAATCCTGA
GCTTATGCTTTGGCTGTTTAATTGAAAGCTGAAATGGAACTTCTTTGCTGAGCAACCCAT
CAGAAATTTCTCAAATATTAGTTTTCTTTTACTAAGTAGGCAGGCAGAGGAGAAGGATCC
ATTCTCACTGACCCGGGTGAAAGCTCTGTGCAGTGGTCCGTGCTGGTGGCGGTGGACCTG
AGACTTACAGAAGTAGAGAGATGCACGTGGGACTGGATGTCTGGGCAGTGGAgggcagta
gcatgtgcctgtgggcgtggccatgtgtgctgatgggcGTCCCCAGATGAAGGTGACCTC
AAGAGGCTCAGAGCCTGGCTGGGAACCAGACCCTTTGGCAAACACTGGAGAAGGTGGCCG
TTGTTCCCTCCTCAGCCCTGGGGTTCTGTGGTCCGAGGGTCTCCTGGGTCCCTTGGGTCT
TGGTGTGGTGGGGAGTCCTGTCTCCTGCCATCTCGCTTGTTCTCCTCTGCTTTGCCTTAA
CCTGGGGCCCTGGATATTGCACCTTGGTGCAGTCAGTAAGACCGTCCTGACTTCatatat
atatatatatatatatataCTTATGTACTTCATGCATTACTGCTAGTCCCCATGGATAAT
AAATAGTACTATAATTGTTCATTCATATATATATAttcagacagagtcttgctctgtcac
ccaggctggagtgcagtggcatgatcccagctcactgcaacctccacctcctaggttcaa
gtgattctcctgcctcagcctctggagtagctgggattacaggtgtgtgctaccacatcc
agctaatttttggtatgtatatattttttgtatttttagtagagacggggtttcaccatg
ttgaccaggctggtctcgaactcctgatctcaagtgatccacccgccccggcctcccaaa
gtgctggcattataggtgtgagccacagcacctggccCCCTTCTTTGTATTTAGGCTCTC
TGCTAAGTACAAAGAAAAGTCACTCCCCGATTCAGGCCCAGAAGTGGATGGTTGGCAGAC
TTCCTCCCCTAGGCCACTCAGCAGTGGCCCCACTCCCCCAGCCGCTgccctggaccaggc
tcttggcaggaacagagacagtctcccttgccctcacggagcatccaggcctgtggACCA
TCAGGACTTTTCTCCTCACTAAAAAGCCGCTTGGGAGCCACTGGCAGGCTGCTGGGAGGT
CCTGGGCATGTTACTTCCCAGAGACAGCCTAATTTCTCTGGAGGCAGTGGTGCGCTCCCC
AGGTGACATGAATGAGCGGAACGCGGCCCTTCCTGGGGAGACGTGCAGCGTGTTTATCAC
AGGTGCCCGATCCAGATCTCGGCGCAGCTATTGTGGGTGTGCGTTCACGGCTTGGGGACT
GTGTGACGGCGTGTTTGCAAATTCCCATGCCGCTCCTTCAAAACACTGGTGCGCGTGACA
TTTACATGCCTACCCGCGTTTGCATCAGGACTGCCATCTCCCAACTTCTCTGTGCATCTC
TGGGAGATGTCTCCCTCCCTCGGGGTGGCAGGGCAGGGCTGTGACAGACTCTCACTGGCG
CGTGCACGGCTGGCTTCTCACTGCAGCATGAGTGTCCCCAGTATCCCCTTCCAGGGATGT
GTGCAGGTGACCAGCCTGGAGAGGCCTCTGCGGTCACTTGGCCCTGTTGTTTCCCACACA
GGACACTTGCTCCCATTCTTAAcagactctgcggacacactccagagatggggtcttact
ccctcttgggacgacagactttatcttgaaatagctttccccgtttgaaagatcttcctt
aaatttgctaaaatcaaacttgccctaactGATTTCTTCTCTCTGGCCCCCAAGGAGGCA
ACGACCCTGTCTCTCAGGGCATTTGCCAAGGTAGAGAGGCCTCTCTGAGCCCAGGGAGGG
CAGGGCTAGAGAGGAGGGGTAGAGTCCATGAGAGGTAATCCAGCCTTCCCAACTTCTGAG
TTGGGGTAGTGGAAGAAAGCAGTGGTCAGGCCGACGCCTGGCTCCTGGCAGAGCCGTCAG
GGTGGACAGTGGGCCATTAAAAAAGAGAAAATGGGCAGGAAACAAACAAGTGGGAGGTGT
CAGATGCTCACTTTGCTCAGCACTGAGTGGGAGGGAGGTAGCCTGCAGCACTCATCTCCC
GGGTTTCTCTGAGAGTGGCCTTGGCCAGGAAGGCAGAGGTTCCCCTGGCTTTTCCTAAGG
GTGGGCCCATGATTCCTGGGCCTCTGGTATTAGCCATGCTTCCCTTTCTGCAGGCACCTA
CATTGGATGCTTCAGTGACGATGGCCACGAGAGGACTCTGAAAGGAGCTGTGTTTTATGA
CTTGAGAAAGATGACTGTCTCCCACTGCCAGGATGCGTGTGCTGAGCGGTGAGTGCTGGG
GCCCTGGACTGTTGATTCTAGAGGCAGGAAGGTCCAGGGACAGTTCCAGAATGAGGAGGC
ATATCAGCTACCAGTTGGCTGTCATAGCATAATTGGAACTCACTGCTCAGATCCCAGTTT
TCCAGAAGAAAGGAAGTTTGTTGGCAGATGACctgggtgccgggagctgggtgctgggtg
atggcctgggtgctgagagctgggtgaccgcctgggtgctgggagttgggtgatgacctg
ggtgctgggagcttgggtgctggTGctgggtgcagggagatgcgacttccagtccagcca
tagcagggactcagcgtgtgactttgatgagttcttttccttctctgggcctcagtttac
ttatatattttacaataagataaagggctttaactgagatttctctgagaggatctttcc
agctctggtaGGAAAAGTATTTTCACCTTGTGTCTATAACAAGGTTTACTTTTTCTGATA
CTTCCAGCTCACCCAGTAGTTGCCAGACACTTGTCATGTGCCAGGGAAATGGTTCCTAAT
GTCAAGGCCCTCACAACTGACTGTGTGTCTGTGTGTGCTGcacacacacacacacacaca
TCTGAGAGAGGTGGGTTAAACAGAATCAGACTTCCCTCTTCACTTATTTCTCCCACAGAt
ttttttcaccttttttttttttttgagacggagtctcgctctgttgcccaggctggagtg
cagtggcgcgatctccactcactgcaagctccacctcctgggttcacgccattcgcctgc
ctcagcctcccgagtagctgggactacaggcgcccaccaccacgcccggctaattttttg
tatttttagtagagatggggtttcactgtgttagccaggatggtctcaatctcctgacct
catgatctgcccgcctcagcctcccaaagtactgggattacaggcgtgagccaccacacc
cggccTCACCTTTGttatgtcacataaattctttccatagtcagccaggtagcaattagt
tatccccattttacagatggagaaactgacgctggagaaagaaaagacAAGGTCCTTACA
TAAACATACGTTATGGTCTAGATACGGTGGAAACAGGATgatacattctctttttagtct
cctaatagatcaggaaactgagactcagagatggtaagtcatgttcagggtctcaccgcc
aggacgtggtcaaatggggacttgaagcttgtgtttggattttcagtctgggcttttcac
atctaAATCCACTGATTTGAAAGTGTTGACTGCTTTCTGTAGCTGAAGTCCTGTGTGATT
CATTGAGGGTTCTGTTTCCAACCTTTCTTTACCTACGGTATTACTAGGTCAAAGTAAGTA
GAGAAATGGCTGTGGAGATGGGGGCTGTGCAGTAGGGCCCATGTGTAACAAGATGTGACA
CGTGGCAGGCACTTCAGACCAGCTCACGGCCGCTCACCATGGGAAGCTGTTAAATGTTTA
GAGTTGTTGTGAGCCCGTTCTAAAACcattgggagcttaaaatctcctatagtgggagtg
tttacatcacagaaattggcaaacagtacaaaccagagctctCCCTGTCGCATACTGAGA
ACCAGCTTACAGGCACATCACAGATTTAGACCCATTATAACCTGTAACCACGGCACTCTG
CAGGGCAGAGCTCAGGGCTGGCAAGAGGGACCAACGGGGCTGGTTCCATTCGTTTATCAC
AAAGGAAAGACTGTTGCCTGAACTTAGCCTGGTGGCCCTTGAGTCTGGCTAGAGACTGAT
TCCTAAGGCCAGCCATAGGCCGATGGCTGTGGCCCCTGTCTGTTCACCTAGACCCAAACT
CAGCTTCAAGTCCAGTCCGTTTCCTGACTCCAGACTCAGTTGCCATtgcatgacccacat
aaatcctctccacagtctgccaggtagcaaggagttatccctcttatacagatggagaat
ctgaggctggagaaagaaaagacAAGGTCCTTacggcacatgtatacatatgtaactaac
ctgcacgttgtgcacatgtaccctaaaacttaaagtataattaaaacaaaaaaCAAAAAA
AAAACATACTTTCTAATCTACATCAAGCTGAAACAGTCTGCAGTTTAGACCGCAGCCCTA
GCTCTGGGCCAAGGTCCGGACTCACCCAGGCCTCCTCCCTGCAGGTCCTATGTCTACGCC
GGCTTGGAGGCCGGGGCGGAGTGTTACTGCGGGAACCGGCTGCCAGCGGTGAGCGTGGGG
CTGGAAGAGTGTAACCATGAGTGCAAAGGCGAGAAGGGCTCTGTGTGCGGGGCTGTGGAC
CGGCTCTCCGTGTACCGTGTGGACGAGCTGCAGCCGGGCTCCAGGAAGCGTGAGTGTGCC
AGCCTCTTCCTGAGCTTTGTCCGTCTGTCCCACCCGCTCTGGCTGCCCATCCCCCACAAC
CTCTCAATGAAACTACCTGGGGCAGAACCTGTGCCAACCTCTGCCCTCCCTTCCCTATTG
CCATCACTGGACAGGCTCCTGGCAGGGCAGGGATGGGGTTAGGATCCATCGAAGGCTTAA
CTGCTTGAGTTCATGACTGAAGCATACCTTTGCCTGTCCCCTGCAGgagagagaaactga
ttagggggcctgggtatgcctcagacatgctgtgtggcctccggcagctcactgcccctc
tctgagctacggtctattttgtaaattgcagagggagacctagatTTCTTTCTttttttt
aatttttatatttgattttttatttttgagacagagtctcactctgtcacccaggccagg
ctagaatgcaatggcccaatctcggctcactgcaacccccacctctccggttcaaacaat
tctcctgcctcagcctcccgaggagctaggattacaggcacctgccaccacacccggcta
atgttttttgtatttttagtagagacggggtttcaccacattggccaggctggtcttgaa
ttactgacctcaggtgatctgcctgtctcggcctcccagagtgctgggattacaggcgtg
agccacgcacccATCCAGGAGACCTAGAtttctagcagtggtgtgagctagataatcaga
aaattccctaactataaagcacctagaaatgctgcataaaatttagcaaacattattgta
aatgcatagctgaactagcagaaaagtaaggcaatcccttggatccaaaaatgaagaaag
aacaaagacccacagtggagagagttagagataggctgtgtggccgtggggctcagcgga
gggaagtcgccaggctgcatggccactctgtttgggtcttaatgtccaagcaggataggg
aaggaggccttgggcttctcagggtaaggaattggaCCCTGAAGGGGCCCAGCTCAAAGG
AGGAATGGGAAACTCAGGTTTGTCCTCACTGCAAGATGATGAGCACAAATCCGCTTCCTC
TAATCACAGAAGGCTCCTTTGTAAAATAATAGGGCTGTGCACTGTTGCACATGCTGGGGG
CCATTCTTTTCATGGCTGGGAGAGGCAGATTGGGAAGGAGTCAGAGCCTGGGAGACCACC
CCCACCACTGGCAAGGGTAGGACAGTGGTGATGGAGGCAGAGGCACAGCCCAGGGTCCAG
GCTCACCGCCTCTGGTCATGCCCTAGTAACAGGGCTCCAGGAGAGCTGACGGATTAGTTC
AAGAATGGGGCAGAGCCCAGGTAAAGAGGTATTGGAACAgccgggcgcggtggctcacgc
ctgtaatcccagcactttgggaggccaaggcgggcgaatcatgaggtcaggagttcgaga
ccagcctgaccaacatggtgaaaacccgtctctactaaaaatacaaaatttgccggatgt
ggtggcaggtgcctgtaatcctagctactcaggaggctgaggcaggagaatcgcttgaac
ccgggaggcggaggttgcagtgagccaaaatcatgccattgtactccagcctgggcgaca
gagtgagactctgtctccaaaaaaaaaaaaaaaaaaaaGGTATTGGATCAAAAGCTAAGG
CTTCACAGGGGTTCTGGGGAGGGCTGTCGAGTGAGTTTTCCAAGCAGCACAGAAGCCGAG
CCCTGAGAACCGTGGGTGAACCTAAAGGCCACCCTGGCTGGCAACTGTCTGTGGGGTCAC
AGTGCCCAGAAGAGCTGCTCCGTGTTTGACCCCAGCTGACCGGGGCTTCTTAGATGCCTC
TTGCATTCAGACAGGATGTGTCTGGGAGCTCAGGGGTCCAGATGGGGCAATGGGGACAGG
GGCGGAGAAACTGACCACACATCGTTTAGCTGACAGGTTCACTAGTGACACCATGAACTT
GGCAGTGTCTCACCGACACCTACTCTGCCAGGCCCTGACCTCATAGAGGGGTTTGCCATG
GCACGTGGGCACAGTCCTATCCTGTCACCTGGACATGCAAACGGGCTTCCTGAGGACCAA
ACTGCTCCACGCTGGCTTCTTGGAGCTTTTATTTCTTTGGTTTCAAACAACATTCCTGCC
CCCAAGTAAGACCAATTCTATATATGGACTCCCGGCGGCCCTCCCAGCCCCATCTGCCTG
CTCAGTAATTGATTCTGAAAGGCAGTTGTTTTGCTTTAGGTTGCCCATGGATTAAGAGAC
AGATGGTCCAATCATTCAAGCCAGCCCTAGATCCGGAGTTGGCTGGACTTGCTGTCATGG
TTAGTGTTGAAGATGGTGTCCTAGCTGCCTCTTTGGGCAGGCTGTGGAGCCCCCCGTGAG
GTACCTTTGCCTTCCTGCCCCCTTCCTGAGGGAATGAGCTGACAGGATCTCTCTCAAGAG
GTGACCAGGTGACCACCATTGTGAGCTGCAGCTTCTGCCAGCAAGGAGCATTCACAAGGA
GTAAGACCCATGAATTTGCTCCCCAGGTTGGAATCGGAGTGGGTTCTGAGCAAGTCATCA
ACGTCTTCGCCTTGGAGGCGTCATTCTGCCAAGTGACCCTCAGGCTCCCACCTGGGGAAT
GAGGGAGACTGGACTGTACCAGGTGACAACCTGTGTCCTGAGAGTCGCATCAGTGAAGTG
CGGAGGCAGCCAACACTTCCTTCTTTAGCGGCTCATGGACCACTCACCTGTTGCAGTATA
TGCAGTGCCTTCCTGCTTTATCTCATTCAGttcattcgttcgctcaccacgtagtgggca
cctgctgtgtgtcaggatcagggcttggtgtggggaacacaggggtCACCCAGGATGTAG
CTTCCCCCCAGGAGCTGTGTTCTGGAGGCCTCATGGCCCCCTTTTGTCCCTCCCTGTGGC
CCAGGGCTTGCTGAAATCTTGATCCCTCCCCCATCTCTGGATTGTGCCTACCCTGATGAC
TCTCCCCATTGTCTGTTCTATCCCCGTGGAGCTGGTTGAGGACCAGTGCCCAGTCCATTG
AAATGTTTGTTCTTTGGGGCATCAATCATGCCAAAGAACAGGAAAGAGTTTTGTGAGCCC
AGCACCTGCCACCACCCTCGACCTTGACACCAAAAGCCAGGGCAGACACACGGTGGTGGG
GAGACATGGCCCCATCAGGGGATGTGCGTGGGTATACAttgttcctcatgacaaccctag
gaactacgctgtatgtaggtgaggaaattgagagtctgagcccgagacatggcagagttg
cagagctggtcactggcagtgcaaggacttgaacctaagcacttataaccctaagccctg
gtgttttccccacactaggctgTTGTCTGTGCCCTAATAGGTCGTGCCCTGACACGTGCA
CCACAGGTGCTGTGGTCAGTTGAGATGGGCTTCCAGATCCAGGGTTTGGTCCTACTTGGC
AGATTCTGGCTGGTAAAAGGGTTTCTGTTTGCACCACGTGGTGTGGCAGCTAGAGAGCCA
GGGGAGATACTGAGCCCTGGGAGACCCCGTGTAGAGAAGAGCATGGGGTAATAATCAGGA
TGCCATCTAGAGAAACCCTGATGAGTCTGGAAGAAATACGAGCAGTTGGTGCAAGAACAT
TCCAGAAAGTTTGTTCAGCTCCAAGGAAGCCAGCTAGGGCACTGGACTTTTCCACCTGGA
GGCTCTACAGAGCAGCAGGAGGCTTGGCAGGAGGCTTCTTTGTAACATGGGCTTGAGGAG
TTCCTAGAAATTGAGTGGGAGTTCAAGATCAGAGAGAGGCAAACCTTGCAAAGAGGCAAA
GCAGTGGTATGACTCCAACGGCACAGCAAGAACAAACATGGCTGGGTTTCAGATTTCCAT
GTCTGCTTTTCTTTTAATGCATCTTCCGGTAGGACATTGAATTTTTCACAATATCAGCCT
CTCAGGTCACCTACCATGGGAGGAATCTGGCACCTAGTAAAAGCACCATCCAAATTTGTT
gaaggaaggaagaaagaaggaaggaaggaaggaaaaggaaggagaaggaagggaggaagg
aaggaaggaaggagaaggaaggaaggaaggtaggcaggccggcaggaaggctggcattat
ggagaactggcagaagcaagagagggaaggaaggaaggaaggaagggagagggaaggaag
gaagaaagggagggagggaaggagggagggagggaatggagaactggcagaagcaagaga
aggaaggaaggaagggaggaagggagggaggaagggaggaaggaatgaCTTATGGAGAAC
TGGCAGAAGCAAGAGCTGAGCGCTGCAGTTTCAGCCAAGTGGTCCCTTGTAGATGACCCT
GGACGGTCAAGGTGCTGATGCCTGGTTTCTCTCAGAAGCTCAGCATGACTATGTCCCATG
CAGGGCCGTTTTCCCTCCCTGATTTGAACTCGCCTCGTAAGTTTATTTATACCTGTCTCA
GGACCTAAAGCCAGCATTTTCCCTGGTGACAGGCACCAACAACTGGACACCATCTCTTAC
CAGAAACCCCTCTCTTTTCCCCCAGGGCGGACCGCCACCTACCGCGGATGCTTCCGACTG
CCAGAGAACATCACACATGCCTTCCCCAGCTCCCTGATACAGGCCAATGTGACCGTGGGG
ACTTGCTCGGGCTTTTGTTCCCAGAAAGTAAGACCAAGTGATCATTTCACAACCCTTTCC
TTTAAGTGTGTGTGGTGGTCCTGAGAGAGGGGGGCACATGTGCTGGGCTGCGGGTGTCCC
CTCTGGCAGTCCAGATGGGAGCAGAGGAAGGGGGCATGGATGGGAGGCAGGCACCAGGTA
CCACAGAGGGAGCCGGCAGGGAGCCCTTCGCCTCTGTCCACCATGTGAGGCTGGGTGGGG
AATTGTCAGCAAGGCTTGTAAAGCCGAAAGGAGAGTGCCTTTCTGGATGCGAACTCTTGC
CACAAGTGTCAGATGTTAAATTGACTTGGTTTGGAAGCCAGAAGATGCTGGCTCGGGACT
TGGGGATAGCTGATGGATTTTCTGTTATTGGTGCTGACGGTGTTGGGCCGTGAATCTGAT
GACAGGGGCTGGAGCCACACTTGCATCTTTGGTTTAGCCTGGGCTGAGGAGTAGAGCGTG
ACCCCATGGAGGGGCAGGGCTAGGCACCAAAGGCCACTGACCCCGCATTGCATGGTAGCT
CTGGGGTGGGGAAAGTTGGTCAAGGCCAGAGGTGGCTTGCAAAAAGCAGGGCCTGGAGTG
TGTGAAGCAAGGCTGGGGGAGACCCAGCAGACTGTGTCCAAAGAACATTGAGATCTCGGG
CTGGAGTCAGGCAGACTCCAGATTGGGGTGGATGCTGTGGCTCTAGAAATGGCCCTTGGT
GGCAGTAGGCTTGGGGCTGGGGCTGTTTCACATGCGCTGGGATTGCTGTACCCTCAATGT
GGCTTTGATACTTGGCAATGTAATAGAACAGGGCTAAGGTGAGAGGATGGCCTTGGCCAG
GATGATGATGACGATTATGACAATCAACAGAAGCTGCcattcgttgatcgctcattccat
gccaggtactgttccaagcgctttatgggttaactcatttaatcctcctaacaaccctac
agctaggtgctgtgattatctgcattttccaggtgaggaaactgaggcagagggtttgag
ccgtgtgcctgaggtcacacagccagtaagtggtggggtcagggtttgaactcaggtagc
tccatagtctgCTGTGGGTTGAAGGGTGCAGGGGTGGACTTCAATGACAGCAGATGTGAT
CGGATCTGCAGGAGCAGCACAGCCATCCTCTGCTGCACCCCCCCACTCCCGCTCTCCCTG
CTTCATGTGTTCCTCCGCACTCTGGGGACACCTCCCTTGGAGGGGGCTGGAGAACAAGGG
GGCTGGACACCTCCCTTGGAGGGGGCTGGAGGGGGCTTTCATATGTGCTTTCTTCTTGTC
CAAGTGCATCCTTTGAAGTGGCTCTCCTGCGTCACCAGCATTTCCGAAGCCACAGCCAAG
GATGTCTTGGGCATCAGGGCACCCACGACACAATTAAATGAGCCAAAAAGGCAGTTTGTT
GATTTGCGGACATCTGGCCTGGGGACCTCCTCATCCCTTCTCCTCCTCATGGGAGCAGAG
CGATGGGTAGAGGCAGCAAGGATGCGCGCTCAGCTGCCGGCCCTGCTGGTGCTCTCAGGA
GAATGAGCCACCCTCCTAGGGCTTCCCTCACACCTGCAGCTCAGAGCAGTTCCCTTGAGA
GGCCCTCTGGTTGGAATCAAAGGAACTCTGTGGTCCAGACCAGGCTGGAGGCAGGCCTGC
CTTGAGCAACCAGCTTGGATAGTcctgctgtgtgctgggcatggcactaggagccttcct
gcggggggttatctgctttaatcctcccagtagctcCCAATGGGGGATACTCAGATGCCT
GCTTGCTGCGAGAGGCTGGGCAGGTGTGCAGAGCTGAGAGCCCTCAAACACAGGCACAGA
GTGGCCGGCTTTGCAGCTCCTGCTCCTGATGCCACACACAGCCACACACTGGCACAGAGC
GGCCGGCTTTGCAGCCCTTGCTCCTGACGCCACACACAGCCCGTGGTTTTACACACTGCT
GCCATTCGGCGTTATGGAAGGGGGAAGAGACGGAGAAGATGAGGAGGAAGAGAAGGGAAA
GAAAGGGGTGGCCATTGTGGCCATGAGCCATTAGTGTTTCGGACTAGTTTTAAATAGGAA
CATGCTTACTTGGAGCATAATGAAGACGCCAAAGGGCATAGCAGGGAAGCCTTCCTCTCA
CTCCATGCATTTCCTTGCCTGGATTGTCCTGgcttctcatgtctacttccagagagactg
aatattcaagcaactgcatccttgcccattctctaacaagccccgcagccgggcaggagc
tgcacccgcccttctgcactgaactcttcaccggacagcctgtctcggagattgtctcac
gtcgcgacacaaagtgctttctcattcttttttaccattgcacggaggtcctataattta
tttaaccagtttagcatttcgcctatttccagccttcacaaacgatgcggcagtgactac
ctgtgtatgtacgtagatcactttgtgtgagtgaatctgtaagaaaaatattccttggag
atgctgggtcaaagactgagtgtctttatcattttggtaaactttgtcaggttgtccttg
gcgaggattgtattcattttataccccgatcagtgatgtgtgagggGGAGGCAAGGCACC
CTCGTAACCCTTATTTTGTGTGTGTTGGGGGGCTCAAAGCAGCATTTTAGGCAGATGCCT
CAGTTTTCTGGGGGTCCTCCCTTTGTGTACCTCATTAGGGCCCAGAGAGttctttctttt
ttttttttttttgagacagtgttccgctctgatgcccaggttggagtgcagtggtgtgat
catagctcactgtagcctctggctcctgggctcaagtgatcctcccaccttggcctcctg
agtagctgtgactacaggcacacactaccatgcccagctaatttttttgtgtattttttg
cagagacaggggggcggggtggggggggtctcaccaagttgcccagactggtcttgaact
cctgggctcaagcaatctgccctccttggcctcccaaagtgctgggattacaagcatgag
ccactgtgcccggcTGGTCCAGAGAGTTTGTATTTGTGATTACAGACAAGAATTTAAAGG
CTTATAACTCTTCAACTTGTATTTTCAGCCTTCCTTCATATTTACTGGCATAAATCCAGA
TTGCTGCAGTTTCACACTGGAGCATGTGCCAGAAGATACACGCAGGCTCTTGGTGTCTTG
TGCTATCACACATTAGCACCTTGTCCATCTCCCCTCACAACGCATTTCAAGGACAAGTTC
CCTTCTCTGCTATGGCCGGAGCAGTCGTGAATTGTTTGGGTCAGAACTACATGGAAAGGG
CATCCAGGTTTCTCAGAAACAGCCTCTGTCCTCAGCACTCACAACACTGGAGCCAGTGCT
GACACCTGATCCTTATCCGGGCTGCCTCTGCGTGGTCAGATGGGACTGGGAGGGTGGTGT
TTCCTGAGTTCCATTGTTTAGGGCTGCAACATTTGCAGCTGTGAGGAACAGAGTCATCAT
TTCCAGCTTTAAAGTTTAAAGTGGGTATTGGCAGCGCATATTTAGTGGGACTTGGCAAAA
CGCAAATGCTGAGACGGTGGGCACAGCCAGGGGCAGGTGACTCTCACTGGTGGCAGAGTA
AGGGCAGTGCCTGAAGAAGGTGAAGAAGGCTTGGAAGGAGGCTGAGAAAGGAAGATGGTT
GCAACTTTTGGGAAGGGTTGGAACTGGAGGATGTGGGGCAGTGTTGGCAGGTGGCTGAGG
GGATTAAGGAGTGTGTTCCAAGAAGAGGCAACTGCTGAGCAGGAACCAGGTGGCAGGAAA
GCAGCCCAGGTGGCCCAGCGTGCAGGGTTACTTGGGGGGCTGTGAAAGGTCAGGGGGTAC
AAATTGCAGAGGGCTTTGtgatacaagagttattaagaagttattttaggcagaaagtaa
ggttctgggtggaaattttcctgtaataagaaacaacccccaaaccatctcttttctaac
agaaaaggcggcttaaagggccaggcacggtggctcatgcctgtaatccctgcactttgg
gaggctgaggtgggcggatcatgagttcaagagattgtgaccatcctggccaacatggtg
aaacactgtctctactaaaaatacaaaaattagccaggtgtggtggcgcctgcctgtagg
cctagctactcaggagactgagggaggagaatcgcttgaacccaggaggcagaggttgca
gtgagccgagatcacaccaccgcgctccagcctgggcgacagagcaagactctgtctcaa
aaacaaaaaaaaaaagagagcaactgggttcactcaatatggtgattcccactgtctttt
ccttgttaccaggtgtaccgagtgtcatggccacctccagataacaccatgtgttcagaa
catcatgatgacctgcatttgcatattaaaggactaaggtgggagggccaggtttttcaa
gggctacgtaaatgacacacctggtcaaaccaatcccctgggccttatggaacgcagaca
ccgcttcctccagcatcccaatataagcagccacttttccgctgcacacggggttttctc
tttgttcaaatcccccctccctctgtctctgtacggggagctgttttcttcttccttcct
tctttcttgcctgttaaacttttcactccttaaaatcaccccacatgtgtccatgtctaa
accggcacgagaccaagaaccctggtgtccctccagtcatcagagccatatAGCTTGAAT
GCCTGCCTCAAGGTTGAGACTTTTTTCAGTGGGTGGGAGGGGCTGGTATGGCTTGTGTGG
CACTTTATAGCTGCAGGTAGGATGTTCTGGAGCACGGAGAGGATGAGAGCTAATAAAGAA
GGGAGTAGGTCTAAGAGACACCACAGGGTTGGAATCCACAAGAGAGGATGTGGGGGCATG
AAAGAAGGAGTGGGAACCCCCAGGGAGGAGGATGAGGCATGGATGGGTTTGTGGGTGAGC
GGGGCAGCTGACCTGTCCAATGTGGGAGGGAAGTTCTCCTTGGATCCTTCTGGGATACAG
CATTTCTCAGGGGTACCCTCAGAGATGCCTTGGCAAAGCTGCCACAGAAGTCGACCTGTG
ACCTGGTTCTGGAGTTAGGGATTTCAGGTAGGGCAAGAACAGTGCCCTGGATGTCATGCC
TTTAAGTCAAACCGCCATCTGCCCAACGGAGCGAGCCTTTGGCTCCCAGATTGTCCATCC
ATTCTCGCTTGTCTCGCCCGTGGATGTGGGTGTAACTTGAACTCAAACCGTCTGTACTGT
TAGCCCCTCAGCTCTGAGCTCTGCAGATGCCTGGCAGGGGTTTTGCTGGAATTCTGACTT
CACTCTAGAGcaggggttcacagccttggatctgttggcatttggggttggatattactc
atgttgggatctgtctgtgcattgtaggatatctagcagcatccctagcctctacccact
agatgccaacagcccatattccctcagttgtgacacacagtccccacacattgccgtatg
tcctctggagggtaaaatcacccctggttgagaaccacAGCCCTGGAGAGCCACCTGAAG
ATGCCAGGCAGCCATGCCCAGTCATGGCCCATATCCCCGTGGGGCTGAATCCTGGGGAGC
AATGGTCTCTTCCAACCATTGTGAGGATGGAGAAGCAAATTCTCCCTCTAGTATTGAGGT
CTGATGGATGTGAAATTGTTTGGAAGTTGATCTGACCCAGACCTGCAGAGGCCAGAGAAC
TCTTTGCAGGGAATGGTATCCTCTCTTCCCTCCTGAATGTTGAGGGTGGCGAGAGAGGTG
AATCTGGGGATGTCTGGCCGTATTTGCCTGCTCTGAAGTGCCAAGCACGTCCTCTCTGGA
AAGGCCAGTGGTGTGGAGGCTGCCTGGCAGTCCCGGtggcagctttatctcatcctaatt
tggccgaaaaacaagctcaaatgtcctatgatgtgggaatggttaaattatgccacggcc
atacagtggactataatacaaccattgaaaatgttttcaaagactttgatgatggaaaat
gctcacagtagaatgttaaatgGGGCAGAGCTGAGCCTGGGGGTAGGAAGCTAGGGGCTT
AATTAGAGCTGGCCGGGCAGTGGGGCTGGGAGCAGCAGATGTGAGAGGTGGGGCTTGGAA
ACAGGAAAAGAGGAGGGGGTTCCTTGTAGTGCCCCCACCTTTGAGCACCATCTGAGGCTT
ATTTGTGGCCCCAGATAAAATGTCTACTGTTTTTGCTAGTTCGCGAAAATGGATTTGGGG
AGATCCAAGAGTGTAGTTTGACAGAAAAAGAACATTCCAGGTGATATCTGCATCTTAATG
ATCTGACTCTCTGCCAGCAAGAGGGAATTGACCAATGTAATGTGTTTTTAAAGCCCAGTG
AAATGATCTTGTCTAATTTCCTGTGATCGTATGGAGATGGAAAGAGACCTGCTCATTCTC
AGTCCCCTTCAGGATCCTATCGGCTCCTTTGTTTCAACGCAAGGCAAGAGTGAGCAGGGG
GCAGCTTCGATATTTGCATTGCTACCAATTCAGATCTGGGGTAATTAGTTTTGTCGCCTG
ATATTTGTGCTCAAGTAGATAGGCCATTTGTGGGGGTGCTCCGAAAGGAGGCTGATGAGC
GAAATCTAACACCATCTGCAAATAGGTTACTAATGTGAGACACTCCACCGGCGATTATAC
CTTGTGATGTGAGGTTTGTTCTCCCAGCTGCTGTTAGTGATTCTACTGATAAAGGAATCG
CAGGGAGAGGAGGAAGAAAGGTGTTGAGCTTTCTTTTTCCCCTCTTTTAGCCTCTTTTGG
GCGTCTAAATTCTTTACGCATTAATCACCTGGATGTTTTCCCATTGACATTTCTTCTAAG
TTTTTTTGCTTGTTTGGCCATTTAATGGTGGTGCTCATCTAGCCACCTTTCAAATGGAAA
AGCATGCATTAATATGGAACCTGTTTGTTCTCAGCTGGGCAGCTGCTCTTGCAAAATCCA
CTTGGATTCCAATAGATTCGGTCTATCCAAGGTAGCCTTATGGTCTCCATGGGGCACCCA
AGTTCATGTCTTTGCCAATGGTTGGGTCTGTAAGAGTCTGGGTTTTGTGAGCCTTGAGAA
TAAGAATTTTCTCTTTGACAAAATGCTGTAGTCATTCCAAGAGCTATTGGATATGCTTTG
AATTGCTTATAAAAAGTCTGTGGTAAACCTGTTGATACTGTACTCTCTGCATATTTTGAA
AAACACGTATTGTTTGTTTTTCTGGGGGGTTAACACATATCTATTTTAGAGAATTTGAAA
ATTTTCCAAGTGCAGAAATAAAAATAGAATGCACCTGTAACAACTAATAACATTGAACAT
CTTTTTGGTCTTTTGTTCTAGGTGTATCTCTACGTAATTTGTTTTATAAACATTGACTCA
TTCCTTCTCACATTTGTTCCTTTTTCTCATTGAATATGTTGTGAGCATTTTCTTTCACCG
TGCTatgccttatcgcttattggcattctgtcctctcctgagggacatttaggccatttc
ctttctttttttttctttttccttattgctgttataaacaatgctgccacaaacatcctt
gaaaataaacctttgagcccattcataagtatttcattgggctatattggcagataagga
attgctggggcaaaggataggtacattttatatgagcccttttaagactttttatacatt
ttgggaagtgtgtcttctagCCTCATCCTTCTGAAGCTGGTAAAAgggctttagagtcgt
ggtaacctgggttcatactcctactccaccactttctcattttgtgatcctggccaggtc
acataacacagagccttagttttctcgtctgctaaatgggatgggtggagatgaaagtgc
ctcaccagactgtgatgaggattcagtgaCTTTGTGGGCACGAACAGTTTTGTGATTTAT
GTTTTGGGGTGTGTCTGGAGTAGCAAGTGTTCCAGACAATGCTTATGATCATTGTGATTA
TTCAGTGTCCCCTAGTTCTTTCAGTGTGTGGGGGATGTTTGAGAAACTTCCTGGGATGAA
GAGCCAGTCCTTTCCCAGGTCAGTGGAAAGCCAGGTACCTTAGGATCCCAATGGTTGGGC
GGTTCTGAGTCACACTGTGTTTCACAGACTCTTCTGTCTGAAGGATGTTTGTTTGGCTTT
GATAGGGATGGTGTTACCTGGGGTGGTTGGTGGGTTAAGTAGGTCTGCTGTCTGGGGCTC
AAGTCTTCAGAGAGCCATCTGCCCCTGGAGACATCCCACATCCCACAGGGTCCCCTGGAG
ACACTCTGACATTTGCCACAAACAATCATGCTTGGCCTGCTCTCATATGCATAGAGTGGA
TATTGCAGCCTCTGTTTAGAGTGTGTGCTACAGCGCACGGAGAAGGGGACTGGTGAGTGT
ACTCTTTTTGTGGAGAAAAGTGAATGCTGTGGGGGTGGGAGGAAGCCCCTGCCTCTGACC
CCATGCATTTGCCTCCCCTGGACTCAGCCCATCCATGCTTACTGAGTGTCTACTCTCTGA
AAGGCACTTCAAGAGTATTTCAATCCCCAGATCCACCATATGGATGGAGGAACCAAGACT
CAATTCAGCTAAATTTAAACTCACACCTATAGACTCCAGAGCCtgtgttagcccatttgc
attgctataaaggaatacctgaggctgagtaatttataaagaaaagaggcttatttggct
catggttctgcaagttgcataagtatggccctagcatctgcttccggtgaggcctcagga
agcttccaatcatggtagaaggtgaagggggagccagcatatctcatggtgagagatgga
gcaagagatggggaggaggtgccaggctcctataaacaaccagctgtccgtgaactgaga
gcaagaactccctcattcattaccaagcggatggtgctaagccattcataaggcatcccc
acccctatgatctaacccctccaaccaggccccacctccaacattgggggtcacatttca
gtatgagatttggaggggacacacatccaaacTctgtgagagcccttagtcattaaactg
caagcccttttacagatgataaagccaaggctcagagatgcccagttgctcgttggcagt
ccatggatgggattcaaagcccacagttcctgatgacaagctttgtgttggttccactcc
cagcatctgcctcTCCAAATCACAAGGCCCCATTCTCAGTTACAGCATCACTGGACAAGT
TTTCAGCCAACCTGACATATGCCTGAAAGCAAAAGTCTGTCCCCTTTGTCCCCAGTCCTT
GAAGTCATCTTTGTGGGTGTCTTCTTTCCTTTTTGTACCTTGAATATCCAGATCTGCCTC
TGGAGTGAAGGGAACTGCTCTGGAGGCAAGAGACTGGCAGAGCTAACCTCCATATTGGTT
TGCAGATTTCACTGGAAACCCAGCACATCCATGTATTTGCCTCTTAGGAGTTGAGCtgtg
ttgatgtggcaaggtcctggacttggagtccagaaggctggctccttttcccactcacct
ggcaggctgggcatcctgggctgttcactgcctacctccgagcctcagtttccccttctg
tgaTCCCTGAAATCTCTGTCATTCTGTGTAACCCTGGGGATCCTAGAAAAGTGCTCAAGG
AGGACTGAAGATGGAGGAGATGATGCCGAGAGGGGCTGGTTTGTTACAGAGGTCCCGCCT
GGAACCTTGCTCCTTACCTGGAGGAATGTTCACTCCTTGACCTAGTGGCCACAGACCAAG
CCTCCCGCATGTGGATCCCCGCCAGCCTCAGAGCCCTGCCCTTGCTGAGTCATGACCTTG
CTCTAGGCTGAATgcccacccatacctcagcccagcccagcactagccgtgcgtccagac
cgacccaggctcaggctgtagatgcaggatcaggatgaggatgCATATCTTTCTGCCCTC
GGACACAGGCTGAGCCAGCTCTTTCTTTAACCCCTCACCTGTCTGATTGAAACAATCCCA
AATCTATCTTCTCACTTTCTTTTTTTGCCTTGTATTCTTGGATCCTTTTTTCCTCTTCTT
TCTCTCACTGAAGCACCCTTTCTCTCTCTCACTGAAGCATAGGGTAGGGTGCGAGAAGCA
GGGAAGTTGGCAGAGAGATAAGATTCATCAATATTTAATTTTTATGGAAATCATGTCCTA
GAAATCCCCAAGGGGCTGAAAATTGTACTGTGTTTTCAGAATCCAGTGATGTTGCTGGAG
CGGTGATGTTGTAAATAAAACCACATTACTGTCTGCAGCTCTCCTGTCGCTCTGCAAACA
CCCGGAAACTTGACAGTTTAATCCACTCAAGGAAGCAAAAAGGTTCGGGTCACTGCTGGG
GGCAGCCCATTCTCCAGTCCTGGGATATAAGATTGTGGGGCATCAACGTCAGTGGGGCTG
TTACTGCTGGGAAGGGAGACGGAGCCAGCGTGCCTTGAGTAGATTTACCATGCTGGTGGA
TTTTTTTTCCTCGGAACAGGAATCCCAGGACAGCAGAGCCCCCTCTGGGCTTTCTGATAT
GGGGAAGATTTGCTTAGAGATAGCGGCTTTTCTTTTCCCTCATGCCTGTGGTGCAGTTAA
CCCAATGACCAGCAGAAAAATCAGACTCAAGTTAGTTTCCAGCAGCTTCTGGTGCAATTG
GGATTTGGAAGGGAcattcatttgcttcttcattcattcactcattcattcatttcttca
ttcatcaaacatttattgagcatctgccatgtgcaaggcacttttctagattctgagaat
ataacaaagcacacaaaaaacacaacaaccctgcttatgttcttgtggaaagaggcagac
aaccaaccaggtaagtaaattatatagtatgttgtatggtgatctgtgtcatggaggaaa
aggaagtaggAAtcataggtgtttacccatgagaaatgcaaacttttttggaccaaaggc
ttgcacaagaatgttcagaggagcattattcacaatagctaaaaaccgggaacagcccag
gtgtcaatcactagtggatgaatcaacaaaccagtgcattcttggatggaatactacaca
gcaatgaaaaaggaatgatccacagacacagataacaacatgaatggatttgacaaatgt
ttttctgaatgaaagaagccaggcacacaaaaaacatgtgctgggtgattctatttatat
gacattccagtatagataaaacgaatccatggtgatagaaatctgaaaggtggttgctct
ggggagggaaggaggatggtgaatggggagaggGGCCTCCGGTGTCACCGATGTGCTGCC
TGTCTTGATTGAATGGTACACCTGGGATCAGAGCATGTCATCAgataggttagtacacaa
aactgtaaagcatggtgagggaatagcatgtggtggtgatggtgggaagggtttgcaact
tgaaaagggggtggccagggaaggccccacagagaaggtgacttgaagaaagtgagggag
agagctatgagggtatctgggtgaagggcattcctggcagggggaacagcaagtgcaaag
gccctgaggtgggatcatgagtggagaagtcagggaacagcaaggaaaccactgCATTCA
TCAACTTggctgctatgagagcgtgccacagactgggcagtgtaaacaacagacatttat
tttctcattctggaagctgaaagtctgagatcaaggtctcagcagggttggtttcttccg
aggcctccccacttggcttgcagatggaagccttcttactgtgtccttgtgtgcttgtcc
cttggtctgtgtgttggctgtatcctaacctcctcttcttgtaaggacctttgtcgtatt
agattagggcctaccctgatggcctcatttgaacttaattatctctgtaatcccagcact
ttgggaggctgaggcgggcagatcatctgaggtcaggagttcaagaccagactggccaac
gtggtgaaaccccatctctactaaaaatacaaaaagtagccaggcatggtggtggctacc
tgtaatcccggctattcaggaggctgaggtaggacaatcgcttgaacccgggaggcagag
gttgcagtgagccaagatcctgccacagcactccagcctgtgcaacagagtgagactctg
tctcaaaaaggagaagaaaaaaaaaagatcctacatccaaataaggtcccattctaaggc
cctggggttaggacttcaacatatgaatttgggggacacagttcagcccatagcaGCCAG
CATGGACAGAGGTACCTGAGACACAGATGGGCCGCCGTGTGCCGTGGACATCCGGGCTGC
TTGTTTCTGCTGCTCCCTGTGATGAAGGTGTTGGTGTGGAATGAGGTGGGATGAGGGTTT
TGTGATAGAGGGTGGATGAAGCTGTAGAGGCCGGAGGTGGCAATTCTTGAAGTTGCCTTT
CATGAATTCACATGACCGGGGAAACTTGCTTCTGGAAAAGCCAGCAGTGTTGAGATTGAG
GGTCAGGCCCCAGCTCTCGCTTTCCATAGAAGAGTGGTGTAGGGGCCGTGAGGATGGGTC
TAGTTGGACGTACTACCGAGGCTCAATAGCCTATCATGCACTGACTCACAGCGCAGGTGC
CTCCTTGGCTTGAAGAAGGACGAGGAGAGTCGGGAGAGGCTTTCCTTGGGGGCTGCTTGG
CACCTAGGAGAGCATGCGGCCTGTACTTATAAGAACAGCCTGACAGTGGGGGGCAACCTC
CAACAGCATTTCCCCTGACTCCCTCCAAAGATACCTGCCCTCCCGCCAATGCCCCAGGCC
CTGCGTCATCTTCGCTTGCATGGGACACAGGCTGTTGTCTTTTATGAGTGCCCAAATCCT
CAGCTTTACCTAGCCATGCTCAAAAAATGCTATTGATTTTCTTTTTCTTATTTATTTATG
AGATTTTTGCTGTGAGCAAAAAATAAAAAGGTTTGTGCAGTGTTCCCCTTAGCAGTGAGA
AGTTTTCTCCACCCACTGCCTCCCTCCCTGGCACACACACTCACAGATTACTCTCTCATC
TCTCTACGCTCCAAAAGTCCTAGCATCTCCCGACTGTAGGATGCAGAGAAGGAAGAGATG
AAAAGGGGCTAGTGCCTGGGGCAGAGTGAGGACTCTCCCATACATGTGGGAGAGGTGGGT
GGATACATTTTTGAGCAAGACACAGCTGATGCCCAGAGAGTTAGGGAGGTCGAGAATGAC
CTCTTCCTCCTTGGAAgcatgccaggcccggtgctgggcactttggacctgtctcattca
gccctcaccttaaacctacaaggcagattttattacttttttcagtgatgaaattcaaag
aagttaggcaccttgctcaagggtgcctagcaagcgagctagaattcactttcacacctt
caggatgccagctctcttcagtgtgtggtgcagcctcccCAAAGGGGAACAAGGACCCAC
TTAAGAGACTGCTGGGAGCTGGGCTGGCCCACAGAGTGAGACGACTCCTCTCTCCTACCC
CTGACAGGGCCCCCCTCCATTTTGAAGAATCCTCCTTGGGCTGAGCATCTTGGGTGGGAA
CAAAGTCTGTTCTTCTCCACCCCTTCCATCTTTGGAAAGATGACTGTATGAGAATCTCTG
CACCCTGCAGTGGGACATCTGGCATGAGAGTTGGTTTTAGTCTCTTTCCAGGGAGGTGGC
TGGCCAAGGAAGACCAGAGGGAATCGAATCTCAGTCCTCTCTCAGGGCTTGAGGTCTGTT
CATTAGTGGTGTGACACGTGGATCCTTGGGGATGCCCTAAGTCAGCTGATCTGCCCCGCT
CTGTGCCATGCAGACATCCACTCATATGGATGCCCCTGCCCAGAGTGCCATTTCTATCTC
TGGCACTCCTGACAAATGCCTTGGAATCTCAAAAACATGATTCCAGCCTCTGCCCCCTGC
TTTCTGCACGTCGCTCATCCCTCAGTCATATTGCTGCTCATACTGTTGACTTGTCAAGGA
ACCAACCAAGTAGGGCTGTGCTTATAAGAACATGGGCTACTTGAGCTGCTTGAAGCTCAC
ATCTTGTTGATCTTTGTCTCCCCTGGAATTGGGCACAGAGCACAGTGGTGGAAGGATGGT
GGTCATCCCTGTGGATTCCATACAGATACAGCTGGCAATACATCGTCCATGTTCATCCCA
TTCCTGAGCCCTGGGAAGCATGACCCTCAAATTCACTCAGTGTGCTTCTCTTCTTATCGT
TCCCTGGCAGGAGTTCCCCTTGGCCATTCTCAGGGGCTGGGAATGCTACTGTGCTTACCC
TACCCCCCGGTTCAACCTGCGGGATGCCATGGACAGCTCAGTATGTGGCCAGGACCCTGA
GGCACAGAGGCTGGCAGAATACTGTGAGGTCTACCAGACACCTGTGCAAGGTGGGTTCTG
CATCCCCGACTGGTAGTGGCATTTGGTCTGGGGGGTGGGGAGAGCTTCCAGGGTTTGGAG
ATGCCAGTCATGGCCAAGCATGCAGTTATGAGGTATGGCATGTGTCTGTGTAAAGGTCTT
GGCATCTTGATGGGTGTTGGAGATAATGGGGAGGGTCAGTTTTCCACCCTCCACAGAGGC
TGAATCCTGGACTCACTTTAAAAAACACTGGACCCTTTATCTAAGTCTCTCTGGAGATGA
CAATGGTAAGAGGATGAACAGAGAGGGGCAGGTCCTAGAGAGATAGCAACAGAAAGGTGG
TAGGATTGGGAGGCGTGGGAAGAATGAGATCCCAGGAGCTGCAGGGGCCACTGGTGCCTC
CAGGACCTGGGAACCCTCCTTGGTGTGAGCATCAGGTCTGCCCCTGTTGACCTTAGGAAC
TGATGAAAGGAAGAGCCGGGGACGAGGGATGTTACCACCTTTATCAAGTGCCTACTGTGA
CCCAGCATGGCCCTGGATGTTTTGGGGCTTTCCCCTGGTGATTTCATGTGCTCCTTGTAG
CAGCCCTGGGGATGAGACATAACGAATGACTTGCCTGTCATTAGTCCAGCTCTGGTTTAT
TGTTGGCAGTACCTGGGTGTGTTACTTTGCTCAGCCTAGCCTCAATCCCCACCCACTTCC
CCTATTAGAATCTGGAATTATCTGTGCTATGTCAGGAGCAAGAGTTTGGCTGTGGCCATA
GAGACAGAATGGGAGTCGAGGGTCCATAGGGTGTCTGATTCCCATCTTACTCCTGCACTG
CAGTATTGCAGGCCTCATTACGGGGCTttctcggactggccacagacctgtgcagctaag
gtatatttggaagatctcttcccttctttgggccttggttcccccatctattaaatggga
gtCTTCGTTCATCAGTTCCTCTAAGGGAGTTTAGTGGTGAATTGGTGAGTCATAATGGAA
GTGAGTAACCCCGTGATGACTTTTGGACTTTCAGACACTCGTTGTACAGACAGGAGGTTC
CTGCCTAACAAATCCAAAGTGTTTGTGGCTTTGTCAAGCTTCCCAGGAGCCGGGAACACA
TGGGCACGGCACCTCATTGAGCATGCCACTGGCTTCTATACAGGGAGCTACTACTTTGAT
GGAACCCTCTACAACAAAGGTAAGTCAAAGCTACAGGGGACGATGGAAGGCAGCTCCCGG
TGACCAAACTGTCACCTTGCCAGCCAAGCTTCTCAGAGCACTAGAGcagtgcatctcaaa
cttgagtgtacataagagtcacctgtgggtGGagccactgtgtgccatactcacccttca
ggtattgaagaccagcccgcctggtggtccccatccacaacaaagttacgccattgtatc
cacaaacacccacgatctaggccactgaggcacttgcagacaccactgatattgattaca
gccaaagaaattacactgagactacactactccaccacccagaaccaaaacctaagcatg
ctacccaacccacactataggatacatctactagaaaaagtcttttcctatgaaagctgc
tccataaaattggaagaggtgactgttccaccagatgtgcagatatcaatgcagtcacac
aagaaacatgaaaaagcaaggaggccaggcgcagtggctcacgcctgtaatcctaacact
ttgggaggctgaggtgggtggatcgcctgaggtcaggagtttgagaccagcctgaccaat
atggtgaaacctcatttctactaaaaatacaaaaattagctgggcgcggtggtaggcgcc
tgtaatcccagctactcaggaggctgaggcaggagaattgcttgaacctgggaggcagag
gttgcagtgagtcgagattatgccaccgcactccagcctgggcaacagagtgacactccg
tctcaaaaaaaaaaaaaaaaaaaaaaaagagcaaggaaacatgacgtctgcaaagaaaca
caataattctccaataacagaccccaaagaaaaggaaatgtatgaaatacctgaaaagta
atttaaaataatgattttaaggaaactcagcatgatacaagagaatacaaatagacaatt
caatgaaattaggaaaacattttatgatccgaatgagaaattcgatagaaatagatatca
tacaaacaaccaaacaaatctgttagttgaataattaaaatgaatttttaatgaatgaaa
ttaatgatctagtctgttacaaaagctctcaactgtgtttttaattttataccaaaacct
atgggatacagcaaaagaagttctaagacaaaagtttacagcaataaatgcctacatcaa
aatagtagaaagattttaaataagcaacctaatgacgtacctcaaggaactagaaaagca
agaacaagccaatccaaaagtactggagggaaagaaatgatgaagatcagagcagaaata
aatgataaaattcaacatccctttagggcaaaaacaatcaacaaattaggtatagaggga
acgtacctcaccacaatgaaggccatatgtgaaaaacccacagctagtatcatactaaat
gaagaaagtgttgaaaaccttttctctaagaactgaaacaagacaaggatgcccactttc
accatgtctgttcagcctagtaatggaagtcctatgcagcaattaggcaagaaaaagaaa
caaagggcatccaaattgggaaggaggaagtccacttgtccctgtttgcagatggcatga
tcttacatatagaaatgcctaaaggcttcaccaagaaacccttagaaccaataaatgaat
tcagtaaagttacaggatacaaaataaacatgcaaaaatcagtagcatttccatatacca
atagtgaactacccgaaaaagaaatgaagaaagcggtaccatttaaatagctatgaaaaa
atacctaggaataaatttaataaaagagatgaaagatctctgcaaagataactataaaac
acttatgaaattgtagaggacacacaaaaaaatggaaagacatcccatatttatggattg
gaagaattaatattgggaaaatgaccatgctaccaaaagcaatcaacagatccaatacaa
tccctatcaaaataccaatgacattcttcacagaaacagaaaaaaacaattctaaaattt
gtatggaaccacaaaagaccctgaatagccaaggcaattctgagcaaaaagaacaaagct
ggaggtatcacactactgacttaaaaatatgttacaaagctttagtaacaaaaaacagca
tggtactgctacaaaaacagatgcatagaccaatggaacaaaatagagaacccagaaata
aatccatgcatttacagccaactcatttttgacaaagatgccaagaacatacatttggga
aaggacagtcttttcaataaatggtgttgggaagactggataaccatatgcagaagactg
aggctgtacaaatggtgttgggaagactggataaccatatgcagaagactgaagatatac
ccctatctctctccttatgcaaaaatcaactcaaaatcaagacttaaatgtaagacccaa
atctattaaactgctagaagaaaacggggaatatttcaggacattggtctgggcaaagat
gtttttgcttttgagataggacctcaagagcacagacaacaaaagcaaaattagacaagt
ggtattatgtcaaagtgaaaaacttctgcacaaccaaggaaacaatcaacagagtgaaga
gacagcctgcagaatgggagaaaatattggcaaactattcatccaacaagggattaataa
ccaaagtatataaggaactcaacaacaaaaacccaaaagaatctgatttaaaaatggaca
gatgatatgaatagacatttatcaaaagaagacatacaaatggtcaacaagtatatgaaa
acatgctcagtatcactaattatcagggaaatgcaaatcaaaaccacaatgagatatcat
ctcgccccagttagagtggctactatcaaaaagacaaaaaataacaagtgttggagagga
tgtggagaaaagggaactcttatactctattggtgggaatgtaaactagtacagctctta
cggaaaatagtatggaggctcctcaaaaaaaagtagaattgtcatatatatgatccagca
atcccactgctgggtatatattcaagggaaaggaaatgagtatgttgaagagatacctgt
actctcatgcttattacagcaccatacacaatagccaaggtatggaatcaaccttagtat
ctatcaataggtgaatttttaaaatgtggtacatatacacaatggctagttagccgtaaa
aaaaaaaaaaaaaaaagaattaaatgctgtaattcacggccacatggatgagcctaaggg
acattatgttaagtgaaataaaccaggcacagaaagatgaataccacatgctctcattca
tatgtcaaagcttaaaaagttgatctcactgatgtggagagtagaatagtggtcactaga
ggctgggaagggtaggagggagggcaggatagggagatgttggttaaaggatacaaaatt
acagctagatatgaggaataagtcctagtgttttatagcactgtagggtgactacagttg
acaataattgattgtatgttttcaagtagccagaacagaggattttgaatgtttccagct
caaagaaatgataaatgtttgaggcgatggatatcctaattactttgatttgattattaa
acattgtatacatgcattgaaatatcacattgcaccccataaagaagatgtacacttatc
atgcatcagtttaaaataaTAATAAAtatatttatatttattattattttattttacttt
cagttctgggatgcatgtgcagaatgtgcaggtttgttacataggtatgcatgtgccaag
gtggtttgctgcacctaccaacccatcgtctaggttgtaagccccgtatgccttaggtat
ttgtcctaatgctctcccttcccttgtcccccaccccccaacaggcccctgtgtgtgata
ttcccctccctgtgtccatgtgttctcattgttcacctcccacttatgagtgagaacatg
tggtgtttggttttctgttgctgtgttagtttgctgagaatgatggcttccagcttcatg
catgCCAGTGTTATGAAAGTTTCTTACTCATCTAAGGGGGAGGGGCTGAGATGGTAAGGA
AAAAAACTAGACACAGAGTCCTCAGATTCACACAGTGATTTGTGAACATCCTTGTACCTT
GTCACAGACAACCCATGGTGATGTCTGATAAGATTTGATCTCGGTCAggccaggtgcagt
ggctcatgcctgtaatcccagcacttcgggaggccgaagcaggtggatcacctgaagtca
ggagttcgagaccagcctggtcaacatggtgaaaccccgtctctactaaaaatacaaaaa
attagctgggcgtggtggcgggcacctgtaatcccagctactctggaggctgaggcagga
ggatcgcttgaacctgggaggtggaggttgtggtgagccaagatcatgccattgcactcc
agcttgggcaacggagcaaaactccgtctcaaaaatagaaaaataaaaagagaTggggtt
tcactatgttggtcaggctgatatccaactcctgacctcaggtgatccacccacctcagc
ctcccaaagtgttgagattacaggtctgagccaccttgcctggccTATCAAGTCTCTTTG
TCAGTCAAAAGAGCCAGATAGGATGGGCCCCAGGAGTACCCCGGCATTTCCTCTTGGCCC
TGACCCGTGGTCTAGATGATGGATTAATATTTATGAGGGAACGTGCAGTGAGCACAGAAT
GGGACAACTCCTAGCAGTAAATACTATAGAttttatttatttatttatttttcgagacag
agtctcggtctgtcacccaggctggagtgcagtagcgccatctcggctcactgcagcctt
gacctcccggattcaggcagtcctcctgccttagccccccaggtaactgggattataggc
acTtggtgccatctcagctcactacagcctcagcctcccgggttcaagcagtcctcctgc
cttagcctcccaagtagctgggattacaggcatgtgccaccatgcctggctaatttttga
atttttagtagagatgaggtttcaccatgttgcccaggctgctcttgaattcctgagctc
aagcgactggcccgccttggcctcccaaagggttgggattacaggtgtgagccaccacgc
ccggccAATACTGTAGAATTTAATAGCAACCAGGTAGAGCATCCAGACCATGCAGGAATC
TCCACGGAGCTCTGGATCTAAGCAGGTAGGCAGGGCAGGAAGAGATATGTGCGAGTGGAC
AGGGAAAGATGTTTTGGAGGTAAGGCTGACAGAGGTGTTGGCGACAGGCTGAGAGGAATG
GGCAGGAATTGGGTTTCAGGCCCAAGGCAGTGGGAGCAAAGACGCAGCGATAAGAACACA
GCAGGTATGTGTTAGATACAGGGAGAGCTGGATGAGCCTGGAGGGCAGTGAGGCCAGGCA
GGAATAGGGGAGCGCCGCCCTGGGCAAGGGGAGAGGAAGTGGGGCAGGTGTGGGGGCATC
ACCAGGTGTGAGGATGATGGCACAGCTCCCTGTTACCCTCCTTCTTTCCCAGCTCCTGAA
ACTGGGCACTGGTCTCCTGGAAAGTGGGCGCCATTACCTTGCTGCCAGCCGCGCCTTCGT
TGTCGGCATTTGTGACCTGGCCCGCCTGGGTCCACCAGAGCCCATGATGGCGGTATGCGG
AGGGTCTGCATCTGGGAGGGAAGGGGTCTGGGATGAGGAGGTGATGCTGTGGAAGAGGAG
GGCTGGCCTGGGGTCTGCAGGTTCCAGGCCACAGCAGGGCTGGGCTGCTGTCCATGACAG
CCGTAGCAGGCTGGGTCTCGAGTCGGGAGGGTGCTGCCACCCCATGCCTGGTACTCTTTC
TGTGCCTCTTCTTGCCTAGGAGTGTCTGGAAAAATTCACCGTGAGCCTGAACCACAAGCT
GGACAGCCATGCGGTAAGTAGGGGAAGGTAAGGATTGTCGGGGTGGTGGCCAGGTCACCT
GTGGTCCTGACCCCAGTCTACCAACTTCTCCTTCCCTCAGGAGCTTCTAGATGCCACCCA
ACACACACTGCAGCAGCAGATCCAGACCCTGGTCAAGGAGTGAGATGGggccgggcgcag
tggctcatgcctgtaatcccaacactttggaaggccaaggcgggaggattgcttgagccc
aggagttggacaccaacctagccaacatggcgaaactgtctccacaaaaaatacaaaaat
taggccgggcacggtggctcatgcctatgatcccggcattttgggaggccaaggcgggcg
gatcacctgaggtcgggagttcgagaccagcctgtctaacatggcaaaaccccagctcta
ctaaaaaatacgaaaaaaaaaaattagccgggcatggtggcaggtgcctgtaatcccagc
tactcaggaggccgaggcaggagaatcatttgaacccaggaggtggaggttgcagtgagc
caagatcgcactacttcacttcagcctgggcaacagagtgagactctgcctcaaaaaaaa
aaaaaaaaaaaaaaaaatagccgggcgtggtggcacatgtctgttgtcccagcttcttgg
gaggctgaggcaggagaattgcttgagcctggaggtcagggctgcggtgagccatgattg
tgccactgtactccagcctgggtaacagagcaagacccggtctcaaaaacaaaaacaaca
acaacaacaaaaaTTTTTTAAAGGGGGAGTGAGATGGGAGAGAAGGGGGCCTTATTTCTC
GGAAACCAGCCCTGCTGCCCTCTTCCCATGGCCACAGGAGCCTCCCCAGTGACGGAGTTG
TGAGATTGGGGGTTTCTGGTGTCCTGACTTCCGTCCCAGGGATCACCTTGGGTTTCCCAC
GTTGCAGAGACTAACTGAAAGGACATGAGGGCTTTACCCTGGGAATGCTCTGCTGGGGCA
GGTGGGTGTTAGCTGCGATTCTGTGTTATTTTCCCATCCTCAGAGGTCTGCGGGGTTTCC
GAGAGGCTCGCCGGGATTTCTGGCGGGGGGCTGAGAGCCTGGAGGCTGCCCTGACCCACA
ACGCAGAGGTTCCCAGGCGCCGGGCCCAGGAGGCAGAAGAGGCAGGAGCTGCTTTGAGGA
CGGCTCGAGCTGGGTACCGGGGACGGGCACTGGATTATGCCCTGCAGGTGCCTGCCCCAA
TCTGTCTTCCTGGGGTACCAGAGCCTCAAGTGTCACCTCGAGGCTTGGGGGTCTCCAGTG
TGCAGTGGGAAGGGGTGCTGTGTCTTCAAGACTGATCTGGGGTTTTTTACGTCCTCTTTT
ACGTCCTCAGATCAACGTGATTGAGGACAAGAGGAAGTTTGACATCATGGAGTTTGTGAG
TTGTGGCGGGGGTGAGGGCAGGGTGGAGAAGAGCCTGCTGCCAGCACAAGGGAATGGGGA
GAGGGGTTCTTCCTCAGCCTTCCCACTGCCCGCCTTGTCCCCCAGGTGCTGCGTTTGGTG
GAGGCCCAGGCTACCCATTTCCAGCAGGGCCATGAGGAGCTGAGCCGGCTGTCCCAGTAT
CGAAAGGAGCTGGGCGCCCAGGTGGGGCCCCAGGGCACAGCAGGTGGTAGAGGGAGGTTA
GGGACTCCTAACTGGGGGGCCTTGGACATCTGAGATGCCCTTCCTGTGCCCAGTTGCACC
AGCTGGTCTTGAATTCAGCACGAGAGAAGAGGGACATGGAGCAGAGACACGTGCTGCTGA
AACAGAAGGTGAGGggccaggtgcggtggcccacgaccgtcatcccaacatgttgggagg
ctgaggtgggaagattgcttgaggcctggagttcaagattagcctaggcatcgtagtgaa
actccatctctacagaaaattttaaaattagctggtgtggtggcatgcacctctagttct
agctactcaggaggctgaggtgggaggattgcttgagcccaggagttcaagactgcagtg
agctatgatcacacaactgcacttaagcctgggtgaaagaacaagaccctgtctctaaaa
ataaaTTTTAAAAAGTATTTCAAAAAGCAGAAAGTAAGGGCTAGGGCTGTGGGCAGGAGG
CAGATGCCTATGGCCTTGGTGTCTGCCCATCTCAGTTGCCCTTTGATCCTCTTGTGCCTC
CAGGAGCTGGGTGGGGAGGAGCCAGAACCAAGCTTAAGAGAGGGGCCTGGTGGCCTGGTG
ATGGAAGGACATCTCTTCAAACGGGCCAGCAACGCATTTAAGACCTGGAGCAGGTGAGGA
GAGGACACCCCCAATCAGCCCGCCCCACCCAATGATGTATTTTCGAGTGGTAATAGCACA
CTAAGCactgcaaggaaaaacagacgaacccccctgcctcagtagagtttcattccatca
gcaaagacagaggataaacctagtatgtaaattacgtgctatgttagaaggtgatagtgc
ttgctataggagaaagatgataaagcaagggatgtggggagctgggtaggggttacagtt
ctaaatagttgggcagtgtgggcttcatgagaaggtaacttttgaacaaagacttgaagg
atatctgggggaagaaagttctagacagaagaaagagccagtgccaaggccctgagatag
ctggggagttggaagagcagggtggtggccctgggtctggacagagtgagggaggaggat
gtgcaggagatgaaatcggagctaatgggggcatgagtcattatagggccctatagattt
ttgtagggatttggggtctactctgagagcaattgggagccgctatagggtttggaacag
gatggtggcatgctgtgacttGACTCCTTTCCCTTCTagggccactgctagcccacatgg
gatctctgtacaaattagaaaatggagctgcttccccaagatactcttttttctttttct
tttctttttttttttctgttttttttgagatggggtgtcactctgttgcccagcctgcag
tgcagtggcgcagtctcggctcactgcaacctctatcccctgagttcaagtgatcctccc
tcctcagcatcctaaatagctgggaccacaggcgtgtgccatcacgctcggctaattttt
gtatttttggtagaaacagggtttcaccatgttgcccaggctggttgcaaactcctgaca
tcaagcaatccacccgcctcggcctcccaacttgctgggattacaggcgtgagccactgt
acctggccCCCAAGATTCtttcttttctttttttctttttctttttttttcttttttgat
ggagcctcgctatgttgcgcaggctgcagcacagtggtgcgatctcagctcactgcaacc
tcagcttcctgggttcaagcgattctcctgcctcagcctcccaagtaggtgggattatag
ccgcctgccaccacgcctggctaatttttgtatttttagtagagacggagtttcaccata
ttggtcagggtggtctcaaactcctgacctcgggtgatccaccacccccatcagcctccc
aaagtgctgggattacaggtgtgagccCAGCCTAAATAGTATTTTTTAAATTGTAGCAAT
AGAcattttattagaaaaagaattttactgccatctgctggaaagttgtcttcataacta
tatgaaatctgggttgtccaagataggaatagcatcctttagatgttccaatctgcacaa
ttgtccaCCCTTCTCTGGAATGTCTCGTGGAACAGTCAGCCCAGGTGTCTGTCCTCTCAG
TAAGATCCTCATGGGCAAAAAGCACAGCCTCTCTTCCGTCCCTCATCCTAAAGCTGCCTA
TGTCTGTAATGATTTCCTTCTCTTACAGACGCTGGTTCACCATTCAGAGCAACCAACTGG
TTTACCAGAAGAAGTACAAGGTGAGTGGACCTGGGTCCTGGATGCCTGGGCCCCAGGGAG
ACTCAGCTCTTGCCTGCAGCTGGACATCTGGCCCCTTATCACCTTATCCTGCCAGGACCC
TGTGACTGTGGTGGTGGATGACCTTCGTCTCTGCACAGTGAAACTCTGCCCTGACTCAGA
AAGGCGGTTCTGCTTTGAGGTGGTGTCCACCAGCAAGTGAGTGCAATCCCcaggggtgat
actctaatatatctaaacaactgccaatctgaaaggcagggcccaccacaatggaggccc
cccatgcagctccagactttaatttaattctttggcggctggactggggggccattgtgg
aagagggtacagggtgatgggggatatttaggagaatattaccaactggtacagaagtct
ttcaatgcaactggaactggttgaatactggctgaatgtcagtcTGCCCATGCTGCCACT
TTGCTTCCCAGGCCTCAGACCCCTCTGCCATCTCCCTCACCCTCCTACCTAGGTCCTGCC
TCCTCCAGGCTGACTCAGAGCGCCTCCTGCAGCTGTGGGTCAGTGCTGTGCAGAGCAGCA
TTGCTTCTGCCTTCAGTCAGGCTCGCCTTGATGACAGCCCCCGGGGTCCAGGCCAGGTAC
CTTAACCTGGGGGTGCGGAGCCAGGCTGCCTGTGGAGATGGGGCACCCTTTACCCTAGGC
CCCTTGGCCACCCTTTCTTCCCCTCTCTCCCCCAGGGCTCAGGACACCTGGCCATAGGCT
CTGCTGCCACCCTGGGCTCTGGTGGAATGGCCAGGGGAAGGGAGCCTGGGGGAGTCGGGC
ACGTGGTGGCCCAGGTCCAGAGTGTGGATGGCAATGCCCAGTGCTGCGACTGCCGGGAGC
CAGCCCCGGAGTGGGCCAGCATCAACCTTGGTGTCACCCTCTGCATTCAGTGTTCCGGCA
TCCACAGGTTACTCCACAAGGCCCATGCGGGAGCCCCACTCCTTCGGGCCACAGTGCGGC
TCCAATACAGAGCGCATCACACCGGCCCCTCTTCCTTCCCTGTCCTGGCTTCCTCTCTTA
GCTTCTGGCTTTGTCACTGGGTACCAGGCCTGGGCCCAAGCCTCTGGGGTGCCAGTTGGA
CCCAGGCGGGCCTAGCCCCTCTGTGTCCTAGTCTGGCCAGAATTGGGGGATACCCAGAAT
TTGTTGGCTTGGTTGGAAGAAGTGTGGGGTCAAGGCTGCTGAGGGTGGGGGAGCCAGTGA
AGACTAGGCAGAGAAACGGTCATGAGGCCTTAGCAAGTATCTAAGGCCCTCGCCCCCCAC
CTCAGTGTGGTGGAAGGGAGGTGACATGGGAGAGGTTGTCCAGGCCAAAGTGTCACAAGT
GTCACTAGAGAAGGGAGGTGGCTGGAGTGATGAGGGCCTTGAAATGAAACCTAAGGAAGA
AGGAATGGTGACGAGGCAGAGTCCTGCCAGGGCCAGGTCAAGGCTACATGGCGGTTACAT
GGCCGCAGCTGCCCTGCCTCCTGGGCCAGCACCTCTGCACGGGCCCCCATGCCAGCCTTG
CCTCCCAGTGTCTTCAGGAGCAGCAGCAGCTCCCCAGGCCACTGCCCCCCTGCACAGGGC
CTGACCCTCCCCCTCTGGCCCTCCAGGAGCCTTGGTGTTCACTTCTCCAAAGTCCGGTCT
CTGACCCTTGACTCATGGGAGCCAGAACTAGTGAAGGTAACTTAGCGTATTGTGAAGATT
GGGGGCAAGAACTTGGGGTGGGGCAAGGACATGGCGGTGCAGGGGCGTGATCCCTGAGGA
GTCACTCACCCCCACCTTCCCTGTCTCTGCCTCTGCCTGGGCCTCCTGAAGCTCATGTGT
GAGCTGGGAAATGTCATCATCAACCAGATCTATGAGGCCCGCGTGGAGGCCATGGCAGTG
AAGAAACCAGGGCCCAGCTGCTCCCGGTGAGCTTGGGGTTTAGCCTCCCAGGGGAATGGG
GGACCCCTGGAGCAGAAGAGGGAAGACTGCGTGCTTCTCCCCTCCCACAGGCAGGAGAAG
GAGGCCTGGATTCACGCTAAATACGTGGAGAAGAAGTTCCTGACCAAGCTGCCTGAGATT
CGAGGGCGAAGAGGTGGCCGGGGGCGCCCAAGGGGGCAGCCTCCTGTGCCCCCAAAGCCT
TCCATCAGGCCCCGGCCAGGGAGCTTGAGATCCAAGCCAGGTATAGGGTTGGTTGGGcat
tcattgagcatctgctgtgtgctcggcatcgtgccaggtagcgccgggaggcacagagtg
tgaaGCCCAGGCCTTCCGCTGGACAATGTCGGAGGGACCGGACTGCCGTTTCAGGGGTTA
CGGTGGAGTGTGACATTAAGAATGAGAAGGAATGTGGGGCTGGGCGTGGGCAGGGAGGGT
AAGGGGTGCCAACAGCACAAGAAAAGGAGAGAGAGAGGGGGTGGGTTTGGCTGGAGCGTC
AGGGGTTGAGAGCTGAGGCCAAGTGTGGTTGGACCAGATGAGGTGATGATGCCGTCTCTC
CCCCACACCCTAGGGACTCGTACACATGCATACGCATACTTACACATACCCACACTTGCA
TCACTCTATTCCCTCCACAGTCCCAAGCTCCCCATCATTTAGAAGAGACCTGTCCCATTA
TAGCATTGGGACACTGCTGAGGGTTTTCTTCCCAGACTCGGAGCTGCTTCCCCCTAACAG
AACCAAATCCCCCGAACAGAGCCCCCCTCTGAGGACCTGGGAAGCCTGCACCCTGGGGCC
CTACTGTTTCGAGCGTCTGGGCATCCTCCATCTCTTCCCACCATGGCTGATGCCCTTGCC
CATGGAGCTGATGTCAACTGGGTCAATGGGGGCCAAGATAATGCCACACCGCTGATCCAG
GCCACAGCTGCTGTAAGAGCCCTGCTGACCTCTCCACCCCACCCTAGGGCTCTGACACCT
ACTCCTGACTCTGGGCCCTGCCCTTACCTCCTTTCCCCACCACCTGTTCCCTAGGGCTTC
CACCCATAGGGAGAGATCAacaatagagactggttgctaagagtgtgtgatttggaggca
gagaacctgagtttgaacccaggctctcacctcttacaggagactttttttttttttttt
gagacagtctcgctctgtcccccaggctggagtgcaatggtgcgatctcggctcactgca
agctccgcctcccgggttcacaccattctcctgcctcagctgcctgagtagctgggacta
caggcgccagccagcatgcccggctaattttttgtattgttagtagagatagggtttcac
cgtgttagccaggatggtctggatctcctgaccttgtgatccacccgcctcggcctccca
aagtgctgggattactggcgtgagccactgtgcccggcctacaggagacttttaacaagt
tattaacctctcagcctcatctgtaaaatagtaacatacctcaaaagcttgtactatgga
tttatatatgaatacatgcaaagagctagagccaagcctagcTTGGTTACAGTTAGCTGT
AACCCCTTCCACACTCCTGATTACCACACTCCACCCTCCCATTCTCTGAACTGGCGCCAC
CCTAAGACATCTTGAAATCCACCACTAGGGATGCCACCCTCAACCCCCCTTCTCGACTTC
TCCATGCAGAATTCTCTTCTGGCCTGTGAGTTTCTCCTCCAGAACGGGGCGAACGTGAAC
CAAGCGGACAGTGCGGGCCGGGGCCCGCTGCACCACGCAACCATTCTTGGCCACACGGGG
TAGGGATGATGGCATGGGGAGGAAGGCTGGGAGAAGTTGGGCGGCCGGCTGACCCTGGCT
CTTCTCTCCAGGCTCGCCTGCCTGTTCCTGAAACGGGGAGCTGATCTGGGGGCTCGAGAC
TCTGAAGGCAGGGACCCTCTGACCATCGCCATGGAAACAGCCAACGCTGACATCGTCACC
CTGTAAGAATGCCTGAAGGGGCGGGGCTGGCGCTGGGACTCCCCCCACCCCCGCCCACCC
ACGTTCGGGCGGGCGGGCGGGGCTGACGCCGAAACAGAAGCCTGTGCTGTGGGGCCTCGG
AAAGGGGCTGGGCCAGCGCCGGGGCCAGGCTCGAGAAAGGCTGCGCGAAGTGTGCACTGG
GACGTGGAGTAGAAGGCAGGCGGGAGGGCGGGCAGGGTGCAAGGATGCTTGGCCCACCCT
GAGAGGCGTAATTCGCCCATCAACATTGCTGTCAGGCATCTTTTTAGCACTAGACGTGAC
CCCGGGGGTGGGGGCAGATGAACGGAACGCAACCCAGCTCAAAGGATGGGAAGTTGTGGG
GGAGGTGAGGATAGtctttttttttttttttgagacggagtctcactctgtcgcccaggc
tagagtgcaggggcgcgatctcggctcactgcaacccccgcctcccgggttcaagcgatt
ctcctgtctcagcctcccctgagtagctgggactacaggcgtgcgccaccacccccggct
aattttttgtatttttagtagagacggggtttcaccatgttggccaggacggtctcgatc
tcctgacctcgtgatccgcctgcctcggcctcccaaagtgttgggattacaggcgtgagc
caccgcgcccggccAAAGATAGTGTCGTTCATTTCTTAATTCCCTCCTCTTCAGGCTACG
ACTGGCAAAGATGAGGGAGGCTGAAGCGGCCCAGGGGCAGGCAGGTAAAGAATACACCCA
CCCCACCCCCCAGGCCCAACACCTGAACTCTGGGCTTCTGGTCCACGGTGACCTCTCTCC
CTAGTGCCCAGCTGCattcattccgttatttaacaaatgcgtattgggcgcatgcgacgt
gccaggccctggcaaggcataggtgctggcgcagtgcccgcggcgcgcacgttcccaccc
aggctcggagcgcgaggtccCCAGGTGGGCCCCAACCGCCGGATCCTGCCCTTCTGCACT
GGGGCCCAGCCGCCTCCCGGCCTTTCCTCCCTCCCCCAGGAGATGAGACGTATCTTGACA
TCTTCCGCGACTTCTCCCTCATGGCGTCAGACGACCCGGAGAAGCTGAGCCGTCGCAGTC
ATGACCTCCACACGCTGTGACCCGAGGCCCACGGGGCCCGCGCCTGCCTCCCTTCCCCGC
CACCGGGCCCTCTGCCATTAAAGCCTCCGTGCTTCGCTCTTC
