>scga-mini-dna-006-tumor-1
CACAAAGCTGGACAGTCGCCATGACAAGTAAGGGCAAGTAATCCGCCTGCCGGAGGAAGC
AAAGGAAATGGAGTTGGGGAGGAGGGTGCAGAGTCAGGATTCTCGCCGACCTGGTGCCGT
AGATACTAACATTTTGGGGTGGAAAATTCTGCAAGCCAGAGCTGTGAGGGCAGAATTGGT
GGAAATCATTTTGGAGGAATCCTGCATTGTGTCAAATATGAAGGGTGGAAGGAAGAAAGC
TTTTGCGTTTGCTCTCAGCTGGATCCTTTCTTCTCATCAgttaaaatgtcattttttagg
aaggctttccgtaatatcacaccctaacgttttctcccagatactttatatcacaccatc
ttatttaatctccttcacaacccttatcactctgataagatttatttgttcattgctttc
agtacatggaaacgtaagccttatgaggatatagaatttttctactatcttattcattgt
tgtattcctgagtgcctatatcagtgctgggtagcaagtaagagctcgataataaatatt
ttttgaatgagggaGACAGGTCTGAAGCCTGGAGAATGAGATGCAGAAGAGGTGCAAGAC
CTGCTGCGCCCTCTGCAGGCGGCGGGGGGGCGGTGCAGGTGCTTTAAGAATTACCGCGGG
ACTCGGTAGGGGGAGCGTAGGCGCTTCTCGCCAAGATAGAAGCGTTCAGACTACAACTCC
CAGCAGCCACGAGGAGCCCTAGGGCTTGATGGGAACGGGAAACCTTCTAACCTTTCACGT
CCCGGCTCCGCGGGTTCCGTGGGTCGCCCGCGAAATCTGATCCGGGATGCGGCGGCCCAA
TCGGAAGGTGGACCGAAATCCCGCGACAGCAAGAGGCCCGTAGCGACCCGCGGTGCTAAG
GAACACAGTGCTTTCAAAAGAATTGGCGTCCGCTGTTCGCCTCTCCTCCCGGGAGTCTTC
TGCCTACTCCCAGAAGAGGAGGGAAGCACAGGTGGGTTTCTTTAGCTCTGCGTCGGATCC
CTGAGAACTTCGAAGCCATCCTGGCTGAGGCTAATCTCCGCTGTGCTTCCTCTGCAGTAT
GAAGACTTTGGAGACTCAACCGTTAGCTCCGGACTGCTGTCCTTCAGACCAGGACCCAGC
TCCAGCCCATCCTTCTCCCCACGCTTCCCCGATGAATAAAAATGCGGACTCTGAACTGAT
GCCACCGCCTCCCGAAAGGGGGGATCCGCCCCGGTTGTCCCCAGATCCTGTGGCTGGCTC
AGCTGTGTCCCAGGAGCTACGGGAGGGGGACCCAGTTTCTCTCTCCACTCCCCTGGAAAC
AGAGTTTGGTTCCCCTAGTGAGTTGAGTCCTCGAATCGAGGAGCAAGAACTTTCTGAAAA
TACAAGCCTTCCTGCAGAAGAAGCAAACGGGAGCCTTTCTGAAGAAGAAGCGAACGGGCC
AGAGTTGGGGTCTGGAAAAGCCATGGAAGATACCTCTGGGGAACCCGCTGCAGAGGACGA
GGGAGACACGTAAGTGGTGATGGCAGTGGAGTGTGGAGTCTGGGGAGATGAAGTGTGAGG
TCGATCTGTCCTCTGGTCCTGAGACCCACTTCTCCAGGCCTCTGCCCCCTTTGCTTGGCG
ACCCAGGTTTATTGTCCCCCATCTTCCTTTCAGCGCTTGGAACTACAGCTTCTCCCAGCT
GCCTCGATTTCTCAGTGGTTCCTGGTCAGAGTTCAGCACCCAACCTGAGAACTTCTTGAA
AGGCTGTAAGTGGTAAGGATAACAACGGGGCAGGGAGCTGACCACCCCCGAGATTTTCAC
TGTAAAACAGTCCAGTTTTCTAGGAGAGGGATGCCCCAGAGCTGGGAGAAGCGGCACGTA
GCCCTTTTAGACTGAGCTTACATTTTATCTAGCAGTTTGTGTCTTCTACTTCCCTCAAGG
ATTCAGGGGGGCTTACCTACCCCAGAGGCAGGCTCAGCCCTAGCCCTACACTTGAAAAGC
ATAGGTCTGGCCAGCTTTCTAACTCTCCCCTGTTTCTAGGGCTCCTGACGGTTCCTGCAT
CTTGACCAATAGTGCTGATAACATCTTGCGAATTTATAACCTGCCCCCAGAGCTGTACCA
TGAGGGGGAGCAGGTGGAATATGCAGAAATGGTAAGGACTGGGGCTAACTGCCTCTTCAT
CAATGCTGCACATTTAAGTCCTTCGTGGAGATGGAAAAAGTGTAGTCCAAGTGTTTCCTG
TTCACAAACGGGACTGTTTTTCAAGACGAGTTTCCACATGTAGCGTTTTCTGCCCCGAAT
TCTGAAGTTATTTAGAGAGAGGTTTCCCCTTTCTTTAATTAGGAATCTGTGTTTTTTGCT
AAAAAGTAGTGAATTTCTTGTGGCAGCATATATATAtttctatttcttatttttttgaga
caaggtcttgctctgtcacccaggctggagtgctgtggtgtgatctcggctcactgcaac
ctctgcctcccgggttcaagcgattctcctgcctcagcctcacaagtagctggtattaca
ggcgcacgccatcacactcgactaatttttatagttttagtagagacggggtttcgccat
gttgggcaggctgatatcaaattcctgacctcagaggatccgcccaccttggcctcccaa
agtgcggggatcacaggtgtgagtcaccgtgcctggcTTATAGCtatttattgattgact
actgatatatgttagtcactgtgctgggataaagtggtggacaagacagatgaagggctg
gtttgctttctgtgtgggagacagacaacaaacatgtaaaccagcaagcatcaggaccaa
gatgatgataaatgctctgaaggaaatacacagaatgaagagagactaactagaggaaag
cacattgcataaaatggtcaggaaggagctctctgaaaaggaggcatttgagctaagacc
tgaaggaggataagggatcagtcatgtgaaggcttctggaaagagctttccaggaactgg
caatgatactataaacacccagaactgggaaatagctttgtgcgttaaaagaccagaaag
gccctgcatggtggctcacgcctgtaatcccagctactcaggaggccgaggtgtgcagat
cacttgaggccaggagttcgagaccagcctggccaatatggcaaaaccccatcgctacta
aaaataccaaaattagacgcatgtggtggcacgcgcctgtaatcccagctacttgtgtgg
ctgaggcaggagaatctcttaaactcaggaggtggaggctgcagtcagacaaaattgtac
cactgcactccagcctgggcgacagagtgagactccatctcaaaaaacaacaaaaCAgac
tgggctcagtggctcacacctgtaatcccagcactttgggaggctgaggtgggcagatca
cctgaggtcaagagtttgagaccagcctggccaacatggcaaaacctcatctctacaaaa
atacaaaaattagctgggtgtgatggtgggtgcctgtaatcccagctacttgagaggctg
aagcagaagaatcatttgaacccaggagatggaggttgcagtgagccaagatcatgtcac
tgcactccagcctgggtgacagagtgagactccatcccaaaacaaacaaacaaacaaaca
aacaaacaaacaaacacaaaacaaaaaacccagaatgctggtatagccagactgaggcaa
gtgagggggacagaggggtgaggacagagaagagcagccacgtcgtgttggttcttatgg
gtaaggcatttggagtttatttgggaagtcatgagagagGTGttttttttttttttttga
gacgagtcttgctctgtcgcccaggctggagtgcaatggcgtgatctcggctcactgcaa
cctctgcctcctggattcaagcgattctcctgcctcagcctcccgagtagctgggattac
aggcacccgccaccatgcccagctaatttttgtatttttttaaatagagacggggtttta
ccatattggccaggatggtctcgtactcctgacatttgatccgccggtctcggcctccca
aagtgctgggattataggcatgagccaccgcgcctggcTtaatttttgtatttttagtag
agacaggttttgccacgttggcctggctggtctcaaactcctgacctcaggtgatccacc
tgcctcagccttccaaagtgctaggattacaggcgtgagccaccatgccaggccATGAGA
GAGGttttttttgtttgtttgtttgagacagagtcttgctctgttgtccaggctggagtg
cagtggcaccatctcagctcaccgcaacctccgcctcccaggtttaagtgattctcctgc
ctcaaccttccgagtagctgggattacaggcatgtgccaccacacccggctaattttttt
gtatttttttagtagagatggggggttcatcatattggccaggctggtctcgaactcctg
accttgtgatctgcccaccttggcctcccaaagtgctgggattacaggcatgagccactg
cgcccggccAAGAGAGTTTTAAAACAGAAGAGTGAATGGTTTATGGGTGGGCAAGAGTGA
AATCCAGggccaggcacggtggctcacgcctgtaatcccaacactttgggaggctgagat
gggtggatcacctgaggtgaagagttttagaccagcctggccaacatggtaaaaccctgt
ctctactcaaatacaaaaattagttggggctgggtgcggtggctgactcctgtaatccca
gcactttgggaggctgaggcaggtggatcacctgaggtcaggagttcgagaccagcctgg
ccaacatgatgaaaccccatctctattaaaaatacaaaaaattagctgggcgtggtggcg
ggcgcctgtaatcccagctactctggagtctgaggcaggagaattacttgaaccaaggag
atggaggttgcagtgagccaggattgcaccactgcactccagtccaggcaacagtgtaag
actccgtctcaaaaaaaaaaaaaaaaaaaaaagaTTGGCTATAGTTTTCTCCCacccatc
ctaatcaggttctgcctccatcgcttcctgaaagtgctcttgtcaaggtcactaatgtcc
tcttGGGTCAttctccttttttttttttttttttttttttgagacagagtctcgctctgt
cacccagctggagtgcagtggcgccatctcagctcactgcaagctctgcctcccgggatc
acgccattctcctgcctcagcctctcccgagtagctgggactacaggcgcccgccaccac
gcctggctaattttttgtatttttagtagagacggggtttcaccatggtctcgatctcct
gacctcgtgatcctcctgcctcggcctcccaaagtgctgggattacaagcatgagccacc
gcgcccagccCCTCTTGGGTCATTCTCTAAATTCGCCTCACTGCATCTCTTAGCAGCATG
AGTCACTGTCTCCACCTCCCTGCGCTGGAGCACTCAGGCACTCAGGGCTCTGCTGGGCCT
TCTCCTCCTCCATCAGCACTCTTTCTTTTTTTTCTTTTTTTTGAGACGGAGTTTCAAAAA
ATCAGACCCACCAAGGCATGTGGCAGTTGTGTTGCTCTTTGCTCGGTAcccgctagaggt
ctgttgccattaatttgaaatgagaccagttagtgtgactgtgcatctttcCTGGCAAGT
TAAATGACTATagtttctctgtttgtaaaatggggatgattataatagcacctgcctcac
agagttgtgagaattaaaataatcagtaatgaattaaagcacttaaggccgggtgcggtg
gctcacgcctataatcccagcactttggggggccgaggcaggtggatcgcctgaggtcag
gaattcaagaccgacctggccaacatagtgaaaccctgtctttactaaaaatacaaaaat
tagccgggcttagtggcgggcgcctgtaatcccagctacttgggaggtttgaggcaggag
aattgcttgaatccaggaggcgaaggttgcagtgagctgatcgcaccactgcactccagc
ctgggcaagagagcaagacttagtctcaaaaaaaaataataaaattaaaaaaaagtactt
aaaacagcacctagcatatagtaagtgttcggtaaacactagtAGTCACTGGTATCAGTT
GTGTGCAAGCCAAGAATAGGAGGATGGTATGGTTGAGGTTTACCAGgagagaaagacaag
ggtatcctgagagtgtcttcaagagtgtgcatgccatggtggactagaatctacagtggg
taaggaACTGGACTGTAAATAAGTTTTTGATGAAGCTGAATAAATTGTCATGGTAGAAAT
AGCAGAGCAGggtcaggcctggtggctcacgcctgtaatcccgacactttgggaggccga
ggcgggtggatcacctaaggtcaggagttcgagaccagcctggccaatatggtgaaaccc
cgtctctactaaaaaagatacaaagttagccaggcatggtCGTGATTATGATATTAATGA
TTATAATATTAAAACATTTTAAAAAATATATCTTGCAATACAGATAGTCAATTTGttttc
tttttttctttctttttttttttttttttttgagacagagtctcgctctgtggcccaggc
tggagagcagtggtgtgatcttgcctcactgcaacctctgtttcccggttcaagcgattc
tcctgcctcagcttcctgagtagctgggattacaggcacgcaccaccgcacccggctaat
ttttgtatttttagtagagatggggtttcgccaagttggccaggctggtctcaaactccc
gacctcaagtgatccacccatttccgcctcctaaagtgctgggattacaggcgtgagcca
ctgctcctggccAGTCAGTTTGTTTTCAAAAGATTTTTGTGGCTggtgtggtggctcatg
cctataatcccagcactttgggagaccaaggtgggaggaatgcttgagcccaggagtttg
agaccagccttggtaacacagccagatcctgtctctatcaaaaaagttgggcctatggtc
ccagctacttgggaggctgaggtgggaggatcgcttgagcctgcgaggttgaggctgcca
tgacctttgattgcaccattgtactctagcctgggcgacagagtgagactctgtctcaaa
acaaacaaccaaaaCCtttttgtgcttttttttttttttttCCTGCTAGTGTACCAGTTC
TATCGCAACCTCTCTCATTAGGTATTTTCATTTTTAGTGTCTACAAGCTTAGCATTTGAA
ATAGATAACtttttttttttgagatggagtcttgctgtgtcccccaggctggagtgcagt
ggcgcgatctcagctcactgcaagctccgcctcccgggttcacgccattctcctgcctca
gcctctcgagtagctgggactacacgcacccactgccaccacgccaggctaattttttgt
atttttagtacagtcggggtttcaccatgttagccaggatggtctcgatctcctgacctc
gtgatccgcccgccttggcctctcaaagtgctgggattacaggcgtgagccactgcaccc
ggccTTAAATAGATAAAATTTGTATAGGTCAGAAAATTGGGGAAGGGTGTATTTGGGTAT
TTCCATATACTTGTGTGTACTGAGTCTTCTTCCCAATATAGTTTCTCGGGTTTTCTCCTT
TCTTTTCCACCTTTTCACAGAACTTTCTGCAAGTCTCATTTCCAGCTCCCCAGCGTCTTT
CCTGAGTACTTGCCCTGCCCCGTGGGTCTTGCAGGAAGCCTTTACTCCTCGTCTTGCCCT
CTCCAGGAGACACTTTGCATCCTCTGTACCCTTTATCTCTCAGGGTGGGGACGGGGAATG
TCCTCATTCCCAAATGCTGTAGCCACACAATTGCTCTTTCGTCTTTGTGAAACTTTTCCC
TTGAGGCTTATGCTGATTCTCTCTCCCGCTGACGACGTTGGCACTGTACAGCCTTCCGGT
GCTCTCCTGTTCGCCCGCCATTTTGGTGACCTcaggtatccaagccaaaagccagggtct
ctctcatcctttaatctttaatctccctgttcctaacccctcacatccaattacttccca
aatcccatcaagtctgcctaatcttcctaatccacccacatctgtccctcccactgcctc
tactttaattcaaggtcctattattttgggccttatgttgctgaaacagtctcctgcctC
CTTTTGCTCATTAAAACCGTATTTGTTGACTCTGCTTATTCTGCACCACGTGTTGGGGAA
GCAGTGGTGAGAGCGAGGCAGATGTGATTCCCTCCTTCTCtgataggtatgacggaaggg
gagtgaggagcaccaggggctataggaaagaggaacaggggcgccttgcttagctggagg
ggttagggaagcgttcccagaggaagaagcatctaagagacctgaaggatgactaggatt
cagccaggaggagtcgttgggggagatgaaggaagaatattccagacttggagcctagga
catgtgaaagccagtgggttgaaagtgtggcgagttGGCACTTTATGGGACCTGAGAGTC
AAAATGGCGGGACTCAGAGAttttttttttttttttttttttttttgaaatggagtcttg
ctctgtcgcccaggctggagtgcagtggcgcgatctgggttcactgcaagctccgcctcc
caggttcacgccattctcctgcctcagcctcccgagtagctgggactacaggcgcccgcc
accacgcctggctaattttttgtgtttttagtagacacggggtttcaccacgttagccag
gatggtctcgatctcctgaccttgtgatccgcccgccttggcctcccaaagtgctgggat
tactggcgtgagccactgcgcccggtcAGGACTCAGAGATTTTTATGGGAATTAGCAGAT
AGAGATAAGCCTTGAGAGGTGGGTCGGGGGTAGCACGTGGTAATGGAAGACTAggaggag
gaactggcaagatttggtattgggttggaccaggagtggaaaggaagtgaagagtggtag
cagtcaaggctggtgctcagatttcaggattgagcactggtgtggagtccaggaggaaca
gcaggtttgatggtggtggatgccgggcctattatggacaaattgagtttgaggaacctg
tgggatgatcaagtggcactgtccaccaggcagttggatatatgggttcagagtatagag
gTGGACACTGAAGTCCTGGCTGGTTGACATCAGCCTGAGGCCCAGAAGACAACTGACGAA
GGACagtgtccagactatttatctctcacaaatcagtaagaaaaagacggctgggcatgg
tggctcatgcctgtaatcccagcactttgggaagccgaggcaggtggatcacccgaggtc
aggagttcaagaccagcctgaccaacatggcaaaatcccgtctctactaaaaatacaaaa
attagccgggtgtggtggcaggcgcctgtaatcccagctactcaggaggctgaggcagga
gaattgcttgaacctgggaggtggaggtagtagtgagccgagatcgtgccactgcactcc
agcctggggacagagggagactctgcctccaaaaaaaaaaaaagaaaagaaaaagaaaaa
agagaagaaaagaaaaagacaacaactggtcaggcatggtggctcacacctgtaatcccc
actttgggaggccgaggtaggcagatcacttgaggctgggagtttgagaccagcctggcc
aacatggtgaaaccccatctctactaaaaagtataaaaattagccgggcgtggtggcaaa
tgcctgtggtcccggctccttgggaggctgaggcatgagagtcgcttgaacccaggaggc
agaggttgtagtgagccaagatcgtgccactgcaccccagcttggggaacagagaaagac
tctgtctcaaaaagaaaaaaaaagaaaaagaaaatgggcaaaatttatgaaaaggtgtac
ctaactaaatggccagtaaacatagaggaaatatctaatctctcttatagtaatgatgga
aatacaaatttatgctgtaatgaaataccatttcaccaccttcaaattgagaaaaatgta
aaagtctggcaataccaagAAGATAAAGAACAATAGACACttttttttttttttggagac
aggatcttgttctgttgcccaggctggagtgcagtggtgcgaacatggcacactgtagcc
tcaaactcctggggtcaagcagtcctcctgcctcactctcccaaacaggtgggactacaa
gtatgccaatatgcctgactaattttttaattttttgtaaaactggggtcttgctatatt
gcccaggctagaatagagactcttatacactgctggtgggagaggacattgggacaagtg
ctttgggaaagaaattgacattatagtatcttacaaagtttgcaaagtgcatagcgtaga
gaccagtaattttactcttcagcagaaactgtagagaaacccttctacatgtgtacagaa
tgttaaagcacactagccaaaaaacagaaaaacatcagtgattctaaatagaagaagggt
agatcagtttgaatatattcatgagtagagtactatacaccagtgaaaatgcatgaatta
gagcaaaatgtgtttccatggttaaagcttgctatcacagagggatgtatatgatataat
accattactgttaagtctaggccgggcatggtggctcatgcttgtaatcccagtgcattg
aaaggctgaggtggctggattgcttgaggccaggagttttagaccagcgtgagcaacaca
gacccctgtttctacaaaaaaataattttaaagattagccgggcaggctgggcgtggtgt
ctcatgcctgtaatcccagcacttgggagactgaggtgggtggatcacgaggtcaggagt
tcaagaccagcctggccaagatggtgaaaccccgtctctactaaaaatacaaaaaaatta
gccgggcgtgatagcaggcgcctgtaatcgtagctactcaggaggctgaggcagagaatt
gcttgagtctgggaggcagaggttgcagtgagccaagattgtgccactgcattccagcct
gggcgacagagcgagactccgtcAAaaataaataaataaataaataaataaataaataag
ccaggtatggtggcttatgcttatattcccagttactagggaggctgaggccaggggatt
gtttgcttgagcccaggagtttgaggtttcagtgagatgattgcgccactgtgctccagc
ctaggcaacagagtaagaccctgtctctaagaaaagaaaaaattaagtctaaagacctgc
aagacaacgttagatactgttttttttcccatatgaatatactcctaggctgggcgcagt
ggctcacacctgtaatcccagcactttgggaggctgaggcagaaagatcacttgaggcca
agagttcgagaccagcctggccaacgtggcgaaaccctgtctatactaaaaatacaaaaa
attagctgagcatggaggtgaactcctgcaatcccagctactcgggaggctgagacacaa
gaattgcttgaacctgggaggtggaggttgcagtgaactgagatcgtgccactgcactca
gcctgggtgacagagtgagactctgcctttaaaattaaaaaaaaaaaaTTtatatatata
tatatatttatatatatatatatatttatatatatatatatatatatatatttatatata
tatatatatatttatatatatatatatattcctaaggaaatgtatgacagtgataaattc
aagatagtgtttacctctgagggagagTTTCTGTTAGGAAAGGGGTTTAAACATATCTTT
TTGTTCAGCTGGATGGAGGGGTCACAGGGCTGTTTTTTTAATAAGATACTTTGTATGTTT
GAACTGTTTAATTTTTTTTCTTTATTTTTGTAAGGAGGtttttttgtttccatttttgta
tttttgagacagtgtttctgttgcccaggctggagtgcagtggcaatgatctcagctcac
tgtggtctctatctcctgggctcaagcaattctcatgcctcagcctccctagtagctggg
actacaggcatgcactaccatgcccagctaatttttttttcttgtagagacagtgtttca
ccatattgcccaggctggtcttgaactcctgggctcaagtgatctgcctgcctcagcctc
cctaagtgctgggattacaggtgtgagccactgtgctcagccGATAAtttttttcttttc
tttttcttttttttttggggggcactgtctctctgtcacctagggtggagtgcagtggtg
cgatctcagctcactgcaacctttgtctcctgggttcaagggattctcctgcctcagcct
cctgagtatctgggattacaggtgtccaccaccacgcctggcaaatttttgtactAATAT
TTTTTTAAAGGATCAAATGGCACCTAGCATGTACTCAGTAAGTATTTGAATAATTGGTTG
GTTCTTTGTCTCTGGGTTGAGGTATTATTATTTGTTTCTTCCTCTCTAAGTGTTTATAAA
GAAAAAGTATAAggcccggcacggtggctcacacctgtaatcccagcacttttggaggct
gaggcgggtggatcacctgaggtcagaagtttgagaccagcctggccaacatcatggtga
aaccctgtctctattaaaaaaaaaaacaaaaacaaaattagccaggcatggtggtgcatg
ctctgtCTCAAAATAATAAAAAAAAAAAAGTATGAATCTATATGGCTTTTGGTGGCTAAA
TTTGACATTAAAGTCTGAGCTCACCCTTGAACATTGAGACAGAGTCTGTGCTCCATATAT
ACACCCCATCTGCCACAACACTGCTAGAGGCACGCGCCTCAGACTCCTTTTCCCTCCGAG
TGACTCAGCCATTCCCCCGTCTCTGTATAGGTCCCTGTCCTTCGAATGGTGGAAGGTGAT
ACCATCTATGATTACTGCTGGTATTCTCTGATGTCCTCAGCCCAGCCAGACACCTCCTAG
TAAGTAATGTTTGCCTCCCTGCTCGCCGCCCCACCACCCAGTTTCAAGCAGGGCCTCTTG
GGAGAGTCAAGGGCTGCCAGGGGTCTTTGGAGGAGGAAGGCTTGGCATGCTTATCAGAGG
GGCTGGTCAGTTGGCTTCCTCCCCttcctttttttttttttagattgagtctccctctgt
cacccaggctggagggcggtgatgcagtctcagctcactgcaacctccgcctcccaggtt
gaagtgattctcctgcctcagcctcctgagtagctgggattacaggtgtgcaccaccaca
cccagctaattgtgtatttttcatagagatggggtttcaccacgttggccaggctggtct
cgaactgaccGTGCCAGGGGGCGCTGCGGGCCGGGGCTGCTAGAAGGCGCCTGGAAGACC
GCTGTACCTGGTGCCGGGAGGAGCTTTGGGGAGACCTGGGAAATACAGGGAGGAAGCCGA
GTGGGGGGATGGGAAGGCGCCCTCCCTGTTTCCATCAATAGTGCCTAATTAAGACAAAGC
CAGCAGCGAGCCCACTGATTACATTTCCATGAGGAGCGAAATTTATGACATTTTCTTTGC
TGGATGAGGAGAAGAGAAGCTGGCACCTCAGTTCCCCCATTTTCTGTTTGGCGTTCACAC
CTAACAGATCTCATTATGCCAGCCTGGCACTACCAGGAGTGGCAGTCCCTGGTACTCCTG
AAGAGCAAGTGGATTAACCACACCCTATCCCAGCGCTGACCTCACCCTCCCACCTACCGT
ATCTTTATTCCCAGAAGTGTCAACCCTTTCCCTCCCCCCGACCCCCAATAATTCCTCCTG
CCCAGCCAGACTCCTGTTGCTGACAGCAGGAATGGAAGGAGAGGAGTACCGCCCACCCCA
AAACCAGCTGCACAGCTAGCACAGCTAAGATGGAACGTGGAGGTGTTCCTCTAGCCAGAT
AGGCCATGGGTGGCAGACAGAGGTGATGTGGTTGGCCAGAACCCCTAGGGAAAAGTCCCA
AAGGAGTGAAAATTTGCTGGAGGCGTGGGGTGGGGAGCCTCAGGGGCAAGGTTCATGGGT
CCCTCGGGGAAAGGAACTTTGCACAGACCCCATTTCTTTTCTTAAACCCCCCTCCCCAAC
TGTGGCTGTGCCTACGGATCCCAGCCCCCCACATTATGCTAAATAGGTAATCAAACATCT
CGCTTTGCTAATTACTGCTCAATCCGATTAAACGCTGCTGAAGCTCATCAACAGAGGTGG
AGGTAGGGGGAAGGGACGAAGGCGGGGCAACCACAGCTAGCTATGATGGGGGTCTTTTCC
CCAGGGGCTCTTCGGGGCTAGAGAAACAGCCAGGGTTGCAAGACCGTGTACATCCCAAAG
GAAAGGGCAGAAGAGTTGTGACCTCGAGCCTCAGCCTTGCTGCACCTCCCAGCCACGGCC
CTTTTCCTCCTCCCAGAACCTTCATTACCCTCCGAACCCAGGCATCCGGCCATTCCCACA
GCTCCCCACACACATCCCTGTCCCAGATTTAATAAGTTCTGTTCCCTCATTGTCAATATT
TGATTTCTCAGAGCCATCTCCACGGAGAGGGGGGTGGGGGATCTTTCCTTGCCTCCCCCC
TACTTTGGCCCTCTTTTGCCCACCCCCAGTCTCTTTGTGCCCCCAACCTTCTCTGAACTT
GCTGACTTAATGAAATGATATTAAAGTCTTAAGCAACTCCAAAAGAATGGTTGTTATGGT
GAAGGGAGTGGGCAGGACGCCTGGGTCCCGGAGGGGAGCAAAGGCTGAGGAGGGGGAAAG
GGAGCCAGAGGCTAAGGTCTAGAGACCCCAGTCCCTAGTGGGGAACAGCAGATTTGGGGT
GAGCTGGGGGCCAGACCTCTGGATCTTGGCTGGAAGCAGGGGATGAGGACTGGGGGCTAG
GAGAAGGTGGAAAGAGAGGTCCATTCCAGGGGTCAGGGTCTCGGCCTGCTGTCCGGATCA
TTCATCAGAGACAGAGGCCAGGGGAGACAGGGCCTCTATGCCAGCAGCCTCCCTGCCGGC
TGTGCCCTGGGCTGGTCCCGTGAGAACCAGAGTAGATTACTCTACAGCCTGACTCATCCT
TCTCCCCCAGCAGCCCCCCACAGGTGATTTGTAGCTGATGCCCCCACGATGGTAGGGGCC
AGGATAGTCATTCCATGACATGAAGAACTGAGAGCTTCCAGGACAGAAGAGAACAGAGGC
CAAGGGAAAGGAAGCCAAGCACCCCCCTTCACCTCCCCCCACCCATCCCCATCTCCCCTG
GGGACCCTGGCCCAGCCCCAGTCCCCTTGGGGTGGTGGGAATGCAAGGACATTTGGCTGG
GGCTGATTGATGAGGGAGGAGGCAGCCACCGGGCACTGAGGCTGCTGTTTGCTGAGCACA
CAGATTCCTCCCAACTCACCAGCTGCTACCCCCTGAAGCAGCTCAGTCTCCCCCCGACAT
CACCCCGCCAGCCACTGGGGTTGCGGTGCCTGAGTTTCTGATGGCAACTGGAGGAAGAGG
GAGAACCAGAAAACTGAACACTTCGATTCCCTGTGGGAATTGGGGTACCTGGGGCCTGGT
CCCCTCAGAACTCCCTTCAGAACTCCACTTTCCCTGCTACCTTTCAAGTAGCTCTCTGGC
TGCCCAGTTGTCATTCCCATTCATTCTGTGTCCCTTTTCCTTCCCCCACCCAACTCTGAG
CCTATGCCAGACAGCCTCCTGCCTCCAAACCACCGTGTGACATTTCTCCCAGGTCTCAAA
ACTCTCCCAAGCCCCATGTCCACGGTGGCCCATATAGCCCCTTAGGAAGGGCCATTTTTC
ATTCTAATTAAAATTCCAGATATGATGTCAACCATTCCGCATCAGAAATTCCCACTGCAA
ggccaggcacagtggctcacatctgtaattccagcactttgggaagctgaggtgggtgga
tcacctgaggtcgggagttcaagaccagcctggccaatgtggtgaaaccccatctctact
aaaaatacaaaaaattagccgggcgtggtggcacatgcctgtagtcccagctactcggga
ggctgaggcacgagaattgcaccactgcactccagcctgggccacagagcgagactgtct
caaaaaaaaaaaaaaagaaaagaaaaagaaaagaaaTTCCCACTGCCACTCCTTGCCCCA
TTCCCCTTTCCCTAAAAACCCCCAacacacacacacacacacacacacacacacgcacac
acacacGCACCTCGGGCTGAATAGTATCCCTCAGCTGCCGTTATTTGGAAGGAGGGCAAA
GCCTGAGCTTCACTCTACAGCTCAGCCCCAAGACAGCCTCAATCCTATGCGGTTTGGGGA
TGGCAGGGCGACAGCTCTAGCTTCTGTGGTCCCAGCCCTCTCGGTTCCTTTACTTCCGCT
CTGCCTTCCTGCTCTGGACTCTGCCAGCAGCTGTGCCACAGCCCCCAAAAAAGCTCAGAG
CATCATCCTTGCCCTCCCAGAGCTTAAAATTTAGACGAGGaaaacacaagtcacagacac
acaagaaacaaaaggcaagGGGATGGGAGACTGAGTGAGATCAACTTCCTTAATGTGGAT
CCAAGACCCTAAGTGACTTACTCCCCTCCAGGCCGAGGCTAGGGAAGAACAGGACACATC
CGAAACATGCATGTGGTGGTGAtgtccttcttactgttcccaaacacaccacaatctcac
ctctgtgcccgtgcacttgctgttcctctgtctagcatgcccgtccccagtgtgcatggc
ttactcctgtctcatgacttaaggtcctgatcaagggcatctctttcaaagggaccttcc
tgacctcctcatctaaagcagctccaggccgggtgcggtggctcatgcctgtcatcccag
cactttgggaggccaaggtgggctgagcacctaaggtcaggagttcgagaccagcctggc
caacatgttgaaaccccgaccctactaaaaatacaaaacttagctgggcaaggtggcggg
cacctgttaatcctagctacttgggaggctgaggcaggacaatcatcgcttgagcccggg
aggtggaggttgcagttagccgagatcgcgccactgcactccagcctgggcaacagagca
agattccatctcaaaaataaataaattaataaattaataaataaataaagcagctcctgg
ttactctccatcctcctcatcctgtcattctgttttgtttatatcccttttcacacctga
aattgtattatttcgttccccacctaaatgtggactttgtgaaagcggggacctggcctt
actcaccctgtcctcccagcgcctgaaccggtgcctgaaacaaagtagcatttaacatgc
tgctgagcgagtgaaCGAACAAACCAATGAACAAACAAATGTCTTCCTGTGCCtgtagtc
gttttgctgtagttgttttgttgcagttgttACTCTAGGAATATGTGTGTGTATTTGTCC
CCACAAAGCAAATAGGACGGCCTGTGTTATTCTGCGTGGAAGTCACCAGCATTTTCAAAT
AGCTCCAGACACCCAAGTCACTACACATGTGAAAGGCTGTTGGTCTTGTGCTATTCGAGC
GGGGCTGCGGGGAGTCTCTGGATGCCAGCGCTCTGAGGGGGCGTGTCCCAGGCGCTGTGC
AGTCTGTGCTGTTCCTCTCCCTGGCTGTGCATCTGTCCCCAGGTGTCTTCCTGTCTCTCA
GCATGTTATGATGTCTTGGCTGCTTTGGCGAGGTGCTTGTCTGTCACGGAGACTATTTAT
CCCCACGTCTCTTCCCTCTTGTCTCTCCACCTGTGCCTCTAGATGTAGGTGGAGGGGGAG
TCTCCCTGATCTCCCTTGCCCCTCACACACCACCCTGCCCCAGTCTTGGACCCCTCCCTT
TCTCAGTGGGCCCTGTTGCTGGGCTCTGGGTTGCCATAGTGACGGTTGCCAAGTCCCTGA
GGCTGATAGCCAGCGATGGGGCTGTCGGCTCCATCCACGCGGGAGGCTGAGGGGGGCTTC
CCATTGTGTAGAGAAGGGGATGTTGCCATGACAACCAACCCCCACTAAGGGGCAAGGACC
AGCCTTTCCACCCCCTACGAGCCTCCCCACTTCGGGCAGCTCCAGTGTGGGCTCAGAAGG
CAAGAGTAAATTCCAGACAGCCCAGTACCTGGCCTCCCAGCTTTCAACTCCCCTCCTGCG
GTGCCCGCACCTCTCAAGACCCAGGCATCTTGCTCAGACGGGGAGGGGGAGGAGCAGGGG
TCCCACTGGACAGAAGAGAGGAAGAGGGACCCCTTGACCTCCAGACAGATGGGAGACAGC
GGGAGGGGACCTAAAGTCAGGGGAGGGGCAGGGAGGGCAGAGGTTGTGACCCCTGCTGAC
TCGCTCCAGTGATGCTCCTGACGGCTGCTTTTGTGGTTGGAGAATGGGGCTAAGTCTAGG
GGACTGGGCACCTGGGCTTTTTGGGGGAGAAGAGCCTCGGTTATGGGTATACAGGGAGCC
AGGGCACACGCAGCTTGATGCCTGGGTCCCTCCCTGAGTCCTTCCTACTTCCTTCTGATC
AGCCACATCCCTTCTCCCCATGAGTCCCCAACAGCAAAACTTCTCAAGTGCCTTGGGTAG
GGATGGTAGGGAATAGACTTTAACATGTGAACATGTTTTTACCACTTTGATCCTAATTGC
GTCTTACCCTGTCTCTGGTGCTTTGGCTTAGCAAGACACTCAGACTGTCCCCATGGATGA
ATTGGCGACCCCACTCCTGCCTGCATTACTCTCTCCCTCCCCTAGAGGTGACACCTTCCT
CTGCCTTCTCGCCCAGCCCATTTTCGCCTCCCCAAGCACTGCCAACCTCACCACTCCAAA
CTAGCCCTATCCCTACCCACCCCCCTTGGTTGGTTTCATGCAATCCAACCCTCAGCTGAA
AGCCATTCTAACCAAGCCTTTGTCCCAATTCAAGTCCAGTCATTCTCCAGCCTTCTTGTC
AACTTTTGAAGttttttatttttattttttttggtttttgttgttCAAATTTCCCTTTTA
CAGTAAAACTACTGAGGTGACGGCATACCCCGCCACCATGGCAATATCAACTTCCTGTTC
CCCAGAAGGAGCGATTAGAAAAATCAGGAAGGAGCTGGGAACTACAGCACCAGAGAGGTG
AACTTGACCTCTGGTGGACAAAGCAACCATCTTGGCTGGTGATTGAGGTGGCCAACCTGG
TGCCCAACAACAGCTTTGATCTAATAAAACTGAGCTGGGAGGAAACTGAGGCAACACCCA
ATTGCACACTAGAGGGCAGGAAGAGGTATCAGCTGGTCACTATGGAAACAGTGGCCTTTG
CTAAGTACCACTGTCAGCTAGACCAGCCAGTAGGCCACCATTTTGGTCACTAAGAAGGGA
ACTGTGTTGAGTCTGAAAGGAGTCAGAAATGTAGGATGGAATGAACAAGACAGCCATCTG
GGTTACTCGGGAGAGCACATGGGTTCTTGGGGTAGTCCTGTTGATTAACAGAGATTATAC
TGGGATATGGAAAGGAAAGAACAAGACAAATTAGGCCTGCCACAGCACATGGCAGTCATC
TTAGCTGTCCTAAAATCAGCACAGAGCACAAGGGAAGGGAGATCTTGGGAAGTGCCACTG
AAGACTGGGAAAAGTCCTTCTCGGTCCACCTCTAACCTCTTACAGTCAGTAAGTTCCAGC
TTCCTCCTGAAAGGAAGTTCTTCCCGCCCTTCTTCTCCACAGAATAAGAACCATCCACCT
CCCACCTCCTGATCCCCCAGACTAAGCCACTTGGAGTTCCAGCCAGACCACTTCCTGTTT
CAGAAGTGCTACTTCCTGTCCTGGATGAAGGCACTTCCAGTTCCTGCTGCACTGCTTCTG
CTACTTCCCAGGCCATTTCTGTCCGGGCCTGGTCACCTCTTGTCTGGAGCAAGTCACTTC
CGGTCCCAAGTGGCCCATTCAGCATCAGACCAAGTCCATACATGTCCCGACCGGTTCATA
TCTTGCTATTGGCCACTGGACAAAACGGGACACTTCTTCTCATGGTAGCTGTCATGACCC
AACCACCCCAAATGGCTGGAGTAAGTATGTAGAGGCCTGGGCCAGGCCAGAGAATGGAGC
CCTGCTGCCCATGGCCTGAGCTGGGGTGGAGTGTCAGAGCCTTCCCCATAAGGCCCCCAT
TTTTGGCAGACTGAGGGGAGTGGTTGGTATGAGAGGTCAGAAGGGGGGCTGAAAGCTAAG
GGGAGAAATGCTTTGATGCCCCCACCCAGGAGATGGGAGAGGCACAGGATAAGAAGCCAA
GAGGGTGAAAGGAGATGTGGGGAGGAGGATGCTAGGGAAGAAGAACAGACCTAGAGACGG
AAGAGAGGGAAAGAATAAGAGATAGAGAAGAGAAAACCAGTGAGAGGCAGAAAGAAGGCG
GTGCCAACCAAAAGGTGGGCTGTTCCCGCCCCTAGCTCTGGGTGGGTGAGGGGGACAAGG
ATGCCTGGGTCATGGTCAGAGAGGAGGCTGAGCCTGTGCCCCTCCCCAAGGAAAAAGGAT
CCAGGGACACTGAGACAGAGGGGGGCACCCATGGCCAAACGGGAGGGCAGGAAGTGGGGC
AGTGGGAATCCTAAGGAATCCTAAAAGTGGAGACGAGGACAGCAGCCGGGAGGAGTGAAG
GGGCTGGGGGGGCACAGGGGGCCGAGATGTTAGAGGTGTCCCTCAAACCAGGAATTAAAC
TGGAGGAGCACCCCAAGAAGGGCTGGATTCAGGATAGCCACGTGAGAGGAGCCCTCATAC
CTTGTAGTAGATGTTTGGAGGGCTCTGGGGGGGCCCATCCTGCACGATATACACAGGATG
CCCATAGTCACCACTCACCTTCTCATAGTGGGGGCAGAAGGGGGGATCTGCAGCCCCGCC
ACCCCGCAGAGCTATCCCTAGCTCCCCAGGCTCAGCCTCCCGAGGTCCCATCCCACCTCC
ACCCCCCAGGCCCAGAGACCCTCCCCTCCCGAAGGAGCCAGGACCAGGGTGGCGACTCTC
CGAAGGCTTGGCCCGCCGTCTCCGCCAACACATGGCACCCCCAGCCCCTGCCACGCCCAG
CAAGAGCAGCGCCAGCCCCCCTGCTGCCCCAGCCACTGCAGGCATGCTGGGAGGGGGCAG
GGGGCCTTCAGCACCCCGGGAGGTTGCATTGCTGGTGGGGTCACCTGGCAGGGAAGGGGT
GAAGGAGGAAAGAGGGGGAGGGACTGAAGGAGCCACCTGGGCACCTGGACACCCAACCCT
GGGGGTCCCCATGGGCTTCCCTTGTAGCGCCCAGGCCCCTTGGGGACCCCATCTCTCCTC
CCCCTCCGAACTCTGCTCAGAATCCAGGTGTCCAGCCCTTCAGCTTCCTGCCACGGAGTC
CTCCCCACTTCTCTGACAGCACTGATTGAAGCACTGACTTGGCTAATTAGTTCTAATTGA
GTCTTTTCCTCATTTGGTTTCCATTCCCCTCCCACCCTCCCATCCTCTCTTCTCCTCTTT
CCTGTATCACCGCCCCCAAAACTGAAGAGGGAGGGAGGGTGACGGCAGGGCAGCTGGGGT
CTGAGAGCAGAGGAAGCTGGGGAAGGCAGGGGCCTAGCCCCTGGTTCCTACCTGGCAGGT
TCTCCTTCCCAGGCTCCAGGCTGTGGGCTGCCCCTCGGTCTCTTTCCATGGGCATTTCAG
ACACAGGTTTTCGGGGGACAGCCCCTCCTCGGGGACCTGGAGATGAGGAAGACCCAGAGA
GGGGCTGAGACAACTGCCCCAACCATGATCGTACTGCCCCAACGTCCCTTCGTGCCCAGG
AGGTGTCCCCCAGCCCCACTCACTTTGTCCCACTCGGAGAAGCACCTTCATGCCTCTGGT
TAGGCACACACCTCCCTGCAGGCTCTCCAGGCCCTCCCGGGTCCCATCCGATGTGGCTGG
GAGAGAAAAGCCAGAGGAAGAGGTTGGCACTCCAGAATCTAGCCCTGATTCTGGCCCCAC
ACCCTGGTGTGAACACTGCCTGAGGGCACTGGGATCTCCCTCTTGGCTGCAGGGGTCCCC
CTCCCTCTCTGCTCAGTATCAGGAGCCCCCCACTCAATCGTGCCCTCTGCCCAGCAGTAC
CAATGATGTAGTAATCGTGGTGCGAGCGGAACTCGTGGCCCCAGAGATTAGGGCTATACT
CCTGGAACTTGATGGTGAAGCGGAGATCCAGGTCTGGGCGATCACAAGTGAGAAGGAGGT
TTGGGGCAGGGGGTGCCTCACAGCGCCGGCCCTGAGCACCCCCTACCAGGTACAGCTTGT
AGAACTCATAATTAGGAGAGGAGTGAGGGCCAGGAGGCCGGGCCCGGGGGCAGAGCAGGT
CTAGCCGGTCCCCGATCTGAGGGTACAGCACATAACCACCCTCTGCCTGGAACCTATGGG
GAGGAGGGTAAGGTGGACAAGGAAGAGATGTCAGAGGCCTGGCCCCCAGAACTTTCCTTC
CCTCACCCCACAACCTTCCAGGACAGCAATTCTCAGCTCACGCTTGCCCGCCTTTGTCTG
AGTGGAAAGTCTCTTCTTATAGAGCAGGCACCAAGGACTCTGTGCATTCACATTGGAAGC
AGCAGGAAGCCAGGCTCAGGGGTCTCCTGCCCCTTGGTGTGCCCAAATGCACTCCACTCT
TCAGCCCGCCCTCACCACATGCACACCGCCATCTCCCGCTCCATCACCAGCCCCGTTGCC
ATGGCAACAGGATGCCAGTTACCAAGGAGCTGGCCTCTCTGGAACCACACAGCCCACCCC
TCCCAGGTGATTTCACTATTCCATGGCAGCCAACCATGCGGGCAGAGCCTCCCCTCCTTC
AGGCCACCACTGAATTTCAGGGATTTCCGGGCAAAGGGGGCGGCGGTTCAGGGAGGGGCT
GTGTGGAGGGTGGTCCAGACCAGTGTCCTAAGTTAGCCAGCTAATAGCACAGAAGGCAAA
TGCCTGGTTTGGCCACGACCATCATTGGGGCTGATGGGAACCAGGGTCTAGGAACCTGCT
GCCTGAGTCATTCTCCCACTCAGAATCCCACACTGGGTCTTAGACTTCTGGGGCAAGTGC
TCTATTGCTTTGGAAAGGAAAGGAGTTGACTTTTCTAACCACAACCAACACACTTCACCA
TCTCCTTGGCCAGTGCACCCAGGCATCCACTGTCCCAGCACAGCCACAACTTGCCAACCC
CTGCAGCCCCTTCCTGGACATCAATAGCTGCTGAGACAGGGTCTCAGGACTGGGTCCCAG
GGGACTGCTACTTGATATCTTCCCAGACTCCCAAGTGTCCCACTCCCACCCCACATCCGA
AAGAGCCCCCAGGACACCCTAACTCCCTTTTCTCTACCCTGTGAAAACAAGCTTATGTTC
TCAAGCTACACACCTGATACTCACATTGCAGCTGGGAGTTGGCAGGTGGGTGACTGAGTA
CAGAAAAGACATTGAGATTATACCCAAAGAGATCCAGGGAAAAGAGAGGGAGGGATGGCA
GAGCAGAGAAGTGTGAGGGAGGCTGGGAAGTAAAGAGAGGAacaataatcctagctctcc
tttaatgagcacataatacattcaaacaccttaccgctaatcctcataatagctgtaagg
attgaggatacaaactcagaaaggttaagtgacatgcccaaggccacacagctgaaagcg
gcagagctaggattaagaccaaagatttgatgagctccaaagcccacccccttcccatgg
cctcacacagtctccccaGGGAAGTAGGAATTTTTCAAAACACAGAACTCTTTTATGAGC
GGGAAGTGGGATCCGCATGTAGGCAAGGGACCCAGGTGACCTCCCGAAGGTTCTGTCCTA
CCCAGCGTGGCTTGAAGTTTCATCTGACCCCTGGCCTCTTTTCAGAGCAAAGCTGGCATG
CCATGGAACAGAGGGTCTGATGGAAGAGTTTGCAGCAAAGATTGGGGGAGGGGGCAATGG
AGTCCTCCAGATGCAAAAGGGAAGGAAGGAGGGTTCAGGGGGCTCCAGGCTTCTTCCAGC
AAGATGCCGGCAAGCCAGGAAGGCAGGAATATGTTCTGGCTGGGAAATCGTTCAGCCAAC
AGTTCACTGACCCTCTGGCTGTGGGGAAGAGTTGGGAGACAGACTGTGAAGAGAGTCAAG
GAGCCTTGGGGAAGTTGTCCCCAGAGCCCCCAAACGGAACCCCCTTGCCTCCCATCTCGG
ATGCGCAGTCCCTCTGGGGGAGGGAGGCACCCTGCCCTGCCTTCCCCTCAGCGACTCGCA
GCACCTAATCTGCAGCTCTCTCCTGAGAGCTGACAGTAACCAGGCTCCCTCCAAGCCCAG
CCCCCGACGCAGGCCTCCCACAGATCCAAATACCCACCTCACTGCCCTCCCGGCTACCCA
TGAACTTTCTTCTCCTTGCCCCTTTGGGGTCTCCAAACTCCTGACATCCATAGCACCACC
CGCATCCAGCTCTGCGTGGGACCCGGAGTCTGGCTCCCAAGATCACCTGTCTAGTAACCC
ATCACACATCAGAGCACCAGCACCTTCCCTCCCGCCTCCTCCCTGCCCACAGAAGCCCGC
CTCCAAGCCCCCAGAGCTTCCCTACCCACTGCCCTAGGGTCTGGGATCTCCCCAGCCGCA
GGCCACTCACCTCTTATTCGCCGAGTTCCAGTAGACAGGCTCCAGGCTGAGCCCAGACAC
CAGCCCCAAAACCCCCAGCAGCAGCAGGGCCCCGACTCGCACGCCCCCCGGCCCAGAATG
GGGGGGCCCCATGACCCCGCCAAGGCCTGGGGGGCGGGGCACCAACTCCCCCAAAGTCGC
CCACCCCCCGGGGTGGCTGCCTTGGCTGCCTGGCTCTTCAGCCCGGACCACCCCGGTAGC
TGATGCCCCCAGCGCCCACGCGGACCTGCTTCCTGCTGTGCCCGCGCCCCCGCGGCAGAG
CGCTCAGCCCCACCAGAGCCCTTCCAGGGGCCGTCTGCAGGCGCCCTACGCGCCCCCGGC
CCACGCGCCAGCACCCCGGGATCTGTGAGCCCGCCTAAGTGGGGGACTGGGGGAGCCGGG
GACCGGGCGGGGGCGGCATGGGGCGCCGGACCAGGGAGCGAGGAAGGGGGCGCCGAGCCG
GAGCCCCAGCCTCGCTGGGATTGAGGGCAGCGGGCTAAGGGAGGAAACCAGTCCCGAGCC
CAGGAGGGGGGAGTTAAAGGAGAGGCGGGGAGGGGCAGAGGATGGTGGAGGGAAAAACCG
GAGCTGGAGCTCGAGGCGGAGCGGGCGGCAGCATCCCGCGGCCCACGCCCCCCACACCTC
CCTCACCTCGCGCACCTCCCGCCCGCCGCCCCGCCTCAGCCCCCGGCGCGGGCTGTCACG
CCCCCTTTGTCTCTCCGAGCCTCTGGCTCCGGCTGAGTTCTGCCCGGCTCCCCTCCTGCC
CTCCGATCGCCCAAGCTGCTGGAATCTTCCTCTCTCGAATCCAGAAAGGCTCTCGCCCTC
TCCACCCCGAGGAACCCACCCCTTTCGCTCCCGCAGCCTCCTCCTCCATCCCAAAACAAC
ACCGCTGCTCCCGGCAGGTTTGGAGAGaataataataaccttgaaggcttggcgctttac
aaagtgcggcggagctgatcgtcacgactacctgtgtgaagtgggaggggcagagctaac
gatcccattgcagagatgaggaaactgaggctcagggaggccccgtgacttgcccaaggt
cacacaggaagtctgggataaagctagaaaccaaacccaggctgcgcacctcccactctt
ggggtctcttttgtcactgctccaTGGACCAAGTGCTGTTGTTACCTGGGGGTTAGTGAA
AAACAAGAGTTTAGGGGATACACTTGGGTCTTTCCTAGATGGCTGGGGGGAGAAGCGGGG
CTGGGAGAAGAAGGGGCGTACCTACAACCCCAAACCGGCGCTGCGCAGGAAGGGCTGTTT
CCAATTATCCTGGGGGAAGGGAGGAGTTGCCTTTTCGGGTGTAAGAGCCCTGGCTTTCAG
CACCTCTGGGCAGGGGTGACATTCCTCTCCCTCTCAAGCCTCCCCAGGCCTTTCGTCCCT
TCCCTTTGATTGTGAGGTCCAAAATCACATCCCCTGCTGGCAGTATTTCTTCAAAGTCCC
CCCATTCTCAGTGTTTGGGAAGGTGTTGGGGGGAGGAGGGAGGAGTCACTGCTTCAAATG
ACACACTCGTCCCCCACCCCCAAAGACAGAGCAGACAAATGGAGAAACAAGCCCAGCGAC
AGCCGCTGAATGAATAAGACCCTCGCCGCGCCCCGCATGGAACAGCAATATCAAAGGTGA
CGACTGTATTTTTCAACACCTTTACTCTTTTATGTGTGTCCTTGACTCTGGCAACTGGGT
TGTCTGCCTCCTGGGGAGCCCCGGGGAGCGGAGGAGAGTGCTCCTGCTCCCCTCAGAGCT
GAGTAATGGTCCCCATGCTGCTGGAGAATGGCAAACAGTGTGGAGTGTGGGCGACAGGCG
CCCTGTCACTGTCTGCACAGTCTCACACGGTCACACCCAACAGTCTGACCCAGCTCCTGC
TCAGCCCCGCTCACCCTGACCCCTGCCGCCCCCACCTTGGGAGTGAGATTTCAAACAGGT
TTCCCCCTTCAGTTTACCAAGTTGCCTAGCAACCAACCAGTCAATGGCATGAAGCCCCAC
CCCCACCCACTTGACTTCACACCAAGCTCAGCCGCCCCATTGGCTCCTGCCTGGTCCCAC
CTCTCAACGCCTGGTTTCAGGACCAATATGCCATACCCACTGCTGCTGGACCAGGGAGCC
CGCCAGTCCCCCTGCCTGGTCCCCCACCTCACTCATATGCCCCCCCAAAACAGACACGAA
GACTCTAGTATCATAAAAACCTTTTTATATCAGCTCACCCACACCTCCCTCCGTTCCTCC
CTGCCCTTTCTCGCCCTGGTGATCATCAGGGATGCTGGAGTCTGGCGCCCCCCCACACCA
CCAGAGCTGAAGCCGACATTCAAGGTGGACGTGGCGCGTGGAGAGCAAGGGAAGGCCCAG
CTCCTCTCCTTCGTCCCCACTCTCTGTGGGCTCAGGAAACACACGCTGACCGGAGGCAGT
GGCCAGGAGAGGCAGGCTAGGGTGCAGGCTGAGGGAGAGATGGGGAGGGTCTATCAGTGC
CTTCAGTGAGGACACTTGCTCCCTCTGGGATTCACCTCCCTCCCCAACCCAAGCCCCAAC
ATCTCTGGAATTGAACTGAGGACCTCACGCCATTGGTGCAGTCCTTCTGGGGCAGAAAAC
TCAACACGGGCTCCGGCTTCCCATCATTGCCAGGCCCGTCCGTGTCCCACACAGAGACAG
CCCCGCTCGTGCTGCCACTCACTAGGAACTGCCCGGTCCTGCGAGAGAGAGGAGAGATTT
GCTGGCAGAGGCCTCACCCCTGGGGCAGGAACCCCTCACACCCAGGGACTGGGACCCTAC
AGCTGGGCTCTGGCATTCCTAGGCTTATCAGGGCCCTGTGTAGGAAGGAGTCACAGCCAC
TCACGGGTCCAGATCGAAGTAGATGCGCTGATTGGTGGTCACCTCTCGACCCAGGGACCA
CAGTGGGTAACCAGACTGCCGGAGATCCCAGCACAGGAGCTCAGCATCCTGGAGACAAGG
AACAGGACCTGGAGTCACCCCCAAAGCCCTGGATGTCCCTGCCTCCCTCGGGGTCTCCAG
GCACTCCTTCAGCTTGGGATTTTTTCCCCATCCCCACCCATTCCCCTACACTGCAGACTA
CATCCCTGCTCCTGCCCCGCTGCCCAGCTGCTTTGGGCTCTCAGGGTGTGACCCCTACCT
TGCGGGCTCCTGAGAAGAAGCGGTTGCCATCGGGATGAAAGCAGAGGTGGGTGATGCCCC
CTTGGTGCCCTCCCAGCAAGGCGAGAGGGGAGCCATCATCCCAGGCATACAGACCCAGGG
AGCGGCCGTAGGAGCCACAGGCATAGAGGGGCTGGGCTGGGCTGAAGGCTATGCAGGAGA
TGATGCCGCTCTGGCCCTGCTTTTTTGCTAGAGAGGGAAGGAACAAAGTGGGGGAGGGGG
CAATGGCTCCTGGCACTAACCAGGCTAAGCAGAGGTCTGTCTCCCGTCCCAGCACCAACA
TGCTTGGACTCAACATCCCCCCCATGCTGTCTGTCACAAGCAGGACAAAGACCTCTGATG
CTCCCCACATCTATCCTCCCAAAGGACCTAAATGCCCAAGCCCCACTTCATCCCTCTCAA
ATCCCAGTTCTTCCTTGGAGAGATGCAAGTTGAAGGCCTACAGGAAAACGGAATCAGCTT
TATCAACAATTTTCTAGAAAGATTTCAGAGACCAAAAGCTCCACAGCTGACAGGGTATGA
GTTCAGGAAGGAAGCAGTCCTTTGaccagctggttggccttgggaaggtttcctacctgc
tctgagcctgtttgctcctctgccgactgggCTGCACCTGCTCCCGGGGCCGTACAGAGG
ACGGCGTGAACCCCCACAGGTGGCCCCCGGCTCACAAAAGGCCCCTGTGCAGGTGGCAGT
GCCCTTCCCTCTCCTCCTCCCTTGGAGGCACAGATGCTTACCAAATGTGGCTCGGACCTC
GCAGTCTCGGCCAGGCCGGGCCGTGGAAAAAACACGCACAGTCCGGTTGAAGCCACAGAA
GAGCTGGGAGCCATCCGGGGAGAAGCAGAGCGAATGGGCTGCCGTCAGCTCATCCTGGGG
GAAGGAAAGGGCTGAAAACAGGTCTTGCAAAGCCTCAGCTGCCCTCAAGGAAGGAGAGCC
GGGCCAGTACGAGTGCTGGGGCTGAGTATGGCGGTCCCTACCAGGTGGTTGTAGGCGCGA
AAGGAAGCCCGGAGCTCTCCAGTGAATGCGTCCCAGATATGAATCGGGTTCTCCCGGCTG
CTGCTGGCCACGCTGAGAGAGACATGGACACTGAAACCCCGGTGCTGTCAAAGGAAGGGG
AGGAATggccgggcacagtggctcatgcctgtaatcccagcactttgggaggccaaggca
ggtggatcacttgaggtcaggagttcgagaccagcctggccaacatggtgaaaccctgtc
tctactaaaaatacaaaaatGAggctgggtgtggtggctcatgcctgtaatccaagcact
tcaggaggccaaggcaggtggatcacctgaCCTCGGAGATGTACCCCGGCCCTCATAGCC
CTCCCCTCTCGCCTCCTCTCTCACGACGCAGCCTTTGTTCCTATGGAGAGCGAAGCCCCT
CCCAGGCCCGGTCACCTTCCCCAGGGAGTCCCCGCCTCTCATCCCCCCCAAAAACCAGCG
ATGCCTTCGAAAGCCAATCCTCAGATTCCCAAAACTCCAGTTCCCGTCTTCCCTCCCTTT
CCCCGCCCCGCGCCGCCCCCCCGCAATCCTAGACCCCAATCCGAACTAAGAAGGGGGAAG
GAGCAGGAGGGCAAGGGTGCTCCAGGCCCGGTTTTTCCCCCGGATCCAGCTGCACCCACG
GCTGCCTGGAAATCCTGGAACGCCTTCTACATCGCGAATATCCCTCGCCGGCCTGGCGCC
CGGCGCCATCTGCTGGACCCGTTCCGGCTGGGGCGCACAGACCTGGGCGCGGGGTCGGGC
GATTGGGTTCTCCCTGCCTTTTCAATGTCCTGCGGGGCGGTGGCTCACTGTCTCTCGCCC
CAGCCCTTCCAGCTGGGTCCTGACACCAGGCCCCCCGCACCCTTCGGCTCGCCAGATGTG
GCTACTTTCCTTTAGTCCCGGAGCCTTCAAGCCCTGGGTCCCTGAGGGGTAGACCTGGGC
GGGGTGGGGCCGCGAAGCAGGGATCCAGGGCGCCTGCGCGGAGGAGGCGGGCTCCGAGGG
GCCGCACACCGGCCACTCGCCCCTCCCTGCCCGGGGTTGCCATGGGGACGCGTGCAGACG
CCGGCCCGAGAGGGCTGCGAGGGGCAACTTCTTAGAGTGGCCCATCGGTCGGTCTAGGGA
GGGGAGGGTCAGCGTGGCAAGGTGTGTGTCGGGGGCAGAGGGAAGGAGGGAAGGAGTGCT
GGGGAGAAGGGGCAGTAGTGTCGGGGTAGGAAGGGACAGTTGTTGGGGAGAAGAGGCAGT
TGTGGAGGGAGAGGGAGCAAGGAATATTTGTGTGGGGGAGGGGGAGGAGAAGGGGCAGTT
GTGACAGCTGGGGGGGAAGAGCCATTCTGAGGGGAAATTTGCCTGCTGGTAACCAGTTTA
AGGATACCAGCTGCTGGTATAAATACTGCTGGATAAATACTGCTGGATTTATACTGCAGG
ATAAATACTGCTGGCCCCTGCGGTATTTCCTAGTACTAGAGTGAGCCCCGACTTAGCAGA
GCAGTTCCTCCTGGGGCCTGCGGTGTGGGATCGCGTGGTGAACCCCACGGTGCATGCGCC
TCAGGCTCTAGTTTGAGGCAGGAAAGCGCAGCTTGATGCTTCTCTGGAGACTGATGGAGG
AAGCCTCCTTGCTGTAGTTGGTTTTATTGATTTGCTGGCCTAACAGAACGTTTTTCCTTG
GAGCAAAGTACAAATCCTTCAAGTTTGAAATTCATAACCTGAGATCAATGCCTGTGGCAG
CCTGTGGGGATGAGGAAGGAGAGCCACAGGTGCCGTTAGGCTGCAGCCTAATGAAAAGAG
AGTGCCCAGCGCCTCAGACTTTGCGCCTGGGATTCTGAGCACCTGTCCGAGATCCCCGCT
TCCTGCCATCCTACCTTTCTGAGAGAGGCACCACTGTGACCTTCCTCGTGCCCCAATTGC
TTTTTCCTCATGACACAATTTGAAATTTATGATTGGATGACTTTTGTCCTTCTTTCTTCC
AATCTGTTCTCAGGGCATTTTGAGTCAAATAAATGATCCTGACTGATCTTAACCATTAGC
ACAGAGTTCCTCAGCCAACTCTGCTAAGAGACCTCAGTACACACAAAACAGTGTTCCTGC
CCCTCAGGACTTCAAAGCGATAGACCCAGGTGGCAAATACTGTTTTTCTCTGTTTACAGA
TGTTGCAGATTTTAGTGGGATTGGGAGGAGCATATTTCCATTTAACTTGGGAGGAAAAGA
GGTACATAGGAAAATCATCTTGGTTTGCTTGAATGATTGAACAGTGACAAAGGATGGGGG
ATGTGCACCCCTTCCTTGATCCTCTCTCACTCACTCATGGTCCTGGAGGGTAGAGTGGAT
GAGGGTTTGGGCAACCACACTTCAGCTTGATAGATCTTTTCCTGATTATCTTATGTTCTC
ATACCCCGGGGCAGAGATAGAGGTTCTAAATCCTCATTAGTGGGGTGTCTGGCCAtcttt
tttttttttttttttgagatagagtctcactctgtcagccaggctggagtatagtagcat
gatcttggctcactgcagcctctacctctcgggttcaagagattctcctgcctcagcctc
ccgagtagctggaattacaggcacgcaccaccactcctggctaattttttgtatttttag
tagagacggggttttgccatgttggccaggctggtctcgaactcctgacctcaggtgatc
cacccggctcggcctcccaaaatgctgggattacaagcatgagccaccgcacccagccTG
GCCATCATCTTTAACTCCCATTTGTTCCTAGTGCCTTGAGGGACTGACTTTGATTTTTAG
CCCAGTGCCCCGAAGACAGTAGGATATCCTAGGGAAAAACAGCAAGGCCTCCCAGGCCCC
TGTGGAGTACAGAGCCCTTGTGGTTAATGGAGCAGGGTGTGGGTACCACCAGAAAAGATG
ATCATATTGAGTTTCAGTCAATTTATGAATTCAAAAGGGACTGCTTGTATCAGGGGGCTG
GTTCAGGGGTGGTATCTGCTTGTAGACTCTCCACTCCTGTATACCTGTAGGTTTTGCCTG
CACGATGTCCAGCAAAGCTGAGAAGAAGCAGCGATTGAGTGGCCGAGGAAGCTCCCAGGC
AAGCTGGTCAGGGCGGGCCACTCGGGCTGCTGTGGCCACACAGGAGCAGGGGAATGCCCC
GGCTGTCAGTGAGCCAGAGCTGCAGGCTGAGCTCCCCAAGGAGGAGCCTGGTGGGTACTT
GCTGGGGCAGAGGATGCTTAGCAATGGAGGGTGGGGAAAGTCAGAGGGGCTTGGAGGCAT
TTTAGGGCTGGGGAGCAGGCGCTGTTGCTTCTGGGCAGGAAACGGGCTAAGTGACGCCCC
CAGCCATGGAGGTTCAGCAGCCCTGCCACTGAGTCCTTTTTTTGTATGTCTTCCTCCTGG
CCAGCCTCATCCTTGTTCTTTCTGTCTTAAAATTTCCCACAATATACCAGGAGTTCACCA
ACCAGTCCTTTCTCTAGCCTCTTCCTCCTTATTTCAAGTGTTCCTGGTTGCTCCTACCCC
ACTGAAGAGGGTTTGATCTCTTCCTTTTTCCCATTTTCACCCTGGGTGGCAAAACAAATA
ATGTTTTTCTCCCATTAAGCCCATCACCATGGAGACTCAGCCTGTTTTGCCACCCTTTGA
ATCCAAAGCCCGGCTGATGCTTTCTACCATCTGTTGAGGGCTGTTCTATCTCCGCCCTCA
TTTTGGCAGGGACTTGGTAGACTGCGGAGGTTCAGGTTCAGGATGACAGGAAAGAAGTCT
AGATCTAGGGAGGAAAGAGTTTAACGAGGCAGCCTCTTGTGGCTTTGACCTGAGGGATTC
CTTTCCTGTGGGTGAGCCGGAGCCAGTAAGGTTGGAAGGTTTTTGGTAGTTGTTGCTATT
GCTGGGATCTCCCTGAGAGCACTGGTCAGTGTAGACAGGACTATGAGCTAAGTGTAGACC
TCCTTCTTTACCTGGAGCTCCTTTACACTGATAGTAGCTTGTGAAATAGAATCCCCTTCT
AAAATTAAAGGTTGAGAGGTTAAGCGTGGGCATGGGAGAAAAGTCCCTGGGCCATAAGAA
CTTGCATTAGGTTCCAGGATCTTAGAAATGTGCAGAATGTATCCTTCTGAGTTCTGAAGT
GCTCAGGTGAAAGCAGTTAAAATGGGATTGCTCGCTGCTAGGAGGAGTAGGGGAAGATGG
GAGGGAAGACAGTGAGGTTCAGTATGGAGAATCCTCTGGGGAGGTAAGGGAAGGAGCTTT
AAAATGAATGTGTTGGCCTTCGAACAGCAAGGATTTCTGCCTCTCCCAGCTCCAAGCTTT
CTTTTCtttctttcttttttttttttttttttttttgagacaaattctcactctgtctcc
cagcctggagtgcattggcataatctcagctcactgcaacctctgcctcccgggctcaag
tgattcttgtgcctcagcctcccaagtagctgggattacaggcatacaccaccatgccca
gcttattttttttatttttttgagacagagtctctctcagttgccaaggctagagtgcag
tggtgcgatctcagttcactgcaacctccacctcctgggttcaagcgattctcctgcctc
agcctcctgagtagctgggattacaggcgtgtgccaccacacccggctaatttttgtatt
tttagtagagatggggtttcaccatgttgcccaggctggtctcgaactcctgtcctcgag
tgatccacctgcctcggcctcccaaagtgctgggattacaggcgtgagccaccgcaccca
gtcTCCCCTGGCCTAGTTCTTGCCTGGAACCTGAATGCCAGCAGTTTTCCCAAGGGAGTT
GGATCATCTCACCTACTCACCTACTACTAAGCTCCGGAATCGCCTGTTCCATCTTTTCAC
GCCTTCCTGCCTCGGCCTCTGTGCCTCATTCCCCTCTTAGTTTTCCTTTCTGGAAGCCAG
AGGGAGTTTCCTGTTCCTCATGGTCTTTTGGTTATATCTCATTTGTTCCTTCCTCCTTTC
AGCCCCTGGGGAATGGGAAAGCCACCAGTTTTACTCCAATCTCCTGTGTGACTAGTAGAT
CAGGAGGCAGAGAAACAGAGCCGCTGGGTTTTATGGGAGTCAGAGTGGGTGTGGCAGAAC
TGAATGCTCAGCAGGCCAGTGGTTTGGAGAAGGGCTGATTCCTATGAGCCCCAACTTCTC
CATGTGGGAAGAGGAGTGGGGGAAGATGGAGGGCCAGAAGCTGTATGCCTGGAATAACCT
CAGTACTAACCGCCTTCATTCCCTCACCCCTACCCCAGTTAGTGtttgttttatttttat
tttttggagacagaatcttgccctgtcacccaggctggagtgcaatggcgtgatctcggc
tcactgcgacctctgcctcccggattcaagcaatcctcctgcctcagcctcccgagtagc
tggaattacaggcacccgccaccatgcctggctaattttttgtatttttatagagacggg
ggggggggttcaccatcttggccaggctggtctcgaacgcctgacttcgggcgatccacc
agcctcagcctcccaaagtgctgggattacaggtatgagccatcgtgcccggccCCCAGT
CAGCtttttacattaaattgacagagaattcactgactctaaaatttacctttttaaagt
ctacagttcagtggtttttggtatattcacaaagctgtgcaacgttcccactatctaatt
ttagaacatttttatcccgccaaaagaaagccACTTTAAGCACCTTGAGAAATTGGCACC
AGGTGACTCCTATATCTTTACTTGTAAGTTGCATCAGAGCCTCGTCTtttagcagtcact
cctgattcccccttcccccgcagatcccaggaaccgctcatctattttctgtctttatgg
atttgcctatgctggacatttcatcgagtggtctctcatgactggcttttttcacttggc
actgtgttttcgaggatcatccatgttgtagcatgaaccacaccgccatgccttctgatg
gctgaataatagcccactgcatgtttatatcaccttttgtttatccattcctctgttaga
agacactgagctgttgccaccttttgcctattgtgaataatgctgctacgaatgctgtaa
tgcaaatctctctttgagtccttgctttcaaggtctctacctagaagtggaattgctggg
tcattgggtggctgtgtttagctttctttcttttctttcttttcttttctttcctttttt
ttttttttttttttttgagacagagtcttcgctctgttgcccaggctggagtgcagtggc
gcaatctcggctcactacaagctccgcctcccaggttcacgccattctcctgcctcagcc
tccagagtagctgggactacaggctcccaccagcacatctggctaattttttgtattttt
tagtagagacggggtttcaccgtattagtcaggatggtcttgatctcctgacctcatgat
ccgcccgccttggcctcccaaagtgctgggattacaggtgtgagccactgtacccggctt
ttttttttttttttttttttgagacagggtctcactctgtcactcaggctggagggcagt
ggcacgattatggctcactgcaacctctgcctcctgggttcaggtgattctcctgcctca
gcctcccaagtagctggaattacagacacccgccaccacacctggctaattttgtatttt
tagtagagacggggtttcactatattggccaggctggtctcaaactcctgacctcaggtg
atcctcccgcctagtactcccaaagtgctaggactacaggtgtgagccaccgcgcccagc
TGACTGTGTTTAACTTTCCAAGAAATGCCTTCCTTTTTGTATGTTTATTCTTCCTAGAGC
CACGGTTGGAGGGACCTCAAGCACAGAGTGAAGAATCAGTGGAGCCCGAGGCAGATGTGG
TAGGCTTGGGTCTTCCCTGTGGCAGATATTCCTCCCCCAAAACTGGTGAATCAAAGGATC
AGTTGTGGATGGCACATGAGGAATTCTCTCTTGTCTGCCACTTCTTCTACTTGCTCTCTG
CTGTTAGCCTACTCACCACAAATCCAGTTCACTGAGTAAAAGACAAAGTCATCTGTGCCT
TCGCCAGGACAGAGGAGGGCTTTAAGTAAGGCGCAGGTCTCTCTTGTCTCCCCACCTTGG
GTCAAACTGTGATGAGCTTATTCATCATGCGGGTGAACACCTGAACAAGTTGAATGAGCT
GGGAAGATATTGTCCTAATTGGATACTAATTTCTAAGACATGCTCTTTCCACCTTTCCTT
CAGTTCTTTCCTTTGGCTGAAGAATTTACAGAAGCTGCTTCAGTCACTTTGAGAAATGGC
ACTAAATGACCTCTGCTTCTTTATTTCCAAGTTGCATCAAAGCCTAGTCATGACCATAGT
TACCTGGGTGAGAAGAATAGAGTGATGACCTTGACATTTTTCAAAAAGGGAAAGAAAAGT
AATAACTATCGAAGAAAAAAATGGCAAGAGACAGAAAAGTAAAATAGAGAAAATAAGACT
CATGGTGTTACTGCCCAAACACATTTAATATTAATATTTGATATGTCTggccagacacgg
tggctcaagcctgtaatcccgcactttaggatgccgaggtgggtggatcacctgaggtca
ggatttgagaccagcctggccaacatagtgaaaccccatctttactaaaaatacaaaaat
tagcagggtgtggtggcggatgcctgtaatcccagctactcgccaggctgagacaggaga
attgcttgaacccgagggcagaggttgcagtgagccaagatcgtgccactgtactccagt
ctgggcaataagagcaaaactctgtctcaaaacaaacgaacaaacaaaacccaaaaaaac
aaaaaaACAATATTTTGATATATCTTTTACTTTTGTGCACAGGTTTGTAAGTTTGTTTGT
TTTTGTATAATCCTAACTTTATCATATGTTACtttttttttttttttctgagatggagtc
ttgcttccgtcgagcaggctggagtgcagtggcatgatcttggcttactgcagtctccac
ctctggggttcaagtgattctccctccttagcctcccaagtagctgggattacaggcatg
caccaccacgcccagctaatttttgtatttttagtagaggcggggttttgtcatatcggc
caggctggcctcaaactcctgacttcagctgatccacctgcctcggcctcccaaagtgct
aggattacaggtgtcagccaccgtgcctagccCATATGTTATGATTTTGTATTAAACCTT
TTCACAAAACAttttatttgtattattattattttttgagacagagtcttggtctgttgc
ccaggctggagtgcagtggcacgatctgggctcactgcaatctccgcctcccaggctcaa
gtgattctcatgtctcggcctcctgagtagctgggattacaggcacacgccaccatgctg
gggtcatttttgtatttttagtagagacggggtttcatcatgttggccaggctggtcttg
aactcctgacctctggtgatccgcctacctcggcctcccaaagtgctgggattacaggtg
tgagccactgtgcctggccTTCTTTGTtattttatttgtatttgacttcaagtgaatata
tatatatatattttctttttgagacagagtcttgctctgttacccaggttggagtgcagt
ggcgcgatctcagctcactgcaacctccgcctcccgggctcaagcaattctcctgcctca
gcctcccgagtagctgggattacaggtgcatgccaccatgcccggctgatttttgtattt
tttttagtagaggcagggtttcaccatgttggccaggctggtcttgaactcctgaccctg
tgattcgcccccaccccccacccccactccggcctcctgaaatgttgggattacaggcat
gagccaccacgcctggccaatttttttttatatttgcatttttaAAAAtgacatatctat
gcaggtccttttgtctatttgtttattgagtttttagtgtttttcttattggttcatCCT
GTCTATATGTATTATAGGAAAGATTTTAGATCACTATTAATTTTTCTTGACCTGGAAACT
TTAAGAGAGATTCCTTCTTCCAGGAGGAAAGATGAAAAGACTTCGCAAGTTCACTGATCT
GTATCTTCATATCTTCTGATTTCCtttatttatttgtttgtttatttatttttgagacgg
agtcttgctctgtcgcccaggctggagggcagtggtgcaatctcgggtcactgcaacctc
tgcctcccgggttcaagaaattgtcctacctcagcctcccaagtagctgggattacagga
acccaccaccatgcctggctgatttttgtatttttagtagagatggggtttcaccatgtt
ggccaggctggtcttgaatgcctgacctcaggtgatccacccgccttggcctcccaaagc
gctaggattacaggcatgagccaccatacccagcTAAttttttttttttttgagacagat
tctcactctgttacccaggctggagtgcaggggtgtgatctcggctcactgcaatctctg
actcctgggttcaagcgattctcctgccgcagcttcccgagtagctgggattacaggcat
gcaccaccacgcccggctaattttgtatttttagtagagacaaggtttctccatgttggt
caggctggtctcgaactcccgacctcaggtgatccacttgcctcggcctcccaaagtgct
gggattatagatgtgagccaccgcgcccagccCTCTTTGGTGTTTTTGTGTCTTTTTCCC
TCCTCACTTTTTCCTTAATGTTGTACCAATTGACTTTTACCTAGTATTTTACACTTCTTT
TGGACTCCATCGTGAAGAAATTGCTCCTATACCCTCTCCCTTTTCCAGCTTGTGGTCTCC
CTGCTCCTAATTGCTTGATCTAGGCTAATATCCTACACATTCCCTTAATTCACCTTTACC
TTTGAGATCGAGGGCTGACATTTTTAAAAACTACAGGCATAAAGATAATCTCTTGCATTG
GGTGGATAATATCCCAGTTTTCCTCTGTGATCtgtttgtttgtttgtttgtttgtttTAT
TACTCTTAGAGGCAAGAAATCTTATTTTTCTGTTTCTTCCAAAGCTGGAAAGCTATCTTT
CAGTTTCTCCTAACCATTCTGAACCTGTCTGGCTTCTCTCATCTCCCATGTCCTCACTTG
TGATTGTGGATGGGAGGAATGACTCATCCTGGCAGTTGTAGTTACTTTGGCCCTCTGCTC
TCCTTCTGTAGAAGCCCCTCTTCCTTTCCCGAGCTGCGCTGACAGGACTGGCGGATGCAG
TGTGGACACAGGAGCATGATGCCATTCTGGAACACTTTGCCCAGGACCCTACAGAATCCA
TCCTCACCATCTTCATTGACCCTTGTTTTGGGCTGAAGCTAGAGCTGGGCATGCCTGTAC
AGGTGCGTACCCTACATTCCCAGATCAAAGGTGGTCCTACAGAGAGCCGAGGGCTCTCAG
TTCCTTCATCATCCTTAAGTCTTGTCATCTCCTGTGCCCACGGCCtattgagccccactg
tgtcaggcaccctacttggtggcaaggataggaagaaggatgacgcaagaacgctgtcat
gggctgggcgcggtggctcacgcctgtaatcccatcactttgggaggccgaggcgggtgg
gcggatcatgaggtcaggagatcgggaacatcctggccaacatggtgaaaccccatctct
actaaaaatacaaaaattagccagacgtggtggtgcacacctgtaatcccagctacttgg
gaggctgaggcagaagaatcgcttgaacctgggaggcggaggtttcagtgagccaagatc
atgccactgcactccagcctggtgacagagaaagactctgtctcaaaaaaaaaaaaaaaa
aaaaaaaagaatgttgtcctggtctagtggggaagacagacatataagcaaatatttact
atagtttgtgatcatgggcaaagctttataggagcgttatgggagcaactaatggagcca
gtggaattctgggaagccttgatggtggaggtgctatttgagctgggatgaagggtaagt
gggattccatcaagactaggtaagagctattcagcaaagaccactctacgtacaaagAAA
AGAGAAGTAGTGGGAAGTGATACTGAAAGGGGCTTGGGGTCAGCTTATGAAGGGCCTTGT
ATATTATACTCGAGAATTTGGCCGCTATCCCAGAGAGTGCTATTGAAGTCTTTTATAGTT
TAGATAGATAACTATTTCAACAGTGTGGAGAATACATTAGACAAGGGTAGACCTAGGGTA
GGGAGACAGTTAAAAGACAGATGGatagtaaaatgttgctggtagaatctgggtggtggt
catacaggtcatcactgtaaaattctttgaacttttctgtatatatctttgaaaattttg
gaaaaaaaatgttggaaaaCTTAAAAGGCTGTTGCTTtgctcatattggcggcacatata
caaaagtggaaaggatgagattgattggcatggccctgtgaaacaatgacgcaatttgtg
aagcattcTGCGTTGAACATGGGCAGAAGAACTTTTGCCCTGTGCACTGGCAGTAATCAG
CCACAAAACAATGAAAAAAGATTTCATTCGCAAAAGGAACCACAATTTGCAAAATATATT
TATATTTGAATATACATTTTAATATAAAAGTATGATTTATATGAAGGAAAACAACTTTGT
TGCAGGCCGTGAAAAACGATTTGAAGAAATGAGGAGCCACAGCTTGTTTCGGAGTAGGAA
TCTTAATATCATAAAGATCATTTTATATAAAAAAGTATCATATTtggctcatgcctgtaa
tcctagcacttcgggaggccgaggcaggctgatcgcttgagcctaggagttcgagaccag
cctgggtaacatagtgcaaccccatctctacaaaaaacacaaaaattagccaggcatgat
ggtgcacacctgtagtcccagctacttgggaggctgaggtgggaggatcacttgagcctg
ggaggtggaggttgcagtgaggtgtgatcacttcactgcactccagcctgggtgacagag
tgagaccctgtctcaaaaaaaaatacaaaaacaaaaaacaaaaGGGCCAGTTGAAACTTC
CTTTAAAAATTATTACCCTTGAATACCTGATAAAATGAGCAAAAAGTAAAACTACCGAAA
AATTAAAAAAACCAAACCAACCAAAAAAACACAAAAAAACCCTGAGAGTAAGCAAATTTA
ATCTAATACACTTTAAAAATGGGAGACCAATGAAAAACATATGCACTGAGTCAAAGAATG
GTGCTCCCCTGGTTACATGGAGTGAACTTGAGAGGGTGTAATAAAATCTTAGTAAAGAGA
AAGACAggcctgtgcctttagtcccagctactgtggaggctgaagccaaaggattacttg
agcccaggagttcgaatcaatcctgggcaacatagcaagaccgccatctccaaaaagaaa
aaaaaaaAAagagagagagagagaggaggagCCTAGGtttgtttgtttgtttgttttgag
acggagttttgctcttgttgcccagcctggagtgcaatggcgcaatctcggctcactgca
acctctgccttctgggttcaagcgattctcctgcctcagcctcccgagtatatgggatta
caggcatgtaccaccacaccaggctaattttgtatttttagtagagatggggtttctcca
tgttggtcaggctggtctcaaactcccaacctcaggtgatccacctgcctcggcctccga
aagtgctgggattacaggtgtgagccaccacacccggcTTgagccgaggtgttttaacaa
agatttttcactgccttaaatgagcactaaccacctgtccatttccctgaggcaattctc
ttaggccaaagaaaagtgaataaaacataaaacacccaaccctttcactttaacttccag
gggcaaaaataaactggtctctcacagtgggaggtcaaatcacccacagtacattagagc
aaaaagaatgagttcacatgcttgctgcccaagcacgagcaaaatgaaaagaaattgcat
ggtaactgcaagtgcattacatcaaagaaaaaagaggaacaaagcatgcaaaagaggaaa
acataactgaatgaacaggaggagattcctcacaacagtaccatgttctaccacaactta
ataagaccagggattcaattaaaaaaaaaaaaaaaagctgagccctgaaatgataaaatg
tgagaataagataaaagggagactgcagattttaggaaatgaataaagcagcatgttata
aaaccagtagattggaaatagcaaggaactgaatagctaacccagaaaatcctatcactg
acagaggagaggcttgaggtaatcaccgtgtatgcagaagaaaaagccaaggacattaac
acaattagagaagctaacagatacgaaagactaacatagatgatcttgtatagagagcca
acaaatgaaacaatataaatgtaaagataaaatacaagtaatttccctgaaatgcagaag
gaactgaatctgggaatcaaaaaggacacactgtattccacaaaaTTTGTTGCACATCTT
GGCTAAGCTACTCAATTGTAGGAAAAATTAATTCCTTAGGaatatcccctatgcggtaat
cctgctaagaatatttaacttgaatctggcaataaggagacaatccaataaatccaaatt
aagagacatattgggaaaagaaaactggcctggactattagaaatatcaatgccatgaga
caatcgcttgaacccgggaggcggagattgcagcaagccaagattgtgccactgcactcc
agcctgggtgacagagcgagagtctgtctcaaaaaaaaaaaaTTTAAAATTTAAAAAGCA
TGAgctgggcacggtggctcacgcctgtaatcctagcactttgggaggccaaggcgggtg
gattgcctgagctcaggagtttaagaccagcctgggcaacatagtgaaaccctgtctcta
ctaaaaatacaaaaaaaattagctgggcgtggcggtgtgcacctgtaatcccagctactt
gggaggctgaggcaggagaatcgcttgaaccagggaggcagaggttgcagtgagccaaga
tcacgccattgcactcaagcctgggcaacagagtgagactgtgtctcagataaataaata
aattaattaaattaaattaaattaaattaaaaagaaaaagaaaatcaatgccatgaaaga
aaaaggttggggagtgctttaaaattaaaggatactaagagacatgaccatgtgtgatct
tggattagattctggatTGGGtctttcaaagcagtgagctaatagaactcaaaattgaaa
gttagtgagaaaactcataatatttttcataatctttttttcttaccaccatagaaaggg
atcctttgggaagaaacctctcttctggatgaagaaacatttatttgaagctcaggaatt
cctttatagctacttctatttctttttatttgcttaaattcaagtaaaattaaatttaat
agttttaattaaaaacagcttgctcctatttaaaaataatgattttaatttaattttcta
tatgtatatagctatagaaaaatatgtagaataatgttttctctaatattaacaatatta
atttttaggtggtggaattttagatgacattttaacttttatctttgtagttttctgcat
tgtttcaattatttatatttaacgtatgtcatcttcacaaaaataatagttgttaaactt
ttaaaaaAATGGACATggccgggcacagtggctcacgcctataatcctagcactttggga
ggccgaggcaggcggatcacctaaggtcaggagtttgagaccagcctgaccaacatggag
aaaccctgtttctactaaaaatacaaaaattagccgggcgtggtggcacatgcttgtaat
cctagctactcgggaggctgaggcaggagaatcgcttgaacccgggaggcggaagttgtg
gtgagctgagatcatgccatcgcgttccagcctgggcaacaacagcgaaacttcgtctca
aaaaaaaaaaaaaaaaggacacaaaaTGCCAATATTTATTTTATTTCTGGGTAGTAAGAA
GACAGATGATTATTAATTTCTTCCTTGTGCTTTACTTTGTTTTTAAAATTAAATAAATTG
TCAgccgggtatggtggctcgcgcttgtaatcccagcgctttgggaggccgaggcagatg
gatcatctgaggtcaggagtttgagaccagcctggccaacctggtgaaaccccgtctcta
ctaaaaatatataaattagccaggtgtggtggtacgggcctgtaatcccagatactcggg
aggctgaggcagaagaatcgcttgaacccggggggcggagattgcagtgagctgagattg
caccattgcactccagcctgagtgacaaagcaagactccatctcaaaaaaaaaaaaaaaa
aaaaaaaaTTGCCAAGACTAGTCAAAAAAGCACTAAAAAACCCAAACGAAACAGGTGAGT
CTGATATTAGGGTGGAAATGGCCTTTCTAAATATGTAGCAGTCAGAACTTTAAGGAATTT
TATATTTAATTACATGAAAGATATATGCTTTTGTACGTAAACCACAAAAGCCATAAGCAA
AATTGAAGCATATGTGTAAAATTTTGGGAGAAATATATGCAACCAAAATGGAAAACCCTA
GACAATTGTCTCTTCCTTCCAGTCCTTCTCCTTTCTGCTTTTTCCATTGGCTGAAGTGCT
TCCTCCATTCCATCCTTTCTTTCTATCGATCCGttcatccatccaacaaacattattgag
catctactctatgccaggcagtgtactaggttctggagcctagttggacaaaatgtacag
tccctactctcaaggCATACTCTCTGCATTTCCTCCCCACATCTCTGGATATGGAATCAT
ATCCGTGAAAAGAACAGGAAGCACTTCATGGCACTTCCATTTAGAGAAGGATCAGGATAC
CCTGAGGGACGTGAGAAAGAACTCAGCCGGGCTTTTGTGACTGGGTGTCATGGCTGGGCC
TGGAGACTGAACTCTGATCTGCTGTCTTCCATGCAGACCCAGAACCAGCTTGTCTACTTC
ATTCGCCAAGCACCAGTTCCCATCACCTGGGAGAACTTCGAGGCAACTGTGCAGTTTGGG
ACGGTGCGGGGCCCCTATATCCCGGCCCTGCTTCGGCTGCTCGGTGGAGTCTTTGCCCCT
CAGATCTTTGCAAACACAGGCTGGCCTGAGAGCATTAGAAATCATTTTGCTTCTCATCTG
CACAAGTTCTTGGCCTGCCTGACAGGTAAGTGGGAAGACCGGAGTGACTAGTTTCTCCTT
AGTGTCCCCCAACTGTACAACTAGTGAAGTGGTGGGTCCTTCGTCTGAGCACCTGTGTGG
AGGAGGAAGTATTCAGCATGCTTATCGAATTGGTAGAATAGGGTACAAGATCCGCCttct
tcttcttttttttttttttttttttgagatggagtctcaccctgttgcccaggctggagt
gcaatggcgcgatcttggctcactgcaacctctgcctcctgggttcaagcaattctcctg
cctcagactctcgagtagctgggattacaggcacatgccaccacgcctggctaatttttt
gtatctttagtagagatggggtttcaccatgttggccaggctggtctcgaactcctgacc
tcatgatccacccgccttggccgcccaaagtgctgggattacaggtgtgagccaccacac
cctgccAAGATCCGCTTTCTAATCCAGACACACTTTTCTGTTGTGGAACTTGTTGGCCAG
ACCTGCTTCAACTTAGACTTGGAAATTTCTAAAAGCACATGTGGGGGAAAGGGAAATATA
GGTGCTGTGGGGACACTGGGAGGACTCACATGTCTCGTGGTAGAGAGTGTTGAAGGCGCG
ATACAGATCTTTGACCTTATTTTATGGCAATTTCTTGTTATAACTCCATGAGGTTTCCCT
CTTGCCTTTGGTCATTTCTTGATATCAAAAAAGCATGAGTCACCATTTCTTCTACCTGCT
CTCCTGAAATGCATATGCTTCCTGGTCCCCTACCGATCATCAACCGTGATTCCTACGGGG
CCAGCAAGAACTCATCCCCTCTGTCCACTTCCACAAACTTTCCTTTCCTTAGACACTCGG
TACAAACTGGAGGGGCACACGGTCCTCTACATCCCTGCAGAGGCCATGAACATGAAGCCT
GAGATGGTGATAAAGGACAAAGAGCTGGTGCAACGGCTAGAGAGTGAGTGGCTGGCACTG
CTAGCATCACCTGGCGATCACAGGGGAGAGGGAAAGGGGAGGCTCGGATGCTGACAATGG
AGTTGGGTTAGGAGGTCTCTGTCGGGGTTGCGGGGAGTGAAGGATGCTGTTGGGAAGCAG
TGTGAAGAAACGAAGGAGATTTTGTACTCTCCCCTGCAGCCTCCATGATCCACTGGACCC
GGCAGATAAAGGAGATGCTCAGTGCCCAGGAGACTGTGGAGACAGGAGAAAATTTAGGTC
CTCTGGAGGAGATTGAGTTCTGGCGCAACCGATGCATGGACCTGTCTGGCATCAGTAAGC
AGCTGGTGAAGAAGGGAGTGAAGCACGTTGAATCCATCCTGCACCTTGCCAAGTCGTCCT
ACTTGGCGCCCTTTATGAAACTGGCACAGCAGATCCAGGTTTGTGAGCGAATCAAAGGAT
TCAGGCTCAGCAAGAAGTGGGCAATGGTTGGGATGATACAGGGAGCTAAGTAAGGAGAGG
GAGCCAAGGCAATCTTCGATAGCACAGACTGACCCACCCAGGGTTCGGCCTTGTACTTGC
AGGAGAGTATAAAATAGTAGAATAGAGGGTCCCTAAGGAGAGAGACATCAAGTTAACCAA
TAAATATACATCAAGTACCTTCTGTGAGCACAACCCCTGCCACCCAGCTGGGAAAATAAG
ATTACCCAAAACAGGATTACTAGACAGCGTGGGAGCCAAAGATGAGCTCATGTGGTTCAG
TCCAGGAATTACAAGATAAATACCTTTTTTCTTTGTTTGAATCTGCCTTCCAAGGAAAAT
CCAAGGAAAAGGGATAAATACTTTTTTTCtttttcttttcttttttattattatttttga
gacagagtctggctctgttgcccaggctggagtgcagtggtgcgatctcagctcactgca
acctctgcctcccaggttcaagggattctcctgcctcagcctcctgagtagctgagatta
caggtgcccgccaccaagcctggctaatttttgtgtttttagtagagacggggtttcacc
gtgttagtcaggctggtctcaaatgcctgacctcggtgatccacccaccttggcctccca
aagtgctgggattataggcgtgagccaccgcacctggcTCTTTTTCttttcttttcattt
ctttttttttccttttgagacagggtgctggaggctgaagtgcagtggcacgatctcggc
tcactgcaacctctacctcctgggctcaagggatcctcccacatcagcctcctgagtagc
tgggactacaggtgtgcaccagcatgcccggctaactgttgtattttttgtagagacagg
attttgctatgttgcccaggctggtctcaaactcctgagctcaagtgatccacccacttc
agcctcctaaagtgttgggattacaggcgtgagctacctcacccagcTCAATTGTTAAtt
ttttttattattataattttgagacagagtcttgctctgtcgaccaggctggagtgcagt
agcgcgatctcggctcactgcaacctctgcctcctgggttcaagcgattctcctgcctca
gcctcccgagtagctgagattacaggtgcccaccaccatgcctggctagtttttgtattt
ttagtaaagacggagtttcatcatgttggccaggctggtctcgaactcctgacctcaggt
gatccacccgcctcggcctcacaaagtgctgggattacaggtgtcagccacctcgcccgg
cctaatttttaaattttttgtagagacaggatctcactatgttgtccaggctggtctcaa
actcctggtgatcctcggcctcccaaagtgttgagattataggtgtgagccaccacacct
ggGCAATAAACATTAAAAAAAAATTTGATATGATGTGACAGGCTGATTATGTTAGTGCTA
GGTCACACAGGAGGTAAGAGTGGCCTGTAGAATACAGATAGAAGACCTGTCTTCCTAGGT
GAAAATTTCAGCTGGGCATTAAGGGAATTGAGCCAGAACTAACTGGAGGAGCCTAAAGCC
CTGGCTGAGAACAGGGCAGTGAAAGGGAACTGGGTGACAACTATGGGGACGAATGAGAGT
GATATGCGGCCAGTTGATCCGACAGCAACAGAGTATCCACTTAGTGCGGAGTCCTGAATT
CAACTGGAGAAAACAGACACAAAATCTAGAAAAATCTAGACTCGAGGGAATTCTTAGTCT
GGTAGGGGAGCTAGGGCACACACATGAGAAAAGAAAAGTTGACATGTGCTAACTCTGGTC
CGAAGGCTCACAGAGACCTGAAATGATCGCTACTGTGTAGGGCTGATGGGAGGGATTCCT
CTTAGAGGCAAGTCAGAATGGGGTTGAAGATGGTTAAAAAGCACTTGTGggctgggcgtg
gtggctcacgcctgtaatcccagcactttgggaggctgaggcaggtggattactcaaagt
caggagttcgagaccagtctggccaacatggtgaaaccccatctctactaaaaatacaaa
aattagctgggcgttgtggtgggcacctgtaatcccagctacttgggaggctgaggcagg
agaattgcttgaacctggcaggcggaggttgcagtgagctgagatcgcgccattgcactc
cagcccgggtgacaagagtaaaactccatctaaaataaataaataaataa
