>scga-mini-dna-005-tumor-1
TGGCAGCAAAGTTTTATTGTAAAATAAGAGATCGATATAAAAATGGGATATAAAAAGGGA
GAAGGAGGGGAAGGGTGGGGTGAAAATGCAGATGTGCTTGCAGAATGTAAAAGATGTTGA
CCCTTCCAgctggacgtggtggctcacaattgtaatcccagcactctgggaggctgagac
aggtggatcgcctgagcccaggagtttgagaccagcctgggcaacactgtgagaccccat
ctctacaaaacatgcaaaagttggctggccatggtggcatgaacctgtggtcccagctac
tccggaggctgaggcaggactgctcgagccggggaggcaaaggctgcagtaagccaagat
cacgccactccactccagcctgggcaacaaagcgagacccagtctcaaagaaaaagaaaa
aaaaaaaaaaaaaagaaaaaagaaaTTGACCCTGAGCATAAAACAAGTCTTGGTGGATCC
AGATCATCATATACAAGAGATGAAATCCTCCAGGGTGTGGGATGGGGTGAGATTTCCTTT
TAGGTACTAAGGTTCACCAAGAGGTTGTCAGACAGGGTTTGGCTGGGCCAGCAGAGACTT
GACAACTCCCTCTACCTAACCAGCTGCCCAACTGTAGAAACTACCAACCCACCGACCAAC
AGGGAGAGGGAACAAGCACCCTCAAGGGGGTCAAGTTCTAGACCCCATGTAATAAAAGGT
Ggtttcaaggccagatgtacattatttcattaaccctcacaatgcactctgtgaggtagg
tgcaaatgccagcatttcacagatatgggccttgaagttagagaAAATTCAACAGTGAGG
GACAGCTTCCCTGGTTAGTACGGTGAAGTGGGCCCCTACCTAGAATGTGGCTGATTGTAA
ACTAACCCTTAACTGCAAGAACATTTCTTACATCTCCCAAACATCCCTCACAGTAAAAAC
CTTAAAATCTAAGCTGGTATGTCCTACTCCCCATCCTCCTCCCCACAACAAAACACCAGT
GCAGGCCAACTTGTTCAGTGGAGCCCCGGGACAAAGCAAATGGAAGTCCTGGGTGCTTCT
GACGCACACCTATTGCAAGCAAGGGTTCAAAGACCCAAAACCCAAAATGGCAGGGGAGGG
AGAGATGGGGGTGGGAGGCTGTCAGTGGGGAACAAGAAGTGGAGAATGTCAGTCTGAGTC
AGGCCCTTCTGTCTTGAACATGAGTTTTTTATGGCGGGAGGTAGACTGACCCTTTTTGGA
CTTCAGGTGGCTGTAGGAGACAGAAGCAGGGAGGAGAGATGACATCACATGAGTGAGAGG
GTCTGTGCCCCTTTTCCCTGACCAATGCTTTGAAGGGCCTAAGGCTGGGACAACGGGAAT
TCAAATCAAGATGGTGGCCACACCCCATGCAAATATGTTTACTGAGCACCTCAGAGTATT
AGTGTGTATTAGTCTCGTAATCTTCCCTTACCCCAttttactttatttatcttttttgag
acggagtttcactcttgttgcccaggctggagtgtaatggtgagatctcagctcaccgca
acctctgcctcccgggttcaagcgattctcctgcctcagcctcccgagtaggtagctggg
attacaggcatgcatcaccacgcccggctacttttgtatttttagtagagatggggtttc
tccatgttggtcaggctgggctcaaactcccgacctcaggtgatccactcgccttggcct
cccagagtgtgggattcgtgagccactgcgcccggccCCCTTAccccattttatatataa
ggaaactgagtttgacgggggtcacctaggacctgccggtgcatggcagggctgagtata
tgacctgaaactcTGGCTGTATTCAGTATTACACAATTATTAGGCCCCTCCTTGAGACCC
TCCAGCTCTGGGCTGGGAGTTGCGGAGAATGGCAAAGAAGTATCCACACTCGTCCCTGGG
TTTGGATGTTCTGTGGATACACTGAGGCAAGAATGTGGTTATAGGATTCAACCGGAGGAA
GACTAAAAAAATGTCTGTGCAGGGCTGGGACCCAATGAGATGGGGTCAGCTGCCTTTGAC
CATGAAGGCAGGATGAGAATGGAATCCTATGGCTTTCCAACCTAGGAAGGCAGGGGAGTA
GGGCCAGGAAGGGGCTGAGGTCACTCACCTGGAGTGAGCCCTGCTCCCCCCTGGCTCCTT
CCCAGCCTGGGCATCCTTGAGTTCCAAGGCCTCATTCAGCTCTCGGAACATCTCGAAGCG
CTCACGCCCACGGATCTGCAGCAACAGAGGAGGGGGAGAAGTAAGTATATACacagtacc
tgagttaaaagatggttcaagttacaattgtttgactttatgacggtacaaaagcaacat
gcatttagtagaaactgcacttcaagtacctatacagcTGACTTTTAAAAATAtttattt
atttattttgagatggggtctcactctgttgcccaggcgggagtgcaatggtgcaatctt
ggctgattgcaatctccgcctctggggttcaagtgattcttgtgcctcagcctcccgagt
agctgggactacaggcgtgtgctaccacacctggctaatttttgtgtttttagtagagat
ggggcttcaccatgttagccaggctggtttccaactcctgacgtcaggtgatctacccac
ctccacctcccaaagtgctgggattacaggtgtgagccactgtgcccggccCttttttaa
attttagagatgatgtcttgctatgttgttcaggctggactcaaactcttgggctcaaga
gatcctcctgccttagcctctcaagtaactgggactacatgtgcatgcgactgtgcctcg
tttcttttcttttttttctgagacggagtctcactctatcgcccaggctggagtgcagtg
gcgccatcttggctccctgcaacctccgcctcctggttcaagcgattctcctgcctcagc
ctcccaagtagctgggattacaggcacctgccatcacgcccggttaatttttgtatttta
gtagagacggggtttcaccatgttggctaggctggtcttgaactcctgacctcaggtgat
ccacccgcctcagcctcccgaaatgctgggattacaggcgtgagccagtgcgcctggcct
tttctttttttgagtctcgctctgcgcccaggctgTGCCTGGCTCGACTGTGCCTCCTTT
catgcaaccatgctgtttctcactttcagtaacaatattcaataaatcacatgagatata
caacattttattactataaaaagggctttgtgttagatgactttgcccaactgtagggta
acttaaatgctctgaacacgtttcaagtaggctagggctgagtgtggtagctcatgcctg
taaccccaatacttggggaggctgaggtggaaggattgattgagcccaggggtttgatac
cagcatgggcaacgtagcaagaccttgacttcacagaaaataaaaaattagctgggtgtc
gtggcatgtgcctgtagtcctagctacttgggagggtgaaatcaccggagcccagggagg
tcaaggctgcagtgagctgagatggtgccactgcactctagcctgagtgacagagtgaga
ctctgtctttaaataaataaataaaaaTTAgccgggcgtggtggctcacacctgtaatcc
cagcactttgggaggccgaggcgggcggatcacatggtcagaagttcgagaccagcctgg
ccaacatggtgaaaccctgtctctactaaaaatacaaaaattagctgggcgtggtagcag
gcgcttgtagtcctagctattcgggaggctgaggcaggagaatcacttgaacccaggagg
cagaggttgcagtgagccgagatcatgccactgcactccagcctgggcgacagagtgaga
ctgagtctcaaaaaaataaaataaaataaaataaaaataaataaataaaaattagccagg
catggtggtgcaggcctgtagttgaagcaacttgggaggctgagctgggaggatggatgg
agcctgggaggtggaggctgcagtgagctgtgactgcactactgcactctatccagcctg
ggtgacagagcaagaccttgtctcaaaaaaGTAGGCTAgagaccagcctgggcaacatag
tgagactctatctatctacaaaaaattttaaaaattagctgggtatggtggtgtatgcct
gtggtcctagctactggggaggcagagttagggggattgcttgagcccaggagggtataa
tgagctatgatcacatcactgtaatccagcctgggcaacagagcaagatgctgtctccat
taaaaataaaataaaaGTAGGCTAGGCAggccgggtgcggtggctcacgcctgtaatccc
agcactttgggaggccaaggcaggcagatcacaaggtcaggagttcgagactagcctggc
caacatggtgaaacctcatctctactaaaaaaaaaaataaataaataacaaaaaattagc
tgggcgtcggggcaggtgcctgtaatcccagctactcagtgggctgaggcaggagaatcg
cttgaacccagaaggcggaggttgcagtgagccgagatcccgccactgcactccagcctg
ggtgacagagtgagactctgtctccaaaaaaaaaaaaaaaaaaagcaggctaggctaagc
tatgatgttccttagattaggtgtattaaatccattttcaacttacaatattttcaactt
acgacgagtttatcaggaagtaacaccatcgtaagtcaagtagcatctgTATCAGGCAAA
GTCATAGAACCATTTTCATGCTCTCTTTAACAATTTTCTTTTTGAAAGCTGGTCTGGTCC
TTTAAAATATATATTATGGTATAAGTTGGTGTTCTGAAGTTAGTTAGCTACAACCAGGAG
CCATTGTCTTTGAGGCATCACTGCCCCCTGATGGCAAATGCCCCAATTGCAGGTAAAACA
GTCAAGAAGAAAACGGCATTTTGAGTGTTAGACTGGAAACTTTCCACTTGATAAGAGGTC
CCAAGACTTAGTACCTGAAGGGTGAAATATTCTCCATCCAGTGGTTTCTTCTTTGGCTGG
GGAGAGGAGCTGGTGTTGTTGGGCAGTGCTAGGAAAGAGGCAAGGAAAGGTGATAAAAGT
GAATCTGAGGCATAACTGCACCCTTGGTCTCCTCCACCGCTTCTTGTCCTGCTTGCTTAC
CTCGCTTAGTGCTCCCTGGGGGCAGCTCGTGGTGAGGCTCCCCTTTCTTGCGGAGATTCT
CTTCCTCTGTGCGCCGGTCTCTCCCAGGACAGGCACAAACGTTTCTGTCATCCAAATACT
CCACACGCAAATTTCCTTCCACTCGGATAAGATGCTGAGGAGGGGCCAGACCTAAGAGCA
ATCAGTGAGGAATCAGAGGCCTGGGGACCCTGGGCAACCAGCCCTGTCGTCTCTCCAGCC
CCAGCTGCTCACCATCGCTATCTGAGCAGCGCTCATGGTGGGGGCAGCGCCTCACAACCT
CCGTCATGTGCTGTGACTGCTTGTAGATGGCCATGGCGCGGACGCGGGTGCCGGGCGGGG
GTGTGGAATCAACCCACAGCTGCACAGGGCAGGTCTTGGCCAGTTGGCAAAACATCTTGT
TGAGGGCAGGGGAGTACTGTAGGAAGAGGAAGGAGACAGAGTTGAAAGTCAGGGCACAAG
TGAACAGATAAAGCAACTGGAAGACGGCAGCAAAGAAACAAACATGCGTAAGCACCTCCT
GCAACCCACTAGCGAGCTAGAGAGAGTTGGCGTCTACACCTCAGGAGCttttcttttttt
tttttttttttgagatagggtcttgctctgtcactcaggctggagcacagtggtgtgatc
acagctcactgcagcctccatctcctggcctcaagtgatcttcccacctcagcctcctaa
gtggctgggactataggtgtgcaccaccatgcctggctaattttttgtatttttttgtag
agacgaggtttcatcatgttacccaggctggtcttgaactcctgggctcaggtgatctgc
ctgccttggcctctttgagagtgctgggattgcaggtgtgagccaccaagcctggtcAGG
AGCTTATTTTCAAAAGCCAAGGAATACACGTGGATGAAGAAAAAGAAAAGTTCTGCATCC
CCAGGAGAGATGCTGAGGGTGTGATGGGATGGATAAAAGCCCAAATTCAAGGGGGGAATA
TTCAACTTTGGGACAGGAGTCAGAGATCACACATTAAGTGGGTAAACTATAAAAAAACAC
TGACAGGAAGCCAAAGGGTGAAGAGGAATCCCAAAGTTCCAAACAAAAGAAATGCAGGGG
GATACGGCCAGGCATTGAAGTCTCATGGAAGCCAGCCCCTCAGGGCAACTGACCGTGCAA
GTCACAGACTTGGCTGTCCCAGAATGCAAGAAGCCCAGACGGAAACCGTAGCTGCCCTGG
TAGGTTTTCTGGGAAGGGACAGAAGATGACAGGGGCCAGGAGGGGGCTGGTGCAGGGGCC
GCCGGTGTAGGAGCTGCTGGTGCAGGGGCCACGGGGGGAGCAGCCTCTGGCATTCTGGGA
GCTTCATCTGGACCTGGGTCTTCAGTGAACCATTGTTCAATATCGTCCGGGGACAGCATC
AAATCATCCATTGCTTGGGACGGCAAGGGGGACTGTAGATGGGTGAAAAGAGCAGTCAGA
GGACCAGGTCCTcagccccccagccccccagccctccaggtccccagccctccaggtccc
cagcccAACCCTTGTCCTTACCAGAACGTTGTTTTCAGGAAGTCTGAAAGACAAGAGCAG
AAAGTCAGTCCCATGGAATTTTCGCTTCCCACAGGTCTCTGCTAGGgggctggggttggg
gtgggggtggtgggCCTGCCCTTCCAATGGATCCACTCACAGTTTCCATAGGTCTGAAAA
TGTTTCCTGACTCAGAGGGGGCTCGACGCTAGGATCTGACTGCGGCTCCTCCATGGCAGT
GACCCGGAAGGCAGTCTGGCTGCTGCAAGAGGAAAAGTGGGGATCCAGCATGAGACACTT
CCAACCCTGGGTCACCTGGGCCTGCAGAGAAGGAACCCCCTCCCCCAACACCATGCCAGT
GTCTGAGACAGCTCGGCTTCCTGTGGAGCAGGAAAAGAatggctgcttcacattctctct
tccaatgtttcaccacaacccaagcactcctgccccacccctcaccagccatgcacttct
ttgaggaaaagacaatcagagagggacttccaaccttcccaccactaaatccccaagact
tcctaaatgtgcaccctattcccaactcccttcctgtAttttttttttttttttgagatg
gagtctctctctgtcacctaggctggagcacagtggcatgatctcagctcactgcaacct
ctaccttccgggttcaagccattctcctgcctcagtctcccgagtagctgggattacagg
cgagtaccaccacacccagctaatttttgtatttttagtagagacagggctttgcatgtt
ggccaggctggtctcgaactccttacttcaggtgatcggcccgcctcagcctcctaaagt
gccaagattacaggtgtgagctaccgtgccctgcTCCCACCTCCTGTTAACAAGGATATA
GTCATTCTCAGCCTGCAATCTCTGTATGGGGAAGGACACCCCCTTGGCCCCCACCCTTCC
CCACCTGATACACGGCTCCATTTCTTTGATTCCTTTCACTGCAAAGCTTCTGGAAGAACA
ACTGTCTCACCGCTCACCTGCCCATTCTCTTCGGACACTCCTCAGCCCTGCATTACAAAC
CCCTCACGAATGGCCCGTCTCGGCTTCTTTAATCTCATCTCTTAACAACCACTCCCTCTT
CCCCAAAAGCTCTAGCTAGACTGGCTGCCCTTCTCTGCTAATCAACTGGTGGTTCCTTGG
CTAGCCAGGAACATGGGGGTAGGCTCCTTCCCGTGCAGACTTTAAGTCATCCTATTTTAA
TTCACATCAcctcatttgcattctcatagcacttacattgtctgatacttttccttgttt
attttatctgtttcctctaatagcatatacacttcctaagggcagggcagtgatctatct
tgttgtcttgctgaccaaagtattagatcacaatgccttgcacctgcttgggctcaataa
atgtGAATAACACACAAGCCTGTTATATGAGAGGTTAAGAGAGCGAGAAAGAGCAAGGGG
CAGCCCCTGTGTGGACCAGCATCTTGCACGAAGTTATGCAACTATCATCGCACCTTCTCC
CAGACAAGCTTTCAAAGGCTTTGCCATGTTTtcttttgttttgtttttttgtttgttttt
tgagatggagtttggctcttttcgcccaggctggagtgcagtggtgcagtctaggctcac
tgcaacctctgccttctggtttcaagcaattctcctgcctcagcctcccgagtagctggg
attacaggcccctgccaccatgcctggctgattttttgtatttttagtagagacagggtt
tcaccatgttggccaggctggtgtggaactcctgaccttgtgatccacctgcctcggcct
ctcaaagcgctgggattacaggtgtgagccactgtgcctggccCGCCATGttctttcttt
ctttcttttttcttttgaggcagggtcttgctttgttgcccaagctagggtacagtggtg
caatcatggctcactacagcctcggactcctgggctcagtgattctcctgcctcagcctc
ccaagtagctgggaccacagaggcctgcctggctaattttttagtctttttctttttctt
tttttttttggagacggagtctcgccctgtcacccaggctagagtgcagtggtgtgatct
cgactcactgtaacctccacctcccagattcaagcgatcctcttgcctcaacttcctgag
tagctgggattacaggcgcccaccaatgcgcctgattaattttttgtatttttagtagag
atggggttttgccatgttggccaggctggtttcgaactcctgacctcaggtgatcctccc
gcctccgactcccaaagtgctgggattacaggtgtgagccactgcacccggccaattttt
gagtttttttgtagaggcagggtttcactatgttgcccaggcAGGATGCTCTCtttcttt
ttctttttttttttttCAGGGATGCTCTCTTTCTTTATGCCAAATTTGTCATCAGATTTG
CTAAGAAACATGCCTACTGTAAGTGTTTGTTACACttttctgtttttttttttttttgag
acagagttttgctctcgtccaggctggagtgcaatggtgcgatctcggctcaccgcaacc
tctgcctcccaggttcaagcgattctcctgcctcagcctcccgagtagctgggattacag
gcatgcgccactgcgcccggctaattttgtatttttagtagagacggggtttctccatat
tggtcaggctggtcttgaactcccaacttcaggtgatccgcccgccttggcctcccaaag
tgctgggattacaggcatgaaccactgtgcccagccCACTTTTCTGTTGTTTGCACTGAC
AAAACATCCCCTACCAAACAGCTCCTTTAATGGCAGGCTCTTTTCTTTttttattttatt
ttattttattttattttattttattttattttgagacggagtctcagctcttattgccca
ggctggagtacagtggcactatctccgcttactgcaacctcctcccggattcaaatgatt
ctcctgcctcagcctgctgagtagctaggactacaagcatgtgccaccacacctggctaa
ttttgtacttctagtagagacggggtttcaccatgttggtcaggctggtcttgaactccc
gacctcaggtgatccaccccccttggcctcctaaagtgctgggattacaggcgtgagcca
ccaagcctggccTACCTAGTACTCTGTGTATTATGGGAAatgtagagttgaggaaagtgc
tgggcacacagtaagagctcaacaaaggttagctctTTCTGCAATTGTTCTATTTCACTT
GTTCTATATTATTATTCTAGAGAGAACTGTGTGATTGTTAGTGCGGATCTGTGGTACTGC
TCCCACCCCCACTCCATTAATGCAAGTACACCTCCTTCAGGGATCTATTCAGTCAACAGG
CCAGGAGGTGCTGTCCTGAAATGGGGGGCCCAAAGTCTCAATCCCACTTGGAGGGACACA
GGTCTACAGACAGGTCTCCCTGTCTTTATCTCTCAAATCTTCAGTAGCAACTAAAATCTC
CGTGTTTTTCAGAGCAGGACCTTCCCAGGGGTACCAGCATCAGTGGGCCAGGATACAAAT
GTGCCAGGCTGAACTAGGCCTTCCAAATGGCCAGGGAGCCAAGAGAAATGCAGGTGCCCT
TGGCTGGGTGGGAAGGCAATGAGATCAACTGAGACCCCAAACAGGGGCAGGCCTGACCAG
AATCTTAACAGTGGCTGCTGGTATCAGTCTTGAAGGCCTATATGTCCAGTGattccctaa
acaatatagtacaagtacttacatacatacttgcatgtacattagcattttcattgtatg
ggggtaatgtaagtaatctagagataatttaaactatatgggaggatatgtgtaggttaa
atccaaatactataccgtcttatatatgggacttagacatctgtgggtttggtgtgtgag
gagtcccagaaccaagcccctacagatagagggataactatattgccctgtaacctgcaa
ccctgctatatttatttattagttttggtagctttttatggattttccattaggactttt
ttttttttttgagatagagtttcactctttttttttttttttgagacggaatctcgctct
gttgcccggcgtggtgtgcaatggcatgatctcagctcactgcaacctccacctcctggg
ttcaagcaattcttctgtctcagcctcccaagtagctgggattacaggcgcccaccacta
cacccagctaattcttgtatttttagtagagacggggtttcaccatgttaggttggtctc
aaactcctgacctcaggtgatcggcctgcctcagcctcccgaagtgctgggattacaggc
gtaagccaccacaccctgccggagtttcactcttgttgcccaggctggagtgcaatagcg
cgatctcggctcactgcaacctctgcctcccaggtccaagcaattctcctgcctcagcct
cctgagtagctgggattagaggtgcccgtcaccacgcctggctgattttttgtattttta
ttagagttggggtttcaccatgttggccaggctggtcccagggaagccacctgcctcagc
ctcctaaaagtgctaggattacaggcatgagccaccacgcctggccccattaggacatgt
atgtatagaatcatactggctgtgaatgtgttttatttcttcctttctaatcgttatttt
ttttctttccttttttttttttttttttgacatggaattttgctcttgtcgcctaggctg
gagtgcaatgggacaatctcggctcactgcaacctctgcctcctgggttcaagtgattct
cctgcctctgcctcctgagtagctgggactacaggcgttcaccactacccctggctaatt
cttttttttttgagacggagtttttgcttttgtcacccaggctggagtgcaatggtgcaa
tctcggctcactacaacctccgcctcccaggttcaagcgattctcctgcctaagcctccc
aagtagctgggattacaggcgcccgccactacgcccggctaatttttgtatttttagtag
agatggggtttcaccatgttggccaggctggtgttgaactcctgacctcaggtgatccac
ccacctcggcctcccaaagtgctgggattacaggcatgagccactgtacccggccaacgc
ctggctatttttttaatattttaatagagacgaggtttcaccatctttgtcaggctggtc
tccaactccagacctcaggtgatctgcccacctcggcctcccaaagtgctgggattatag
gcgtgagacatcgggccACTAATCAttatttctttttctttttttttttttgagacacag
tcttgctctgtcgcccaggctggagtgcagtggctcgatctcagctcactgcaagctccg
ccccctgagttcacgccattctcctgcctcagcctcccgagtagctgggactacaggcgc
ccgccactacgcccggctaattttttgtatatttagtagagacagggtttcaccgtgtta
gccaggatggtctcgatctcctgacctcgtgatccacccgtctcggcttcccaaagtgct
gggattacaggcctgagccaccgcacccggccctcattatttctttttcttgcctggtta
aaacctccagtatggtatcaacgttgtgagagtcaaatccttttctagttcctgatctta
gaggaaaaagcgttgagttttcttttcttttttttttttttttttttttgagacgaagtc
tcactctgtcacccaggctggagtgcagtggcacgatctaggctctgcaagctccgcctc
ccgggttcacgccattctctcgcctcagcctcccgagtagctgggactataggcgcccgc
caccatgcccggctaattttttgtttttgtatttttagtagagacggggtttcagcatgc
tagtcaggacagtctcgatctcctgacctcgtgatccgcccgcctaggcctcccaaagtg
ctggcattacaggcgtgagccaccgcgcccggcagcactgagttttctaccattatgtat
gctgctagtggaactccgactgtggacgccctgttatcaaactaggttaagtttcctttc
cctagtttgctaggaggttggttggtttgtaatcatgcatatgtgttgaatatcattaac
tgcttttgctacatctgttgaaatgatcatagggtttttatgtttccctttgttaatgtg
gtgaattacacagactgatttttttccccccagtaaagaccagtctgactatgttgccca
ggctggtcttgaaatcctgggctcaagagatcttcctgcctcagcctcctaaaatgttgg
gattacaggcctgagctactgcaccaggccaatttttgaatgttgaatcagctacaatca
tgagataaacattatttggttagaatgtatttatcctttttctttttctttttttgagat
ggagtctcactctgttgcccaggctggagtgcaatggtgtgatcccagctcagtgcaact
tctgcctcctgggttcaagcgattctcctgcctcagactcccgagtagctgggatttcag
gtgcccaccaccatgcccagctaatttttttttttttttgagatgaagtcttgctctgtc
gcccaggctggagtgcagtggcacgatcttggctcactgcaacctctgcctcccgggttc
aagcaattctgcctcagcctcctgagtagctgggattacaggcaggtgccaccacaccgg
ctgatttttgtatttttagtagagatggcgtttcaccacattggtcaggctggtcttgaa
ctcctgacctcgtgatctgcccacctcggcctcccaaagtgctgggattacaggcgtgag
ccaccgtgcccagcctgatttttgtatttttattagaaacggggtttcaccatgttggtc
aggctggtctcaaactcctgacctcaagtgatctgcctgcctcagcctcccaaagtgctg
ggattacaggcgtgagccaccgcgactggcctatttatccttttttctatattaccaggt
ttggtttgctaaaattggttagctgttgcatgtctatgctaacaggaatattggtctata
ttttcttttcttataatgtccttgtttggttttggtaccaggattatgctggcttcgaaa
acaagttgggaaatattcctctattttttctttctttctttttttttctgagacagggtc
tcactctgttgcccaggctggagtgcagtggcgcaatctcggctcactgcaacctccgct
tcccaggttcaagggattcttgtgcctcagcctcctgagtaactggcattacaggtatgt
gtcaccacgcctagctactttttgtatttttagtagagatggggtttcgccgtgttggcc
aggctggtctcgaactcccgacctcaaatgatcccctgcctcagcgtaccaaagtgctga
gattacaggtatgagccaccgcgcccagtctgttcctctgttttctgaagagtttgtgta
agatgggtactgtttcttcctccaacgtttAAAGAgagcagagaacagaggagataaata
gaaaatagcactaagaggtcaggcatggtggctcacacctgtaatcccagcactttggga
ggccgagatgggatgaaagcttgaggccagcagtttgagaccagcctgggcaacatagtg
agatcctgtcaatacaaaaaaataaaatagttagctgggtgtggtggagtaatcccagct
actcgtgaggctgctagaggactgcttgagcccaggggttcgaggctgcagtaagccttg
attgtgccattgtactctagcctgggcaacagtgtgagtccctgtctcaaaaattaacaa
agaaaaaaagaaaatagcactaaaatggtagccctatactccaactgtaaaataattaaa
attaaaAGCattcagtagagaaaggaagcctatttcaacaagtggagacagaataactgg
atttccatacaggaaagataccagagactgactcctacacctcacaccataaacaattaa
ttttaagaattaattaatggctcaaggaccttactgtaaaacttacaaccataaaggtcc
taaaagaaaatgtaagataatatcttcatgaccctggggttaaaaaaaaaaaaaaagatg
tcctaaacaggacaaggcaaatactgaacataaaaaagataaatccactcctcttaagat
actgtaaactctgtaaagcaaacaaataggcaagcaacagatcagaagaaaacattcacg
acacatggatctgataaaggacttgtatccagaatgtataaagcagtcccacaactgaac
aataaaaacaaacaaaaaaccaaaataacaggtaaaagactcgaagagctactttacaaa
caaaatacgaatggccaataggcacatgaaaaaatgctgaacatccttagtcaatagaga
actgtaaattacaaccacaaggatataccacattagaaagactgacaatacctaatgtcc
ggaaggctgtggcacaaccataataactcccataccttgctagttggagtgtaaaatggt
acaaccgctctggaaaactcagagcttctgaaaaagttcaaaatacagctactttttact
tccaaactcgcaattcccctcctaagtatttctccaagaaacacgaaaacatatgatcac
aaaaagaattgtacaagaatgtttatagcagctttatttcataaccgcaaatgggaaaca
actcaaaaggccatcaaaaggacggatatacaatcgatggactatactaaatgaaaagga
gcaaaatactgatatatacaacatgaacgaatgtcagacagtacattgaaggacagaagc
ccgacaaaaatgagcacataatgtatgattccccccttttttttgagacggagtttcgtt
cttgtcgcccaggctggagtgtagtggcacgatcttggctcactgcaacctctgcctccc
gggttcaagcgattctcctgcctcaccctcccgaatagctgggattacaggcacccacca
cgcccagctaatttttgtattttttagtagagacggggattcaccacgttggccacgctg
gtctggaactcctatcctcaagtaatccgcccgcctcggcctcccaaagtgcaggcgtga
gccacagcgcccagcctgattccattctatatgaagttctccaacaggcaaaatggttat
ggagatcaaaataaaggtggggtcgggaatcgactgggaagagacgtgatgaaacgtttc
tgggacgatgaaaagggtctgtgacttggtaggcatcacggagcggttaggggccaaaac
tcatcttcctgtgcacttgctgtgtgcactggcgctgtgtgtaaatgccacctcgaTTTA
GGAAAAAGATGACGTAAGTACGGCACAAAGTGGCCGGTACGCGGCAGGTGCATGGGAAGA
AACTGCGGAATGAAACAACCGCGAGCTAAGAGATGGGGCAGCGGGAGAAATGAATTCGAG
TTCCGCCTCCTACCAGGAAGAACCGGCTCGGGCCGGAGGGCTGCACGGAGGACCACACGG
ACGCCTGCGGGCCCGCCCCTTCCGCTTCACGACGTTCAGCCTGCGTCTGGAACTGGAATG
GCCTAGCCCAAAGCTAGATAACAGGTAGATTGTTTTTCCGACAAATTATCAAACGACCCA
TCATTGCACTCTTTCAAAATTTGATTCTCAGACGTACCCATTCTTTTTTTTTTTCCTCCG
GGAAGATGAGATATACTCATTCTTGAAAATACCTCCGGGCTTGCCTTCTGCACACTTCTT
TCCCTCCCTGTCTCACGCCATGGTAGCGTCCGCCTAGGTTGCAGGCGACCCGCGGGGTGG
GGCACACCATTCAAAGAAGGGGAGGGATTGAGGTTTGCATCAAAACAAATACCCCTGCCT
TTGCAAAGGCCATAACTAAGTAATCCAGAAAAAGAAATGCAGGCGGAGAATAGCAGCCTC
CCTCTGCCAAGTAAGAGGAACCGGCCTAAAGGACATTTTCTCTCTCTCTCCTCCCCTCTC
ATCGGGTGAATAGTGAGCTGCTCCGGCAAAAAGAAACCGGAAATGCTGCTGCAAGAGGCA
GAAATGTAAATGTGGAGCCAAACAATAACAGGGCTGCCGGGCCTCTCAGATTGCGACGGT
CCTCCTCGGCCTGGCGGGCAAACCCCTGGTTTAGCACTTCTCACTTCCACGACTGACAGC
CTTCAATTGGATTTTCTCCATCTAGCGGAGCCGGGGGCTGCCTGGAAAGATCGCTCCAGG
AAGGACAAAGGTCCGGAAGTTGTGGGACCTTAGCAGCTTGGGCTCCCCGGATCACCCCCA
AATGATCATTTCGGAATGGAGCCCCAGTTTTCACTAGGATGCCATGGGCTCTAAAATATA
CAGCTATGAGTTCTCAATGTTTCGAGATCCAAAAGTCTCAGACCTCAATGCTTTGTGCAT
CTTTTATTTCAGGGATTCCCTACGCCCAGCACCGGGTGGATGTGCAAAGAAGTACGCTTT
AGGCCGGCTCAAGGTTCCCCAAAGCTCCACTCCTCTGCCTAGGCGTTCAACTTTGAGTTC
GGATGGTCCTAACATCCCCATCATCTACACCCAGGTCTCCCAACAATGCAACTCCTATGA
TGATCCCTCTAGCCAAGCTTCCATCCCACTCACCCCCAAACTCGCTAAGTCCCCACTGCC
CCACCCCCAGCCCCAGCGATTTTCCCGAGCTGAAAATACACGGAGCCGAGAGCCCGTGAC
TCAGAGAGGACTCATCAAGTTCAGTCAGGAGCTTACCCAATCCAGGGAAGCGTGTCACCG
TCGTGGAAAGCACGCTCCCAGCCCGAACGCAAAGTGTCCCCGGAGCCCAGCAGCTACCTG
CTCCCTGGACGGTGGCTCTAGACTTTTGAG
