>scga-mini-dna-014-tumor-1
TGGCAGCAAAGTTTTATTGTAAAATAAGAGATCGATATAAAAATGGGATATAAAAAGGGA
GAAGGAGGGGAAGGGTGGGGTGAAAATGCAGATGTGCTTGCAGAATGTAAAAGATGTTGA
CCCTTCCAgctggacgtggtggctcacaattgtaatcccagcactctgggaggctgagac
aggtggatcgcctgagcccaggagtttgagaccagcctgggcaacactgtgagaccccat
ctctacaaaacatgcaaaagttggctggccatggtggcatgaacctgtggtcccagctac
tccggaggctgaggcaggactgctcgagccggggaggcaaaggctgcagtaagccaagat
cacgccactccactccagcctgggcaacaaagcgagacccagtctcaaagaaaaagaaaa
aaaaaaaaaaaaaagaaaaaagaaaTTGACCCTGAGCATAAAACAAGTCTTGGTGGATCC
AGATCATCATATACAAGAGATGAAATCCTCCAGGGTGTGGGATGGGGTGAGATTTCCTTT
TAGGTACTAAGGTTCACCAAGAGGTTGTCAGACAGGGTTTGGCTGGGCCAGCAGAGACTT
GACAACTCCCTCTACCTAACCAGCTGCCCAACTGTAGAAACTACCAACCCACCGACCAAC
AGGGAGAGGGAACAAGCACCCTCAAGGGGGTCAAGTTCTAGACCCCATGTAATAAAAGGT
Ggtttcaaggccagatgtacattatttcattaaccctcacaatgcactctgtgaggtagg
tgcaaatgccagcatttcacagatatgggccttgaagttagagaAAATTCAACAGTGAGG
GACAGCTTCCCTGGTTAGTACGGTGAAGTGGGCCCCTACCTAGAATGTGGCTGATTGTAA
ACTAACCCTTAACTGCAAGAACATTTCTTACATCTCCCAAACATCCCTCACAGTAAAAAC
CTTAAAATCTAAGCTGGTATGTCCTACTCCCCATCCTCCTCCCCACAACAAAACACCAGT
GCAGGCCAACTTGTTCAGTGGAGCCCCGGGACAAAGCAAATGGAAGTCCTGGGTGCTTCT
GACGCACACCTATTGCAAGCAAGGGTTCAAAGACCCAAAACCCAAAATGGCAGGGGAGGG
AGAGATGGGGGTGGGAGGCTGTCAGTGGGGAACAAGAAGTGGAGAATGTCAGTCTGAGTC
AGGCCCTTCTGTCTTGAACATGAGTTTTTTTTAACTGAGTCTCAAAAAAATAAAATGGCG
GGAGGTAGACTGACCCTTTTTGGACTTCAGGTGGCTGTAGGAGACAGAAGCAGGGAGGAG
AGATGACATCACATGAGTGAGAGGGTCTGTGCCCCTTTTCCCTGACCAATGCTTTGAAGG
GCCTAAGGCTGGGACAACGGGAATTCAAATCAAGATGGTGGCCACACCCCATGCAAATAT
GTTTACTGAGCACCTCAGAGTATTAGTGTGTATTAGTCTCGTAATCTTCCCTTACCCCAt
tttactttatttatcttttttgagacggagtttcactcttgttgcccaggctggagtgta
atggtgagatctcagctcaccgcaacctctgcctcccgggttcaagcgattctcctgcct
cagcctcccgagtaggtagctgggattacaggcatgcatcaccacgcccggctacttttg
tatttttagtagagatggggtttctccatgttggtcaggctgggctcaaactcccgacct
caggtgatccactcgccttggcctcccagagtgtgggattcgtgagccactgcgcccggc
cCCCTTAccccattttatatataaggaaactgagtttgacgggggtcacctaggacctgc
cggtgcatggcagggctgagtatatgacctgaaactcTGGCTGTATTCAGTATTACACAA
TTATTAGGCCCCTCCTTGAGACCCTCCAGCTCTGGGCTGGGAGTTGCGGAGAATGGCAAA
GAAGTATCCACACTCGTCCCTGGGTTTGGATGTTCTGTGGATACACTGAGGCAAGAATGT
GGTTATAGGATTCAACCGGAGGAAGACTAAAAAAATGTCTGTGCAGGGCTGGGACCCAAT
GAGATGGGGTCAGCTGCCTTTGACCATGAAGGCAGGATGAGAATGGAATCCTATGGCTTT
CCAACCTAGGAAGGCAGGGGAGTAGGGCCAGGAAGGGGCTGAGGTCACTCACCTGGAGTG
AGCCCTGCTCCCCCCTGGCTCCTTCCCAGCCTGGGCATCCTTGAGTTCCAAGGCCTCATT
CAGCTCTCGGAACATCTCGAAGCGCTCACGCCCACGGATCTGCAGCAACAGAGGAGGGGG
AGAAGTAAGTATATACacagtacctgagttaaaagatggttcaagttacaattgtttgac
tttatgacggtacaaaagcaacatgcatttagtagaaactgcacttcaagtacctataca
gcTGACTTTTAAAAATAtttatttatttattttgagatggggtctcactctgttgcccag
gcgggagtgcaatggtgcaatcttggctgattgcaatctccgcctctggggttcaagtga
ttcttgtgcctcagcctcccgagtagctgggactacaggcgtgtgctaccacacctggct
aatttttgtgtttttagtagagatggggcttcaccatgttagccaggctggtttccaact
cctgacgtcaggtgatctacccacctccacctcccaaagtgctgggattacaggtgtgag
ccactgtgcccggccCttttttaaattttagagatgatgtcttgctatgttgttcaggct
ggactcaaactcttgggctcaagagatcctcctgccttagcctctcaagtaactgggact
acatgtgcatgcgactgtgcctcgtttcttttcttttttttctgagacggagtctcactc
tatcgcccaggctggagtgcagtggcgccatcttggctccctgcaacctccgcctcctgg
ttcaagcgattctcctgcctcagcctcccaagtagctgggattacaggcacctgccatca
cgcccggttaatttttgtattttagtagagacggggtttcaccatgttggctaggctggt
cttgaactcctgacctcaggtgatccacccgcctcagcctcccgaaatgctgggattaca
ggcgtgagccagtgcgcctggccttttctttttttgagtctcgctctgcgcccaggctgT
GCCTGGCTCGACTGTGCCTCCTTTcatgcaaccatgctgtttctcactttcagtaacaat
attcaataaatcacatgagatatacaacattttattactataaaaagggctttgtgttag
atgactttgcccaactgtagggtaacttaaatgctctgaacacgtttcaagtaggctagg
gctgagtgtggtagctcatgcctgtaaccccaatacttggggaggctgaggtggaaggat
tgattgagcccaggggtttgataccagcatgggcaacgtagcaagaccttgacttcacag
aaaataaaaaattagctgggtgtcgtggcatgtgcctgtagtcctagctacttgggaggg
tgaaatcaccggagcccagggaggtcaaggctgcagtgagctgagatggtgccactgcac
tctagcctgagtgacagagtgagactctgtctttaaataaataaataaaaaTTAgccggg
cgtggtggctcacacctgtaatcccagcactttgggaggccgaggcgggcggatcacatg
gtcagaagttcgagaccagcctggccaacatggtgaaaccctgtctctactaaaaataca
aaaattagctgggcgtggtagcaggcgcttgtagtcctagctattcgggaggctgaggca
ggagaatcacttgaacccaggaggcagaggttgcagtgagccgagatcatgccactgcac
tccagcctgggcgacagagtgagactgagtctcaaaaaaataaaataaaataaaataaaa
ataaataaataaaaattagccaggcatggtggtgcaggcctgtagttgaagcaacttggg
aggctgagctgggaggatggatggagcctgggaggtggaggctgcagtgagctgtgactg
cactactgcactctatccagcctgggtgacagagcaagaccttgtctcaaaaaaGTAGGC
TAgagaccagcctgggcaacatagtgagactctatctatctacaaaaaattttaaaaatt
agctgggtatggtggtgtatgcctgtggtcctagctactggggaggcagagttaggggga
ttgcttgagcccaggagggtataatgagctatgatcacatcactgtaatccagcctgggc
aacagagcaagatgctgtctccattaaaaataaaataaaaGTAGGCTAGGCAggccgggt
gcggtggctcacgcctgtaatcccagcactttgggaggccaaggcaggcagatcacaagg
tcaggagttcgagactagcctggccaacatggtgaaacctcatctctactaaaaaaaaaa
ataaataaataacaaaaaattagctgggcgtcggggcaggtgcctgtaatcccagctact
cagtgggctgaggcaggagaatcgcttgaacccagaaggcggaggttgcagtgagccgag
atcccgccactgcactccagcctgggtgacagagtgagactctgtctccaaaaaaaaaaa
aaaaaaaagcaggctaggctaagctatgatgttccttagattaggtgtattaaatccatt
ttcaacttacaatattttcaacttacgacgagtttatcaggaagtaacaccatcgtaagt
caagtagcatctgTATCAGGCAAAGTCATAGAACCATTTTCATGCTCTCTTTAACAATTT
TCTTTTTGAAAGCTGGTCTGGTCCTTTAAAATATATATTATGGTATAAGTTGGTGTTCTG
AAGTTAGTTAGCTACAACCAGGAGCCATTGTCTTTGAGGCATCACTGCCCCCTGATGGCA
AATGCCCCAATTGCAGGTAAAACAGTCAAGAAGAAAACGGCATTTTGAGTGTTAGACTGG
AAACTTTCCACTTGATAAGAGGTCCCAAGACTTAGTACCTGAAGGGTGAAATATTCTCCA
TCCAGTGGTTTCTTCTTTGGCTGGGGAGAGGAGCTGGTGTTGTTGGGCAGTGCTAGGAAA
GAGGCAAGGAAAGGTGATAAAAGTGAATCTGAGGCATAACTGCACCCTTGGTCTCCTCCA
CCGCTTCTTGTCCTGCTTGCTTACCTCGCTTAGTGCTCCCTGGGGGCAGCTCGTGGTGAG
GCTCCCCTTTCTTGCGGAGATTCTCTTCCTCTGTGCGCCGGTCTCTCCCAGGACAGGCAC
AAACACGCACCTCAAAGCTGTTCCGTCCCAGTAGATTACCACTACTCAGGATAGGAAAAG
AGAAGCAAGAGGCAGTAAGGAAATCAGGTCCTACCTGTCCCATTTAAAAAACCAGGCTCC
ATCTACTCCCAACCACCCTTGTCCTTTCTGGAGCCTAAGCTCCAGCTCCAGGTAGGTGGA
GGAGAAGCCACAGGTTAAGAGGTCCCAAAGCCAGAGAAAAGAAAACTGAGTGGGAGCAGT
AAGGAGATTCCCCGCCGGGGATGTGATGAGAGGTGGATGGGTAGTAGTATGGAAGAAATC
GGTAAGAGGTGGGCCCAGGGGTCAGAGGCAAGCAGAGGCTGGGGCACAGCAGGCCAGTGT
GCAGGGTGGCAAGTGGCTCCTGACCTGGAGTCTTCCAGTGTGATGATGGTGAGGATGGGC
CTCCGGTTCATGCCGCCCATGCAGGAACTGTTACACATGTAGTTGTAGTGGATGGTGGTA
CAGTCAGAGCCAACCTAGGAGATAACACAGGCCCAAGATGAGGCCAGTGCGCCTTGGGGA
GACCTGTGGCAAGCAGGGGAGGCCttttttttttttttttgagatggaatctcgctctgt
cgcccaggctggagtgcagtggcgtgatctcagctcactgcaagctccaccgcccaggtt
cacgccattctccttcctcagcctcccgagtagctgggactacaggtgcccagcaccacg
cccggctaatttttttttgtatttttcagtagagacggggtttcaccgttagccaggatg
gtctcgatctcccaacctcgtgatccgcctgccttggcctcccaaagtgctgggattaca
ggcatgagccactgcgcccagccAAGCAGGGGaggcccttagcctctgtaagcttcagtt
ttttcaactgtgcaatagttaaacccatttactttgcacatctcatggggttatagggag
gtcaaataagCAGCAGGAGAAAGCCCCCCTACTGCTCACCTGGAGGGCCACTGACAACCA
CCCTTAACCCCTCCTCCCAGAGACCCCAGTTGCAAACCAGACCTCAGGCGGCTCATAGGG
CACCACCACACTATGTCGAAAAGTGTTTCTGTCATCCAAATACTCCACACGCAAATTTCC
TTCCACTCGGATAAGATGCTGAGGAGGGGCCAGACCTAAGAGCAATCAGTGAGGAATCAG
AGGCCTGGGGACCCTGGGCAACCAGCCCTGTCGTCTCTCCAGCCCCAGCTGCTCACCATC
GCTATCTGAGCAGCGCTCATGGTGGGGGCAGCGCCTCACAACCTCCGTCATGTGCTGTGA
CTGCTTGTAGATGGCCATGGCGCGGACGCGGGTGCCGGGCGGGGGTGTGGAATCAACCCA
CAGCTGCACAGGGCAGGTCTTGGCCAGTTGGCAAAACATCTTGTTGAGGGCAGGGGAGTA
CTGTAGGAAGAGGAAGGAGACAGAGTTGAAAGTCAGGGCACAAGTGAACAGATAAAGCAA
CTGGAAGACGGCAGCAAAGAAACAAACATGCGTAAGCACCTCCTGCAACCCACTAGCGAG
CTAGAGAGAGTTGGCGTCTACACCTCAGGAGCttttcttttttttttttttttttgagat
agggtcttgctctgtcactcaggctggagcacagtggtgtgatcacagctcactgcagcc
tccatctcctggcctcaagtgatcttcccacctcagcctcctaagtggctgggactatag
gtgtgcaccaccatgcctggctaattttttgtatttttttgtagagacgaggtttcatca
tgttacccaggctggtcttgaactcctgggctcaggtgatctgcctgccttggcctcttt
gagagtgctgggattgcaggtgtgagccaccaagcctggtcAGGAGCTTATTTTCAAAAG
CCAAGGAATACACGTGGATGAAGAAAAAGAAAAGTTCTGCATCCCCAGGAGAGATGCTGA
GGGTGTGATGGGATGGATAAAAGCCCAAATTCAAGGGGGGAATATTCAACTTTGGGACAG
GAGTCAGAGATCACACATTAAGTGGGTAAACTATAAAAAAACACTGACAGGAAGCCAAAG
GGTGAAGAGGAATCCCAAAGTTCCAAACAAAAGAAATGCAGGGGGATACGGCCAGGCATT
GAAGTCTCATGGAAGCCAGCCCCTCAGGGCAACTGACCGTGCAAGTCACAGACTTGGCTG
TCCCAGAATGCAAGAAGCCCAGACGGAAACCGTAGCTGCCCTGGTAGGTTTTCTGGGAAG
GGACAGAAGATGACAGGGGCCAGGAGGGGGCTGGTGCAGGGGCCGCCGGTGTAGGAGCTG
CTGGTGCAGGGGCCACGGGGGGAGCAGCCTCTGGCATTCTGGGAGCTTCATCTGGACCTG
GGTCTTCAGTGAACCATTGTTCAATATCGTCCGGGGACAGCATCAAATCATCCATTGCTT
GGGACGGCAAGGGGGACTGTAGATGGGTGAAAAGAGCAGTCAGAGGACCAGGTCCTcagc
cccccagccccccagccctccaggtccccagccctccaggtccccagcccAACCCTTGTC
CTTACCAGAACGTTGTTTTCAGGAAGTCTGAAAGACAAGAGCAGAAAGTCAGTCCCATGG
AATTTTCGCTTCCCACAGGTCTCTGCTAGGgggctggggttggggtgggggtggtgggCC
TGCCCTTCCAATGGATCCACTCACAGTTTCCATAGGTCTGAAAATGTTTCCTGACTCAGA
GGGGGCTCGACGCTAGGATCTGACTGCGGCTCCTCCATGGCAGTGACCCGGAAGGCAGTC
TGGCTGCTGCAAGAGGAAAAGTGGGGATCCAGCATGAGACACTTCCAACCCTGGGTCACC
TGGGCCTGCAGAGAAGGAACCCCCTCCCCCAACACCATGCCAGTGTCTGAGACAGCTCGG
CTTCCTGTGGAGCAGGAAAAGAatggctgcttcacattctctcttccaatgtttcaccac
aacccaagcactcctgccccacccctcaccagccatgcacttctttgaggaaaagacaat
cagagagggacttccaaccttcccaccactaaatccccaagacttcctaaatgtgcaccc
tattcccaactcccttcctgtAttttttttttttttttgagatggagtctctctctgtca
cctaggctggagcacagtggcatgatctcagctcactgcaacctctaccttccgggttca
agccattctcctgcctcagtctcccgagtagctgggattacaggcgagtaccaccacacc
cagctaatttttgtatttttagtagagacagggctttgcatgttggccaggctggtctcg
aactccttacttcaggtgatcggcccgcctcagcctcctaaagtgccaagattacaggtg
tgagctaccgtgccctgcTCCCACCTCCTGTTAACAAGGATATAGTCATTCTCAGCCTGC
AATCTCTGTATGGGGAAGGACACCCCCTTGGCCCCCACCCTTCCCCACCTGATACACGGC
TCCATTTCTTTGATTCCTTTCACTGCAAAGCTTCTGGAAGAACAACTGTCTCACCGCTCA
CCTGCCCATTCTCTTCGGACACTCCTCAGCCCTGCATTACAAACCCCTCACGAATGGCCC
GTCTCGGCTTCTTTAATCTCATCTCTTAACAACCACTCCCTCTTCCCCAAAAGCTCTAGC
TAGACTGGCTGCCCTTCTCTGCTAATCAACTGGTGGTTCCTTGGCTAGCCAGGAACATGG
GGGTAGGCTCCTTCCCGTGCAGACTTTAAGTCATCCTATTTTAATTCACATCAcctcatt
tgcattctcatagcacttacattgtctgatacttttccttgtttattttatctgtttcct
ctaatagcatatacacttcctaagggcagggcagtgatctatcttgttgtcttgctgacc
aaagtattagatcacaatgccttgcacctgcttgggctcaataaatgtGAATAACACACA
AGCCTGTTATATGAGAGGTTAAGAGAGCGAGAAAGAGCAAGGGGCAGCCCCTGTGTGGAC
CAGCATCTTGCACGAAGTTATGCAACTATCATCGCACCTTCTCCCAGACAAGCTTTCAAA
GGCTTTGCCATGTTTtcttttgttttgtttttttgtttgttttttgagatggagtttggc
tcttttcgcccaggctggagtgcagtggtgcagtctaggctcactgcaacctctgccttc
tggtttcaagcaattctcctgcctcagcctcccgagtagctgggattacaggcccctgcc
accatgcctggctgattttttgtatttttagtagagacagggtttcaccatgttggccag
gctggtgtggaactcctgaccttgtgatccacctgcctcggcctctcaaagcgctgggat
tacaggtgtgagccactgtgcctggccCGCCATGttctttctttctttcttttttctttt
gaggcagggtcttgctttgttgcccaagctagggtacagtggtgcaatcatggctcacta
cagcctcggactcctgggctcagtgattctcctgcctcagcctcccaagtagctgggacc
acagaggcctgcctggctaattttttagtctttttctttttctttttttttttggagacg
gagtctcgccctgtcacccaggctagagtgcagtggtgtgatctcgactcactgtaacct
ccacctcccagattcaagcgatcctcttgcctcaacttcctgagtagctgggattacagg
cgcccaccaatgcgcctgattaattttttgtatttttagtagagatggggttttgccatg
ttggccaggctggtttcgaactcctgacctcaggtgatcctcccgcctccgactcccaaa
gtgctgggattacaggtgtgagccactgcacccggccaatttttgagtttttttgtagag
gcagggtttcactatgttgcccaggcAGGATGCTCTCtttctttttcttttttttttttt
CAGGGATGCTCTCTTTCTTTATGCCAAATTTGTCATCAGATTTGCTAAGAAACATGCCTA
CTGTAAGTGTTTGTTACACttttctgtttttttttttttttgagacagagttttgctctc
gtccaggctggagtgcaatggtgcgatctcggctcaccgcaacctctgcctcccaggttc
aagcgattctcctgcctcagcctcccgagtagctgggattacaggcatgcgccactgcgc
ccggctaattttgtatttttagtagagacggggtttctccatattggtcaggctggtctt
gaactcccaacttcaggtgatccgcccgccttggcctcccaaagtgctgggattacaggc
atgaaccactgtgcccagccCACTTTTCTGTTGTTTGCACTGACAAAACATCCCCTACCA
AACAGCTCCTTTAATGGCAGGCTCTTTTCTTTttttattttattttattttattttattt
tattttattttattttgagacggagtctcagctcttattgcccaggctggagtacagtgg
cactatctccgcttactgcaacctcctcccggattcaaatgattctcctgcctcagcctg
ctgagtagctaggactacaagcatgtgccaccacacctggctaattttgtacttctagta
gagacggggtttcaccatgttggtcaggctggtcttgaactcccgacctcaggtgatcca
ccccccttggcctcctaaagtgctgggattacaggcgtgagccaccaagcctggccTACC
TAGTACTCTGTGTATTATGGGAAatgtagagttgaggaaagtgctgggcacacagtaaga
gctcaacaaaggttagctctTTCTGCAATTGTTCTATTTCACTTGTTCTATATTATTATT
CTAGAGAGAACTGTGTGATTGTTAGTGCGGATCTGTGGTACTGCTCCCACCCCCACTCCA
TTAATGCAAGTACACCTCCTTCAGGGATCTATTCAGTCAACAGGCCAGGAGGTGCTGTCC
TGAAATGGGGGGCCCAAAGTCTCAATCCCACTTGGAGGGACACAGGTCTACAGACAGGTC
TCCCTGTCTTTATCTCTCAAATCTTCAGTAGCAACTAAAATCTCCGTGTTTTTCAGAGCA
GGACCTTCCCAGGGGTACCAGCATCAGTGGGCCAGGATACAAATGTGCCAGGCTGAACTA
GGCCTTCCAAATGGCCAGGGAGCCAAGAGAAATGCAGGTGCCCTTGGCTGGGTGGGAAGG
CAATGAGATCAACTGAGACCCCAAACAGGGGCAGGCCTGACCAGAATCTTAACAGTGGCT
GCTGGTATCAGTCTTGAAGGCCTATATGTCCAGTGattccctaaacaatatagtacaagt
acttacatacatacttgcatgtacattagcattttcattgtatgggggtaatgtaagtaa
tctagagataatttaaactatatgggaggatatgtgtaggttaaatccaaatactatacc
gtcttatatatgggacttagacatctgtgggtttggtgtgtgaggagtcccagaaccaag
cccctacagatagagggataactatattgccctgtaacctgcaaccctgctatatttatt
tattagttttggtagctttttatggattttccattaggacttttttttttttttgagata
gagtttcactctttttttttttttttgagacggaatctcgctctgttgcccggcgtggtg
tgcaatggcatgatctcagctcactgcaacctccacctcctgggttcaagcaattcttct
gtctcagcctcccaagtagctgggattacaggcgcccaccactacacccagctaattctt
gtatttttagtagagacggggtttcaccatgttaggttggtctcaaactcctgacctcag
gtgatcggcctgcctcagcctcccgaagtgctgggattacaggcgtaagccaccacaccc
tgccggagtttcactcttgttgcccaggctggagtgcaatagcgcgatctcggctcactg
caacctctgcctcccaggtccaagcaattctcctgcctcagcctcctgagtagctgggat
tagaggtgcccgtcaccacgcctggctgattttttgtatttttattagagttggggtttc
accatgttggccaggctggtcccagggaagccacctgcctcagcctcctaaaagtgctag
gattacaggcatgagccaccacgcctggccccattaggacatgtatgtatagaatcatac
tggctgtgaatgtgttttatttcttcctttctaatcgttattttttttctttcctttttt
ttttttttttttgacatggaattttgctcttgtcgcctaggctggagtgcaatgggacaa
tctcggctcactgcaacctctgcctcctgggttcaagtgattctcctgcctctgcctcct
gagtagctgggactacaggcgttcaccactacccctggctaattcttttttttttgagac
ggagtttttgcttttgtcacccaggctggagtgcaatggtgcaatctcggctcactacaa
cctccgcctcccaggttcaagcgattctcctgcctaagcctcccaagtagctgggattac
aggcgcccgccactacgcccggctaatttttgtatttttagtagagatggggtttcacca
tgttggccaggctggtgttgaactcctgacctcaggtgatccacccacctcggcctccca
aagtgctgggattacaggcatgagccactgtacccggccaacgcctggctatttttttaa
tattttaatagagacgaggtttcaccatctttgtcaggctggtctccaactccagacctc
aggtgatctgcccacctcggcctcccaaagtgctgggattataggcgtgagacatcgggc
cACTAATCAttatttctttttctttttttttttttgagacacagtcttgctctgtcgccc
aggctggagtgcagtggctcgatctcagctcactgcaagctccgccccctgagttcacgc
cattctcctgcctcagcctcccgagtagctgggactacaggcgcccgccactacgcccgg
ctaattttttgtatatttagtagagacagggtttcaccgtgttagccaggatggtctcga
tctcctgacctcgtgatccacccgtctcggcttcccaaagtgctgggattacaggcctga
gccaccgcacccggccctcattatttctttttcttgcctggttaaaacctccagtatggt
atcaacgttgtgagagtcaaatccttttctagttcctgatcttagaggaaaaagcgttga
gttttcttttcttttttttttttttttttttttgagacgaagtctcactctgtcacccag
gctggagtgcagtggcacgatctaggctctgcaagctccgcctcccgggttcacgccatt
ctctcgcctcagcctcccgagtagctgggactataggcgcccgccaccatgcccggctaa
ttttttgtttttgtatttttagtagagacggggtttcagcatgctagtcaggacagtctc
gatctcctgacctcgtgatccgcccgcctaggcctcccaaagtgctggcattacaggcgt
gagccaccgcgcccggcagcactgagttttctaccattatgtatgctgctagtggaactc
cgactgtggacgccctgttatcaaactaggttaagtttcctttccctagtttgctaggag
gttggttggtttgtaatcatgcatatgtgttgaatatcattaactgcttttgctacatct
gttgaaatgatcatagggtttttatgtttccctttgttaatgtggtgaattacacagact
gatttttttccccccagtaaagaccagtctgactatgttgcccaggctggtcttgaaatc
ctgggctcaagagatcttcctgcctcagcctcctaaaatgttgggattacaggcctgagc
tactgcaccaggccaatttttgaatgttgaatcagctacaatcatgagataaacattatt
tggttagaatgtatttatcctttttctttttctttttttgagatggagtctcactctgtt
gcccaggctggagtgcaatggtgtgatcccagctcagtgcaacttctgcctcctgggttc
aagcgattctcctgcctcagactcccgagtagctgggatttcaggtgcccaccaccatgc
ccagctaatttttttttttttttgagatgaagtcttgctctgtcgcccaggctggagtgc
agtggcacgatcttggctcactgcaacctctgcctcccgggttcaagcaattctgcctca
gcctcctgagtagctgggattacaggcaggtgccaccacaccggctgatttttgtatttt
tagtagagatggcgtttcaccacattggtcaggctggtcttgaactcctgacctcgtgat
ctgcccacctcggcctcccaaagtgctgggattacaggcgtgagccaccgtgcccagcct
gatttttgtatttttattagaaacggggtttcaccatgttggtcaggctggtctcaaact
cctgacctcaagtgatctgcctgcctcagcctcccaaagtgctgggattacaggcgtgag
ccaccgcgactggcctatttatccttttttctatattaccaggtttggtttgctaaaatt
ggttagctgttgcatgtctatgctaacaggaatattggtctatattttcttttcttataa
tgtccttgtttggttttggtaccaggattatgctggcttcgaaaacaagttgggaaatat
tcctctattttttctttctttctttttttttctgagacagggtctcactctgttgcccag
gctggagtgcagtggcgcaatctcggctcactgcaacctccgcttcccaggttcaaggga
ttcttgtgcctcagcctcctgagtaactggcattacaggtatgtgtcaccacgcctagct
actttttgtatttttagtagagatggggtttcgccgtgttggccaggctggtctcgaact
cccgacctcaaatgatcccctgcctcagcgtaccaaagtgctgagattacaggtatgagc
caccgcgcccagtctgttcctctgttttctgaagagtttgtgtaagatgggtactgtttc
ttcctccaacgtttAAAGAgagcagagaacagaggagataaatagaaaatagcactaaga
ggtcaggcatggtggctcacacctgtaatcccagcactttgggaggccgagatgggatga
aagcttgaggccagcagtttgagaccagcctgggcaacatagtgagatcctgtcaataca
aaaaaataaaatagttagctgggtgtggtggagtaatcccagctactcgtgaggctgcta
gaggactgcttgagcccaggggttcgaggctgcagtaagccttgattgtgccattgtact
ctagcctgggcaacagtgtgagtccctgtctcaaaaattaacaaagaaaaaaagaaaata
gcactaaaatggtagccctatactccaactgtaaaataattaaaattaaaAGCattcagt
agagaaaggaagcctatttcaacaagtggagacagaataactggatttccatacaggaaa
gataccagagactgactcctacacctcacaccataaacaattaattttaagaattaatta
atggctcaaggaccttactgtaaaacttacaaccataaaggtcctaaaagaaaatgtaag
ataatatcttcatgaccctggggttaaaaaaaaaaaaaaagatgtcctaaacaggacaag
gcaaatactgaacataaaaaagataaatccactcctcttaagatactgtaaactctgtaa
agcaaacaaataggcaagcaacagatcagaagaaaacattcacgacacatggatctgata
aaggacttgtatccagaatgtataaagcagtcccacaactgaacaataaaaacaaacaaa
aaaccaaaataacaggtaaaagactcgaagagctactttacaaacaaaatacgaatggcc
aataggcacatgaaaaaatgctgaacatccttagtcaatagagaactgtaaattacaacc
acaaggatataccacattagaaagactgacaatacctaatgtccggaaggctgtggcaca
accataataactcccataccttgctagttggagtgtaaaatggtacaaccgctctggaaa
actcagagcttctgaaaaagttcaaaatacagctactttttacttccaaactcgcaattc
ccctcctaagtatttctccaagaaacacgaaaacatatgatcacaaaaagaattgtacaa
gaatgtttatagcagctttatttcataaccgcaaatgggaaacaactcaaaaggccatca
aaaggacggatatacaatcgatggactatactaaatgaaaaggagcaaaatactgatata
tacaacatgaacgaatgtcagacagtacattgaaggacagaagcccgacaaaaatgagca
cataatgtatgattccccccttttttttgagacggagtttcgttcttgtcgcccaggctg
gagtgtagtggcacgatcttggctcactgcaacctctgcctcccgggttcaagcgattct
cctgcctcaccctcccgaatagctgggattacaggcacccaccacgcccagctaattttt
gtattttttagtagagacggggattcaccacgttggccacgctggtctggaactcctatc
ctcaagtaatccgcccgcctcggcctcccaaagtgcaggcgtgagccacagcgcccagcc
tgattccattctatatgaagttctccaacaggcaaaatggttatggagatcaaaataaag
gtggggtcgggaatcgactgggaagagacgtgatgaaacgtttctgggacgatgaaaagg
gtctgtgacttggtaggcatcacggagcggttaggggccaaaactcatcttcctgtgcac
ttgctgtgtgcactggcgctgtgtgtaaatgccacctcgaTTTAGGAAAAAGATGACGTA
AGTACGGCACAAAGTGGCCGGTACGCGGCAGGTGCATGGGAAGAAACTGCGGAATGAAAC
AACCGCGAGCTAAGAGATGGGGCAGCGGGAGAAATGAATTCGAGTTCCGCCTCCTACCAG
GAAGAACCGGCTCGGGCCGGAGGGCTGCACGGAGGACCACACGGACGCCTGCGGGCCCGC
CCCTTCCGCTTCACGACGTTCAGCCTGCGTCTGGAACTGGAATGGCCTAGCCCAAAGCTA
GATAACAGGTAGATTGTTTTTCCGACAAATTATCAAACGACCCATCATTGCACTCTTTCA
AAATTTGATTCTCAGACGTACCCATTCTTTTTTTTTTTCCTCCGGGAAGATGAGATATAC
TCATTCTTGAAAATACCTCCGGGCTTGCCTTCTGCACACTTCTTTCCCTCCCTGTCTCAC
GCCATGGTAGCGTCCGCCTAGGTTGCAGGCGACCCGCGGGGTGGGGCACACCATTCAAAG
AAGGGGAGGGATTGAGGTTTGCATCAAAACAAATACCCCTGCCTTTGCAAAGGCCATAAC
TAAGTAATCCAGAAAAAGAAATGCAGGCGGAGAATAGCAGCCTCCCTCTGCCAAGTAAGA
GGAACCGGCCTAAAGGACATTTTCTCTCTCTCTCCTCCCCTCTCATCGGGTGAATAGTGA
GCTGCTCCGGCAAAAAGAAACCGGAAATGCTGCTGCAAGAGGCAGAAATGTAAATGTGGA
GCCAAACAATAACAGGGCTGCCGGGCCTCTCAGATTGCGACGGTCCTCCTCGGCCTGGCG
GGCAAACCCCTGGTTTAGCACTTCTCACTTCCACGACTGACAGCCTTCAATTGGATTTTC
TCCATCTAGCGGAGCCGGGGGCTGCCTGGAAAGATCGCTCCAGGAAGGACAAAGGTCCGG
AAGTTGTGGGACCTTAGCAGCTTGGGCTCCCCGGATCACCCCCAAATGATCATTTCGGAA
TGGAGCCCCAGTTTTCACTAGGATGCCATGGGCTCTAAAATATACAGCTATGAGTTCTCA
ATGTTTCGAGATCCAAAAGTCTCAGACCTCAATGCTTTGTGCATCTTTTATTTCAGGGAT
TCCCTACGCCCAGCACCGGGTGGATGTGCAAAGAAGTACGCTTTAGGCCGGCTCAAGGTT
CCCCAAAGCTCCACTCCTCTGCCTAGGCGTTCAACTTTGAGTTCGGATGGTCCTAACATC
CCCATCATCTACACCCAGGTCTCCCAACAATGCAACTCCTATGATGATCCCTCTAGCCAA
GCTTCCATCCCACTCACCCCCAAACTCGCTAAGTCCCCACTGCCCCACCCCCAGCCCCAG
CGATTTTCCCGAGCTGAAAATACACGGAGCCGAGAGCCCGTGACTCAGAGAGGACTCATC
AAGTTCAGTCAGGAGCTTACCCAATCCAGGGAAGCGTGTCACCGTCGTGGAAAGCACGCT
CCCAGCCCGAACGCAAAGTGTCCCCGGAGCCCAGCAGCTACCTGCTCCCTGGACGGTGGC
TCTAGACTTTTGAGAAGCTCAAAACTTTTAGCGCCAGTCTTGAGCACATGGGAGGGGAAA
ACCCCAATCCCATCAACCCCTGCGAGGCTCCTGGCACAAAGCTGGACAGTCGCCATGACA
AGTAAGGGCAAGTAATCCGCCTGCCGGAGGAAGCAAAGGAAATGGAGTTGGGGAGGAGGG
TGCAGAGTCAGGATTCTCGCCGACCTGGTGCCGTAGATACTAACATTTTGGGGTGGAAAA
TTCTGCAAGCCAGAGCTGTGAGGGCAGAATTGGTGGAAATCATTTTGGAGGAATCCTGCA
TTGTGTCAAATATGAAGGGTGGAAGGAAGAAAGCTTTTGCGTTTGCTCTCAGCTGGATCC
TTTCTTCTCATCAgttaaaatgtcattttttaggaaggctttccgtaatatcacacccta
acgttttctcccagatactttatatcacaccatcttatttaatctccttcacaaccctta
tcactctgataagatttatttgttcattgctttcagtacatggaaacgtaagccttatga
ggatatagaatttttctactatcttattcattgttgtattcctgagtgcctatatcagtg
ctgggtagcaagtaagagctcgataataaatattttttgaatgagggaGACAGGTCTGAA
GCCTGGAGAATGAGATGCAGAAGAGGTGCAAGACCTGCTGCGCCCTCTGCAGGCGGCGGG
GGGGCGGTGCAGGTGCTTTAAGAATTACCGCGGGACTCGGTAGGGGGAGCGTAGGCGCTT
CTCGCCAAGATAGAAGCGTTCAGACTACAACTCCCAGCAGCCACGAGGAGCCCTAGGGCT
TGATGGGAACGGGAAACCTTCTAACCTTTCACGTCCCGGCTCCGCGGGTTCCGTGGGTCG
CCCGCGAAATCTGATCCGGGATGCGGCGGCCCAATCGGAAGGTGGACCGAAATCCCGCGA
CAGCAAGAGGCCCGTAGCGACCCGCGGTGCTAAGGAACACAGTGCTTTCAAAAGAATTGG
CGTCCGCTGTTCGCCTCTCCTCCCGGGAGTCTTCTGCCTACTCCCAGAAGAGGAGGGAAG
CACAGGTGGGTTTCTTTAGCTCTGCGTCGGATCCCTGAGAACTTCGAAGCCATCCTGGCT
GAGGCTAATCTCCGCTGTGCTTCCTCTGCAGTATGAAGACTTTGGAGACTCAACCGTTAG
CTCCGGACTGCTGTCCTTCAGACCAGGACCCAGCTCCAGCCCATCCTTCTCCCCACGCTT
CCCCGATGAATAAAAATGCGGACTCTGAACTGATGCCACCGCCTCCCGAAAGGGGGGATC
CGCCCCGGTTGTCCCCAGATCCTGTGGCTGGCTCAGCTGTGTCCCAGGAGCTACGGGAGG
GGGACCCAGTTTCTCTCTCCACTCCCCTGGAAACAGAGTTTGGTTCCCCTAGTGAGTTGA
GTCCTCGAATCGAGGAGCAAGAACTTTCTGAAAATACAAGCCTTCCTGCAGAAGAAGCAA
ACGGGAGCCTTTCTGAAGAAGAAGCGAACGGGCCAGAGTTGGGGTCTGGAAAAGCCATGG
AAGATACCTCTGGGGAACCCGCTGCAGAGGACGAGGGAGACACGTAAGTGGTGATGGCAG
TGGAGTGTGGAGTCTGGGGAGATGAAGTGTGAGGTCGATCTGTCCTCTGGTCCTGAGACC
CACTTCTCCAGGCCTCTGCCCCCTTTGCTTGGCGACCCAGGTTTATTGTCCCCCATCTTC
CTTTCAGCGCTTGGAACTACAGCTTCTCCCAGCTGCCTCGATTTCTCAGTGGTTCCTGGT
CAGAGTTCAGCACCCAACCTGAGAACTTCTTGAAAGGCTGTAAGTGGTAAGGATAACAAC
GGGGCAGGGAGCTGACCACCCCCGAGATTTTCACTGTAAAACAGTCCAGTTTTCTAGGAG
AGGGATGCCCCAGAGCTGGGAGAAGCGGCACGTAGCCCTTTTAGACTGAGCTTACATTTT
ATCTAGCAGTTTGTGTCTTCTACTTCCCTCAAGGATTCAGGGGGGCTTACCTACCCCAGA
GGCAGGCTCAGCCCTAGCCCTACACTTGAAAAGCATAGGTCTGGCCAGCTTTCTAACTCT
CCCCTGTTTCTAGGGCTCCTGACGGTTCCTGCATCTTGACCAATAGTGCTGATAACATCT
TGCGAATTTATAACCTGCCCCCAGAGCTGTACCATGAGGGGGAGCAGGTGGAATATGCAG
AAATGGTAAGGACTGGGGCTAACTGCCTCTTCATCAATGCTGCACATTTAAGTCCTTCGT
GGAGATGGAAAAAGTGTAGTCCAAGTGTTTCCTGTTCACAAACGGGACTGTTTTTCAAGA
CGAGTTTCCACATGTAGCGTTTTCTGCCCCGAATTCTGAAGTTATTTAGAGAGAGGTTTC
CCCTTTCTTTAATTAGGAATCTGTGTTTTTTGCTAAAAAGTAGTGAATTTCTTGTGGCAG
CATATATATAtttctatttcttatttttttgagacaaggtcttgctctgtcacccaggct
ggagtgctgtggtgtgatctcggctcactgcaacctctgcctcccgggttcaagcgattc
tcctgcctcagcctcacaagtagctggtattacaggcgcacgccatcacactcgactaat
ttttatagttttagtagagacggggtttcgccatgttgggcaggctgatatcaaattcct
gacctcagaggatccgcccaccttggcctcccaaagtgcggggatcacaggtgtgagtca
ccgtgcctggcTTATAGCtatttattgattgactactgatatatgttagtcactgtgctg
ggataaagtggtggacaagacagatgaagggctggtttgctttctgtgtgggagacagac
aacaaacatgtaaaccagcaagcatcaggaccaagatgatgataaatgctctgaaggaaa
tacacagaatgaagagagactaactagaggaaagcacattgcataaaatggtcaggaagg
agctctctgaaaaggaggcatttgagctaagacctgaaggaggataagggatcagtcatg
tgaaggcttctggaaagagctttccaggaactggcaatgatactataaacacccagaact
gggaaatagctttgtgcgttaaaagaccagaaaggccctgcatggtggctcacgcctgta
atcccagctactcaggaggccgaggtgtgcagatcacttgaggccaggagttcgagacca
gcctggccaatatggcaaaaccccatcgctactaaaaataccaaaattagacgcatgtgg
tggcacgcgcctgtaatcccagctacttgtgtggctgaggcaggagaatctcttaaactc
aggaggtggaggctgcagtcagacaaaattgtaccactgcactccagcctgggcgacaga
gtgagactccatctcaaaaaacaacaaaaCAgactgggctcagtggctcacacctgtaat
cccagcactttgggaggctgaggtgggcagatcacctgaggtcaagagtttgagaccagc
ctggccaacatggcaaaacctcatctctacaaaaatacaaaaattagctgggtgtgatgg
tgggtgcctgtaatcccagctacttgagaggctgaagcagaagaatcatttgaacccagg
agatggaggttgcagtgagccaagatcatgtcactgcactccagcctgggtgacagagtg
agactccatcccaaaacaaacaaacaaacaaacaaacaaacaaacaaacacaaaacaaaa
aacccagaatgctggtatagccagactgaggcaagtgagggggacagaggggtgaggaca
gagaagagcagccacgtcgtgttggttcttatgggtaaggcatttggagtttatttggga
agtcatgagagagGTGttttttttttttttttgagacgagtcttgctctgtcgcccaggc
tggagtgcaatggcgtgatctcggctcactgcaacctctgcctcctggattcaagcgatt
ctcctgcctcagcctcccgagtagctgggattacaggcacccgccaccatgcccagctaa
tttttgtatttttttaaatagagacggggttttaccatattggccaggatggtctcgtac
tcctgacatttgatccgccggtctcggcctcccaaagtgctgggattataggcatgagcc
accgcgcctggcTtaatttttgtatttttagtagagacaggttttgccacgttggcctgg
ctggtctcaaactcctgacctcaggtgatccacctgcctcagccttccaaagtgctagga
ttacaggcgtgagccaccatgccaggccATGAGAGAGGttttttttgtttgtttgtttga
gacagagtcttgctctgttgtccaggctggagtgcagtggcaccatctcagctcaccgca
acctccgcctcccaggtttaagtgattctcctgcctcaaccttccgagtagctgggatta
caggcatgtgccaccacacccggctaatttttttgtatttttttagtagagatggggggt
tcatcatattggccaggctggtctcgaactcctgaccttgtgatctgcccaccttggcct
cccaaagtgctgggattacaggcatgagccactgcgcccggccAAGAGAGTTTTAAAACA
GAAGAGTGAATGGTTTATGGGTGGGCAAGAGTGAAATCCAGggccaggcacggtggctca
cgcctgtaatcccaacactttgggaggctgagatgggtggatcacctgaggtgaagagtt
ttagaccagcctggccaacatggtaaaaccctgtctctactcaaatacaaaaattagttg
gggctgggtgcggtggctgactcctgtaatcccagcactttgggaggctgaggcaggtgg
atcacctgaggtcaggagttcgagaccagcctggccaacatgatgaaaccccatctctat
taaaaatacaaaaaattagctgggcgtggtggcgggcgcctgtaatcccagctactctgg
agtctgaggcaggagaattacttgaaccaaggagatggaggttgcagtgagccaggattg
caccactgcactccagtccaggcaacagtgtaagactccgtctcaaaaaaaaaaaaaaaa
aaaaaagaTTGGCTATAGTTTTCTCCCacccatcctaatcaggttctgcctccatcgctt
cctgaaagtgctcttgtcaaggtcactaatgtcctcttGGGTCAttctcctttttttttt
ttttttttttttttgagacagagtctcgctctgtcacccagctggagtgcagtggcgcca
tctcagctcactgcaagctctgcctcccgggatcacgccattctcctgcctcagcctctc
ccgagtagctgggactacaggcgcccgccaccacgcctggctaattttttgtatttttag
tagagacggggtttcaccatggtctcgatctcctgacctcgtgatcctcctgcctcggcc
tcccaaagtgctgggattacaagcatgagccaccgcgcccagccCCTCTTGGGTCATTCT
CTAAATTCGCCTCACTGCATCTCTTAGCAGCATGAGTCACTGTCTCCACCTCCCTGCGCT
GGAGCACTCAGGCACTCAGGGCTCTGCTGGGCCTTCTCCTCCTCCATCAGCACTCTTTCT
TTTTTTTCTTTTTTTTGAGACGGAGTTTCAAAAAATCAGACCCACCAAGGCATGTGGCAG
TTGTGTTGCTCTTTGCTCGGTAcccgctagaggtctgttgccattaatttgaaatgagac
cagttagtgtgactgtgcatctttcCTGGCAAGTTAAATGACTATagtttctctgtttgt
aaaatggggatgattataatagcacctgcctcacagagttgtgagaattaaaataatcag
taatgaattaaagcacttaaggccgggtgcggtggctcacgcctataatcccagcacttt
ggggggccgaggcaggtggatcgcctgaggtcaggaattcaagaccgacctggccaacat
agtgaaaccctgtctttactaaaaatacaaaaattagccgggcttagtggcgggcgcctg
taatcccagctacttgggaggtttgaggcaggagaattgcttgaatccaggaggcgaagg
ttgcagtgagctgatcgcaccactgcactccagcctgggcaagagagcaagacttagtct
caaaaaaaaataataaaattaaaaaaaagtacttaaaacagcacctagcatatagtaagt
gttcggtaaacactagtAGTCACTGGTATCAGTTGTGTGCAAGCCAAGAATAGGAGGATG
GTATGGTTGAGGTTTACCAGgagagaaagacaagggtatcctgagagtgtcttcaagagt
gtgcatgccatggtggactagaatctacagtgggtaaggaACTGGACTGTAAATAAGTTT
TTGATGAAGCTGAATAAATTGTCATGGTAGAAATAGCAGAGCAGggtcaggcctggtggc
tcacgcctgtaatcccgacactttgggaggccgaggcgggtggatcacctaaggtcagga
gttcgagaccagcctggccaatatggtgaaaccccgtctctactaaaaaagatacaaagt
tagccaggcatggtCGTGATTATGATATTAATGATTATAATATTAAAACATTTTAAAAAA
TATATCTTGCAATACAGATAGTCAATTTGttttctttttttctttctttttttttttttt
tttttgagacagagtctcgctctgtggcccaggctggagagcagtggtgtgatcttgcct
cactgcaacctctgtttcccggttcaagcgattctcctgcctcagcttcctgagtagctg
ggattacaggcacgcaccaccgcacccggctaatttttgtatttttagtagagatggggt
ttcgccaagttggccaggctggtctcaaactcccgacctcaagtgatccacccatttccg
cctcctaaagtgctgggattacaggcgtgagccactgctcctggccAGTCAGTTTGTTTT
CAAAAGATTTTTGTGGCTggtgtggtggctcatgcctataatcccagcactttgggagac
caaggtgggaggaatgcttgagcccaggagtttgagaccagccttggtaacacagccaga
tcctgtctctatcaaaaaagttgggcctatggtcccagctacttgggaggctgaggtggg
aggatcgcttgagcctgcgaggttgaggctgccatgacctttgattgcaccattgtactc
tagcctgggcgacagagtgagactctgtctcaaaacaaacaaccaaaaCCtttttgtgct
tttttttttttttttCCTGCTAGTGTACCAGTTCTATCGCAACCTCTCTCATTAGGTATT
TTCATTTTTAGTGTCTACAAGCTTAGCATTTGAAATAGATAACtttttttttttgagatg
gagtcttgctgtgtcccccaggctggagtgcagtggcgcgatctcagctcactgcaagct
ccgcctcccgggttcacgccattctcctgcctcagcctctcgagtagctgggactacacg
cacccactgccaccacgccaggctaattttttgtatttttagtacagtcggggtttcacc
atgttagccaggatggtctcgatctcctgacctcgtgatccgcccgccttggcctctcaa
agtgctgggattacaggcgtgagccactgcacccggccTTAAATAGATAAAATTTGTATA
GGTCAGAAAATTGGGGAAGGGTGTATTTGGGTATTTCCATATACTTGTGTGTACTGAGTC
TTCTTCCCAATATAGTTTCTCGGGTTTTCTCCTTTCTTTTCCACCTTTTCACAGAACTTT
CTGCAAGTCTCATTTCCAGCTCCCCAGCGTCTTTCCTGAGTACTTGCCCTGCCCCGTGGG
TCTTGCAGGAAGCCTTTACTCCTCGTCTTGCCCTCTCCAGGAGACACTTTGCATCCTCTG
TACCCTTTATCTCTCAGGGTGGGGACGGGGAATGTCCTCATTCCCAAATGCTGTAGCCAC
ACAATTGCTCTTTCGTCTTTGTGAAACTTTTCCCTTGAGGCTTATGCTGATTCTCTCTCC
CGCTGACGACGTTGGCACTGTACAGCCTTCCGGTGCTCTCCTGTTCGCCCGCCATTTTGG
TGACCTcaggtatccaagccaaaagccagggtctctctcatcctttaatctttaatctcc
ctgttcctaacccctcacatccaattacttcccaaatcccatcaagtctgcctaatcttc
ctaatccacccacatctgtccctcccactgcctctactttaattcaaggtcctattattt
tgggccttatgttgctgaaacagtctcctgcctCCTTTTGCTCATTAAAACCGTATTTGT
TGACTCTGCTTATTCTGCACCACGTGTTGGGGAAGCAGTGGTGAGAGCGAGGCAGATGTG
ATTCCCTCCTTCTCtgataggtatgacggaaggggagtgaggagcaccaggggctatagg
aaagaggaacaggggcgccttgcttagctggaggggttagggaagcgttcccagaggaag
aagcatctaagagacctgaaggatgactaggattcagccaggaggagtcgttgggggaga
tgaaggaagaatattccagacttggagcctaggacatgtgaaagccagtgggttgaaagt
gtggcgagttGGCACTTTATGGGACCTGAGAGTCAAAATGGCGGGACTCAGAGAtttttt
ttttttttttttttttttttgaaatggagtcttgctctgtcgcccaggctggagtgcagt
ggcgcgatctgggttcactgcaagctccgcctcccaggttcacgccattctcctgcctca
gcctcccgagtagctgggactacaggcgcccgccaccacgcctggctaattttttgtgtt
tttagtagacacggggtttcaccacgttagccaggatggtctcgatctcctgaccttgtg
atccgcccgccttggcctcccaaagtgctgggattactggcgtgagccactgcgcccggt
cAGGACTCAGAGATTTTTATGGGAATTAGCAGATAGAGATAAGCCTTGAGAGGTGGGTCG
GGGGTAGCACGTGGTAATGGAAGACTAggaggaggaactggcaagatttggtattgggtt
ggaccaggagtggaaaggaagtgaagagtggtagcagtcaaggctggtgctcagatttca
ggattgagcactggtgtggagtccaggaggaacagcaggtttgatggtggtggatgccgg
gcctattatggacaaattgagtttgaggaacctgtgggatgatcaagtggcactgtccac
caggcagttggatatatgggttcagagtatagaggTGGACACTGAAGTCCTGGCTGGTTG
ACATCAGCCTGAGGCCCAGAAGACAACTGACGAAGGACagtgtccagactatttatctct
cacaaatcagtaagaaaaagacggctgggcatggtggctcatgcctgtaatcccagcact
ttgggaagccgaggcaggtggatcacccgaggtcaggagttcaagaccagcctgaccaac
atggcaaaatcccgtctctactaaaaatacaaaaattagccgggtgtggtggcaggcgcc
tgtaatcccagctactcaggaggctgaggcaggagaattgcttgaacctgggaggtggag
gtagtagtgagccgagatcgtgccactgcactccagcctggggacagagggagactctgc
ctccaaaaaaaaaaaaagaaaagaaaaagaaaaaagagaagaaaagaaaaagacaacaac
tggtcaggcatggtggctcacacctgtaatccccactttgggaggccgaggtaggcagat
cacttgaggctgggagtttgagaccagcctggccaacatggtgaaaccccatct
