>scga-mini-dna-014-tumor-2
caccgtgttagccagactggtctcgaactcctgacctcaagtgatcctcccacctcagct
tcccaaagtgctgggattataggcctgagccactgtgcctggccAAGGCCCCAGTTTTAT
TTTTTCAGTTGTGCCAGCTTCATTTATTTTTTTTCCCCCAAGGCAACTTGGAAATGTGTG
TTGGGCAAAAAAATATATTTTTAAGAGATAGGggccaggtgcggtggctcacgcctgtaa
tcctagcgctttgggaagccgaggcgggtggattgccggagctcaggagtttgagaccag
cctggggaacacggtgaaaccctgtctctactaaaaatacaaaaaattagctggatgtgg
cgacaggcacctgtaatcccagctacttgggaggctgaggcagaagaatcgcttgaaccc
gggacgtggatgttgcagtgagccaacatcgtgccattgcactctagcctgggtgagaga
gccagattccatctcagaaaacaaacaaacaaaaaaagagaTAGGggccgggcacagtgg
ctcacgcctgtaatcccagcactttgggaggctgaggtgggcggatcacctaagctcagg
agttcgaaaccagcctgatcaacatggagaaaccctgtctctactgaaaatgcaaaaaaa
attagccaggtgtggtggcgtatgcctgtaatcccggctactcgggaggctgaggcagga
gaatcacttcaacgtaggaagcggaggttgcggtgagtcaagatcacaccattacactcc
agcctgggcaatgagagcgaaactctgtctcaaaaaaaaaaaaaaaaaaaaaaaaaaaaa
GATAACAAAAAGAACAAAAGAACAAATATATCTAATGTGTTCCAATTAAATTGAAATGCT
AATTTTGGCCATGTAATAATTCTCCTGTATGAGAACATCTCCTGTATTTGTTACTTGCTT
TCCTTGGTTTGTCTACCACTCCATATGTCACATCCACCTCATTCCAGCAGTTATATAGTA
AGTTTTCtttttttttttctcgtttctttttttttttttttgatggagtctcactcttgt
tgcccaggctggagtacagtagcgtgatctcagctcgctgcagcttccacctctcgagtt
caagtgattctcctgcctcagcctcccaagtagctgggattacaggcatgtgccaccatg
cctggctaattttgtatttttagtagagatggggtttcaccatgttggtcaggctggtct
tgaactcctgacctcatgtgatccactgccttggactcccaaagtgctgggattacaggc
gtgagccactgcacctgCCTAGCCTATACTAAGTTCTCTAAAATCTGGCAAGGCAAATAG
GACCCCCTCTCCATTCTGTTGCttattatttacttattatttacaattttattatttatg
ttattttatattatttattttatttattgagacagtctcccgctgtgtcgtccaggctgg
agtgcagtggcacgatttcagcttactgcaacctctgcctcccggtttcaagggattctc
ctgcctcagcctctcgagtagctgggattataggtatgcactaccacgcctggctaagtt
ttgtatttttagtatagacggggttttgccatgttgcccagactggtccggaactcctga
gctgaaagcgattcacccgccttggcctcccaaagtgctgggattacaggcgggagccac
cgtgcccggccTCCAGTAttttgtttatttattttttttgagacagagtctcactctgtt
gcacaggctggagtgcagtggcacaatctctgctcactgcaacctcctcctccctggtta
agagatcctcctgcctcagcccccttagtagctgggattacaggcgtgggccaccactgc
caggctaatttttgtatttttagtagagatgggatttcgctatgttggccaggctgtctt
gaactcctgacctcaggtgatccacctgccttggcctAAAGAGAGAGAGAgagacggagt
ctcactttgtcgccagggtggagtgcagtgacaggatctcggctcattgcaacctccacc
tcccgggttcaagcaactctcctgcctcagcctccagagtagctggaactacaggcacgt
gccaccatgcccagctaattttttgtatctttagtagagacgagttttcactatgttggc
cagatggtctcgatctcctgacctcatgatctgcccgcctcggtctcccaaagtgctggg
attagaggcgtgagccaccatgcctggccCAAATCCAGTATTTATTTAAACAACTAGTGA
CACTTActcgttcctatacatttatgataaatttacccaactcacacacacacacaatga
aaatttgggattctaattgaaattgcattatattatatttatctcgagataattgatttt
tcttatttttttagttttcccatctgagaatctatcattttctttggatcttggcttacg
tcgttaaataagggtttgtggtcttctgcatacaggctctgtgccattccttctttgtgt
gtgccattcctattacacatttcttaatgtttattgctattgtctttttttttttttttt
ttttgagatggagcctcacactgttgcccaggctggaaagcactggcaggatcttggctc
actgcaatctctgcctcctgggttcaagtgattcttctgcttcgacctcccgagtagctg
gaattacaggcttacactaccatagctggctgatttttgtattttcagtagagacagggt
gtcaccatgttggccaggctgatctcaaacttgacctcagatgatcctcctgcctcagcc
tcccaaagtgctgggattacaggtgtgagccaccatgcccggccttattgtcattatttt
gaatggaatgttttcttgttgtctaatttttcacagtgcttctgctggaagataaaatta
atatttttctacctactacttatctgccttactaaattctgttaattccataatatttct
gagttttggtatactatcctataatcaAAAAGGCATATATGTGTGTGCATGTATGTACGT
GTTTGTGtatatatataatatatataatataatataatatatatataATTTCCAAACATC
CACTCTAACCAGAAAGAGGTATATTTACTAGTGATTTTCTTCCTTTTTTGTTCCTCTTGA
ATGCACTAAAACCAGAGTAggctgggcacagtggctcactcctgtagtctcagtgctttg
ggaggcagaggcgggtggatcatgaggtcaggagttcgagaccagcttggccaacatggt
gaaaccctgtctctactaaaaatacaaaaaattagccgggggtggtggcaggcacctgta
attccaggtattcaagaggctgaggcaagagaatcgcttgaatccgggaggtggaggttg
cagagaacagaaaccacgccactgtactccagcctgggcaacagagcgagactccgtctc
agaaaaaagaaaagaaaagaaaagaaaaaaTAAAACCAGAGTAAGTCTATATCCCCACAG
TTTTTAATTTAATTAATTAATTACtttgtttatttattttgagatggagtcttgccctgt
cacccaggctgagtgcaatggcacgatctttgcccactgcaacctccgcctcctgggttc
aagcgattctcctgcctcagcctcccaagtagctgggattacaggtgcctgccaccacgc
ctagctactttttgtatttttagtagagacggggtttcaccacgttggccaggctggtct
cgaactcctgacctcctgatgtgcctgccttggcctcccaagcgctggaattacaggcgt
gagccaccgtgcccggccAGtttttaatttttttaaatagagacagggtctttctctgtt
gcctgggctggtctcaagggatcctcccaccttggcctcccaaagtgctgggatcacagg
catgagccaccatacagccccttatactgttcttgattatttatttatttattttgagat
ggagtcttgctctgtcacccaggctggagtgcagtggcacgatctcggctcgctgcaacc
tccgcctttcggattcaagcaattctcctgtctcagcctcctgaatagctaggactacag
gcgcgtgccaccacacccgcctaattttttgtatttttagtagagacggggtttcacctt
gttagccaggatggtttcaatctcttgtcctcgtgatctgcccgcctcagcctcccaaag
tgctgggattacaggcgtgagcctccacacccggccAGATtatctatctatctatctatc
tatctatctatctatctatctatctatctatctatctatcatctatctatctctctatct
atcatctatctatctctctatctatcatctatctatctatctagagagaggtctggctat
gttgacgaggtgttcaactcttggcctgaagcaattctcctgccttggcctcacaaaatg
tttggattataggtgtggccacctctttttttttttgagactgactctggctctgtcgcc
caggctggagtgcaatggtgtgatctttgctcactgcaacctccgcctcccaggttcaag
caattctcctgtctcagccttcccagtagctgggattataggtgcccaccaccatgccca
gctaattttttgtgtttttagtagaggcaggatttcactattgtcagccaggctggtctc
cactcctgacctcaggtgatccacccaccttggcctccaaagtgttgggattacaggtgt
gagccactgcacctggccCAGCTCTTGACCTTAATTGAAATTATCTTAATGTTTAACTTA
TTAGGAAAATTGGTATTCCATTATCAGTCTATTACTGTGTTAAAGTGTTTTCTTTTTTAA
GGAaatggctactgaaatttaatcaaattcctttcagtatctgttgatatgatagataat
ttttctttctaaatttaatatattgaattatgttgatagattttctgctattaaaaccaa
ctttgggctgggcacggtggctcacgcttgtaatcacagcactttgggaggccaaggtgg
gcgaatcacctgaggtcaggagttcgaggctagcctggcgacacagtgaaatcctgtctc
tactaaaaatacaaaaattaacccggcgtggtggcgtgtacctgtagtcccagctacttg
ggaggctatggcaggagaatcacttgaaccgggaggcagagatcacgccactgcactcca
gcctgggtgacagagtgacactccatctcaaaaaaaaagcaaaaaaaaaaaaaaaaaaaa
aCCCACACACACAAATGAataaatataagtttaattttaaaattaaaatttaaaaattgt
aaatGTTTTTCACAGTATTTTATTTTATTAAAATAGAAATGGGGTGTTGTggccaggcgc
agtggctcacgcctgtaatcccagtactttaggaggccaaggctggcggatcacgaggtc
aggagatcgagaccatcctggctaacacggtgaaaccctgtctctactaaaaatacaaaa
aattagccaggcgtggtggcgggcgcctgtagtcccagctactcgggaggctgaggcagg
agaatggcatgaacctgggaggcagagcttgcagtgagctgagattgagccactgcactc
cagcctgagtaacagagcgagactgtgtctccaaaaaaaaaagaaaagaaaaagaaaTgg
ggtgttgctatgttgcccaggctgatctgaaactcctggcctcaagttatcctcctgctt
tagcctcccaatgtgctgtgtgctgggattacaggTAGGTATATTTTTCATTTTTAGGAT
GCATACCAGGTTCCTTTCTTTTCTTTTTAATGATGAAAGCATTTAAGGCTATTCAATCTC
CTCAGAGTACGAATTTTAGATTTGGAGACCTCGTGTTCCTAAAATGAGGGGGAAATtttt
ttttcttccatttttttttcttttttgagatggagtcttgctctgttgcccaggctagag
tgcaatggcgcaatctcggctcactgcaaccctctgcctcctgggttcaagcgattctcc
tgcctcagcctcccgagtagctgggattacaggtgtgatccaccgtgcctggcCGGAAAT
GTTTTCTAAATAAAAAAATAGAACATATTGATTTAAGGTTGTGAATTACAAGTTTAGACT
GAAGCCATGAGGAAATTGGGAGATTTGATTTCAGATCTCATTAGGATAAGGCCTGGGCTC
TTTGAGTGGgagggtagggaacatgtctgccataggtttccagggcctagaacagctcct
ggcacagggtaaggtaccaatgagtacctgcttgactggatgGGACGGGAACTTGAACAC
GACCAGAGGGAAAGAAGTCACCAAGTAGGACCAGAGAGGTTAGAGTATATAGTGTAGCAG
AGCTGGCCTGAAGTCTCAGACTTTGTACttcttttttttgtgtgttttgagatggagctt
cactgttgttgcccaggctggagtgcaatggcaggatcttggctcactgcaacctccacc
tcccgggttcaagcaattctcctgcctcagcctcccaagaagatgagattacaggcgtgc
accaccatgcccagctaattttgtatttttagtagagatggggtttcatcttgttggtca
ggctggtctccaactcctgacctcaagtgatccgccggccttggcctcccacagtgttgg
gattacaggcgtgagccaccgcgcccagcTGTAATTCTCAATCCAGCAATCTATCAGCTC
ACAAAGAAGGGTTTGGCAGAGTCAGAATGGATCTGAAGCAGCACAGCAGAAATAAAAACA
GAGCTAGGGACATAATCTAGGAAAAGGTTGGGATTGAAAGGGTGGAGGATGGTTGTCAAA
AAGGGAGATTTTCtgtttacttgagatctgcagagtaggtccaagtgtcctcgtcgtagg
tgaacacacgtgcacacacacaaatggtaactgtgtgtgatgatggacgtgctgattaat
ttgattgtggtaatggtttcacaatatacccccatatcaaatcatcacactgcatacctt
gaatgtatgcaattttgggggatcaattatgccccaataaagcctaaaataaaaaaaaat
taaaaaaaaaaaaaGGAAGCTCATCAAGGTGACCTGTCTACAGAGGCAAGGACAGGGACT
GAGCTTCAGGAGCTCTAGTTTGCCTGCTGGGTAGGGACAGATGTTTAAGTTAAAAGTCTC
TGAAAGAGGCGGGTCTGGATCTCCTGGGGAGAGTGTTTGGCATTCCCTAGTAAGAAAGAG
AAAAAAAAAAGGTGGTCTTGAGGTCAGGAAGGCTGGTGGCTTCATAGCTGTCTGGGATCC
TTGGGGCAAGGCAAGGGGCTCCTGCTTGCACCTTCAGCCTGGTTGATGAGCTGACAGGCT
GGTGGCCCCAGAAGCCCCCCTGGACAGTAGCACCCACTGGACCCTAACACCCATCTCCAC
CACCAGGGAGGAGGAAGGGCAAGCCATGTCTGACTGCCCCTTCAAGCACTGGCTCCAAGA
GAGCAGTGGGTGATGGGGAAGAGCCTGCCTGCTCCCAGCCCCCCTCCCTGGGAGCCAGCA
GCCCTGAGGAGCATGGGCAGGCAGTACTGAGCTCCTCAACCCGACTCTCCTCCCTATCCC
AAGAAGCCCTTTGAAAGGTTTTCCTGGCAGAGTTTAAAGCTTCAATTCATTCAGCTACCT
GGCATGAGGCCCAGGATGAGGGGATGCTGGGAAGGACCTAGCCCCACACCCCTACTCTTA
CCTTAGCTGCCCCCACTTTCCTGGGACCCTGGCTAGCAGGCCTCCCACTGGCCTCTCTCC
ATCCAGTAGCACCCACCCCTGTTCCCCTTGGGAACCCAGGTATCCTGCCACTTTCTGATG
GAGCAGATGGCCACCCTGGAGGCTCAGCCTTGCTAAATCAGACATTTAAATCCCGTAATC
CTTGGTGAGAGGCTGCCGAGGGGGAAGCAGCCCAGTCCTAGAAGCAGGGGAGGGAGAGAA
CCTTGTGCCAGCCGTGGCCGGAGGGGAGGAGGGACGGTTGGTTCCTGAGTTATGAATGGA
GCCACCCCCTCCCTTGTTGTCATGCAGCCCGCAGACTGACCCAGTCTCCAGCCTTTGTTC
CCCTCCCGGAACCCGGGCACTGGGCCCCCCAGCCCACACTCATTGCAGACTCAGGTGGCT
GCTTCCCAGCACCTCCTCACTCACCCCTGCACCTGCTGACCCCAGTAGCCTGCACTGGCG
TTCACCCCTCAGACACACAGGTGGCAGCAAAGTTTTATTGTAAAATAAGAGATCGATATA
AAAATGGGATATAAAAAGGGAGAAGGAGGGGAAGGGTGGGGTGAAAATGCAGATGTGCTT
GCAGAATGTAAAAGATGTTGACCCTTCCAgctggacgtggtggctcacaattgtaatccc
agcactctgggaggctgagacaggtggatcgcctgagcccaggagtttgagaccagcctg
ggcaacactgtgagaccccatctctacaaaacatgcaaaagttggctggccatggtggca
tgaacctgtggtcccagctactccggaggctgaggcaggactgctcgagccggggaggca
aaggctgcagtaagccaagatcacgccactccactccagcctgggcaacaaagcgagacc
cagtctcaaagaaaaagaaaaaaaaaaaaaaaaaagaaaaaagaaaTTGACCCTGAGCAT
AAAACAAGTCTTGGTGGATCCAGATCATCATATACAAGAGATGAAATCCTCCAGGGTGTG
GGATGGGGTGAGATTTCCTTTTAGGTACTAAGGTTCACCAAGAGGTTGTCAGACAGGGTT
TGGCTGGGCCAGCAGAGACTTGACAACTCCCTCTACCTAACCAGCTGCCCAACTGTAGAA
ACTACCAACCCACCGACCAACAGGGAGAGGGAACAAGCACCCTCAAGGGGGTCAAGTTCT
AGACCCCATGTAATAAAAGGTGgtttcaaggccagatgtacattatttcattaaccctca
caatgcactctgtgaggtaggtgcaaatgccagcatttcacagatatgggccttgaagtt
agagaAAATTCAACAGTGAGGGACAGCTTCCCTGGTTAGTACGGTGAAGTGGGCCCCTAC
CTAGAATGTGGCTGATTGTAAACTAACCCTTAACTGCAAGAACATTTCTTACATCTCCCA
AACATCCCTCACAGTAAAAACCTTAAAATCTAAGCTGGTATGTCCTACTCCCCATCCTCC
TCCCCACAACAAAACACCAGTGCAGGCCAACTTGTTCAGTGGAGCCCCGGGACAAAGCAA
ATGGAAGTCCTGGGTGCTTCTGACGCACACCTATTGCAAGCAAGGGTTCAAAGACCCAAA
ACCCAAAATGGCAGGGGAGGGAGAGATGGGGGTGGGAGGCTGTCAGTGGGGAACAAGAAG
TGGAGAATGTCAGTCTGAGTCAGGCCCTTCTGTCTTGAACATGAGTTTTTTATGGCGGGA
GGTAGACTGACCCTTTTTGGACTTCAGGTGGCTGTAGGAGACAGAAGCAGGGAGGAGAGA
TGACATCACATGAGTGAGAGGGTCTGTGCCCCTTTTCCCTGACCAATGCTTTGAAGGGCC
TAAGGCTGGGACAACGGGAATTCAAATCAAGATGGTGGCCACACCCCATGCAAATATGTT
TACTGAGCACCTCAGAGTATTAGTGTGTATTAGTCTCGTAATCTTCCCTTACCCCAtttt
actttatttatcttttttgagacggagtttcactcttgttgcccaggctggagtgtaatg
gtgagatctcagctcaccgcaacctctgcctcccgggttcaagcgattctcctgcctcag
cctcccgagtaggtagctgggattacaggcatgcatcaccacgcccggctacttttgtat
ttttagtagagatggggtttctccatgttggtcaggctgggctcaaactcccgacctcag
gtgatccactcgccttggcctcccagagtgtgggattcgtgagccactgcgcccggccCC
CTTAccccattttatatataaggaaactgagtttgacgggggtcacctaggacctgccgg
tgcatggcagggctgagtatatgacctgaaactcTGGCTGTATTCAGTATTACACAATTA
TTAGGCCCCTCCTTGAGACCCTCCAGCTCTGGGCTGGGAGTTGCGGAGAATGGCAAAGAA
GTATCCACACTCGTCCCTGGGTTTGGATGTTCTGTGGATACACTGAGGCAAGAATGTGGT
TATAGGATTCAACCGGAGGAAGACTAAAAAAATGTCTGTGCAGGGCTGGGACCCAATGAG
ATGGGGTCAGCTGCCTTTGACCATGAAGGCAGGATGAGAATGGAATCCTATGGCTTTCCA
ACCTAGGAAGGCAGGGGAGTAGGGCCAGGAAGGGGCTGAGGTCACTCACCTGGAGTGAGC
CCTGCTCCCCCCTGGCTCCTTCCCAGCCTGGGCATCCTTGAGTTCCAAGGCCTCATTCAG
CTCTCGGAACATCTCGAAGCGCTCACGCCCACGGATCTGCAGCAACAGAGGAGGGGGAGA
AGTAAGTATATACacagtacctgagttaaaagatggttcaagttacaattgtttgacttt
atgacggtacaaaagcaacatgcatttagtagaaactgcacttcaagtacctatacagcT
GACTTTTAAAAATAtttatttatttattttgagatggggtctcactctgttgcccaggcg
ggagtgcaatggtgcaatcttggctgattgcaatctccgcctctggggttcaagtgattc
ttgtgcctcagcctcccgagtagctgggactacaggcgtgtgctaccacacctggctaat
ttttgtgtttttagtagagatggggcttcaccatgttagccaggctggtttccaactcct
gacgtcaggtgatctacccacctccacctcccaaagtgctgggattacaggtgtgagcca
ctgtgcccggccCttttttaaattttagagatgatgtcttgctatgttgttcaggctgga
ctcaaactcttgggctcaagagatcctcctgccttagcctctcaagtaactgggactaca
tgtgcatgcgactgtgcctcgtttcttttcttttttttctgagacggagtctcactctat
cgcccaggctggagtgcagtggcgccatcttggctccctgcaacctccgcctcctggttc
aagcgattctcctgcctcagcctcccaagtagctgggattacaggcacctgccatcacgc
ccggttaatttttgtattttagtagagacggggtttcaccatgttggctaggctggtctt
gaactcctgacctcaggtgatccacccgcctcagcctcccgaaatgctgggattacaggc
gtgagccagtgcgcctggccttttctttttttgagtctcgctctgcgcccaggctgTGCC
TGGCTCGACTGTGCCTCCTTTcatgcaaccatgctgtttctcactttcagtaacaatatt
caataaatcacatgagatatacaacattttattactataaaaagggctttgtgttagatg
actttgcccaactgtagggtaacttaaatgctctgaacacgtttcaagtaggctagggct
gagtgtggtagctcatgcctgtaaccccaatacttggggaggctgaggtggaaggattga
ttgagcccaggggtttgataccagcatgggcaacgtagcaagaccttgacttcacagaaa
ataaaaaattagctgggtgtcgtggcatgtgcctgtagtcctagctacttgggagggtga
aatcaccggagcccagggaggtcaaggctgcagtgagctgagatggtgccactgcactct
agcctgagtgacagagtgagactctgtctttaaataaataaataaaaaTTAgccgggcgt
ggtggctcacacctgtaatcccagcactttgggaggccgaggcgggcggatcacatggtc
agaagttcgagaccagcctggccaacatggtgaaaccctgtctctactaaaaatacaaaa
attagctgggcgtggtagcaggcgcttgtagtcctagctattcgggaggctgaggcagga
gaatcacttgaacccaggaggcagaggttgcagtgagccgagatcatgccactgcactcc
agcctgggcgacagagtgagactgagtctcaaaaaaataaaataaaataaaataaaaata
aataaataaaaattagccaggcatggtggtgcaggcctgtagttgaagcaacttgggagg
ctgagctgggaggatggatggagcctgggaggtggaggctgcagtgagctgtgactgcac
tactgcactctatccagcctgggtgacagagcaagaccttgtctcaaaaaaGTAGGCTAg
agaccagcctgggcaacatagtgagactctatctatctacaaaaaattttaaaaattagc
tgggtatggtggtgtatgcctgtggtcctagctactggggaggcagagttagggggattg
cttgagcccaggagggtataatgagctatgatcacatcactgtaatccagcctgggcaac
agagcaagatgctgtctccattaaaaataaaataaaaGTAGGCTAGGCAggccgggtgcg
gtggctcacgcctgtaatcccagcactttgggaggccaaggcaggcagatcacaaggtca
ggagttcgagactagcctggccaacatggtgaaacctcatctctactaaaaaaaaaaata
aataaataacaaaaaattagctgggcgtcggggcaggtgcctgtaatcccagctactcag
tgggctgaggcaggagaatcgcttgaacccagaaggcggaggttgcagtgagccgagatc
ccgccactgcactccagcctgggtgacagagtgagactctgtctccaaaaaaaaaaaaaa
aaaaagcaggctaggctaagctatgatgttccttagattaggtgtattaaatccattttc
aacttacaatattttcaacttacgacgagtttatcaggaagtaacaccatcgtaagtcaa
gtagcatctgTATCAGGCAAAGTCATAGAACCATTTTCATGCTCTCTTTAACAATTTTCT
TTTTGAAAGCTGGTCTGGTCCTTTAAAATATATATTATGGTATAAGTTGGTGTTCTGAAG
TTAGTTAGCTACAACCAGGAGCCATTGTCTTTGAGGCATCACTGCCCCCTGATGGCAAAT
GCCCCAATTGCAGGTAAAACAGTCAAGAAGAAAACGGCATTTTGAGTGTTAGACTGGAAA
CTTTCCACTTGATAAGAGGTCCCAAGACTTAGTACCTGAAGGGTGAAATATTCTCCATCC
AGTGGTTTCTTCTTTGGCTGGGGAGAGGAGCTGGTGTTGTTGGGCAGTGCTAGGAAAGAG
GCAAGGAAAGGTGATAAAAGTGAATCTGAGGCATAACTGCACCCTTGGTCTCCTCCACCG
CTTCTTGTCCTGCTTGCTTACCTCGCTTAGTGCTCCCTGGGGGCAGCTCGTGGTGAGGCT
CCCCTTTCTTGCGGAGATTCTCTTCCTCTGTGCGCCGGTCTCTCCCAGGACAGGCACAAA
CACGCACCTCAAAGCTGTTCCGTCCCAGTAGATTACCACTACTCAGGATAGGAAAAGAGA
AGCAAGAGGCAGTAAGGAAATCAGGTCCTACCTGTCCCATTTAAAAAACCAGGCTCCATC
TACTCCCAACCACCCTTGTCCTTTCTGGAGCCTAAGCTCCAGCTCCAGGTAGGTGGAGGA
GAAGCCACAGGTTAAGAGGTCCCAAAGCCAGAGAAAAGAAAACTGAGTGGGAGCAGTAAG
GAGATTCCCCGCCGGGGATGTGATGAGAGGTGGATGGGTAGTAGTATGGAAGAAATCGGT
AAGAGGTGGGCCCAGGGGTCAGAGGCAAGCAGAGGCTGGGGCACAGCAGGCCAGTGTGCA
GGGTGGCAAGTGGCTCCTGACCTGGAGTCTTCCAGTGTGATGATGGTGAGGATGGGCCTC
CGGTTCATGCCGCCCATGCAGGAACTGTTACACATGTAGTTGTAGTGGATGGTGGTACAG
TCAGAGCCAACCTAGGAGATAACACAGGCCCAAGATGAGGCCAGTGCGCCTTGGGGAGAC
CTGTGGCAAGCAGGGGAGGCCttttttttttttttttgagatggaatctcgctctgtcgc
ccaggctggagtgcagtggcgtgatctcagctcactgcaagctccaccgcccaggttcac
gccattctccttcctcagcctcccgagtagctgggactacaggtgcccagcaccacgccc
ggctaatttttttttgtatttttcagtagagacggggtttcaccgttagccaggatggtc
tcgatctcccaacctcgtgatccgcctgccttggcctcccaaagtgctgggattacaggc
atgagccactgcgcccagccAAGCAGGGGaggcccttagcctctgtaagcttcagttttt
tcaactgtgcaatagttaaacccatttactttgcacatctcatggggttatagggaggtc
aaataagCAGCAGGAGAAAGCCCCCCTACTGCTCACCTGGAGGGCCACTGACAACCACCC
TTAACCCCTCCTCCCAGAGACCCCAGTTGCAAACCAGACCTCAGGCGGCTCATAGGGCAC
CACCACACTATGTCGAAAAGTGTTTCTGTCATCCAAATACTCCACACGCAAATTTCCTTC
CACTCGGATAAGATGCTGAGGAGGGGCCAGACCTAAGAGCAATCAGTGAGGAATCAGAGG
CCTGGGGACCCTGGGCAACCAGCCCTGTCGTCTCTCCAGCCCCAGCTGCTCACCATCGCT
ATCTGAGCAGCGCTCATGGTGGGGGCAGCGCCTCACAACCTCCGTCATGTGCTGTGACTG
CTTGTAGATGGCCATGGCGCGGACGCGGGTGCCGGGCGGGGGTGTGGAATCAACCCACAG
CTGCACAGGGCAGGTCTTGGCCAGTTGGCAAAACATCTTGTTGAGGGCAGGGGAGTACTG
TAGGAAGAGGAAGGAGACAGAGTTGAAAGTCAGGGCACAAGTGAACAGATAAAGCAACTG
GAAGACGGCAGCAAAGAAACAAACATGCGTAAGCACCTCCTGCAACCCACTAGCGAGCTA
GAGAGAGTTGGCGTCTACACCTCAGGAGCttttcttttttttttttttttttgagatagg
gtcttgctctgtcactcaggctggagcacagtggtgtgatcacagctcactgcagcctcc
atctcctggcctcaagtgatcttcccacctcagcctcctaagtggctgggactataggtg
tgcaccaccatgcctggctaattttttgtatttttttgtagagacgaggtttcatcatgt
tacccaggctggtcttgaactcctgggctcaggtgatctgcctgccttggcctctttgag
agtgctgggattgcaggtgtgagccaccaagcctggtcAGGAGCTTATTTTCAAAAGCCA
AGGAATACACGTGGATGAAGAAAAAGAAAAGTTCTGCATCCCCAGGAGAGATGCTGAGGG
TGTGATGGGATGGATAAAAGCCCAAATTCAAGGGGGGAATATTCAACTTTGGGACAGGAG
TCAGAGATCACACATTAAGTGGGTAAACTATAAAAAAACACTGACAGGAAGCCAAAGGGT
GAAGAGGAATCCCAAAGTTCCAAACAAAAGAAATGCAGGGGGATACGGCCAGGCATTGAA
GTCTCATGGAAGCCAGCCCCTCAGGGCAACTGACCGTGCAAGTCACAGACTTGGCTGTCC
CAGAATGCAAGAAGCCCAGACGGAAACCGTAGCTGCCCTGGTAGGTTTTCTGGGAAGGGA
CAGAAGATGACAGGGGCCAGGAGGGGGCTGGTGCAGGGGCCGCCGGTGTAGGAGCTGCTG
GTGCAGGGGCCACGGGGGGAGCAGCCTCTGGCATTCTGGGAGCTTCATCTGGACCTGGGT
CTTCAGTGAACCATTGTTCAATATCGTCCGGGGACAGCATCAAATCATCCATTGCTTGGG
ACGGCAAGGGGGACTGTAGATGGGTGAAAAGAGCAGTCAGAGGACCAGGTCCTcagcccc
ccagccccccagccctccaggtccccagccctccaggtccccagcccAACCCTTGTCCTT
ACCAGAACGTTGTTTTCAGGAAGTCTGAAAGACAAGAGCAGAAAGTCAGTCCCATGGAAT
TTTCGCTTCCCACAGGTCTCTGCTAGGgggctggggttggggtgggggtggtgggCCTGC
CCTTCCAATGGATCCACTCACAGTTTCCATAGGTCTGAAAATGTTTCCTGACTCAGAGGG
GGCTCGACGCTAGGATCTGACTGCGGCTCCTCCATGGCAGTGACCCGGAAGGCAGTCTGG
CTGCTGCAAGAGGAAAAGTGGGGATCCAGCATGAGACACTTCCAACCCTGGGTCACCTGG
GCCTGCAGAGAAGGAACCCCCTCCCCCAACACCATGCCAGTGTCTGAGACAGCTCGGCTT
CCTGTGGAGCAGGAAAAGAatggctgcttcacattctctcttccaatgtttcaccacaac
ccaagcactcctgccccacccctcaccagccatgcacttctttgaggaaaagacaatcag
agagggacttccaaccttcccaccactaaatccccaagacttcctaaatgtgcaccctat
tcccaactcccttcctgtAttttttttttttttttgagatggagtctctctctgtcacct
aggctggagcacagtggcatgatctcagctcactgcaacctctaccttccgggttcaagc
cattctcctgcctcagtctcccgagtagctgggattacaggcgagtaccaccacacccag
ctaatttttgtatttttagtagagacagggctttgcatgttggccaggctggtctcgaac
tccttacttcaggtgatcggcccgcctcagcctcctaaagtgccaagattacaggtgtga
gctaccgtgccctgcTCCCACCTCCTGTTAACAAGGATATAGTCATTCTCAGCCTGCAAT
CTCTGTATGGGGAAGGACACCCCCTTGGCCCCCACCCTTCCCCACCTGATACACGGCTCC
ATTTCTTTGATTCCTTTCACTGCAAAGCTTCTGGAAGAACAACTGTCTCACCGCTCACCT
GCCCATTCTCTTCGGACACTCCTCAGCCCTGCATTACAAACCCCTCACGAATGGCCCGTC
TCGGCTTCTTTAATCTCATCTCTTAACAACCACTCCCTCTTCCCCAAAAGCTCTAGCTAG
ACTGGCTGCCCTTCTCTGCTAATCAACTGGTGGTTCCTTGGCTAGCCAGGAACATGGGGG
TAGGCTCCTTCCCGTGCAGACTTTAAGTCATCCTATTTTAATTCACATCAcctcatttgc
attctcatagcacttacattgtctgatacttttccttgtttattttatctgtttcctcta
atagcatatacacttcctaagggcagggcagtgatctatcttgttgtcttgctgaccaaa
gtattagatcacaatgccttgcacctgcttgggctcaataaatgtGAATAACACACAAGC
CTGTTATATGAGAGGTTAAGAGAGCGAGAAAGAGCAAGGGGCAGCCCCTGTGTGGACCAG
CATCTTGCACGAAGTTATGCAACTATCATCGCACCTTCTCCCAGACAAGCTTTCAAAGGC
TTTGCCATGTTTtcttttgttttgtttttttgtttgttttttgagatggagtttggctct
tttcgcccaggctggagtgcagtggtgcagtctaggctcactgcaacctctgccttctgg
tttcaagcaattctcctgcctcagcctcccgagtagctgggattacaggcccctgccacc
atgcctggctgattttttgtatttttagtagagacagggtttcaccatgttggccaggct
ggtgtggaactcctgaccttgtgatccacctgcctcggcctctcaaagcgctgggattac
aggtgtgagccactgtgcctggccCGCCATGttctttctttctttcttttttcttttgag
gcagggtcttgctttgttgcccaagctagggtacagtggtgcaatcatggctcactacag
cctcggactcctgggctcagtgattctcctgcctcagcctcccaagtagctgggaccaca
gaggcctgcctggctaattttttagtctttttctttttctttttttttttggagacggag
tctcgccctgtcacccaggctagagtgcagtggtgtgatctcgactcactgtaacctcca
cctcccagattcaagcgatcctcttgcctcaacttcctgagtagctgggattacaggcgc
ccaccaatgcgcctgattaattttttgtatttttagtagagatggggttttgccatgttg
gccaggctggtttcgaactcctgacctcaggtgatcctcccgcctccgactcccaaagtg
ctgggattacaggtgtgagccactgcacccggccaatttttgagtttttttgtagaggca
gggtttcactatgttgcccaggcAGGATGCTCTCtttctttttctttttttttttttCAG
GGATGCTCTCTTTCTTTATGCCAAATTTGTCATCAGATTTGCTAAGAAACATGCCTACTG
TAAGTGTTTGTTACACttttctgtttttttttttttttgagacagagttttgctctcgtc
caggctggagtgcaatggtgcgatctcggctcaccgcaacctctgcctcccaggttcaag
cgattctcctgcctcagcctcccgagtagctgggattacaggcatgcgccactgcgcccg
gctaattttgtatttttagtagagacggggtttctccatattggtcaggctggtcttgaa
ctcccaacttcaggtgatccgcccgccttggcctcccaaagtgctgggattacaggcatg
aaccactgtgcccagccCACTTTTCTGTTGTTTGCACTGACAAAACATCCCCTACCAAAC
AGCTCCTTTAATGGCAGGCTCTTTTCTTTttttattttattttattttattttattttat
tttattttattttgagacggagtctcagctcttattgcccaggctggagtacagtggcac
tatctccgcttactgcaacctcctcccggattcaaatgattctcctgcctcagcctgctg
agtagctaggactacaagcatgtgccaccacacctggctaattttgtacttctagtagag
acggggtttcaccatgttggtcaggctggtcttgaactcccgacctcaggtgatccaccc
cccttggcctcctaaagtgctgggattacaggcgtgagccaccaagcctggccTACCTAG
TACTCTGTGTATTATGGGAAatgtagagttgaggaaagtgctgggcacacagtaagagct
caacaaaggttagctctTTCTGCAATTGTTCTATTTCACTTGTTCTATATTATTATTCTA
GAGAGAACTGTGTGATTGTTAGTGCGGATCTGTGGTACTGCTCCCACCCCCACTCCATTA
ATGCAAGTACACCTCCTTCAGGGATCTATTCAGTCAACAGGCCAGGAGGTGCTGTCCTGA
AATGGGGGGCCCAAAGTCTCAATCCCACTTGGAGGGACACAGGTCTACAGACAGGTCTCC
CTGTCTTTATCTCTCAAATCTTCAGTAGCAACTAAAATCTCCGTGTTTTTCAGAGCAGGA
CCTTCCCAGGGGTACCAGCATCAGTGGGCCAGGATACAAATGTGCCAGGCTGAACTAGGC
CTTCCAAATGGCCAGGGAGCCAAGAGAAATGCAGGTGCCCTTGGCTGGGTGGGAAGGCAA
TGAGATCAACTGAGACCCCAAACAGGGGCAGGCCTGACCAGAATCTTAACAGTGGCTGCT
GGTATCAGTCTTGAAGGCCTATATGTCCAGTGattccctaaacaatatagtacaagtact
tacatacatacttgcatgtacattagcattttcattgtatgggggtaatgtaagtaatct
agagataatttaaactatatgggaggatatgtgtaggttaaatccaaatactataccgtc
ttatatatgggacttagacatctgtgggtttggtgtgtgaggagtcccagaaccaagccc
ctacagatagagggataactatattgccctgtaacctgcaaccctgctatatttatttat
tagttttggtagctttttatggattttccattaggacttttttttttttttgagatagag
tttcactctttttttttttttttgagacggaatctcgctctgttgcccggcgtggtgtgc
aatggcatgatctcagctcactgcaacctccacctcctgggttcaagcaattcttctgtc
tcagcctcccaagtagctgggattacaggcgcccaccactacacccagctaattcttgta
tttttagtagagacggggtttcaccatgttaggttggtctcaaactcctgacctcaggtg
atcggcctgcctcagcctcccgaagtgctgggattacaggcgtaagccaccacaccctgc
cggagtttcactcttgttgcccaggctggagtgcaatagcgcgatctcggctcactgcaa
cctctgcctcccaggtccaagcaattctcctgcctcagcctcctgagtagctgggattag
aggtgcccgtcaccacgcctggctgattttttgtatttttattagagttggggtttcacc
atgttggccaggctggtcccagggaagccacctgcctcagcctcctaaaagtgctaggat
tacaggcatgagccaccacgcctggccccattaggacatgtatgtatagaatcatactgg
ctgtgaatgtgttttatttcttcctttctaatcgttattttttttctttccttttttttt
tttttttttgacatggaattttgctcttgtcgcctaggctggagtgcaatgggacaatct
cggctcactgcaacctctgcctcctgggttcaagtgattctcctgcctctgcctcctgag
tagctgggactacaggcgttcaccactacccctggctaattcttttttttttgagacgga
gtttttgcttttgtcacccaggctggagtgcaatggtgcaatctcggctcactacaacct
ccgcctcccaggttcaagcgattctcctgcctaagcctcccaagtagctgggattacagg
cgcccgccactacgcccggctaatttttgtatttttagtagagatggggtttcaccatgt
tggccaggctggtgttgaactcctgacctcaggtgatccacccacctcggcctcccaaag
tgctgggattacaggcatgagccactgtacccggccaacgcctggctatttttttaatat
tttaatagagacgaggtttcaccatctttgtcaggctggtctccaactccagacctcagg
tgatctgcccacctcggcctcccaaagtgctgggattataggcgtgagacatcgggccAC
TAATCAttatttctttttctttttttttttttgagacacagtcttgctctgtcgcccagg
ctggagtgcagtggctcgatctcagctcactgcaagctccgccccctgagttcacgccat
tctcctgcctcagcctcccgagtagctgggactacaggcgcccgccactacgcccggcta
attttttgtatatttagtagagacagggtttcaccgtgttagccaggatggtctcgatct
cctgacctcgtgatccacccgtctcggcttcccaaagtgctgggattacaggcctgagcc
accgcacccggccctcattatttctttttcttgcctggttaaaacctccagtatggtatc
aacgttgtgagagtcaaatccttttctagttcctgatcttagaggaaaaagcgttgagtt
ttcttttcttttttttttttttttttttttgagacgaagtctcactctgtcacccaggct
ggagtgcagtggcacgatctaggctctgcaagctccgcctcccgggttcacgccattctc
tcgcctcagcctcccgagtagctgggactataggcgcccgccaccatgcccggctaattt
tttgtttttgtatttttagtagagacggggtttcagcatgctagtcaggacagtctcgat
ctcctgacctcgtgatccgcccgcctaggcctcccaaagtgctggcattacaggcgtgag
ccaccgcgcccggcagcactgagttttctaccattatgtatgctgctagtggaactccga
ctgtggacgccctgttatcaaactaggttaagtttcctttccctagtttgctaggaggtt
ggttggtttgtaatcatgcatatgtgttgaatatcattaactgcttttgctacatctgtt
gaaatgatcatagggtttttatgtttccctttgttaatgtggtgaattacacagactgat
ttttttccccccagtaaagaccagtctgactatgttgcccaggctggtcttgaaatcctg
ggctcaagagatcttcctgcctcagcctcctaaaatgttgggattacaggcctgagctac
tgcaccaggccaatttttgaatgttgaatcagctacaatcatgagataaacattatttgg
ttagaatgtatttatcctttttctttttctttttttgagatggagtctcactctgttgcc
caggctggagtgcaatggtgtgatcccagctcagtgcaacttctgcctcctgggttcaag
cgattctcctgcctcagactcccgagtagctgggatttcaggtgcccaccaccatgccca
gctaatttttttttttttttgagatgaagtcttgctctgtcgcccaggctggagtgcagt
ggcacgatcttggctcactgcaacctctgcctcccgggttcaagcaattctgcctcagcc
tcctgagtagctgggattacaggcaggtgccaccacaccggctgatttttgtatttttag
tagagatggcgtttcaccacattggtcaggctggtcttgaactcctgacctcgtgatctg
cccacctcggcctcccaaagtgctgggattacaggcgtgagccaccgtgcccagcctgat
ttttgtatttttattagaaacggggtttcaccatgttggtcaggctggtctcaaactcct
gacctcaagtgatctgcctgcctcagcctcccaaagtgctgggattacaggcgtgagcca
ccgcgactggcctatttatccttttttctatattaccaggtttggtttgctaaaattggt
tagctgttgcatgtctatgctaacaggaatattggtctatattttcttttcttataatgt
ccttgtttggttttggtaccaggattatgctggcttcgaaaacaagttgggaaatattcc
tctattttttctttctttctttttttttctgagacagggtctcactctgttgcccaggct
ggagtgcagtggcgcaatctcggctcactgcaacctccgcttcccaggttcaagggattc
ttgtgcctcagcctcctgagtaactggcattacaggtatgtgtcaccacgcctagctact
ttttgtatttttagtagagatggggtttcgccgtgttggccaggctggtctcgaactccc
gacctcaaatgatcccctgcctcagcgtaccaaagtgctgagattacaggtatgagccac
cgcgcccagtctgttcctctgttttctgaagagtttgtgtaagatgggtactgtttcttc
ctccaacgtttAAAGAgagcagagaacagaggagataaatagaaaatagcactaagaggt
caggcatggtggctcacacctgtaatcccagcactttgggaggccgagatgggatgaaag
cttgaggccagcagtttgagaccagcctgggcaacatagtgagatcctgtcaatacaaaa
aaataaaatagttagctgggtgtggtggagtaatcccagctactcgtgaggctgctagag
gactgcttgagcccaggggttcgaggctgcagtaagccttgattgtgccattgtactcta
gcctgggcaacagtgtgagtccctgtctcaaaaattaacaaagaaaaaaagaaaatagca
ctaaaatggtagccctatactccaactgtaaaataattaaaattaaaAGCattcagtaga
gaaaggaagcctatttcaacaagtggagacagaataactggatttccatacaggaaagat
accagagactgactcctacacctcacaccataaacaattaattttaagaattaattaatg
gctcaaggaccttactgtaaaacttacaaccataaaggtcctaaaagaaaatgtaagata
atatcttcatgaccctggggttaaaaaaaaaaaaaaagatgtcctaaacaggacaaggca
aatactgaacataaaaaagataaatccactcctcttaagatactgtaaactctgtaaagc
aaacaaataggcaagcaacagatcagaagaaaacattcacgacacatggatctgataaag
gacttgtatccagaatgtataaagcagtcccacaactgaacaataaaaacaaacaaaaaa
ccaaaataacaggtaaaagactcgaagagctactttacaaacaaaatacgaatggccaat
aggcacatgaaaaaatgctgaacatccttagtcaatagagaactgtaaattacaaccaca
aggatataccacattagaaagactgacaatacctaatgtccggaaggctgtggcacaacc
ataataactcccataccttgctagttggagtgtaaaatggtacaaccgctctggaaaact
cagagcttctgaaaaagttcaaaatacagctactttttacttccaaactcgcaattcccc
tcctaagtatttctccaagaaacacgaaaacatatgatcacaaaaagaattgtacaagaa
tgtttatagcagctttatttcataaccgcaaatgggaaacaactcaaaaggccatcaaaa
ggacggatatacaatcgatggactatactaaatgaaaaggagcaaaatactgatatatac
aacatgaacgaatgtcagacagtacattgaaggacagaagcccgacaaaaatgagcacat
aatgtatgattccccccttttttttgagacggagtttcgttcttgtcgcccaggctggag
tgtagtggcacgatcttggctcactgcaacctctgcctcccgggttcaagcgattctcct
gcctcaccctcccgaatagctgggattacaggcacccaccacgcccagctaatttttgta
ttttttagtagagacggggattcaccacgttggccacgctggtctggaactcctatcctc
aagtaatccgcccgcctcggcctcccaaagtgcaggcgtgagccacagcgcccagcctga
ttccattctatatgaagttctccaacaggcaaaatggttatggagatcaaaataaaggtg
gggtcgggaatcgactgggaagagacgtgatgaaacgtttctgggacgatgaaaagggtc
tgtgacttggtaggcatcacggagcggttaggggccaaaactcatcttcctgtgcacttg
ctgtgtgcactggcgctgtgtgtaaatgccacctcgaTTTAGGAAAAAGATGACGTAAGT
ACGGCACAAAGTGGCCGGTACGCGGCAGGTGCATGGGAAGAAACTGCGGAATGAAACAAC
CGCGAGCTAAGAGATGGGGCAGCGGGAGAAATGAATTCGAGTTCCGCCTCCTACCAGGAA
GAACCGGCTCGGGCCGGAGGGCTGCACGGAGGACCACACGGACGCCTGCGGGCCCGCCCC
TTCCGCTTCACGACGTTCAGCCTGCGTCTGGAACTGGAATGGCCTAGCCCAAAGCTAGAT
AACAGGTAGATTGTTTTTCCGACAAATTATCAAACGACCCATCATTGCACTCTTTCAAAA
TTTGATTCTCAGACGTACCCATTCTTTTTTTTTTTCCTCCGGGAAGATGAGATATACTCA
TTCTTGAAAATACCTCCGGGCTTGCCTTCTGCACACTTCTTTCCCTCCCTGTCTCACGCC
ATGGTAGCGTCCGCCTAGGTTGCAGGCGACCCGCGGGGTGGGGCACACCATTCAAAGAAG
GGGAGGGATTGAGGTTTGCATCAAAACAAATACCCCTGCCTTTGCAAAGGCCATAACTAA
GTAATCCAGAAAAAGAAATGCAGGCGGAGAATAGCAGCCTCCCTCTGCCAAGTAAGAGGA
ACCGGCCTAAAGGACATTTTCTCTCTCTCTCCTCCCCTCTCATCGGGTGAATAGTGAGCT
GCTCCGGCAAAAAGAAACCGGAAATGCTGCTGCAAGAGGCAGAAATGTAAATGTGGAGCC
AAACAATAACAGGGCTGCCGGGCCTCTCAGATTGCGACGGTCCTCCTCGGCCTGGCGGGC
AAACCCCTGGTTTAGCACTTCTCACTTCCACGACTGACAGCCTTCAATTGGATTTTCTCC
ATCTAGCGGAGCCGGGGGCTGCCTGGAAAGATCGCTCCAGGAAGGACAAAGGTCCGGAAG
TTGTGGGACCTTAGCAGCTTGGGCTCCCCGGATCACCCCCAAATGATCATTTCGGAATGG
AGCCCCAGTTTTCACTAGGATGCCATGGGCTCTAAAATATACAGCTATGAGTTCTCAATG
TTTCGAGATCCAAAAGTCTCAGACCTCAATGCTTTGTGCATCTTTTATTTCAGGGATTCC
CTACGCCCAGCACCGGGTGGATGTGCAAAGAAGTACGCTTTAGGCCGGCTCAAGGTTCCC
CAAAGCTCCACTCCTCTGCCTAGGCGTTCAACTTTGAGTTCGGATGGTCCTAACATCCCC
ATCATCTACACCCAGGTCTCCCAACAATGCAACTCCTATGATGATCCCTCTAGCCAAGCT
TCCATCCCACTCACCCCCAAACTCGCTAAGTCCCCACTGCCCCACCCCCAGCCCCAGCGA
TTTTCCCGAGCTGAAAATACACGGAGCCGAGAGCCCGTGACTCAGAGAGGACTCATCAAG
TTCAGTCAGGAGCTTACCCAATCCAGGGAAGCGTGTCACCGTCGTGGAAAGCACGCTCCC
AGCCCGAACGCAAAGTGTCCCCGGAGCCCAGCAGCTACCTGCTCCCTGGACGGTGGCTCT
AGACTTTTGAGAAGCTCAAAACTTTTAGCGCCAGTCTTGAGCACATGGGAGGGGAAAACC
CCAATCCCATCAACCCCTGCGAGGCTCCTGGCACAAAGCTGGACAGTCGCCATGACAAGT
AAGGGCAAGTAATCCGCCTGCCGGAGGAAGCAAAGGAAATGGAGTTGGGGAGGAGGGTGC
AGAGTCAGGATTCTCGCCGACCTGGTGCCGTAGATACTAACATTTTGGGGTGGAAAATTC
TGCAAGCCAGAGCTGTGAGGGCAGAATTGGTGGAAATCATTTTGGAGGAATCCTGCATTG
TGTCAAATATGAAGGGTGGAAGGAAGAAAGCTTTTGCGTTTGCTCTCAGCTGGATCCTTT
CTTCTCATCAgttaaaatgtcattttttaggaaggctttccgtaatatcacaccctaacg
ttttctcccagatactttatatcacaccatcttatttaatctccttcacaacccttatca
ctctgataagatttatttgttcattgctttcagtacatggaaacgtaagccttatgagga
tatagaatttttctactatcttattcattgttgtattcctgagtgcctatatcagtgctg
ggtagcaagtaagagctcgataataaatattttttgaatgagggaGACAGGTCTGAAGCC
TGGAGAATGAGATGCAGAAGAGGTGCAAGACCTGCTGCGCCCTCTGCAGGCGGCGGGGGG
GCGGTGCAGGTGCTTTAAGAATTACCGCGGGACTCGGTAGGGGGAGCGTAGGCGCTTCTC
GCCAAGATAGAAGCGTTCAGACTACAACTCCCAGCAGCCACGAGGAGCCCTAGGGCTTGA
TGGGAACGGGAAACCTTCTAACCTTTCACGTCCCGGCTCCGCGGGTTCCGTGGGTCGCCC
GCGAAATCTGATCCGGGATGCGGCGGCCCAATCGGAAGGTGGACCGAAATCCCGCGACAG
CAAGAGGCCCGTAGCGACCCGCGGTGCTAAGGAACACAGTGCTTTCAAAAGAATTGGCGT
CCGCTGTTCGCCTCTCCTCCCGGGAGTCTTCTGCCTACTCCCAGAAGAGGAGGGAAGCAC
AGGTGGGTTTCTTTAGCTCTGCGTCGGATCCCTGAGAACTTCGAAGCCATCCTGGCTGAG
GCTAATCTCCGCTGTGCTTCCTCTGCAGTATGAAGACTTTGGAGACTCAACCGTTAGCTC
CGGACTGCTGTCCTTCAGACCAGGACCCAGCTCCAGCCCATCCTTCTCCCCACGCTTCCC
CGATGAATAAAAATGCGGACTCTGAACTGATGCCACCGCCTCCCGAAAGGGGGGATCCGC
CCCGGTTGTCCCCAGATCCTGTGGCTGGCTCAGCTGTGTCCCAGGAGCTACGGGAGGGGG
ACCCAGTTTCTCTCTCCACTCCCCTGGAAACAGAGTTTGGTTCCCCTAGTGAGTTGAGTC
CTCGAATCGAGGAGCAAGAACTTTCTGAAAATACAAGCCTTCCTGCAGAAGAAGCAAACG
GGAGCCTTTCTGAAGAAGAAGCGAACGGGCCAGAGTTGGGGTCTGGAAAAGCCATGGAAG
ATACCTCTGGGGAACCCGCTGCAGAGGACGAGGGAGACACGTAAGTGGTGATGGCAGTGG
AGTGTGGAGTCTGGGGAGATGAAGTGTGAGGTCGATCTGTCCTCTGGTCCTGAGACCCAC
TTCTCCAGGCCTCTGCCCCCTTTGCTTGGCGACCCAGGTTTATTGTCCCCCATCTTCCTT
TCAGCGCTTGGAACTACAGCTTCTCCCAGCTGCCTCGATTTCTCAGTGGTTCCTGGTCAG
AGTTCAGCACCCAACCTGAGAACTTCTTGAAAGGCTGTAAGTGGTAAGGATAACAACGGG
GCAGGGAGCTGACCACCCCCGAGATTTTCACTGTAAAACAGTCCAGTTTTCTAGGAGAGG
GATGCCCCAGAGCTGGGAGAAGCGGCACGTAGCCCTTTTAGACTGAGCTTACATTTTATC
TAGCAGTTTGTGTCTTCTACTTCCCTCAAGGATTCAGGGGGGCTTACCTACCCCAGAGGC
AGGCTCAGCCCTAGCCCTACACTTGAAAAGCATAGGTCTGGCCAGCTTTCTAACTCTCCC
CTGTTTCTAGGGCTCCTGACGGTTCCTGCATCTTGACCAATAGTGCTGATAACATCTTGC
GAATTTATAACCTGCCCCCAGAGCTGTACCATGAGGGGGAGCAGGTGGAATATGCAGAAA
TGGTAAGGACTGGGGCTAACTGCCTCTTCATCAATGCTGCACATTTAAGTCCTTCGTGGA
GATGGAAAAAGTGTAGTCCAAGTGTTTCCTGTTCACAAACGGGACTGTTTTTCAAGACGA
GTTTCCACATGTAGCGTTTTCTGCCCCGAATTCTGAAGTTATTTAGAGAGAGGTTTCCCC
TTTCTTTAATTAGGAATCTGTGTTTTTTGCTAAAAAGTAGTGAATTTCTTGTGGCAGCAT
ATATATAtttctatttcttatttttttgagacaaggtcttgctctgtcacccaggctgga
gtgctgtggtgtgatctcggctcactgcaacctctgcctcccgggttcaagcgattctcc
tgcctcagcctcacaagtagctggtattacaggcgcacgccatcacactcgactaatttt
tatagttttagtagagacggggtttcgccatgttgggcaggctgatatcaaattcctgac
ctcagaggatccgcccaccttggcctcccaaagtgcggggatcacaggtgtgagtcaccg
tgcctggcTTATAGCtatttattgattgactactgatatatgttagtcactgtgctggga
taaagtggtggacaagacagatgaagggctggtttgctttctgtgtgggagacagacaac
aaacatgtaaaccagcaagcatcaggaccaagatgatgataaatgctctgaaggaaatac
acagaatgaagagagactaactagaggaaagcacattgcataaaatggtcaggaaggagc
tctctgaaaaggaggcatttgagctaagacctgaaggaggataagggatcagtcatgtga
aggcttctggaaagagctttccaggaactggcaatgatactataaacacccagaactggg
aaatagctttgtgcgttaaaagaccagaaaggccctgcatggtggctcacgcctgtaatc
ccagctactcaggaggccgaggtgtgcagatcacttgaggccaggagttcgagaccagcc
tggccaatatggcaaaaccccatcgctactaaaaataccaaaattagacgcatgtggtgg
cacgcgcctgtaatcccagctacttgtgtggctgaggcaggagaatctcttaaactcagg
aggtggaggctgcagtcagacaaaattgtaccactgcactccagcctgggcgacagagtg
agactccatctcaaaaaacaacaaaaCAgactgggctcagtggctcacacctgtaatccc
agcactttgggaggctgaggtgggcagatcacctgaggtcaagagtttgagaccagcctg
gccaacatggcaaaacctcatctctacaaaaatacaaaaattagctgggtgtgatggtgg
gtgcctgtaatcccagctacttgagaggctgaagcagaagaatcatttgaacccaggaga
tggaggttgcagtgagccaagatcatgtcactgcactccagcctgggtgacagagtgaga
ctccatcccaaaacaaacaaacaaacaaacaaacaaacaaacaaacacaaaacaaaaaac
ccagaatgctggtatagccagactgaggcaagtgagggggacagaggggtgaggacagag
aagagcagccacgtcgtgttggttcttatgggtaaggcatttggagtttatttgggaagt
catgagagagGTGttttttttttttttttgagacgagtcttgctctgtcgcccaggctgg
agtgcaatggcgtgatctcggctcactgcaacctctgcctcctggattcaagcgattctc
ctgcctcagcctcccgagtagctgggattacaggcacccgccaccatgcccagctaattt
ttgtatttttttaaatagagacggggttttaccatattggccaggatggtctcgtactcc
tgacatttgatccgccggtctcggcctcccaaagtgctgggattataggcatgagccacc
gcgcctggcTtaatttttgtatttttagtagagacaggttttgccacgttggcctggctg
gtctcaaactcctgacctcaggtgatccacctgcctcagccttccaaagtgctaggatta
caggcgtgagccaccatgccaggccATGAGAGAGGttttttttgtttgtttgtttgagac
agagtcttgctctgttgtccaggctggagtgcagtggcaccatctcagctcaccgcaacc
tccgcctcccaggtttaagtgattctcctgcctcaaccttccgagtagctgggattacag
gcatgtgccaccacacccggctaatttttttgtatttttttagtagagatggggggttca
tcatattggccaggctggtctcgaactcctgaccttgtgatctgcccaccttggcctccc
aaagtgctgggattacaggcatgagccactgcgcccggccAAGAGAGTTTTAAAACAGAA
GAGTGAATGGTTTATGGGTGGGCAAGAGTGAAATCCAGggccaggcacggtggctcacgc
ctgtaatcccaacactttgggaggctgagatgggtggatcacctgaggtgaagagtttta
gaccagcctggccaacatggtaaaaccctgtctctactcaaatacaaaaattagttgggg
ctgggtgcggtggctgactcctgtaatcccagcactttgggaggctgaggcaggtggatc
acctgaggtcaggagttcgagaccagcctggccaacatgatgaaaccccatctctattaa
aaatacaaaaaattagctgggcgtggtggcgggcgcctgtaatcccagctactctggagt
ctgaggcaggagaattacttgaaccaaggagatggaggttgcagtgagccaggattgcac
cactgcactccagtccaggcaacagtgtaagactccgtctcaaaaaaaaaaaaaaaaaaa
aaagaTTGGCTATAGTTTTCTCCCacccatcctaatcaggttctgcctccatcgcttcct
gaaagtgctcttgtcaaggtcactaatgtcctcttGGGTCAttctccttttttttttttt
tttttttttttgagacagagtctcgctctgtcacccagctggagtgcagtggcgccatct
cagctcactgcaagctctgcctcccgggatcacgccattctcctgcctcagcctctcccg
agtagctgggactacaggcgcccgccaccacgcctggctaattttttgtatttttagtag
agacggggtttcaccatggtctcgatctcctgacctcgtgatcctcctgcctcggcctcc
caaagtgctgggattacaagcatgagccaccgcgcccagccCCTCTTGGGTCATTCTCTA
AATTCGCCTCACTGCATCTCTTAGCAGCATGAGTCACTGTCTCCACCTCCCTGCGCTGGA
GCACTCAGGCACTCAGGGCTCTGCTGGGCCTTCTCCTCCTCCATCAGCACTCTTTCTTTT
TTTTCTTTTTTTTGAGACGGAGTTTCAAAAAATCAGACCCACCAAGGCATGTGGCAGTTG
TGTTGCTCTTTGCTCGGTAcccgctagaggtctgttgccattaatttgaaatgagaccag
ttagtgtgactgtgcatctttcCTGGCAAGTTAAATGACTATagtttctctgtttgtaaa
atggggatgattataatagcacctgcctcacagagttgtgagaattaaaataatcagtaa
tgaattaaagcacttaaggccgggtgcggtggctcacgcctataatcccagcactttggg
gggccgaggcaggtggatcgcctgaggtcaggaattcaagaccgacctggccaacatagt
gaaaccctgtctttactaaaaatacaaaaattagccgggcttagtggcgggcgcctgtaa
tcccagctacttgggaggtttgaggcaggagaattgcttgaatccaggaggcgaaggttg
cagtgagctgatcgcaccactgcactccagcctgggcaagagagcaagacttagtctcaa
aaaaaaataataaaattaaaaaaaagtacttaaaacagcacctagcatatagtaagtgtt
cggtaaacactagtAGTCACTGGTATCAGTTGTGTGCAAGCCAAGAATAGGAGGATGGTA
TGGTTGAGGTTTACCAGgagagaaagacaagggtatcctgagagtgtcttcaagagtgtg
catgccatggtggactagaatctacagtgggtaaggaACTGGACTGTAAATAAGTTTTTG
ATGAAGCTGAATAAATTGTCATGGTAGAAATAGCAGAGCAGggtcaggcctggtggctca
cgcctgtaatcccgacactttgggaggccgaggcgggtggatcacctaaggtcaggagtt
cgagaccagcctggccaatatggtgaaaccccgtctctactaaaaaagatacaaagttag
ccaggcatggtCGTGATTATGATATTAATGATTATAATATTAAAACATTTTAAAAAATAT
ATCTTGCAATACAGATAGTCAATTTGttttctttttttctttcttttttttttttttttt
ttgagacagagtctcgctctgtggcccaggctggagagcagtggtgtgatcttgcctcac
tgcaacctctgtttcccggttcaagcgattctcctgcctcagcttcctgagtagctggga
ttacaggcacgcaccaccgcacccggctaatttttgtatttttagtagagatggggtttc
gccaagttggccaggctggtctcaaactcccgacctcaagtgatccacccatttccgcct
cctaaagtgctgggattacaggcgtgagccactgctcctggccAGTCAGTTTGTTTTCAA
AAGATTTTTGTGGCTggtgtggtggctcatgcctataatcccagcactttgggagaccaa
ggtgggaggaatgcttgagcccaggagtttgagaccagccttggtaacacagccagatcc
tgtctctatcaaaaaagttgggcctatggtcccagctacttgggaggctgaggtgggagg
atcgcttgagcctgcgaggttgaggctgccatgacctttgattgcaccattgtactctag
cctgggcgacagagtgagactctgtctcaaaacaaacaaccaaaaCCtttttgtgctttt
ttttttttttttCCTGCTAGTGTACCAGTTCTATCGCAACCTCTCTCATTAGGTATTTTC
ATTTTTAGTGTCTACAAGCTTAGCATTTGAAATAGATAACtttttttttttgagatggag
tcttgctgtgtcccccaggctggagtgcagtggcgcgatctcagctcactgcaagctccg
cctcccgggttcacgccattctcctgcctcagcctctcgagtagctgggactacacgcac
ccactgccaccacgccaggctaattttttgtatttttagtacagtcggggtttcaccatg
ttagccaggatggtctcgatctcctgacctcgtgatccgcccgccttggcctctcaaagt
gctgggattacaggcgtgagccactgcacccggccTTAAATAGATAAAATTTGTATAGGT
CAGAAAATTGGGGAAGGGTGTATTTGGGTATTTCCATATACTTGTGTGTACTGAGTCTTC
TTCCCAATATAGTTTCTCGGGTTTTCTCCTTTCTTTTCCACCTTTTCACAGAACTTTCTG
CAAGTCTCATTTCCAGCTCCCCAGCGTCTTTCCTGAGTACTTGCCCTGCCCCGTGGGTCT
TGCAGGAAGCCTTTACTCCTCGTCTTGCCCTCTCCAGGAGACACTTTGCATCCTCTGTAC
CCTTTATCTCTCAGGGTGGGGACGGGGAATGTCCTCATTCCCAAATGCTGTAGCCACACA
ATTGCTCTTTCGTCTTTGTGAAACTTTTCCCTTGAGGCTTATGCTGATTCTCTCTCCCGC
TGACGACGTTGGCACTGTACAGCCTTCCGGTGCTCTCCTGTTCGCCCGCCATTTTGGTGA
CCTcaggtatccaagccaaaagccagggtctctctcatcctttaatctttaatctccctg
ttcctaacccctcacatccaattacttcccaaatcccatcaagtctgcctaatcttccta
atccacccacatctgtccctcccactgcctctactttaattcaaggtcctattattttgg
gccttatgttgctgaaacagtctcctgcctCCTTTTGCTCATTAAAACCGTATTTGTTGA
CTCTGCTTATTCTGCACCACGTGTTGGGGAAGCAGTGGTGAGAGCGAGGCAGATGTGATT
CCCTCCTTCTCtgataggtatgacggaaggggagtgaggagcaccaggggctataggaaa
gaggaacaggggcgccttgcttagctggaggggttagggaagcgttcccagaggaagaag
catctaagagacctgaaggatgactaggattcagccaggaggagtcgttgggggagatga
aggaagaatattccagacttggagcctaggacatgtgaaagccagtgggttgaaagtgtg
gcgagttGGCACTTTATGGGACCTGAGAGTCAAAATGGCGGGACTCAGAGAttttttttt
tttttttttttttttttgaaatggagtcttgctctgtcgcccaggctggagtgcagtggc
gcgatctgggttcactgcaagctccgcctcccaggttcacgccattctcctgcctcagcc
tcccgagtagctgggactacaggcgcccgccaccacgcctggctaattttttgtgttttt
agtagacacggggtttcaccacgttagccaggatggtctcgatctcctgaccttgtgatc
cgcccgccttggcctcccaaagtgctgggattactggcgtgagccactgcgcccggtcAG
GACTCAGAGATTTTTATGGGAATTAGCAGATAGAGATAAGCCTTGAGAGGTGGGTCGGGG
GTAGCACGTGGTAATGGAAGACTAggaggaggaactggcaagatttggtattgggttgga
ccaggagtggaaaggaagtgaagagtggtagcagtcaaggctggtgctcagatttcagga
ttgagcactggtgtggagtccaggaggaacagcaggtttgatggtggtggatgccgggcc
tattatggacaaattgagtttgaggaacctgtgggatgatcaagtggcactgtccaccag
gcagttggatatatgggttcagagtatagaggTGGACACTGAAGTCCTGGCTGGTTGACA
TCAGCCTGAGGCCCAGAAGACAACTGACGAAGGACagtgtccagactatttatctctcac
aaatcagtaagaaaaagacggctgggcatggtggctcatgcctgtaatcccagcactttg
ggaagccgaggcaggtggatcacccgaggtcaggagttcaagaccagcctgaccaacatg
gcaaaatcccgtctctactaaaaatacaaaaattagccgggtgtggtggcaggcgcctgt
aatcccagctactcaggaggctgaggcaggagaattgcttgaacctgggaggtggaggta
gtagtgagccgagatcgtgccactgcactccagcctggggacagagggagactctgcctc
caaaaaaaaaaaaagaaaagaaaaagaaaaaagagaagaaaagaaaaagacaacaactgg
tcaggcatggtggctcacacctgtaatccccactttgggaggccgaggtaggcagatcac
ttgaggctgggagtttgagaccagcctggccaacatggtgaaaccccatctctactaaaa
agtataaaaattagccgggcgtggtggcaaatgcctgtggtcccggctccttgggaggct
gaggcatgagagtcgcttgaacccaggaggcagaggttgtagtgagccaagatcgtgcca
ctgcaccccagcttggggaacagagaaagactctgtctcaaaaagaaaaaaaaagaaaaa
gaaaatgggcaaaatttatgaaaaggtgtacctaactaaatggccagtaaacatagagga
aatatctaatctctcttatagtaatgatggaaatacaaatttatgctgtaatgaaatacc
atttcaccaccttcaaattgagaaaaatgtaaaagtctggcaataccaagAAGATAAAGA
ACAATAGACACttttttttttttttggagacaggatcttgttctgttgcccaggctggag
tgcagtggtgcgaacatggcacactgtagcctcaaactcctggggtcaagcagtcctcct
gcctcactctcccaaacaggtgggactacaagtatgccaatatgcctgactaatttttta
attttttgtaaaactggggtcttgctatattgcccaggctagaatagagactcttataca
ctgctggtgggagaggacattgggacaagtgctttgggaaagaaattgacattatagtat
cttacaaagtttgcaaagtgcatagcgtagagaccagtaattttactcttcagcagaaac
tgtagagaaacccttctacatgtgtacagaatgttaaagcacactagccaaaaaacagaa
aaacatcagtgattctaaatagaagaagggtagatcagtttgaatatattcatgagtaga
gtactatacaccagtgaaaatgcatgaattagagcaaaatgtgtttccatggttaaagct
tgctatcacagagggatgtatatgatataataccattactgttaagtctaggccgggcat
ggtggctcatgcttgtaatcccagtgcattgaaaggctgaggtggctggattgcttgagg
ccaggagttttagaccagcgtgagcaacacagacccctgtttctacaaaaaaataatttt
aaagattagccgggcaggctgggcgtggtgtctcatgcctgtaatcccagcacttgggag
actgaggtgggtggatcacgaggtcaggagttcaagaccagcctggccaagatggtgaaa
ccccgtctctactaaaaatacaaaaaaattagccgggcgtgatagcaggcgcctgtaatc
gtagctactcaggaggctgaggcagagaattgcttgagtctgggaggcagaggttgcagt
gagccaagattgtgccactgcattccagcctgggcgacagagcgagactccgtcAAaaat
aaataaataaataaataaataaataaataagccaggtatggtggcttatgcttatattcc
cagttactagggaggctgaggccaggggattgtttgcttgagcccaggagtttgaggttt
cagtgagatgattgcgccactgtgctccagcctaggcaacagagtaagaccctgtctcta
agaaaagaaaaaattaagtctaaagacctgcaagacaacgttagatactgttttttttcc
catatgaatatactcctaggctgggcgcagtggctcacacctgtaatcccagcactttgg
gaggctgaggcagaaagatcacttgaggccaagagttcgagaccagcctggccaacgtgg
cgaaaccctgtctatactaaaaatacaaaaaattagctgagcatggaggtgaactcctgc
aatcccagctactcgggaggctgagacacaagaattgcttgaacctgggaggtggaggtt
gcagtgaactgagatcgtgccactgcactcagcctgggtgacagagtgagactctgcctt
taaaattaaaaaaaaaaaaTTtatatatatatatatatttatatatatatatatatttat
atatatatatatatatatatatttatatatatatatatatatttatatatatatatatat
tcctaaggaaatgtatgacagtgataaattcaagatagtgtttacctctgagggagagTT
TCTGTTAGGAAAGGGGTTTAAACATATCTTTTTGTTCAGCTGGATGGAGGGGTCACAGGG
CTGTTTTTTTAATAAGATACTTTGTATGTTTGAACTGTTTAATTTTTTTTCTTTATTTTT
GTAAGGAGGtttttttgtttccatttttgtatttttgagacagtgtttctgttgcccagg
ctggagtgcagtggcaatgatctcagctcactgtggtctctatctcctgggctcaagcaa
ttctcatgcctcagcctccctagtagctgggactacaggcatgcactaccatgcccagct
aatttttttttcttgtagagacagtgtttcaccatattgcccaggctggtcttgaactcc
tgggctcaagtgatctgcctgcctcagcctccctaagtgct
