>scga-mini-dna-014-tumor-1
caccgtgttagccagactggtctcgaactcctgacctcaagtgatcctcccacctcagct
tcccaaagtgctgggattataggcctgagccactgtgcctggccAAGGCCCCAGTTTTAT
TTTTTCAGTTGTGCCAGCTTCATTTATTTTTTTTCCCCCAAGGCAACTTGGAAATGTGTG
TTGGGCAAAAAAATATATTTTTAAGAGATAGGggccaggtgcggtggctcacgcctgtaa
tcctagcgctttgggaagccgaggcgggtggattgccggagctcaggagtttgagaccag
cctggggaacacggtgaaaccctgtctctactaaaaatacaaaaaattagctggatgtgg
cgacaggcacctgtaatcccagctacttgggaggctgaggcagaagaatcgcttgaaccc
gggacgtggatgttgcagtgagccaacatcgtgccattgcactctagcctgggtgagaga
gccagattccatctcagaaaacaaacaaacaaaaaaagagaTAGGggccgggcacagtgg
ctcacgcctgtaatcccagcactttgggaggctgaggtgggcggatcacctaagctcagg
agttcgaaaccagcctgatcaacatggagaaaccctgtctctactgaaaatgcaaaaaaa
attagccaggtgtggtggcgtatgcctgtaatcccggctactcgggaggctgaggcagga
gaatcacttcaacgtaggaagcggaggttgcggtgagtcaagatcacaccattacactcc
agcctgggcaatgagagcgaaactctgtctcaaaaaaaaaaaaaaaaaaaaaaaaaaaaa
GATAACAAAAAGAACAAAAGAACAAATATATCTAATGTGTTCCAATTAAATTGAAATGCT
AATTTTGGCCATGTAATAATTCTCCTGTATGAGAACATCTCCTGTATTTGTTACTTGCTT
TCCTTGGTTTGTCTACCACTCCATATGTCACATCCACCTCATTCCAGCAGTTATATAGTA
AGTTTTCtttttttttttctcgtttctttttttttttttttgatggagtctcactcttgt
tgcccaggctggagtacagtagcgtgatctcagctcgctgcagcttccacctctcgagtt
caagtgattctcctgcctcagcctcccaagtagctgggattacaggcatgtgccaccatg
cctggctaattttgtatttttagtagagatggggtttcaccatgttggtcaggctggtct
tgaactcctgacctcatgtgatccactgccttggactcccaaagtgctgggattacaggc
gtgagccactgcacctgCCTAGCCTATACTAAGTTCTCTAAAATCTGGCAAGGCAAATAG
GACCCCCTCTCCATTCTGTTGCttattatttacttattatttacaattttattatttatg
ttattttatattatttattttatttattgagacagtctcccgctgtgtcgtccaggctgg
agtgcagtggcacgatttcagcttactgcaacctctgcctcccggtttcaagggattctc
ctgcctcagcctctcgagtagctgggattataggtatgcactaccacgcctggctaagtt
ttgtatttttagtatagacggggttttgccatgttgcccagactggtccggaactcctga
gctgaaagcgattcacccgccttggcctcccaaagtgctgggattacaggcgggagccac
cgtgcccggccTCCAGTAttttgtttatttattttttttgagacagagtctcactctgtt
gcacaggctggagtgcagtggcacaatctctgctcactgcaacctcctcctccctggtta
agagatcctcctgcctcagcccccttagtagctgggattacaggcgtgggccaccactgc
caggctaatttttgtatttttagtagagatgggatttcgctatgttggccaggctgtctt
gaactcctgacctcaggtgatccacctgccttggcctAAAGAGAGAGAGAgagacggagt
ctcactttgtcgccagggtggagtgcagtgacaggatctcggctcattgcaacctccacc
tcccgggttcaagcaactctcctgcctcagcctccagagtagctggaactacaggcacgt
gccaccatgcccagctaattttttgtatctttagtagagacgagttttcactatgttggc
cagatggtctcgatctcctgacctcatgatctgcccgcctcggtctcccaaagtgctggg
attagaggcgtgagccaccatgcctggccCAAATCCAGTATTTATTTAAACAACTAGTGA
CACTTActcgttcctatacatttatgataaatttacccaactcacacacacacacaatga
aaatttgggattctaattgaaattgcattatattatatttatctcgagataattgatttt
tcttatttttttagttttcccatctgagaatctatcattttctttggatcttggcttacg
tcgttaaataagggtttgtggtcttctgcatacaggctctgtgccattccttctttgtgt
gtgccattcctattacacatttcttaatgtttattgctattgtctttttttttttttttt
ttttgagatggagcctcacactgttgcccaggctggaaagcactggcaggatcttggctc
actgcaatctctgcctcctgggttcaagtgattcttctgcttcgacctcccgagtagctg
gaattacaggcttacactaccatagctggctgatttttgtattttcagtagagacagggt
gtcaccatgttggccaggctgatctcaaacttgacctcagatgatcctcctgcctcagcc
tcccaaagtgctgggattacaggtgtgagccaccatgcccggccttattgtcattatttt
gaatggaatgttttcttgttgtctaatttttcacagtgcttctgctggaagataaaatta
atatttttctacctactacttatctgccttactaaattctgttaattccataatatttct
gagttttggtatactatcctataatcaAAAAGGCATATATGTGTGTGCATGTATGTACGT
GTTTGTGtatatatataatatatataatataatataatatatatataATTTCCAAACATC
CACTCTAACCAGAAAGAGGTATATTTACTAGTGATTTTCTTCCTTTTTTGTTCCTCTTGA
ATGCACTAAAACCAGAGTAggctgggcacagtggctcactcctgtagtctcagtgctttg
ggaggcagaggcgggtggatcatgaggtcaggagttcgagaccagcttggccaacatggt
gaaaccctgtctctactaaaaatacaaaaaattagccgggggtggtggcaggcacctgta
attccaggtattcaagaggctgaggcaagagaatcgcttgaatccgggaggtggaggttg
cagagaacagaaaccacgccactgtactccagcctgggcaacagagcgagactccgtctc
agaaaaaagaaaagaaaagaaaagaaaaaaTAAAACCAGAGTAAGTCTATATCCCCACAG
TTTTTAATTTAATTAATTAATTACtttgtttatttattttgagatggagtcttgccctgt
cacccaggctgagtgcaatggcacgatctttgcccactgcaacctccgcctcctgggttc
aagcgattctcctgcctcagcctcccaagtagctgggattacaggtgcctgccaccacgc
ctagctactttttgtatttttagtagagacggggtttcaccacgttggccaggctggtct
cgaactcctgacctcctgatgtgcctgccttggcctcccaagcgctggaattacaggcgt
gagccaccgtgcccggccAGtttttaatttttttaaatagagacagggtctttctctgtt
gcctgggctggtctcaagggatcctcccaccttggcctcccaaagtgctgggatcacagg
catgagccaccatacagccccttatactgttcttgattatttatttatttattttgagat
ggagtcttgctctgtcacccaggctggagtgcagtggcacgatctcggctcgctgcaacc
tccgcctttcggattcaagcaattctcctgtctcagcctcctgaatagctaggactacag
gcgcgtgccaccacacccgcctaattttttgtatttttagtagagacggggtttcacctt
gttagccaggatggtttcaatctcttgtcctcgtgatctgcccgcctcagcctcccaaag
tgctgggattacaggcgtgagcctccacacccggccAGATtatctatctatctatctatc
tatctatctatctatctatctatctatctatctatctatcatctatctatctctctatct
atcatctatctatctctctatctatcatctatctatctatctagagagaggtctggctat
gttgacgaggtgttcaactcttggcctgaagcaattctcctgccttggcctcacaaaatg
tttggattataggtgtggccacctctttttttttttgagactgactctggctctgtcgcc
caggctggagtgcaatggtgtgatctttgctcactgcaacctccgcctcccaggttcaag
caattctcctgtctcagccttcccagtagctgggattataggtgcccaccaccatgccca
gctaattttttgtgtttttagtagaggcaggatttcactattgtcagccaggctggtctc
cactcctgacctcaggtgatccacccaccttggcctccaaagtgttgggattacaggtgt
gagccactgcacctggccCAGCTCTTGACCTTAATTGAAATTATCTTAATGTTTAACTTA
TTAGGAAAATTGGTATTCCATTATCAGTCTATTACTGTGTTAAAGTGTTTTCTTTTTTAA
GGAaatggctactgaaatttaatcaaattcctttcagtatctgttgatatgatagataat
ttttctttctaaatttaatatattgaattatgttgatagattttctgctattaaaaccaa
ctttgggctgggcacggtggctcacgcttgtaatcacagcactttgggaggccaaggtgg
gcgaatcacctgaggtcaggagttcgaggctagcctggcgacacagtgaaatcctgtctc
tactaaaaatacaaaaattaacccggcgtggtggcgtgtacctgtagtcccagctacttg
ggaggctatggcaggagaatcacttgaaccgggaggcagagatcacgccactgcactcca
gcctgggtgacagagtgacactccatctcaaaaaaaaagcaaaaaaaaaaaaaaaaaaaa
aCCCACACACACAAATGAataaatataagtttaattttaaaattaaaatttaaaaattgt
aaatGTTTTTCACAGTATTTTATTTTATTAAAATAGAAATGGGGTGTTGTggccaggcgc
agtggctcacgcctgtaatcccagtactttaggaggccaaggctggcggatcacgaggtc
aggagatcgagaccatcctggctaacacggtgaaaccctgtctctactaaaaatacaaaa
aattagccaggcgtggtggcgggcgcctgtagtcccagctactcgggaggctgaggcagg
agaatggcatgaacctgggaggcagagcttgcagtgagctgagattgagccactgcactc
cagcctgagtaacagagcgagactgtgtctccaaaaaaaaaagaaaagaaaaagaaaTgg
ggtgttgctatgttgcccaggctgatctgaaactcctggcctcaagttatcctcctgctt
tagcctcccaatgtgctgtgtgctgggattacaggTAGGTATATTTTTCATTTTTAGGAT
GCATACCAGGTTCCTTTCTTTTCTTTTTAATGATGAAAGCATTTAAGGCTATTCAATCTC
CTCAGAGTACGAATTTTAGATTTGGAGACCTCGTGTTCCTAAAATGAGGGGGAAATtttt
ttttcttccatttttttttcttttttgagatggagtcttgctctgttgcccaggctagag
tgcaatggcgcaatctcggctcactgcaaccctctgcctcctgggttcaagcgattctcc
tgcctcagcctcccgagtagctgggattacaggtgtgatccaccgtgcctggcCGGAAAT
GTTTTCTAAATAAAAAAATAGAACATATTGATTTAAGGTTGTGAATTACAAGTTTAGACT
GAAGCCATGAGGAAATTGGGAGATTTGATTTCAGATCTCATTAGGATAAGGCCTGGGCTC
TTTGAGTGGgagggtagggaacatgtctgccataggtttccagggcctagaacagctcct
ggcacagggtaaggtaccaatgagtacctgcttgactggatgGGACGGGAACTTGAACAC
GACCAGAGGGAAAGAAGTCACCAAGTAGGACCAGAGAGGTTAGAGTATATAGTGTAGCAG
AGCTGGCCTGAAGTCTCAGACTTTGTACttcttttttttgtgtgttttgagatggagctt
cactgttgttgcccaggctggagtgcaatggcaggatcttggctcactgcaacctccacc
tcccgggttcaagcaattctcctgcctcagcctcccaagaagatgagattacaggcgtgc
accaccatgcccagctaattttgtatttttagtagagatggggtttcatcttgttggtca
ggctggtctccaactcctgacctcaagtgatccgccggccttggcctcccacagtgttgg
gattacaggcgtgagccaccgcgcccagcTGTAATTCTCAATCCAGCAATCTATCAGCTC
ACAAAGAAGGGTTTGGCAGAGTCAGAATGGATCTGAAGCAGCACAGCAGAAATAAAAACA
GAGCTAGGGACATAATCTAGGAAAAGGTTGGGATTGAAAGGGTGGAGGATGGTTGTCAAA
AAGGGAGATTTTCtgtttacttgagatctgcagagtaggtccaagtgtcctcgtcgtagg
tgaacacacgtgcacacacacaaatggtaactgtgtgtgatgatggacgtgctgattaat
ttgattgtggtaatggtttcacaatatacccccatatcaaatcatcacactgcatacctt
gaatgtatgcaattttgggggatcaattatgccccaataaagcctaaaataaaaaaaaat
taaaaaaaaaaaaaGGAAGCTCATCAAGGTGACCTGTCTACAGAGGCAAGGACAGGGACT
GAGCTTCAGGAGCTCTAGTTTGCCTGCTGGGTAGGGACAGATGTTTAAGTTAAAAGTCTC
TGAAAGAGGCGGGTCTGGATCTCCTGGGGAGAGTGTTTGGCATTCCCTAGTAAGAAAGAG
AAAAAAAAAAGGTGGTCTTGAGGTCAGGAAGGCTGGTGGCTTCATAGCTGTCTGGGATCC
TTGGGGCAAGGCAAGGGGCTCCTGCTTGCACCTTCAGCCTGGTTGATGAGCTGACAGGCT
GGTGGCCCCAGAAGCCCCCCTGGACAGTAGCACCCACTGGACCCTAACACCCATCTCCAC
CACCAGGGAGGAGGAAGGGCAAGCCATGTCTGACTGCCCCTTCAAGCACTGGCTCCAAGA
GAGCAGTGGGTGATGGGGAAGAGCCTGCCTGCTCCCAGCCCCCCTCCCTGGGAGCCAGCA
GCCCTGAGGAGCATGGGCAGGCAGTACTGAGCTCCTCAACCCGACTCTCCTCCCTATCCC
AAGAAGCCCTTTGAAAGGTTTTCCTGGCAGAGTTTAAAGCTTCAATTCATTCAGCTACCT
GGCATGAGGCCCAGGATGAGGGGATGCTGGGAAGGACCTAGCCCCACACCCCTACTCTTA
CCTTAGCTGCCCCCACTTTCCTGGGACCCTGGCTAGCAGGCCTCCCACTGGCCTCTCTCC
ATCCAGTAGCACCCACCCCTGTTCCCCTTGGGAACCCAGGTATCCTGCCACTTTCTGATG
GAGCAGATGGCCACCCTGGAGGCTCAGCCTTGCTAAATCAGACATTTAAATCCCGTAATC
CTTGGTGAGAGGCTGCCGAGGGGGAAGCAGCCCAGTCCTAGAAGCAGGGGAGGGAGAGAA
CCTTGTGCCAGCCGTGGCCGGAGGGGAGGAGGGACGGTTGGTTCCTGAGTTATGAATGGA
GCCACCCCCTCCCTTGTTGTCATGCAGCCCGCAGACTGACCCAGTCTCCAGCCTTTGTTC
CCCTCCCGGAACCCGGGCACTGGGCCCCCCAGCCCACACTCATTGCAGACTCAGGTGGCT
GCTTCCCAGCACCTCCTCACTCACCCCTGCACCTGCTGACCCCAGTAGCCTGCACTGGCG
TTCACCCCTCAGACACACAGGTGGCAGCAAAGTTTTATTGTAAAATAAGAGATCGATATA
AAAATGGGATATAAAAAGGGAGAAGGAGGGGAAGGGTGGGGTGAAAATGCAGATGTGCTT
GCAGAATGTAAAAGATGTTGACCCTTCCAgctggacgtggtggctcacaattgtaatccc
agcactctgggaggctgagacaggtggatcgcctgagcccaggagtttgagaccagcctg
ggcaacactgtgagaccccatctctacaaaacatgcaaaagttggctggccatggtggca
tgaacctgtggtcccagctactccggaggctgaggcaggactgctcgagccggggaggca
aaggctgcagtaagccaagatcacgccactccactccagcctgggcaacaaagcgagacc
cagtctcaaagaaaaagaaaaaaaaaaaaaaaaaagaaaaaagaaaTTGACCCTGAGCAT
AAAACAAGTCTTGGTGGATCCAGATCATCATATACAAGAGATGAAATCCTCCAGGGTGTG
GGATGGGGTGAGATTTCCTTTTAGGTACTAAGGTTCACCAAGAGGTTGTCAGACAGGGTT
TGGCTGGGCCAGCAGAGACTTGACAACTCCCTCTACCTAACCAGCTGCCCAACTGTAGAA
ACTACCAACCCACCGACCAACAGGGAGAGGGAACAAGCACCCTCAAGGGGGTCAAGTTCT
AGACCCCATGTAATAAAAGGTGgtttcaaggccagatgtacattatttcattaaccctca
caatgcactctgtgaggtaggtgcaaatgccagcatttcacagatatgggccttgaagtt
agagaAAATTCAACAGTGAGGGACAGCTTCCCTGGTTAGTACGGTGAAGTGGGCCCCTAC
CTAGAATGTGGCTGATTGTAAACTAACCCTTAACTGCAAGAACATTTCTTACATCTCCCA
AACATCCCTCACAGTAAAAACCTTAAAATCTAAGCTGGTATGTCCTACTCCCCATCCTCC
TCCCCACAACAAAACACCAGTGCAGGCCAACTTGTTCAGTGGAGCCCCGGGACAAAGCAA
ATGGAAGTCCTGGGTGCTTCTGACGCACACCTATTGCAAGCAAGGGTTCAAAGACCCAAA
ACCCAAAATGGCAGGGGAGGGAGAGATGGGGGTGGGAGGCTGTCAGTGGGGAACAAGAAG
TGGAGAATGTCAGTCTGAGTCAGGCCCTTCTGTCTTGAACATGAGTTTTTTTTAACTGAG
TCTCAAAAAAATAAAATGGCGGGAGGTAGACTGACCCTTTTTGGACTTCAGGTGGCTGTA
GGAGACAGAAGCAGGGAGGAGAGATGACATCACATGAGTGAGAGGGTCTGTGCCCCTTTT
CCCTGACCAATGCTTTGAAGGGCCTAAGGCTGGGACAACGGGAATTCAAATCAAGATGGT
GGCCACACCCCATGCAAATATGTTTACTGAGCACCTCAGAGTATTAGTGTGTATTAGTCT
CGTAATCTTCCCTTACCCCAttttactttatttatcttttttgagacggagtttcactct
tgttgcccaggctggagtgtaatggtgagatctcagctcaccgcaacctctgcctcccgg
gttcaagcgattctcctgcctcagcctcccgagtaggtagctgggattacaggcatgcat
caccacgcccggctacttttgtatttttagtagagatggggtttctccatgttggtcagg
ctgggctcaaactcccgacctcaggtgatccactcgccttggcctcccagagtgtgggat
tcgtgagccactgcgcccggccCCCTTAccccattttatatataaggaaactgagtttga
cgggggtcacctaggacctgccggtgcatggcagggctgagtatatgacctgaaactcTG
GCTGTATTCAGTATTACACAATTATTAGGCCCCTCCTTGAGACCCTCCAGCTCTGGGCTG
GGAGTTGCGGAGAATGGCAAAGAAGTATCCACACTCGTCCCTGGGTTTGGATGTTCTGTG
GATACACTGAGGCAAGAATGTGGTTATAGGATTCAACCGGAGGAAGACTAAAAAAATGTC
TGTGCAGGGCTGGGACCCAATGAGATGGGGTCAGCTGCCTTTGACCATGAAGGCAGGATG
AGAATGGAATCCTATGGCTTTCCAACCTAGGAAGGCAGGGGAGTAGGGCCAGGAAGGGGC
TGAGGTCACTCACCTGGAGTGAGCCCTGCTCCCCCCTGGCTCCTTCCCAGCCTGGGCATC
CTTGAGTTCCAAGGCCTCATTCAGCTCTCGGAACATCTCGAAGCGCTCACGCCCACGGAT
CTGCAGCAACAGAGGAGGGGGAGAAGTAAGTATATACacagtacctgagttaaaagatgg
ttcaagttacaattgtttgactttatgacggtacaaaagcaacatgcatttagtagaaac
tgcacttcaagtacctatacagcTGACTTTTAAAAATAtttatttatttattttgagatg
gggtctcactctgttgcccaggcgggagtgcaatggtgcaatcttggctgattgcaatct
ccgcctctggggttcaagtgattcttgtgcctcagcctcccgagtagctgggactacagg
cgtgtgctaccacacctggctaatttttgtgtttttagtagagatggggcttcaccatgt
tagccaggctggtttccaactcctgacgtcaggtgatctacccacctccacctcccaaag
tgctgggattacaggtgtgagccactgtgcccggccCttttttaaattttagagatgatg
tcttgctatgttgttcaggctggactcaaactcttgggctcaagagatcctcctgcctta
gcctctcaagtaactgggactacatgtgcatgcgactgtgcctcgtttcttttctttttt
ttctgagacggagtctcactctatcgcccaggctggagtgcagtggcgccatcttggctc
cctgcaacctccgcctcctggttcaagcgattctcctgcctcagcctcccaagtagctgg
gattacaggcacctgccatcacgcccggttaatttttgtattttagtagagacggggttt
caccatgttggctaggctggtcttgaactcctgacctcaggtgatccacccgcctcagcc
tcccgaaatgctgggattacaggcgtgagccagtgcgcctggccttttctttttttgagt
ctcgctctgcgcccaggctgTGCCTGGCTCGACTGTGCCTCCTTTcatgcaaccatgctg
tttctcactttcagtaacaatattcaataaatcacatgagatatacaacattttattact
ataaaaagggctttgtgttagatgactttgcccaactgtagggtaacttaaatgctctga
acacgtttcaagtaggctagggctgagtgtggtagctcatgcctgtaaccccaatacttg
gggaggctgaggtggaaggattgattgagcccaggggtttgataccagcatgggcaacgt
agcaagaccttgacttcacagaaaataaaaaattagctgggtgtcgtggcatgtgcctgt
agtcctagctacttgggagggtgaaatcaccggagcccagggaggtcaaggctgcagtga
gctgagatggtgccactgcactctagcctgagtgacagagtgagactctgtctttaaata
aataaataaaaaTTAgccgggcgtggtggctcacacctgtaatcccagcactttgggagg
ccgaggcgggcggatcacatggtcagaagttcgagaccagcctggccaacatggtgaaac
cctgtctctactaaaaatacaaaaattagctgggcgtggtagcaggcgcttgtagtccta
gctattcgggaggctgaggcaggagaatcacttgaacccaggaggcagaggttgcagtga
gccgagatcatgccactgcactccagcctgggcgacagagtgagactgagtctcaaaaaa
ataaaataaaataaaataaaaataaataaataaaaattagccaggcatggtggtgcaggc
ctgtagttgaagcaacttgggaggctgagctgggaggatggatggagcctgggaggtgga
ggctgcagtgagctgtgactgcactactgcactctatccagcctgggtgacagagcaaga
ccttgtctcaaaaaaGTAGGCTAgagaccagcctgggcaacatagtgagactctatctat
ctacaaaaaattttaaaaattagctgggtatggtggtgtatgcctgtggtcctagctact
ggggaggcagagttagggggattgcttgagcccaggagggtataatgagctatgatcaca
tcactgtaatccagcctgggcaacagagcaagatgctgtctccattaaaaataaaataaa
aGTAGGCTAGGCAggccgggtgcggtggctcacgcctgtaatcccagcactttgggaggc
caaggcaggcagatcacaaggtcaggagttcgagactagcctggccaacatggtgaaacc
tcatctctactaaaaaaaaaaataaataaataacaaaaaattagctgggcgtcggggcag
gtgcctgtaatcccagctactcagtgggctgaggcaggagaatcgcttgaacccagaagg
cggaggttgcagtgagccgagatcccgccactgcactccagcctgggtgacagagtgaga
ctctgtctccaaaaaaaaaaaaaaaaaaagcaggctaggctaagctatgatgttccttag
attaggtgtattaaatccattttcaacttacaatattttcaacttacgacgagtttatca
ggaagtaacaccatcgtaagtcaagtagcatctgTATCAGGCAAAGTCATAGAACCATTT
TCATGCTCTCTTTAACAATTTTCTTTTTGAAAGCTGGTCTGGTCCTTTAAAATATATATT
ATGGTATAAGTTGGTGTTCTGAAGTTAGTTAGCTACAACCAGGAGCCATTGTCTTTGAGG
CATCACTGCCCCCTGATGGCAAATGCCCCAATTGCAGGTAAAACAGTCAAGAAGAAAACG
GCATTTTGAGTGTTAGACTGGAAACTTTCCACTTGATAAGAGGTCCCAAGACTTAGTACC
TGAAGGGTGAAATATTCTCCATCCAGTGGTTTCTTCTTTGGCTGGGGAGAGGAGCTGGTG
TTGTTGGGCAGTGCTAGGAAAGAGGCAAGGAAAGGTGATAAAAGTGAATCTGAGGCATAA
CTGCACCCTTGGTCTCCTCCACCGCTTCTTGTCCTGCTTGCTTACCTCGCTTAGTGCTCC
CTGGGGGCAGCTCGTGGTGAGGCTCCCCTTTCTTGCGGAGATTCTCTTCCTCTGTGCGCC
GGTCTCTCCCAGGACAGGCACAAACACGCACCTCAAAGCTGTTCCGTCCCAGTAGATTAC
CACTACTCAGGATAGGAAAAGAGAAGCAAGAGGCAGTAAGGAAATCAGGTCCTACCTGTC
CCATTTAAAAAACCAGGCTCCATCTACTCCCAACCACCCTTGTCCTTTCTGGAGCCTAAG
CTCCAGCTCCAGGTAGGTGGAGGAGAAGCCACAGGTTAAGAGGTCCCAAAGCCAGAGAAA
AGAAAACTGAGTGGGAGCAGTAAGGAGATTCCCCGCCGGGGATGTGATGAGAGGTGGATG
GGTAGTAGTATGGAAGAAATCGGTAAGAGGTGGGCCCAGGGGTCAGAGGCAAGCAGAGGC
TGGGGCACAGCAGGCCAGTGTGCAGGGTGGCAAGTGGCTCCTGACCTGGAGTCTTCCAGT
GTGATGATGGTGAGGATGGGCCTCCGGTTCATGCCGCCCATGCAGGAACTGTTACACATG
TAGTTGTAGTGGATGGTGGTACAGTCAGAGCCAACCTAGGAGATAACACAGGCCCAAGAT
GAGGCCAGTGCGCCTTGGGGAGACCTGTGGCAAGCAGGGGAGGCCttttttttttttttt
tgagatggaatctcgctctgtcgcccaggctggagtgcagtggcgtgatctcagctcact
gcaagctccaccgcccaggttcacgccattctccttcctcagcctcccgagtagctggga
ctacaggtgcccagcaccacgcccggctaatttttttttgtatttttcagtagagacggg
gtttcaccgttagccaggatggtctcgatctcccaacctcgtgatccgcctgccttggcc
tcccaaagtgctgggattacaggcatgagccactgcgcccagccAAGCAGGGGaggccct
tagcctctgtaagcttcagttttttcaactgtgcaatagttaaacccatttactttgcac
atctcatggggttatagggaggtcaaataagCAGCAGGAGAAAGCCCCCCTACTGCTCAC
CTGGAGGGCCACTGACAACCACCCTTAACCCCTCCTCCCAGAGACCCCAGTTGCAAACCA
GACCTCAGGCGGCTCATAGGGCACCACCACACTATGTCGAAAAGTGTTTCTGTCATCCAA
ATACTCCACACGCAAATTTCCTTCCACTCGGATAAGATGCTGAGGAGGGGCCAGACCTAA
GAGCAATCAGTGAGGAATCAGAGGCCTGGGGACCCTGGGCAACCAGCCCTGTCGTCTCTC
CAGCCCCAGCTGCTCACCATCGCTATCTGAGCAGCGCTCATGGTGGGGGCAGCGCCTCAC
AACCTCCGTCATGTGCTGTGACTGCTTGTAGATGGCCATGGCGCGGACGCGGGTGCCGGG
CGGGGGTGTGGAATCAACCCACAGCTGCACAGGGCAGGTCTTGGCCAGTTGGCAAAACAT
CTTGTTGAGGGCAGGGGAGTACTGTAGGAAGAGGAAGGAGACAGAGTTGAAAGTCAGGGC
ACAAGTGAACAGATAAAGCAACTGGAAGACGGCAGCAAAGAAACAAACATGCGTAAGCAC
CTCCTGCAACCCACTAGCGAGCTAGAGAGAGTTGGCGTCTACACCTCAGGAGCttttctt
ttttttttttttttttgagatagggtcttgctctgtcactcaggctggagcacagtggtg
tgatcacagctcactgcagcctccatctcctggcctcaagtgatcttcccacctcagcct
cctaagtggctgggactataggtgtgcaccaccatgcctggctaattttttgtatttttt
tgtagagacgaggtttcatcatgttacccaggctggtcttgaactcctgggctcaggtga
tctgcctgccttggcctctttgagagtgctgggattgcaggtgtgagccaccaagcctgg
tcAGGAGCTTATTTTCAAAAGCCAAGGAATACACGTGGATGAAGAAAAAGAAAAGTTCTG
CATCCCCAGGAGAGATGCTGAGGGTGTGATGGGATGGATAAAAGCCCAAATTCAAGGGGG
GAATATTCAACTTTGGGACAGGAGTCAGAGATCACACATTAAGTGGGTAAACTATAAAAA
AACACTGACAGGAAGCCAAAGGGTGAAGAGGAATCCCAAAGTTCCAAACAAAAGAAATGC
AGGGGGATACGGCCAGGCATTGAAGTCTCATGGAAGCCAGCCCCTCAGGGCAACTGACCG
TGCAAGTCACAGACTTGGCTGTCCCAGAATGCAAGAAGCCCAGACGGAAACCGTAGCTGC
CCTGGTAGGTTTTCTGGGAAGGGACAGAAGATGACAGGGGCCAGGAGGGGGCTGGTGCAG
GGGCCGCCGGTGTAGGAGCTGCTGGTGCAGGGGCCACGGGGGGAGCAGCCTCTGGCATTC
TGGGAGCTTCATCTGGACCTGGGTCTTCAGTGAACCATTGTTCAATATCGTCCGGGGACA
GCATCAAATCATCCATTGCTTGGGACGGCAAGGGGGACTGTAGATGGGTGAAAAGAGCAG
TCAGAGGACCAGGTCCTcagccccccagccccccagccctccaggtccccagccctccag
gtccccagcccAACCCTTGTCCTTACCAGAACGTTGTTTTCAGGAAGTCTGAAAGACAAG
AGCAGAAAGTCAGTCCCATGGAATTTTCGCTTCCCACAGGTCTCTGCTAGGgggctgggg
ttggggtgggggtggtgggCCTGCCCTTCCAATGGATCCACTCACAGTTTCCATAGGTCT
GAAAATGTTTCCTGACTCAGAGGGGGCTCGACGCTAGGATCTGACTGCGGCTCCTCCATG
GCAGTGACCCGGAAGGCAGTCTGGCTGCTGCAAGAGGAAAAGTGGGGATCCAGCATGAGA
CACTTCCAACCCTGGGTCACCTGGGCCTGCAGAGAAGGAACCCCCTCCCCCAACACCATG
CCAGTGTCTGAGACAGCTCGGCTTCCTGTGGAGCAGGAAAAGAatggctgcttcacattc
tctcttccaatgtttcaccacaacccaagcactcctgccccacccctcaccagccatgca
cttctttgaggaaaagacaatcagagagggacttccaaccttcccaccactaaatcccca
agacttcctaaatgtgcaccctattcccaactcccttcctgtAttttttttttttttttg
agatggagtctctctctgtcacctaggctggagcacagtggcatgatctcagctcactgc
aacctctaccttccgggttcaagccattctcctgcctcagtctcccgagtagctgggatt
acaggcgagtaccaccacacccagctaatttttgtatttttagtagagacagggctttgc
atgttggccaggctggtctcgaactccttacttcaggtgatcggcccgcctcagcctcct
aaagtgccaagattacaggtgtgagctaccgtgccctgcTCCCACCTCCTGTTAACAAGG
ATATAGTCATTCTCAGCCTGCAATCTCTGTATGGGGAAGGACACCCCCTTGGCCCCCACC
CTTCCCCACCTGATACACGGCTCCATTTCTTTGATTCCTTTCACTGCAAAGCTTCTGGAA
GAACAACTGTCTCACCGCTCACCTGCCCATTCTCTTCGGACACTCCTCAGCCCTGCATTA
CAAACCCCTCACGAATGGCCCGTCTCGGCTTCTTTAATCTCATCTCTTAACAACCACTCC
CTCTTCCCCAAAAGCTCTAGCTAGACTGGCTGCCCTTCTCTGCTAATCAACTGGTGGTTC
CTTGGCTAGCCAGGAACATGGGGGTAGGCTCCTTCCCGTGCAGACTTTAAGTCATCCTAT
TTTAATTCACATCAcctcatttgcattctcatagcacttacattgtctgatacttttcct
tgtttattttatctgtttcctctaatagcatatacacttcctaagggcagggcagtgatc
tatcttgttgtcttgctgaccaaagtattagatcacaatgccttgcacctgcttgggctc
aataaatgtGAATAACACACAAGCCTGTTATATGAGAGGTTAAGAGAGCGAGAAAGAGCA
AGGGGCAGCCCCTGTGTGGACCAGCATCTTGCACGAAGTTATGCAACTATCATCGCACCT
TCTCCCAGACAAGCTTTCAAAGGCTTTGCCATGTTTtcttttgttttgtttttttgtttg
ttttttgagatggagtttggctcttttcgcccaggctggagtgcagtggtgcagtctagg
ctcactgcaacctctgccttctggtttcaagcaattctcctgcctcagcctcccgagtag
ctgggattacaggcccctgccaccatgcctggctgattttttgtatttttagtagagaca
gggtttcaccatgttggccaggctggtgtggaactcctgaccttgtgatccacctgcctc
ggcctctcaaagcgctgggattacaggtgtgagccactgtgcctggccCGCCATGttctt
tctttctttcttttttcttttgaggcagggtcttgctttgttgcccaagctagggtacag
tggtgcaatcatggctcactacagcctcggactcctgggctcagtgattctcctgcctca
gcctcccaagtagctgggaccacagaggcctgcctggctaattttttagtctttttcttt
ttctttttttttttggagacggagtctcgccctgtcacccaggctagagtgcagtggtgt
gatctcgactcactgtaacctccacctcccagattcaagcgatcctcttgcctcaacttc
ctgagtagctgggattacaggcgcccaccaatgcgcctgattaattttttgtatttttag
tagagatggggttttgccatgttggccaggctggtttcgaactcctgacctcaggtgatc
ctcccgcctccgactcccaaagtgctgggattacaggtgtgagccactgcacccggccaa
tttttgagtttttttgtagaggcagggtttcactatgttgcccaggcAGGATGCTCTCtt
tctttttctttttttttttttCAGGGATGCTCTCTTTCTTTATGCCAAATTTGTCATCAG
ATTTGCTAAGAAACATGCCTACTGTAAGTGTTTGTTACACttttctgttttttttttttt
ttgagacagagttttgctctcgtccaggctggagtgcaatggtgcgatctcggctcaccg
caacctctgcctcccaggttcaagcgattctcctgcctcagcctcccgagtagctgggat
tacaggcatgcgccactgcgcccggctaattttgtatttttagtagagacggggtttctc
catattggtcaggctggtcttgaactcccaacttcaggtgatccgcccgccttggcctcc
caaagtgctgggattacaggcatgaaccactgtgcccagccCACTTTTCTGTTGTTTGCA
CTGACAAAACATCCCCTACCAAACAGCTCCTTTAATGGCAGGCTCTTTTCTTTttttatt
ttattttattttattttattttattttattttattttgagacggagtctcagctcttatt
gcccaggctggagtacagtggcactatctccgcttactgcaacctcctcccggattcaaa
tgattctcctgcctcagcctgctgagtagctaggactacaagcatgtgccaccacacctg
gctaattttgtacttctagtagagacggggtttcaccatgttggtcaggctggtcttgaa
ctcccgacctcaggtgatccaccccccttggcctcctaaagtgctgggattacaggcgtg
agccaccaagcctggccTACCTAGTACTCTGTGTATTATGGGAAatgtagagttgaggaa
agtgctgggcacacagtaagagctcaacaaaggttagctctTTCTGCAATTGTTCTATTT
CACTTGTTCTATATTATTATTCTAGAGAGAACTGTGTGATTGTTAGTGCGGATCTGTGGT
ACTGCTCCCACCCCCACTCCATTAATGCAAGTACACCTCCTTCAGGGATCTATTCAGTCA
ACAGGCCAGGAGGTGCTGTCCTGAAATGGGGGGCCCAAAGTCTCAATCCCACTTGGAGGG
ACACAGGTCTACAGACAGGTCTCCCTGTCTTTATCTCTCAAATCTTCAGTAGCAACTAAA
ATCTCCGTGTTTTTCAGAGCAGGACCTTCCCAGGGGTACCAGCATCAGTGGGCCAGGATA
CAAATGTGCCAGGCTGAACTAGGCCTTCCAAATGGCCAGGGAGCCAAGAGAAATGCAGGT
GCCCTTGGCTGGGTGGGAAGGCAATGAGATCAACTGAGACCCCAAACAGGGGCAGGCCTG
ACCAGAATCTTAACAGTGGCTGCTGGTATCAGTCTTGAAGGCCTATATGTCCAGTGattc
cctaaacaatatagtacaagtacttacatacatacttgcatgtacattagcattttcatt
gtatgggggtaatgtaagtaatctagagataatttaaactatatgggaggatatgtgtag
gttaaatccaaatactataccgtcttatatatgggacttagacatctgtgggtttggtgt
gtgaggagtcccagaaccaagcccctacagatagagggataactatattgccctgtaacc
tgcaaccctgctatatttatttattagttttggtagctttttatggattttccattagga
cttttttttttttttgagatagagtttcactctttttttttttttttgagacggaatctc
gctctgttgcccggcgtggtgtgcaatggcatgatctcagctcactgcaacctccacctc
ctgggttcaagcaattcttctgtctcagcctcccaagtagctgggattacaggcgcccac
cactacacccagctaattcttgtatttttagtagagacggggtttcaccatgttaggttg
gtctcaaactcctgacctcaggtgatcggcctgcctcagcctcccgaagtgctgggatta
caggcgtaagccaccacaccctgccggagtttcactcttgttgcccaggctggagtgcaa
tagcgcgatctcggctcactgcaacctctgcctcccaggtccaagcaattctcctgcctc
agcctcctgagtagctgggattagaggtgcccgtcaccacgcctggctgattttttgtat
ttttattagagttggggtttcaccatgttggccaggctggtcccagggaagccacctgcc
tcagcctcctaaaagtgctaggattacaggcatgagccaccacgcctggccccattagga
catgtatgtatagaatcatactggctgtgaatgtgttttatttcttcctttctaatcgtt
attttttttctttccttttttttttttttttttgacatggaattttgctcttgtcgccta
ggctggagtgcaatgggacaatctcggctcactgcaacctctgcctcctgggttcaagtg
attctcctgcctctgcctcctgagtagctgggactacaggcgttcaccactacccctggc
taattcttttttttttgagacggagtttttgcttttgtcacccaggctggagtgcaatgg
tgcaatctcggctcactacaacctccgcctcccaggttcaagcgattctcctgcctaagc
ctcccaagtagctgggattacaggcgcccgccactacgcccggctaatttttgtattttt
agtagagatggggtttcaccatgttggccaggctggtgttgaactcctgacctcaggtga
tccacccacctcggcctcccaaagtgctgggattacaggcatgagccactgtacccggcc
aacgcctggctatttttttaatattttaatagagacgaggtttcaccatctttgtcaggc
tggtctccaactccagacctcaggtgatctgcccacctcggcctcccaaagtgctgggat
tataggcgtgagacatcgggccACTAATCAttatttctttttctttttttttttttgaga
cacagtcttgctctgtcgcccaggctggagtgcagtggctcgatctcagctcactgcaag
ctccgccccctgagttcacgccattctcctgcctcagcctcccgagtagctgggactaca
ggcgcccgccactacgcccggctaattttttgtatatttagtagagacagggtttcaccg
tgttagccaggatggtctcgatctcctgacctcgtgatccacccgtctcggcttcccaaa
gtgctgggattacaggcctgagccaccgcacccggccctcattatttctttttcttgcct
ggttaaaacctccagtatggtatcaacgttgtgagagtcaaatccttttctagttcctga
tcttagaggaaaaagcgttgagttttcttttcttttttttttttttttttttttgagacg
aagtctcactctgtcacccaggctggagtgcagtggcacgatctaggctctgcaagctcc
gcctcccgggttcacgccattctctcgcctcagcctcccgagtagctgggactataggcg
cccgccaccatgcccggctaattttttgtttttgtatttttagtagagacggggtttcag
catgctagtcaggacagtctcgatctcctgacctcgtgatccgcccgcctaggcctccca
aagtgctggcattacaggcgtgagccaccgcgcccggcagcactgagttttctaccatta
tgtatgctgctagtggaactccgactgtggacgccctgttatcaaactaggttaagtttc
ctttccctagtttgctaggaggttggttggtttgtaatcatgcatatgtgttgaatatca
ttaactgcttttgctacatctgttgaaatgatcatagggtttttatgtttccctttgtta
atgtggtgaattacacagactgatttttttccccccagtaaagaccagtctgactatgtt
gcccaggctggtcttgaaatcctgggctcaagagatcttcctgcctcagcctcctaaaat
gttgggattacaggcctgagctactgcaccaggccaatttttgaatgttgaatcagctac
aatcatgagataaacattatttggttagaatgtatttatcctttttctttttcttttttt
gagatggagtctcactctgttgcccaggctggagtgcaatggtgtgatcccagctcagtg
caacttctgcctcctgggttcaagcgattctcctgcctcagactcccgagtagctgggat
ttcaggtgcccaccaccatgcccagctaatttttttttttttttgagatgaagtcttgct
ctgtcgcccaggctggagtgcagtggcacgatcttggctcactgcaacctctgcctcccg
ggttcaagcaattctgcctcagcctcctgagtagctgggattacaggcaggtgccaccac
accggctgatttttgtatttttagtagagatggcgtttcaccacattggtcaggctggtc
ttgaactcctgacctcgtgatctgcccacctcggcctcccaaagtgctgggattacaggc
gtgagccaccgtgcccagcctgatttttgtatttttattagaaacggggtttcaccatgt
tggtcaggctggtctcaaactcctgacctcaagtgatctgcctgcctcagcctcccaaag
tgctgggattacaggcgtgagccaccgcgactggcctatttatccttttttctatattac
caggtttggtttgctaaaattggttagctgttgcatgtctatgctaacaggaatattggt
ctatattttcttttcttataatgtccttgtttggttttggtaccaggattatgctggctt
cgaaaacaagttgggaaatattcctctattttttctttctttctttttttttctgagaca
gggtctcactctgttgcccaggctggagtgcagtggcgcaatctcggctcactgcaacct
ccgcttcccaggttcaagggattcttgtgcctcagcctcctgagtaactggcattacagg
tatgtgtcaccacgcctagctactttttgtatttttagtagagatggggtttcgccgtgt
tggccaggctggtctcgaactcccgacctcaaatgatcccctgcctcagcgtaccaaagt
gctgagattacaggtatgagccaccgcgcccagtctgttcctctgttttctgaagagttt
gtgtaagatgggtactgtttcttcctccaacgtttAAAGAgagcagagaacagaggagat
aaatagaaaatagcactaagaggtcaggcatggtggctcacacctgtaatcccagcactt
tgggaggccgagatgggatgaaagcttgaggccagcagtttgagaccagcctgggcaaca
tagtgagatcctgtcaatacaaaaaaataaaatagttagctgggtgtggtggagtaatcc
cagctactcgtgaggctgctagaggactgcttgagcccaggggttcgaggctgcagtaag
ccttgattgtgccattgtactctagcctgggcaacagtgtgagtccctgtctcaaaaatt
aacaaagaaaaaaagaaaatagcactaaaatggtagccctatactccaactgtaaaataa
ttaaaattaaaAGCattcagtagagaaaggaagcctatttcaacaagtggagacagaata
actggatttccatacaggaaagataccagagactgactcctacacctcacaccataaaca
attaattttaagaattaattaatggctcaaggaccttactgtaaaacttacaaccataaa
ggtcctaaaagaaaatgtaagataatatcttcatgaccctggggttaaaaaaaaaaaaaa
agatgtcctaaacaggacaaggcaaatactgaacataaaaaagataaatccactcctctt
aagatactgtaaactctgtaaagcaaacaaataggcaagcaacagatcagaagaaaacat
tcacgacacatggatctgataaaggacttgtatccagaatgtataaagcagtcccacaac
tgaacaataaaaacaaacaaaaaaccaaaataacaggtaaaagactcgaagagctacttt
acaaacaaaatacgaatggccaataggcacatgaaaaaatgctgaacatccttagtcaat
agagaactgtaaattacaaccacaaggatataccacattagaaagactgacaatacctaa
tgtccggaaggctgtggcacaaccataataactcccataccttgctagttggagtgtaaa
atggtacaaccgctctggaaaactcagagcttctgaaaaagttcaaaatacagctacttt
ttacttccaaactcgcaattcccctcctaagtatttctccaagaaacacgaaaacatatg
atcacaaaaagaattgtacaagaatgtttatagcagctttatttcataaccgcaaatggg
aaacaactcaaaaggccatcaaaaggacggatatacaatcgatggactatactaaatgaa
aaggagcaaaatactgatatatacaacatgaacgaatgtcagacagtacattgaaggaca
gaagcccgacaaaaatgagcacataatgtatgattccccccttttttttgagacggagtt
tcgttcttgtcgcccaggctggagtgtagtggcacgatcttggctcactgcaacctctgc
ctcccgggttcaagcgattctcctgcctcaccctcccgaatagctgggattacaggcacc
caccacgcccagctaatttttgtattttttagtagagacggggattcaccacgttggcca
cgctggtctggaactcctatcctcaagtaatccgcccgcctcggcctcccaaagtgcagg
cgtgagccacagcgcccagcctgattccattctatatgaagttctccaacaggcaaaatg
gttatggagatcaaaataaaggtggggtcgggaatcgactgggaagagacgtgatgaaac
gtttctgggacgatgaaaagggtctgtgacttggtaggcatcacggagcggttaggggcc
aaaactcatcttcctgtgcacttgctgtgtgcactggcgctgtgtgtaaatgccacctcg
aTTTAGGAAAAAGATGACGTAAGTACGGCACAAAGTGGCCGGTACGCGGCAGGTGCATGG
GAAGAAACTGCGGAATGAAACAACCGCGAGCTAAGAGATGGGGCAGCGGGAGAAATGAAT
TCGAGTTCCGCCTCCTACCAGGAAGAACCGGCTCGGGCCGGAGGGCTGCACGGAGGACCA
CACGGACGCCTGCGGGCCCGCCCCTTCCGCTTCACGACGTTCAGCCTGCGTCTGGAACTG
GAATGGCCTAGCCCAAAGCTAGATAACAGGTAGATTGTTTTTCCGACAAATTATCAAACG
ACCCATCATTGCACTCTTTCAAAATTTGATTCTCAGACGTACCCATTCTTTTTTTTTTTC
CTCCGGGAAGATGAGATATACTCATTCTTGAAAATACCTCCGGGCTTGCCTTCTGCACAC
TTCTTTCCCTCCCTGTCTCACGCCATGGTAGCGTCCGCCTAGGTTGCAGGCGACCCGCGG
GGTGGGGCACACCATTCAAAGAAGGGGAGGGATTGAGGTTTGCATCAAAACAAATACCCC
TGCCTTTGCAAAGGCCATAACTAAGTAATCCAGAAAAAGAAATGCAGGCGGAGAATAGCA
GCCTCCCTCTGCCAAGTAAGAGGAACCGGCCTAAAGGACATTTTCTCTCTCTCTCCTCCC
CTCTCATCGGGTGAATAGTGAGCTGCTCCGGCAAAAAGAAACCGGAAATGCTGCTGCAAG
AGGCAGAAATGTAAATGTGGAGCCAAACAATAACAGGGCTGCCGGGCCTCTCAGATTGCG
ACGGTCCTCCTCGGCCTGGCGGGCAAACCCCTGGTTTAGCACTTCTCACTTCCACGACTG
ACAGCCTTCAATTGGATTTTCTCCATCTAGCGGAGCCGGGGGCTGCCTGGAAAGATCGCT
CCAGGAAGGACAAAGGTCCGGAAGTTGTGGGACCTTAGCAGCTTGGGCTCCCCGGATCAC
CCCCAAATGATCATTTCGGAATGGAGCCCCAGTTTTCACTAGGATGCCATGGGCTCTAAA
ATATACAGCTATGAGTTCTCAATGTTTCGAGATCCAAAAGTCTCAGACCTCAATGCTTTG
TGCATCTTTTATTTCAGGGATTCCCTACGCCCAGCACCGGGTGGATGTGCAAAGAAGTAC
GCTTTAGGCCGGCTCAAGGTTCCCCAAAGCTCCACTCCTCTGCCTAGGCGTTCAACTTTG
AGTTCGGATGGTCCTAACATCCCCATCATCTACACCCAGGTCTCCCAACAATGCAACTCC
TATGATGATCCCTCTAGCCAAGCTTCCATCCCACTCACCCCCAAACTCGCTAAGTCCCCA
CTGCCCCACCCCCAGCCCCAGCGATTTTCCCGAGCTGAAAATACACGGAGCCGAGAGCCC
GTGACTCAGAGAGGACTCATCAAGTTCAGTCAGGAGCTTACCCAATCCAGGGAAGCGTGT
CACCGTCGTGGAAAGCACGCTCCCAGCCCGAACGCAAAGTGTCCCCGGAGCCCAGCAGCT
ACCTGCTCCCTGGACGGTGGCTCTAGACTTTTGAGAAGCTCAAAACTTTTAGCGCCAGTC
TTGAGCACATGGGAGGGGAAAACCCCAATCCCATCAACCCCTGCGAGGCTCCTGGCACAA
AGCTGGACAGTCGCCATGACAAGTAAGGGCAAGTAATCCGCCTGCCGGAGGAAGCAAAGG
AAATGGAGTTGGGGAGGAGGGTGCAGAGTCAGGATTCTCGCCGACCTGGTGCCGTAGATA
CTAACATTTTGGGGTGGAAAATTCTGCAAGCCAGAGCTGTGAGGGCAGAATTGGTGGAAA
TCATTTTGGAGGAATCCTGCATTGTGTCAAATATGAAGGGTGGAAGGAAGAAAGCTTTTG
CGTTTGCTCTCAGCTGGATCCTTTCTTCTCATCAgttaaaatgtcattttttaggaaggc
tttccgtaatatcacaccctaacgttttctcccagatactttatatcacaccatcttatt
taatctccttcacaacccttatcactctgataagatttatttgttcattgctttcagtac
atggaaacgtaagccttatgaggatatagaatttttctactatcttattcattgttgtat
tcctgagtgcctatatcagtgctgggtagcaagtaagagctcgataataaatattttttg
aatgagggaGACAGGTCTGAAGCCTGGAGAATGAGATGCAGAAGAGGTGCAAGACCTGCT
GCGCCCTCTGCAGGCGGCGGGGGGGCGGTGCAGGTGCTTTAAGAATTACCGCGGGACTCG
GTAGGGGGAGCGTAGGCGCTTCTCGCCAAGATAGAAGCGTTCAGACTACAACTCCCAGCA
GCCACGAGGAGCCCTAGGGCTTGATGGGAACGGGAAACCTTCTAACCTTTCACGTCCCGG
CTCCGCGGGTTCCGTGGGTCGCCCGCGAAATCTGATCCGGGATGCGGCGGCCCAATCGGA
AGGTGGACCGAAATCCCGCGACAGCAAGAGGCCCGTAGCGACCCGCGGTGCTAAGGAACA
CAGTGCTTTCAAAAGAATTGGCGTCCGCTGTTCGCCTCTCCTCCCGGGAGTCTTCTGCCT
ACTCCCAGAAGAGGAGGGAAGCACAGGTGGGTTTCTTTAGCTCTGCGTCGGATCCCTGAG
AACTTCGAAGCCATCCTGGCTGAGGCTAATCTCCGCTGTGCTTCCTCTGCAGTATGAAGA
CTTTGGAGACTCAACCGTTAGCTCCGGACTGCTGTCCTTCAGACCAGGACCCAGCTCCAG
CCCATCCTTCTCCCCACGCTTCCCCGATGAATAAAAATGCGGACTCTGAACTGATGCCAC
CGCCTCCCGAAAGGGGGGATCCGCCCCGGTTGTCCCCAGATCCTGTGGCTGGCTCAGCTG
TGTCCCAGGAGCTACGGGAGGGGGACCCAGTTTCTCTCTCCACTCCCCTGGAAACAGAGT
TTGGTTCCCCTAGTGAGTTGAGTCCTCGAATCGAGGAGCAAGAACTTTCTGAAAATACAA
GCCTTCCTGCAGAAGAAGCAAACGGGAGCCTTTCTGAAGAAGAAGCGAACGGGCCAGAGT
TGGGGTCTGGAAAAGCCATGGAAGATACCTCTGGGGAACCCGCTGCAGAGGACGAGGGAG
ACACGTAAGTGGTGATGGCAGTGGAGTGTGGAGTCTGGGGAGATGAAGTGTGAGGTCGAT
CTGTCCTCTGGTCCTGAGACCCACTTCTCCAGGCCTCTGCCCCCTTTGCTTGGCGACCCA
GGTTTATTGTCCCCCATCTTCCTTTCAGCGCTTGGAACTACAGCTTCTCCCAGCTGCCTC
GATTTCTCAGTGGTTCCTGGTCAGAGTTCAGCACCCAACCTGAGAACTTCTTGAAAGGCT
GTAAGTGGTAAGGATAACAACGGGGCAGGGAGCTGACCACCCCCGAGATTTTCACTGTAA
AACAGTCCAGTTTTCTAGGAGAGGGATGCCCCAGAGCTGGGAGAAGCGGCACGTAGCCCT
TTTAGACTGAGCTTACATTTTATCTAGCAGTTTGTGTCTTCTACTTCCCTCAAGGATTCA
GGGGGGCTTACCTACCCCAGAGGCAGGCTCAGCCCTAGCCCTACACTTGAAAAGCATAGG
TCTGGCCAGCTTTCTAACTCTCCCCTGTTTCTAGGGCTCCTGACGGTTCCTGCATCTTGA
CCAATAGTGCTGATAACATCTTGCGAATTTATAACCTGCCCCCAGAGCTGTACCATGAGG
GGGAGCAGGTGGAATATGCAGAAATGGTAAGGACTGGGGCTAACTGCCTCTTCATCAATG
CTGCACATTTAAGTCCTTCGTGGAGATGGAAAAAGTGTAGTCCAAGTGTTTCCTGTTCAC
AAACGGGACTGTTTTTCAAGACGAGTTTCCACATGTAGCGTTTTCTGCCCCGAATTCTGA
AGTTATTTAGAGAGAGGTTTCCCCTTTCTTTAATTAGGAATCTGTGTTTTTTGCTAAAAA
GTAGTGAATTTCTTGTGGCAGCATATATATAtttctatttcttatttttttgagacaagg
tcttgctctgtcacccaggctggagtgctgtggtgtgatctcggctcactgcaacctctg
cctcccgggttcaagcgattctcctgcctcagcctcacaagtagctggtattacaggcgc
acgccatcacactcgactaatttttatagttttagtagagacggggtttcgccatgttgg
gcaggctgatatcaaattcctgacctcagaggatccgcccaccttggcctcccaaagtgc
ggggatcacaggtgtgagtcaccgtgcctggcTTATAGCtatttattgattgactactga
tatatgttagtcactgtgctgggataaagtggtggacaagacagatgaagggctggtttg
ctttctgtgtgggagacagacaacaaacatgtaaaccagcaagcatcaggaccaagatga
tgataaatgctctgaaggaaatacacagaatgaagagagactaactagaggaaagcacat
tgcataaaatggtcaggaaggagctctctgaaaaggaggcatttgagctaagacctgaag
gaggataagggatcagtcatgtgaaggcttctggaaagagctttccaggaactggcaatg
atactataaacacccagaactgggaaatagctttgtgcgttaaaagaccagaaaggccct
gcatggtggctcacgcctgtaatcccagctactcaggaggccgaggtgtgcagatcactt
gaggccaggagttcgagaccagcctggccaatatggcaaaaccccatcgctactaaaaat
accaaaattagacgcatgtggtggcacgcgcctgtaatcccagctacttgtgtggctgag
gcaggagaatctcttaaactcaggaggtggaggctgcagtcagacaaaattgtaccactg
cactccagcctgggcgacagagtgagactccatctcaaaaaacaacaaaaCAgactgggc
tcagtggctcacacctgtaatcccagcactttgggaggctgaggtgggcagatcacctga
ggtcaagagtttgagaccagcctggccaacatggcaaaacctcatctctacaaaaataca
aaaattagctgggtgtgatggtgggtgcctgtaatcccagctacttgagaggctgaagca
gaagaatcatttgaacccaggagatggaggttgcagtgagccaagatcatgtcactgcac
tccagcctgggtgacagagtgagactccatcccaaaacaaacaaacaaacaaacaaacaa
acaaacaaacacaaaacaaaaaacccagaatgctggtatagccagactgaggcaagtgag
ggggacagaggggtgaggacagagaagagcagccacgtcgtgttggttcttatgggtaag
gcatttggagtttatttgggaagtcatgagagagGTGttttttttttttttttgagacga
gtcttgctctgtcgcccaggctggagtgcaatggcgtgatctcggctcactgcaacctct
gcctcctggattcaagcgattctcctgcctcagcctcccgagtagctgggattacaggca
cccgccaccatgcccagctaatttttgtatttttttaaatagagacggggttttaccata
ttggccaggatggtctcgtactcctgacatttgatccgccggtctcggcctcccaaagtg
ctgggattataggcatgagccaccgcgcctggcTtaatttttgtatttttagtagagaca
ggttttgccacgttggcctggctggtctcaaactcctgacctcaggtgatccacctgcct
cagccttccaaagtgctaggattacaggcgtgagccaccatgccaggccATGAGAGAGGt
tttttttgtttgtttgtttgagacagagtcttgctctgttgtccaggctggagtgcagtg
gcaccatctcagctcaccgcaacctccgcctcccaggtttaagtgattctcctgcctcaa
ccttccgagtagctgggattacaggcatgtgccaccacacccggctaatttttttgtatt
tttttagtagagatggggggttcatcatattggccaggctggtctcgaactcctgacctt
gtgatctgcccaccttggcctcccaaagtgctgggattacaggcatgagccactgcgccc
ggccAAGAGAGTTTTAAAACAGAAGAGTGAATGGTTTATGGGTGGGCAAGAGTGAAATCC
AGggccaggcacggtggctcacgcctgtaatcccaacactttgggaggctgagatgggtg
gatcacctgaggtgaagagttttagaccagcctggccaacatggtaaaaccctgtctcta
ctcaaatacaaaaattagttggggctgggtgcggtggctgactcctgtaatcccagcact
ttgggaggctgaggcaggtggatcacctgaggtcaggagttcgagaccagcctggccaac
atgatgaaaccccatctctattaaaaatacaaaaaattagctgggcgtggtggcgggcgc
ctgtaatcccagctactctggagtctgaggcaggagaattacttgaaccaaggagatgga
ggttgcagtgagccaggattgcaccactgcactccagtccaggcaacagtgtaagactcc
gtctcaaaaaaaaaaaaaaaaaaaaaagaTTGGCTATAGTTTTCTCCCacccatcctaat
caggttctgcctccatcgcttcctgaaagtgctcttgtcaaggtcactaatgtcctcttG
GGTCAttctccttttttttttttttttttttttttgagacagagtctcgctctgtcaccc
agctggagtgcagtggcgccatctcagctcactgcaagctctgcctcccgggatcacgcc
attctcctgcctcagcctctcccgagtagctgggactacaggcgcccgccaccacgcctg
gctaattttttgtatttttagtagagacggggtttcaccatggtctcgatctcctgacct
cgtgatcctcctgcctcggcctcccaaagtgctgggattacaagcatgagccaccgcgcc
cagccCCTCTTGGGTCATTCTCTAAATTCGCCTCACTGCATCTCTTAGCAGCATGAGTCA
CTGTCTCCACCTCCCTGCGCTGGAGCACTCAGGCACTCAGGGCTCTGCTGGGCCTTCTCC
TCCTCCATCAGCACTCTTTCTTTTTTTTCTTTTTTTTGAGACGGAGTTTCAAAAAATCAG
ACCCACCAAGGCATGTGGCAGTTGTGTTGCTCTTTGCTCGGTAcccgctagaggtctgtt
gccattaatttgaaatgagaccagttagtgtgactgtgcatctttcCTGGCAAGTTAAAT
GACTATagtttctctgtttgtaaaatggggatgattataatagcacctgcctcacagagt
tgtgagaattaaaataatcagtaatgaattaaagcacttaaggccgggtgcggtggctca
cgcctataatcccagcactttggggggccgaggcaggtggatcgcctgaggtcaggaatt
caagaccgacctggccaacatagtgaaaccctgtctttactaaaaatacaaaaattagcc
gggcttagtggcgggcgcctgtaatcccagctacttgggaggtttgaggcaggagaattg
cttgaatccaggaggcgaaggttgcagtgagctgatcgcaccactgcactccagcctggg
caagagagcaagacttagtctcaaaaaaaaataataaaattaaaaaaaagtacttaaaac
agcacctagcatatagtaagtgttcggtaaacactagtAGTCACTGGTATCAGTTGTGTG
CAAGCCAAGAATAGGAGGATGGTATGGTTGAGGTTTACCAGgagagaaagacaagggtat
cctgagagtgtcttcaagagtgtgcatgccatggtggactagaatctacagtgggtaagg
aACTGGACTGTAAATAAGTTTTTGATGAAGCTGAATAAATTGTCATGGTAGAAATAGCAG
AGCAGggtcaggcctggtggctcacgcctgtaatcccgacactttgggaggccgaggcgg
gtggatcacctaaggtcaggagttcgagaccagcctggccaatatggtgaaaccccgtct
ctactaaaaaagatacaaagttagccaggcatggtCGTGATTATGATATTAATGATTATA
ATATTAAAACATTTTAAAAAATATATCTTGCAATACAGATAGTCAATTTGttttcttttt
ttctttctttttttttttttttttttgagacagagtctcgctctgtggcccaggctggag
agcagtggtgtgatcttgcctcactgcaacctctgtttcccggttcaagcgattctcctg
cctcagcttcctgagtagctgggattacaggcacgcaccaccgcacccggctaatttttg
tatttttagtagagatggggtttcgccaagttggccaggctggtctcaaactcccgacct
caagtgatccacccatttccgcctcctaaagtgctgggattacaggcgtgagccactgct
cctggccAGTCAGTTTGTTTTCAAAAGATTTTTGTGGCTggtgtggtggctcatgcctat
aatcccagcactttgggagaccaaggtgggaggaatgcttgagcccaggagtttgagacc
agccttggtaacacagccagatcctgtctctatcaaaaaagttgggcctatggtcccagc
tacttgggaggctgaggtgggaggatcgcttgagcctgcgaggttgaggctgccatgacc
tttgattgcaccattgtactctagcctgggcgacagagtgagactctgtctcaaaacaaa
caaccaaaaCCtttttgtgcttttttttttttttttCCTGCTAGTGTACCAGTTCTATCG
CAACCTCTCTCATTAGGTATTTTCATTTTTAGTGTCTACAAGCTTAGCATTTGAAATAGA
TAACtttttttttttgagatggagtcttgctgtgtcccccaggctggagtgcagtggcgc
gatctcagctcactgcaagctccgcctcccgggttcacgccattctcctgcctcagcctc
tcgagtagctgggactacacgcacccactgccaccacgccaggctaattttttgtatttt
tagtacagtcggggtttcaccatgttagccaggatggtctcgatctcctgacctcgtgat
ccgcccgccttggcctctcaaagtgctgggattacaggcgtgagccactgcacccggccT
TAAATAGATAAAATTTGTATAGGTCAGAAAATTGGGGAAGGGTGTATTTGGGTATTTCCA
TATACTTGTGTGTACTGAGTCTTCTTCCCAATATAGTTTCTCGGGTTTTCTCCTTTCTTT
TCCACCTTTTCACAGAACTTTCTGCAAGTCTCATTTCCAGCTCCCCAGCGTCTTTCCTGA
GTACTTGCCCTGCCCCGTGGGTCTTGCAGGAAGCCTTTACTCCTCGTCTTGCCCTCTCCA
GGAGACACTTTGCATCCTCTGTACCCTTTATCTCTCAGGGTGGGGACGGGGAATGTCCTC
ATTCCCAAATGCTGTAGCCACACAATTGCTCTTTCGTCTTTGTGAAACTTTTCCCTTGAG
GCTTATGCTGATTCTCTCTCCCGCTGACGACGTTGGCACTGTACAGCCTTCCGGTGCTCT
CCTGTTCGCCCGCCATTTTGGTGACCTcaggtatccaagccaaaagccagggtctctctc
atcctttaatctttaatctccctgttcctaacccctcacatccaattacttcccaaatcc
catcaagtctgcctaatcttcctaatccacccacatctgtccctcccactgcctctactt
taattcaaggtcctattattttgggccttatgttgctgaaacagtctcctgcctCCTTTT
GCTCATTAAAACCGTATTTGTTGACTCTGCTTATTCTGCACCACGTGTTGGGGAAGCAGT
GGTGAGAGCGAGGCAGATGTGATTCCCTCCTTCTCtgataggtatgacggaaggggagtg
aggagcaccaggggctataggaaagaggaacaggggcgccttgcttagctggaggggtta
gggaagcgttcccagaggaagaagcatctaagagacctgaaggatgactaggattcagcc
aggaggagtcgttgggggagatgaaggaagaatattccagacttggagcctaggacatgt
gaaagccagtgggttgaaagtgtggcgagttGGCACTTTATGGGACCTGAGAGTCAAAAT
GGCGGGACTCAGAGAttttttttttttttttttttttttttgaaatggagtcttgctctg
tcgcccaggctggagtgcagtggcgcgatctgggttcactgcaagctccgcctcccaggt
tcacgccattctcctgcctcagcctcccgagtagctgggactacaggcgcccgccaccac
gcctggctaattttttgtgtttttagtagacacggggtttcaccacgttagccaggatgg
tctcgatctcctgaccttgtgatccgcccgccttggcctcccaaagtgctgggattactg
gcgtgagccactgcgcccggtcAGGACTCAGAGATTTTTATGGGAATTAGCAGATAGAGA
TAAGCCTTGAGAGGTGGGTCGGGGGTAGCACGTGGTAATGGAAGACTAggaggaggaact
ggcaagatttggtattgggttggaccaggagtggaaaggaagtgaagagtggtagcagtc
aaggctggtgctcagatttcaggattgagcactggtgtggagtccaggaggaacagcagg
tttgatggtggtggatgccgggcctattatggacaaattgagtttgaggaacctgtggga
tgatcaagtggcactgtccaccaggcagttggatatatgggttcagagtatagaggTGGA
CACTGAAGTCCTGGCTGGTTGACATCAGCCTGAGGCCCAGAAGACAACTGACGAAGGACa
gtgtccagactatttatctctcacaaatcagtaagaaaaagacggctgggcatggtggct
catgcctgtaatcccagcactttgggaagccgaggcaggtggatcacccgaggtcaggag
ttcaagaccagcctgaccaacatggcaaaatcccgtctctactaaaaatacaaaaattag
ccgggtgtggtggcaggcgcctgtaatcccagctactcaggaggctgaggcaggagaatt
gcttgaacctgggaggtggaggtagtagtgagccgagatcgtgccactgcactccagcct
ggggacagagggagactctgcctccaaaaaaaaaaaaagaaaagaaaaagaaaaaagaga
agaaaagaaaaagacaacaactggtcaggcatggtggctcacacctgtaatccccacttt
gggaggccgaggtaggcagatcacttgaggctgggagtttgagaccagcctggccaacat
ggtgaaaccccatctctactaaaaagtataaaaattagccgggcgtggtggcaaatgcct
gtggtcccggctccttgggaggctgaggcatgagagtcgcttgaacccaggaggcagagg
ttgtagtgagccaagatcgtgccactgcaccccagcttggggaacagagaaagactctgt
ctcaaaaagaaaaaaaaagaaaaagaaaatgggcaaaatttatgaaaaggtgtacctaac
taaatggccagtaaacatagaggaaatatctaatctctcttatagtaatgatggaaatac
aaatttatgctgtaatgaaataccatttcaccaccttcaaattgagaaaaatgtaaaagt
ctggcaataccaagAAGATAAAGAACAATAGACACttttttttttttttggagacaggat
cttgttctgttgcccaggctggagtgcagtggtgcgaacatggcacactgtagcctcaaa
ctcctggggtcaagcagtcctcctgcctcactctcccaaacaggtgggactacaagtatg
ccaatatgcctgactaattttttaattttttgtaaaactggggtcttgctatattgccca
ggctagaatagagactcttatacactgctggtgggagaggacattgggacaagtgctttg
ggaaagaaattgacattatagtatcttacaaagtttgcaaagtgcatagcgtagagacca
gtaattttactcttcagcagaaactgtagagaaacccttctacatgtgtacagaatgtta
aagcacactagccaaaaaacagaaaaacatcagtgattctaaatagaagaagggtagatc
agtttgaatatattcatgagtagagtactatacaccagtgaaaatgcatgaattagagca
aaatgtgtttccatggttaaagcttgctatcacagagggatgtatatgatataataccat
tactgttaagtctaggccgggcatggtggctcatgcttgtaatcccagtgcattgaaagg
ctgaggtggctggattgcttgaggccaggagttttagaccagcgtgagcaacacagaccc
ctgtttctacaaaaaaataattttaaagattagccgggcaggctgggcgtggtgtctcat
gcctgtaatcccagcacttgggagactgaggtgggtggatcacgaggtcaggagttcaag
accagcctggccaagatggtgaaaccccgtctctactaaaaatacaaaaaaattagccgg
gcgtgatagcaggcgcctgtaatcgtagctactcaggaggctgaggcagagaattgcttg
agtctgggaggcagaggttgcagtgagccaagattgtgccactgcattccagcctgggcg
acagagcgagactccgtcAAaaataaataaataaataaataaataaataaataagccagg
tatggtggcttatgcttatattcccagttactagggaggctgaggccaggggattgtttg
cttgagcccaggagtttgaggtttcagtgagatgattgcgccactgtgctccagcctagg
caacagagtaagaccctgtctctaagaaaagaaaaaattaagtctaaagacctgcaagac
aacgttagatactgttttttttcccatatgaatatactcctaggctgggcgcagtggctc
acacctgtaatcccagcactttgggaggctgaggcagaaagatcacttgaggccaagagt
tcgagaccagcctggccaacgtggcgaaaccctgtctatactaaaaatacaaaaaattag
ctgagcatggaggtgaactcctgcaatcccagctactcgggaggctgagacacaagaatt
gcttgaacctgggaggtggaggttgcagtgaactgagatcgtgccactgcactcagcctg
ggtgacagagtgagactctgcctttaaaattaaaaaaaaaaaaTTtatatatatatatat
atttatatatatatatatatttatatatatatatatatatatatatttatatatatatat
atatatttatatatatatatatattcctaaggaaatgtatgacagtgataaattcaagat
agtgtttacctctgagggagagTTTCTGTTAGGAAAGGGGTTTAAACATATCTTTTTGTT
CAGCTGGATGGAGGGGTCACAGGGCTGTTTTTTTAATAAGATACTTTGTATGTTTGAACT
GTTTAATTTTTTTTCTTTATTTTTGTAAGGAGGtttttttgtttccatttttgtattttt
gagacagtgtttctgttgcccaggctggagtgcagtggcaatgatctcagctcactgtgg
tctctatctcctgggctcaagcaattctcatgcctcagcctccctagtagctgggactac
aggcatgcactaccatgcccagctaatttttttttcttgtagagacagtgtttcaccata
ttgcccaggctggtcttgaactcctgggctcaagtgatctgcctgcctcagcctccctaa
gtgct
