>scga-mini-dna-012-tumor-1
TGGCAGCAAAGTTTTATTGTAAAATAAGAGATCGATATAAAAATGGGATATAAAAAGGGA
GAAGGAGGGGAAGGGTGGGGTGAAAATGCAGATGTGCTTGCAGAATGTAAAAGATGTTGA
CCCTTCCAgctggacgtggtggctcacaattgtaatcccagcactctgggaggctgagac
aggtggatcgcctgagcccaggagtttgagaccagcctgggcaacactgtgagaccccat
ctctacaaaacatgcaaaagttggctggccatggtggcatgaacctgtggtcccagctac
tccggaggctgaggcaggactgctcgagccggggaggcaaaggctgcagtaagccaagat
cacgccactccactccagcctgggcaacaaagcgagacccagtctcaaagaaaaagaaaa
aaaaaaaaaaaaaagaaaaaagaaaTTGACCCTGAGCATAAAACAAGTCTTGGTGGATCC
AGATCATCATATACAAGAGATGAAATCCTCCAGGGTGTGGGATGGGGTGAGATTTCCTTT
TAGGTACTAAGGTTCACCAAGAGGTTGTCAGACAGGGTTTGGCTGGGCCAGCAGAGACTT
GACAACTCCCTCTACCTAACCAGCTGCCCAACTGTAGAAACTACCAACCCACCGACCAAC
AGGGAGAGGGAACAAGCACCCTCAAGGGGGTCAAGTTCTAGACCCCATGTAATAAAAGGT
Ggtttcaaggccagatgtacattatttcattaaccctcacaatgcactctgtgaggtagg
tgcaaatgccagcatttcacagatatgggccttgaagttagagaAAATTCAACAGTGAGG
GACAGCTTCCCTGGTTAGTACGGTGAAGTGGGCCCCTACCTAGAATGTGGCTGATTGTAA
ACTAACCCTTAACTGCAAGAACATTTCTTACATCTCCCAAACATCCCTCACAGTAAAAAC
CTTAAAATCTAAGCTGGTATGTCCTACTCCCCATCCTCCTCCCCACAACAAAACACCAGT
GCAGGCCAACTTGTTCAGTGGAGCCCCGGGACAAAGCAAATGGAAGTCCTGGGTGCTTCT
GACGCACACCTATTGCAAGCAAGGGTTCAAAGACCCAAAACCCAAAATGGCAGGGGAGGG
AGAGATGGGGGTGGGAGGCTGTCAGTGGGGAACAAGAAGTGGAGAATGTCAGTCTGAGTC
AGGCCCTTCTGTCTTGAACATGAGTTTTTTATGGCGGGAGGTAGACTGACCCTTTTTGGA
CTTCAGGTGGCTGTAGGAGACAGAAGCAGGGAGGAGAGATGACATCACATGAGTGAGAGG
GTCTGTGCCCCTTTTCCCTGACCAATGCTTTGAAGGGCCTAAGGCTGGGACAACGGGAAT
TCAAATCAAGATGGTGGCCACACCCCATGCAAATATGTTTACTGAGCACCTCAGAGTATT
AGTGTGTATTAGTCTCGTAATCTTCCCTTACCCCAttttactttatttatcttttttgag
acggagtttcactcttgttgcccaggctggagtgtaatggtgagatctcagctcaccgca
acctctgcctcccgggttcaagcgattctcctgcctcagcctcccgagtaggtagctggg
attacaggcatgcatcaccacgcccggctacttttgtatttttagtagagatggggtttc
tccatgttggtcaggctgggctcaaactcccgacctcaggtgatccactcgccttggcct
cccagagtgtgggattcgtgagccactgcgcccggccCCCTTAccccattttatatataa
ggaaactgagtttgacgggggtcacctaggacctgccggtgcatggcagggctgagtata
tgacctgaaactcTGGCTGTATTCAGTATTACACAATTATTAGGCCCCTCCTTGAGACCC
TCCAGCTCTGGGCTGGGAGTTGCGGAGAATGGCAAAGAAGTATCCACACTCGTCCCTGGG
TTTGGATGTTCTGTGGATACACTGAGGCAAGAATGTGGTTATAGGATTCAACCGGAGGAA
GACTAAAAAAATGTCTGTGCAGGGCTGGGACCCAATGAGATGGGGTCAGCTGCCTTTGAC
CATGAAGGCAGGATGAGAATGGAATCCTATGGCTTTCCAACCTAGGAAGGCAGGGGAGTA
GGGCCAGGAAGGGGCTGAGGTCACTCACCTGGAGTGAGCCCTGCTCCCCCCTGGCTCCTT
CCCAGCCTGGGCATCCTTGAGTTCCAAGGCCTCATTCAGCTCTCGGAACATCTCGAAGCG
CTCACGCCCACGGATCTGCAGCAACAGAGGAGGGGGAGAAGTAAGTATATACacagtacc
tgagttaaaagatggttcaagttacaattgtttgactttatgacggtacaaaagcaacat
gcatttagtagaaactgcacttcaagtacctatacagcTGACTTTTAAAAATAtttattt
atttattttgagatggggtctcactctgttgcccaggcgggagtgcaatggtgcaatctt
ggctgattgcaatctccgcctctggggttcaagtgattcttgtgcctcagcctcccgagt
agctgggactacaggcgtgtgctaccacacctggctaatttttgtgtttttagtagagat
ggggcttcaccatgttagccaggctggtttccaactcctgacgtcaggtgatctacccac
ctccacctcccaaagtgctgggattacaggtgtgagccactgtgcccggccCttttttaa
attttagagatgatgtcttgctatgttgttcaggctggactcaaactcttgggctcaaga
gatcctcctgccttagcctctcaagtaactgggactacatgtgcatgcgactgtgcctcg
tttcttttcttttttttctgagacggagtctcactctatcgcccaggctggagtgcagtg
gcgccatcttggctccctgcaacctccgcctcctggttcaagcgattctcctgcctcagc
ctcccaagtagctgggattacaggcacctgccatcacgcccggttaatttttgtatttta
gtagagacggggtttcaccatgttggctaggctggtcttgaactcctgacctcaggtgat
ccacccgcctcagcctcccgaaatgctgggattacaggcgtgagccagtgcgcctggcct
tttctttttttgagtctcgctctgcgcccaggctgTGCCTGGCTCGACTGTGCCTCCTTT
catgcaaccatgctgtttctcactttcagtaacaatattcaataaatcacatgagatata
caacattttattactataaaaagggctttgtgttagatgactttgcccaactgtagggta
acttaaatgctctgaacacgtttcaagtaggctagggctgagtgtggtagctcatgcctg
taaccccaatacttggggaggctgaggtggaaggattgattgagcccaggggtttgatac
cagcatgggcaacgtagcaagaccttgacttcacagaaaataaaaaattagctgggtgtc
gtggcatgtgcctgtagtcctagctacttgggagggtgaaatcaccggagcccagggagg
tcaaggctgcagtgagctgagatggtgccactgcactctagcctgagtgacagagtgaga
ctctgtctttaaataaataaataaaaaTTAgccgggcgtggtggctcacacctgtaatcc
cagcactttgggaggccgaggcgggcggatcacatggtcagaagttcgagaccagcctgg
ccaacatggtgaaaccctgtctctactaaaaatacaaaaattagctgggcgtggtagcag
gcgcttgtagtcctagctattcgggaggctgaggcaggagaatcacttgaacccaggagg
cagaggttgcagtgagccgagatcatgccactgcactccagcctgggcgacagagtgaga
ctgagtctcaaaaaaataaaataaaataaaataaaaataaataaataaaaattagccagg
catggtggtgcaggcctgtagttgaagcaacttgggaggctgagctgggaggatggatgg
agcctgggaggtggaggctgcagtgagctgtgactgcactactgcactctatccagcctg
ggtgacagagcaagaccttgtctcaaaaaaGTAGGCTAgagaccagcctgggcaacatag
tgagactctatctatctacaaaaaattttaaaaattagctgggtatggtggtgtatgcct
gtggtcctagctactggggaggcagagttagggggattgcttgagcccaggagggtataa
tgagctatgatcacatcactgtaatccagcctgggcaacagagcaagatgctgtctccat
taaaaataaaataaaaGTAGGCTAGGCAggccgggtgcggtggctcacgcctgtaatccc
agcactttgggaggccaaggcaggcagatcacaaggtcaggagttcgagactagcctggc
caacatggtgaaacctcatctctactaaaaaaaaaaataaataaataacaaaaaattagc
tgggcgtcggggcaggtgcctgtaatcccagctactcagtgggctgaggcaggagaatcg
cttgaacccagaaggcggaggttgcagtgagccgagatcccgccactgcactccagcctg
ggtgacagagtgagactctgtctccaaaaaaaaaaaaaaaaaaagcaggctaggctaagc
tatgatgttccttagattaggtgtattaaatccattttcaacttacaatattttcaactt
acgacgagtttatcaggaagtaacaccatcgtaagtcaagtagcatctgTATCAGGCAAA
GTCATAGAACCATTTTCATGCTCTCTTTAACAATTTTCTTTTTGAAAGCTGGTCTGGTCC
TTTAAAATATATATTATGGTATAAGTTGGTGTTCTGAAGTTAGTTAGCTACAACCAGGAG
CCATTGTCTTTGAGGCATCACTGCCCCCTGATGGCAAATGCCCCAATTGCAGGTAAAACA
GTCAAGAAGAAAACGGCATTTTGAGTGTTAGACTGGAAACTTTCCACTTGATAAGAGGTC
CCAAGACTTAGTACCTGAAGGGTGAAATATTCTCCATCCAGTGGTTTCTTCTTTGGCTGG
GGAGAGGAGCTGGTGTTGTTGGGCAGTGCTAGGAAAGAGGCAAGGAAAGGTGATAAAAGT
GAATCTGAGGCATAACTGCACCCTTGGTCTCCTCCACCGCTTCTTGTCCTGCTTGCTTAC
CTCGCTTAGTGCTCCCTGGGGGCAGCTCGTGGTGAGGCTCCCCTTTCTTGCGGAGATTCT
CTTCCTCTGTGCGCCGGTCTCTCCCAGGACAGGCACAAACACGCACCTCAAAGCTGTTCC
GTCCCAGTAGATTACCACTACTCAGGATAGGAAAAGAGAAGCAAGAGGCAGTAAGGAAAT
CAGGTCCTACCTGTCCCATTTAAAAAACCAGGCTCCATCTACTCCCAACCACCCTTGTCC
TTTCTGGAGCCTAAGCTCCAGCTCCAGGTAGGTGGAGGAGAAGCCACAGGTTAAGAGGTC
CCAAAGCCAGAGAAAAGAAAACTGAGTGGGAGCAGTAAGGAGATTCCCCGCCGGGGATGT
GATGAGAGGTGGATGGGTAGTAGTATGGAAGAAATCGGTAAGAGGTGGGCCCAGGGGTCA
GAGGCAAGCAGAGGCTGGGGCACAGCAGGCCAGTGTGCAGGGTGGCAAGTGGCTCCTGAC
CTGGAGTCTTCCAGTGTGATGATGGTGAGGATGGGCCTCCGGTTCATGCCGCCCATGCAG
GAACTGTTACACATGTAGTTGTAGTGGATGGTGGTACAGTCAGAGCCAACCTAGGAGATA
ACACAGGCCCAAGATGAGGCCAGTGCGCCTTGGGGAGACCTGTGGCAAGCAGGGGAGGCC
ttttttttttttttttgagatggaatctcgctctgtcgcccaggctggagtgcagtggcg
tgatctcagctcactgcaagctccaccgcccaggttcacgccattctccttcctcagcct
cccgagtagctgggactacaggtgcccagcaccacgcccggctaatttttttttgtattt
ttcagtagagacggggtttcaccgttagccaggatggtctcgatctcccaacctcgtgat
ccgcctgccttggcctcccaaagtgctgggattacaggcatgagccactgcgcccagccA
AGCAGGGGaggcccttagcctctgtaagcttcagttttttcaactgtgcaatagttaaac
ccatttactttgcacatctcatggggttatagggaggtcaaataagCAGCAGGAGAAAGC
CCCCCTACTGCTCACCTGGAGGGCCACTGACAACCACCCTTAACCCCTCCTCCCAGAGAC
CCCAGTTGCAAACCAGACCTCAGGCGGCTCATAGGGCACCACCACACTATGTCGAAAAGT
GTTTCTGTCATCCAAATACTCCACACGCAAATTTCCTTCCACTCGGATAAGATGCTGAGG
AGGGGCCAGACCTAAGAGCAATCAGTGAGGAATCAGAGGCCTGGGGACCCTGGGCAACCA
GCCCTGTCGTCTCTCCAGCCCCAGCTGCTCACCATCGCTATCTGAGCAGCGCTCATGGTG
GGGGCAGCGCCTCACAACCTCCGTCATGTGCTGTGACTGCTTGTAGATGGCCATGGCGCG
GACGCGGGTGCCGGGCGGGGGTGTGGAATCAACCCACAGCTGCACAGGGCAGGTCTTGGC
CAGTTGGCAAAACATCTTGTTGAGGGCAGGGGAGTACTGTAGGAAGAGGAAGGAGACAGA
GTTGAAAGTCAGGGCACAAGTGAACAGATAAAGCAACTGGAAGACGGCAGCAAAGAAACA
AACATGCGTAAGCACCTCCTGCAACCCACTAGCGAGCTAGAGAGAGTTGGCGTCTACACC
TCAGGAGCttttcttttttttttttttttttgagatagggtcttgctctgtcactcaggc
tggagcacagtggtgtgatcacagctcactgcagcctccatctcctggcctcaagtgatc
ttcccacctcagcctcctaagtggctgggactataggtgtgcaccaccatgcctggctaa
ttttttgtatttttttgtagagacgaggtttcatcatgttacccaggctggtcttgaact
cctgggctcaggtgatctgcctgccttggcctctttgagagtgctgggattgcaggtgtg
agccaccaagcctggtcAGGAGCTTATTTTCAAAAGCCAAGGAATACACGTGGATGAAGA
AAAAGAAAAGTTCTGCATCCCCAGGAGAGATGCTGAGGGTGTGATGGGATGGATAAAAGC
CCAAATTCAAGGGGGGAATATTCAACTTTGGGACAGGAGTCAGAGATCACACATTAAGTG
GGTAAACTATAAAAAAACACTGACAGGAAGCCAAAGGGTGAAGAGGAATCCCAAAGTTCC
AAACAAAAGAAATGCAGGGGGATACGGCCAGGCATTGAAGTCTCATGGAAGCCAGCCCCT
CAGGGCAACTGACCGTGCAAGTCACAGACTTGGCTGTCCCAGAATGCAAGAAGCCCAGAC
GGAAACCGTAGCTGCCCTGGTAGGTTTTCTGGGAAGGGACAGAAGATGACAGGGGCCAGG
AGGGGGCTGGTGCAGGGGCCGCCGGTGTAGGAGCTGCTGGTGCAGGGGCCACGGGGGGAG
CAGCCTCTGGCATTCTGGGAGCTTCATCTGGACCTGGGTCTTCAGTGAACCATTGTTCAA
TATCGTCCGGGGACAGCATCAAATCATCCATTGCTTGGGACGGCAAGGGGGACTGTAGAT
GGGTGAAAAGAGCAGTCAGAGGACCAGGTCCTcagccccccagccccccagccctccagg
tccccagccctccaggtccccagcccAACCCTTGTCCTTACCAGAACGTTGTTTTCAGGA
AGTCTGAAAGACAAGAGCAGAAAGTCAGTCCCATGGAATTTTCGCTTCCCACAGGTCTCT
GCTAGGgggctggggttggggtgggggtggtgggCCTGCCCTTCCAATGGATCCACTCAC
AGTTTCCATAGGTCTGAAAATGTTTCCTGACTCAGAGGGGGCTCGACGCTAGGATCTGAC
TGCGGCTCCTCCATGGCAGTGACCCGGAAGGCAGTCTGGCTGCTGCAAGAGGAAAAGTGG
GGATCCAGCATGAGACACTTCCAACCCTGGGTCACCTGGGCCTGCAGAGAAGGAACCCCC
TCCCCCAACACCATGCCAGTGTCTGAGACAGCTCGGCTTCCTGTGGAGCAGGAAAAGAat
ggctgcttcacattctctcttccaatgtttcaccacaacccaagcactcctgccccaccc
ctcaccagccatgcacttctttgaggaaaagacaatcagagagggacttccaaccttccc
accactaaatccccaagacttcctaaatgtgcaccctattcccaactcccttcctgtAtt
ttttttttttttttgagatggagtctctctctgtcacctaggctggagcacagtggcatg
atctcagctcactgcaacctctaccttccgggttcaagccattctcctgcctcagtctcc
cgagtagctgggattacaggcgagtaccaccacacccagctaatttttgtatttttagta
gagacagggctttgcatgttggccaggctggtctcgaactccttacttcaggtgatcggc
ccgcctcagcctcctaaagtgccaagattacaggtgtgagctaccgtgccctgcTCCCAC
CTCCTGTTAACAAGGATATAGTCATTCTCAGCCTGCAATCTCTGTATGGGGAAGGACACC
CCCTTGGCCCCCACCCTTCCCCACCTGATACACGGCTCCATTTCTTTGATTCCTTTCACT
GCAAAGCTTCTGGAAGAACAACTGTCTCACCGCTCACCTGCCCATTCTCTTCGGACACTC
CTCAGCCCTGCATTACAAACCCCTCACGAATGGCCCGTCTCGGCTTCTTTAATCTCATCT
CTTAACAACCACTCCCTCTTCCCCAAAAGCTCTAGCTAGACTGGCTGCCCTTCTCTGCTA
ATCAACTGGTGGTTCCTTGGCTAGCCAGGAACATGGGGGTAGGCTCCTTCCCGTGCAGAC
TTTAAGTCATCCTATTTTAATTCACATCAcctcatttgcattctcatagcacttacattg
tctgatacttttccttgtttattttatctgtttcctctaatagcatatacacttcctaag
ggcagggcagtgatctatcttgttgtcttgctgaccaaagtattagatcacaatgccttg
cacctgcttgggctcaataaatgtGAATAACACACAAGCCTGTTATATGAGAGGTTAAGA
GAGCGAGAAAGAGCAAGGGGCAGCCCCTGTGTGGACCAGCATCTTGCACGAAGTTATGCA
ACTATCATCGCACCTTCTCCCAGACAAGCTTTCAAAGGCTTTGCCATGTTTtcttttgtt
ttgtttttttgtttgttttttgagatggagtttggctcttttcgcccaggctggagtgca
gtggtgcagtctaggctcactgcaacctctgccttctggtttcaagcaattctcctgcct
cagcctcccgagtagctgggattacaggcccctgccaccatgcctggctgattttttgta
tttttagtagagacagggtttcaccatgttggccaggctggtgtggaactcctgaccttg
tgatccacctgcctcggcctctcaaagcgctgggattacaggtgtgagccactgtgcctg
gccCGCCATGttctttctttctttcttttttcttttgaggcagggtcttgctttgttgcc
caagctagggtacagtggtgcaatcatggctcactacagcctcggactcctgggctcagt
gattctcctgcctcagcctcccaagtagctgggaccacagaggcctgcctggctaatttt
ttagtctttttctttttctttttttttttggagacggagtctcgccctgtcacccaggct
agagtgcagtggtgtgatctcgactcactgtaacctccacctcccagattcaagcgatcc
tcttgcctcaacttcctgagtagctgggattacaggcgcccaccaatgcgcctgattaat
tttttgtatttttagtagagatggggttttgccatgttggccaggctggtttcgaactcc
tgacctcaggtgatcctcccgcctccgactcccaaagtgctgggattacaggtgtgagcc
actgcacccggccaatttttgagtttttttgtagaggcagggtttcactatgttgcccag
gcAGGATGCTCTCtttctttttctttttttttttttCAGGGATGCTCTCTTTCTTTATGC
CAAATTTGTCATCAGATTTGCTAAGAAACATGCCTACTGTAAGTGTTTGTTACACttttc
tgtttttttttttttttgagacagagttttgctctcgtccaggctggagtgcaatggtgc
gatctcggctcaccgcaacctctgcctcccaggttcaagcgattctcctgcctcagcctc
ccgagtagctgggattacaggcatgcgccactgcgcccggctaattttgtatttttagta
gagacggggtttctccatattggtcaggctggtcttgaactcccaacttcaggtgatccg
cccgccttggcctcccaaagtgctgggattacaggcatgaaccactgtgcccagccCACT
TTTCTGTTGTTTGCACTGACAAAACATCCCCTACCAAACAGCTCCTTTAATGGCAGGCTC
TTTTCTTTttttattttattttattttattttattttattttattttattttgagacgga
gtctcagctcttattgcccaggctggagtacagtggcactatctccgcttactgcaacct
cctcccggattcaaatgattctcctgcctcagcctgctgagtagctaggactacaagcat
gtgccaccacacctggctaattttgtacttctagtagagacggggtttcaccatgttggt
caggctggtcttgaactcccgacctcaggtgatccaccccccttggcctcctaaagtgct
gggattacaggcgtgagccaccaagcctggccTACCTAGTACTCTGTGTATTATGGGAAa
tgtagagttgaggaaagtgctgggcacacagtaagagctcaacaaaggttagctctTTCT
GCAATTGTTCTATTTCACTTGTTCTATATTATTATTCTAGAGAGAACTGTGTGATTGTTA
GTGCGGATCTGTGGTACTGCTCCCACCCCCACTCCATTAATGCAAGTACACCTCCTTCAG
GGATCTATTCAGTCAACAGGCCAGGAGGTGCTGTCCTGAAATGGGGGGCCCAAAGTCTCA
ATCCCACTTGGAGGGACACAGCTCTCTTTAACAATTTTCTTTTTGAAAGCTGGTCTGGTC
CTTTAAAATATATATTATGGTATAAGTTGGTGTTCTGAAGTTAGTTAGCTACAACCAGGA
GCCATTGTCTTTGAGGCATCACTGCCCCCTGATGGCAAATGCCCCAATTGCAGGTAAAAC
AGTCAAGAAGAAAACGGCATTTTGAGTGTTAGACTGGAAACTTTCCACTTGATAAGAGGT
CCCAAGACTTAGTACCTGAAGGGTGAAATATTCTCCATCCAGTGGTTTCTTCTTTGGCTG
GGGAGAGGAGCTGGTGTTGTTGGGCAGTGCTAGGAAAGAGGCAAGGAAAGGTGATAAAAG
TGAATCTGAGGCATAACTGCACCCTTGGTCTCCTCCACCGCTTCTTGTCCTGCTTGCTTA
CCTCGCTTAGTGCTCCCTGGGGGCAGCTCGTGGTGAGGCTCCCCTTTCTTGCGGAGATTC
TCTTCCTCTGTGCGCCGGTCTCTCCCAGGACAGGCACAAACACGCACCTCAAAGCTGTTC
CGTCCCAGTAGATTACCACTACTCAGGATAGGAAAAGAGAAGCAAGAGGCAGTAAGGAAA
TCAGGTCCTACCTGTCCCATTTAAAAAACCAGGCTCCATCTACTCCCAACCACCCTTGTC
CTTTCTGGAGCCTAAGCTCCAGCTCCAGGTAGGTGGAGGAGAAGCCACAGGTTAAGAGGT
CCCAAAGCCAGAGAAAAGAAAACTGAGTGGGAGCAGTAAGGAGATTCCCCGCCGGGGATG
TGATGAGAGGTGGATGGGTAGTAGTATGGAAGAAATCGGTAAGAGGTGGGCCCAGGGGTC
AGAGGCAAGCAGAGGCTGGGGCACAGCAGGCCAGTGTGCAGGGTGGCAAGTGGCTCCTGA
CCTGGAGTCTTCCAGTGTGATGATGGTGAGGATGGGCCTCCGGTTCATGCCGCCCATGCA
GGAACTGTTACACATGTAGTTGTAGTGGATGGTGGTACAGTCAGAGCCAACCTAGGAGAT
AACACAGGCCCAAGATGAGGCCAGTGCGCCTTGGGGAGACCTGTGGCAAGCAGGGGAGGC
Cttttttttttttttttgagatggaatctcgctctgtcgcccaggctggagtgcagtggc
gtgatctcagctcactgcaagctccaccgcccaggttcacgccattctccttcctcagcc
tcccgagtagctgggactacaggtgcccagcaccacgcccggctaatttttttttgtatt
tttcagtagagacggggtttcaccgttagccaggatggtctcgatctcccaacctcgtga
tccgcctgccttggcctcccaaagtgctgggattacaggcatgagccactgcgcccagcc
AAGCAGGGGaggcccttagcctctgtaagcttcagttttttcaactgtgcaatagttaaa
cccatttactttgcacatctcatggggttatagggaggtcaaataagCAGCAGGAGAAAG
CCCCCCTACTGCTCACCTGGAGGGCCACTGACAACCACCCTTAACCCCTCCTCCCAGAGA
CCCCAGTTGCAAACCAGACCTCAGGCGGCTCATAGGGCACCACCACACTATGTCGAAAAG
TGTTTCTGTCATCCAAATACTCCACACGCAAATTTCCTTCCACTCGGATAAGATGCTGAG
GAGGGGCCAGACCTAAGAGCAATCAGTGAGGAATCAGAGGCCTGGGGACCCTGGGCAACC
AGCCCTGTCGTCTCTCCAGCCCCAGCTGCTCACCATCGCTATCTGAGCAGCGCTCATGGT
GGGGGCAGCGCCTCACAACCTCCGTCATGTGCTGTGACTGCTTGTAGATGGCCATGGCGC
GGACGCGGGTGCCGGGCGGGGGTGTGGAATCAACCCACAGCTGCACAGGGCAGGTCTTGG
CCAGTTGGCAAAACATCTTGTTGAGGGCAGGGGAGTACTGTAGGAAGAGGAAGGAGACAG
AGTTGAAAGTCAGGGCACAAGTGAACAGATAAAGCAACTGGAAGACGGCAGCAAAGAAAC
AAACATGCGTAAGCACCTCCTGCAACCCACTAGCGAGCTAGAGAGAGTTGGCGTCTACAC
CTCAGGAGCttttcttttttttttttttttttgagatagggtcttgctctgtcactcagg
ctggagcacagtggtgtgatcacagctcactgcagcctccatctcctggcctcaagtgat
cttcccacctcagcctcctaagtggctgggactataggtgtgcaccaccatgcctggcta
attttttgtatttttttgtagagacgaggtttcatcatgttacccaggctggtcttgaac
tcctgggctcaggtgatctgcctgccttggcctctttgagagtgctgggattgcaggtgt
gagccaccaagcctggtcAGGAGCTTATTTTCAAAAGCCAAGGAATACACGTGGATGAAG
AAAAAGAAAAGTTCTGCATCCCCAGGAGAGATGCTGAGGGTGTGATGGGATGGATAAAAG
CCCAAATTCAAGGGGGGAATATTCAACTTTGGGACAGGAGTCAGAGATCACACATTAAGT
GGGTAAACTATAAAAAAACACTGACAGGAAGCCAAAGGGTGAAGAGGAATCCCAAAGTTC
CAAACAAAAGAAATGCAGGGGGATACGGCCAGGCATTGAAGTCTCATGGAAGCCAGCCCC
TCAGGGCAACTGACCGTGCAAGTCACAGACTTGGCTGTCCCAGAATGCAAGAAGCCCAGA
CGGAAACCGTAGCTGCCCTGGTAGGTTTTCTGGGAAGGGACAGAAGATGACAGGGGCCAG
GAGGGGGCTGGTGCAGGGGCCGCCGGTGTAGGAGCTGCTGGTGCAGGGGCCACGGGGGGA
GCAGCCTCTGGCATTCTGGGAGCTTCATCTGGACCTGGGTCTTCAGTGAACCATTGTTCA
ATATCGTCCGGGGACAGCATCAAATCATCCATTGCTTGGGACGGCAAGGGGGACTGTAGA
TGGGTGAAAAGAGCAGTCAGAGGACCAGGTCCTcagccccccagccccccagccctccag
gtccccagccctccaggtccccagcccAACCCTTGTCCTTACCAGAACGTTGTTTTCAGG
AAGTCTGAAAGACAAGAGCAGAAAGTCAGTCCCATGGAATTTTCGCTTCCCACAGGTCTC
TGCTAGGgggctggggttggggtgggggtggtgggCCTGCCCTTCCAATGGATCCACTCA
CAGTTTCCATAGGTCTGAAAATGTTTCCTGACTCAGAGGGGGCTCGACGCTAGGATCTGA
CTGCGGCTCCTCCATGGCAGTGACCCGGAAGGCAGTCTGGCTGCTGCAAGAGGAAAAGTG
GGGATCCAGCATGAGACACTTCCAACCCTGGGTCACCTGGGCCTGCAGAGAAGGAACCCC
CTCCCCCAACACCATGCCAGTGTCTGAGACAGCTCGGCTTCCTGTGGAGCAGGAAAAGAa
tggctgcttcacattctctcttccaatgtttcaccacaacccaagcactcctgccccacc
cctcaccagccatgcacttctttgaggaaaagacaatcagagagggacttccaaccttcc
caccactaaatccccaagacttcctaaatgtgcaccctattcccaactcccttcctgtAt
tttttttttttttttgagatggagtctctctctgtcacctaggctggagcacagtggcat
gatctcagctcactgcaacctctaccttccgggttcaagccattctcctgcctcagtctc
ccgagtagctgggattacaggcgagtaccaccacacccagctaatttttgtatttttagt
agagacagggctttgcatgttggccaggctggtctcgaactccttacttcaggtgatcgg
cccgcctcagcctcctaaagtgccaagattacaggtgtgagctaccgtgccctgcTCCCA
CCTCCTGTTAACAAGGATATAGTCATTCTCAGCCTGCAATCTCTGTATGGGGAAGGACAC
CCCCTTGGCCCCCACCCTTCCCCACCTGATACACGGCTCCATTTCTTTGATTCCTTTCAC
TGCAAAGCTTCTGGAAGAACAACTGTCTCACCGCTCACCTGCCCATTCTCTTCGGACACT
CCTCAGCCCTGCATTACAAACCCCTCACGAATGGCCCGTCTCGGCTTCTTTAATCTCATC
TCTTAACAACCACTCCCTCTTCCCCAAAAGCTCTAGCTAGACTGGCTGCCCTTCTCTGCT
AATCAACTGGTGGTTCCTTGGCTAGCCAGGAACATGGGGGTAGGCTCCTTCCCGTGCAGA
CTTTAAGTCATCCTATTTTAATTCACATCAcctcatttgcattctcatagcacttacatt
gtctgatacttttccttgtttattttatctgtttcctctaatagcatatacacttcctaa
gggcagggcagtgatctatcttgttgtcttgctgaccaaagtattagatcacaatgcctt
gcacctgcttgggctcaataaatgtGAATAACACACAAGCCTGTTATATGAGAGGTTAAG
AGAGCGAGAAAGAGCAAGGGGCAGCCCCTGTGTGGACCAGCATCTTGCACGAAGTTATGC
AACTATCATCGCACCTTCTCCCAGACAAGCTTTCAAAGGCTTTGCCATGTTTtcttttgt
tttgtttttttgtttgttttttgagatggagtttggctcttttcgcccaggctggagtgc
agtggtgcagtctaggctcactgcaacctctgccttctggtttcaagcaattctcctgcc
tcagcctcccgagtagctgggattacaggcccctgccaccatgcctggctgattttttgt
atttttagtagagacagggtttcaccatgttggccaggctggtgtggaactcctgacctt
gtgatccacctgcctcggcctctcaaagcgctgggattacaggtgtgagccactgtgcct
ggccCGCCATGttctttctttctttcttttttcttttgaggcagggtcttgctttgttgc
ccaagctagggtacagtggtgcaatcatggctcactacagcctcggactcctgggctcag
tgattctcctgcctcagcctcccaagtagctgggaccacagaggcctgcctggctaattt
tttagtctttttctttttctttttttttttggagacggagtctcgccctgtcacccaggc
tagagtgcagtggtgtgatctcgactcactgtaacctccacctcccagattcaagcgatc
ctcttgcctcaacttcctgagtagctgggattacaggcgcccaccaatgcgcctgattaa
ttttttgtatttttagtagagatggggttttgccatgttggccaggctggtttcgaactc
ctgacctcaggtgatcctcccgcctccgactcccaaagtgctgggattacaggtgtgagc
cactgcacccggccaatttttgagtttttttgtagaggcagggtttcactatgttgccca
ggcAGGATGCTCTCtttctttttctttttttttttttCAGGGATGCTCTCTTTCTTTATG
CCAAATTTGTCATCAGATTTGCTAAGAAACATGCCTACTGTAAGTGTTTGTTACACtttt
ctgtttttttttttttttgagacagagttttgctctcgtccaggctggagtgcaatggtg
cgatctcggctcaccgcaacctctgcctcccaggttcaagcgattctcctgcctcagcct
cccgagtagctgggattacaggcatgcgccactgcgcccggctaattttgtatttttagt
agagacggggtttctccatattggtcaggctggtcttgaactcccaacttcaggtgatcc
gcccgccttggcctcccaaagtgctgggattacaggcatgaaccactgtgcccagccCAC
TTTTCTGTTGTTTGCACTGACAAAACATCCCCTACCAAACAGCTCCTTTAATGGCAGGCT
CTTTTCTTTttttattttattttattttattttattttattttattttattttgagacgg
agtctcagctcttattgcccaggctggagtacagtggcactatctccgcttactgcaacc
tcctcccggattcaaatgattctcctgcctcagcctgctgagtagctaggactacaagca
tgtgccaccacacctggctaattttgtacttctagtagagacggggtttcaccatgttgg
tcaggctggtcttgaactcccgacctcaggtgatccaccccccttggcctcctaaagtgc
tgggattacaggcgtgagccaccaagcctggccTACCTAGTACTCTGTGTATTATGGGAA
atgtagagttgaggaaagtgctgggcacacagtaagagctcaacaaaggttagctctTTC
TGCAATTGTTCTATTTCACTTGTTCTATATTATTATTCTAGAGAGAACTGTGTGATTGTT
AGTGCGGATCTGTGGTACTGCTCCCACCCCCACTCCATTAATGCAAGTACACCTCCTTCA
GGGATCTATTCAGTCAACAGGCCAGGAGGTGCTGTCCTGAAATGGGGGGCCCAAAGTCTC
AATCCCACTTGGAGGGACACAGGTCTACAGACAGGTCTCCCTGTCTTTATCTCTCAAATC
TTCAGTAGCAACTAAAATCTCCGTGTTTTTCAGAGCAGGACCTTCCCAGGGGTACCAGCA
TCAGTGGGCCAGGATACAAATGTGCCAGGCTGAACTAGGCCTTCCAAATGGCCAGGGAGC
CAAGAGAAATGCAGGTGCCCTTGGCTGGGTGGGAAGGCAATGAGATCAACTGAGACCCCA
AACAGGGGCAGGCCTGACCAGAATCTTAACAGTGGCTGCTGGTATCAGTCTTGAAGGCCT
ATATGTCCAGTGattccctaaacaatatagtacaagtacttacatacatacttgcatgta
cattagcattttcattgtatgggggtaatgtaagtaatctagagataatttaaactatat
gggaggatatgtgtaggttaaatccaaatactataccgtcttatatatgggacttagaca
tctgtgggtttggtgtgtgaggagtcccagaaccaagcccctacagatagagggataact
atattgccctgtaacctgcaaccctgctatatttatttattagttttggtagctttttat
ggattttccattaggacttttttttttttttgagatagagtttcactctttttttttttt
tttgagacggaatctcgctctgttgcccggcgtggtgtgcaatggcatgatctcagctca
ctgcaacctccacctcctgggttcaagcaattcttctgtctcagcctcccaagtagctgg
gattacaggcgcccaccactacacccagctaattcttgtatttttagtagagacggggtt
tcaccatgttaggttggtctcaaactcctgacctcaggtgatcggcctgcctcagcctcc
cgaagtgctgggattacaggcgtaagccaccacaccctgccggagtttcactcttgttgc
ccaggctggagtgcaatagcgcgatctcggctcactgcaacctctgcctcccaggtccaa
gcaattctcctgcctcagcctcctgagtagctgggattagaggtgcccgtcaccacgcct
ggctgattttttgtatttttattagagttggggtttcaccatgttggccaggctggtccc
agggaagccacctgcctcagcctcctaaaagtgctaggattacaggcatgagccaccacg
cctggccccattaggacatgtatgtatagaatcatactggctgtgaatgtgttttatttc
ttcctttctaatcgttattttttttctttccttttttttttttttttttgacatggaatt
ttgctcttgtcgcctaggctggagtgcaatgggacaatctcggctcactgcaacctctgc
ctcctgggttcaagtgattctcctgcctctgcctcctgagtagctgggactacaggcgtt
caccactacccctggctaattcttttttttttgagacggagtttttgcttttgtcaccca
ggctggagtgcaatggtgcaatctcggctcactacaacctccgcctcccaggttcaagcg
attctcctgcctaagcctcccaagtagctgggattacaggcgcccgccactacgcccggc
taatttttgtatttttagtagagatggggtttcaccatgttggccaggctggtgttgaac
tcctgacctcaggtgatccacccacctcggcctcccaaagtgctgggattacaggcatga
gccactgtacccggccaacgcctggctatttttttaatattttaatagagacgaggtttc
accatctttgtcaggctggtctccaactccagacctcaggtgatctgcccacctcggcct
cccaaagtgctgggattataggcgtgagacatcgggccACTAATCAttatttctttttct
ttttttttttttgagacacagtcttgctctgtcgcccaggctggagtgcagtggctcgat
ctcagctcactgcaagctccgccccctgagttcacgccattctcctgcctcagcctcccg
agtagctgggactacaggcgcccgccactacgcccggctaattttttgtatatttagtag
agacagggtttcaccgtgttagccaggatggtctcgatctcctgacctcgtgatccaccc
gtctcggcttcccaaagtgctgggattacaggcctgagccaccgcacccggccctcatta
tttctttttcttgcctggttaaaacctccagtatggtatcaacgttgtgagagtcaaatc
cttttctagttcctgatcttagaggaaaaagcgttgagttttcttttctttttttttttt
ttttttttttgagacgaagtctcactctgtcacccaggctggagtgcagtggcacgatct
aggctctgcaagctccgcctcccgggttcacgccattctctcgcctcagcctcccgagta
gctgggactataggcgcccgccaccatgcccggctaattttttgtttttgtatttttagt
agagacggggtttcagcatgctagtcaggacagtctcgatctcctgacctcgtgatccgc
ccgcctaggcctcccaaagtgctggcattacaggcgtgagccaccgcgcccggcagcact
gagttttctaccattatgtatgctgctagtggaactccgactgtggacgccctgttatca
aactaggttaagtttcctttccctagtttgctaggaggttggttggtttgtaatcatgca
tatgtgttgaatatcattaactgcttttgctacatctgttgaaatgatcatagggttttt
atgtttccctttgttaatgtggtgaattacacagactgatttttttccccccagtaaaga
ccagtctgactatgttgcccaggctggtcttgaaatcctgggctcaagagatcttcctgc
ctcagcctcctaaaatgttgggattacaggcctgagctactgcaccaggccaatttttga
atgttgaatcagctacaatcatgagataaacattatttggttagaatgtatttatccttt
ttctttttctttttttgagatggagtctcactctgttgcccaggctggagtgcaatggtg
tgatcccagctcagtgcaacttctgcctcctgggttcaagcgattctcctgcctcagact
cccgagtagctgggatttcaggtgcccaccaccatgcccagctaattttttttttttttt
gagatgaagtcttgctctgtcgcccaggctggagtgcagtggcacgatcttggctcactg
caacctctgcctcccgggttcaagcaattctgcctcagcctcctgagtagctgggattac
aggcaggtgccaccacaccggctgatttttgtatttttagtagagatggcgtttcaccac
attggtcaggctggtcttgaactcctgacctcgtgatctgcccacctcggcctcccaaag
tgctgggattacaggcgtgagccaccgtgcccagcctgatttttgtatttttattagaaa
cggggtttcaccatgttggtcaggctggtctcaaactcctgacctcaagtgatctgcctg
cctcagcctcccaaagtgctgggattacaggcgtgagccaccgcgactggcctatttatc
cttttttctatattaccaggtttggtttgctaaaattggttagctgttgcatgtctatgc
taacaggaatattggtctatattttcttttcttataatgtccttgtttggttttggtacc
aggattatgctggcttcgaaaacaagttgggaaatattcctctattttttctttctttct
ttttttttctgagacagggtctcactctgttgcccaggctggagtgcagtggcgcaatct
cggctcactgcaacctccgcttcccaggttcaagggattcttgtgcctcagcctcctgag
taactggcattacaggtatgtgtcaccacgcctagctactttttgtatttttagtagaga
tggggtttcgccgtgttggccaggctggtctcgaactcccgacctcaaatgatcccctgc
ctcagcgtaccaaagtgctgagattacaggtatgagccaccgcgcccagtctgttcctct
gttttctgaagagtttgtgtaagatgggtactgtttcttcctccaacgtttAAAGAgagc
agagaacagaggagataaatagaaaatagcactaagaggtcaggcatggtggctcacacc
tgtaatcccagcactttgggaggccgagatgggatgaaagcttgaggccagcagtttgag
accagcctgggcaacatagtgagatcctgtcaatacaaaaaaataaaatagttagctggg
tgtggtggagtaatcccagctactcgtgaggctgctagaggactgcttgagcccaggggt
tcgaggctgcagtaagccttgattgtgccattgtactctagcctgggcaacagtgtgagt
ccctgtctcaaaaattaacaaagaaaaaaagaaaatagcactaaaatggtagccctatac
tccaactgtaaaataattaaaattaaaAGCattcagtagagaaaggaagcctatttcaac
aagtggagacagaataactggatttccatacaggaaagataccagagactgactcctaca
cctcacaccataaacaattaattttaagaattaattaatggctcaaggaccttactgtaa
aacttacaaccataaaggtcctaaaagaaaatgtaagataatatcttcatgaccctgggg
ttaaaaaaaaaaaaaaagatgtcctaaacaggacaaggcaaatactgaacataaaaaaga
taaatccactcctcttaagatactgtaaactctgtaaagcaaacaaataggcaagcaaca
gatcagaagaaaacattcacgacacatggatctgataaaggacttgtatccagaatgtat
aaagcagtcccacaactgaacaataaaaacaaacaaaaaaccaaaataacaggtaaaaga
ctcgaagagctactttacaaacaaaatacgaatggccaataggcacatgaaaaaatgctg
aacatccttagtcaatagagaactgtaaattacaaccacaaggatataccacattagaaa
gactgacaatacctaatgtccggaaggctgtggcacaaccataataactcccataccttg
ctagttggagtgtaaaatggtacaaccgctctggaaaactcagagcttctgaaaaagttc
aaaatacagctactttttacttccaaactcgcaattcccctcctaagtatttctccaaga
aacacgaaaacatatgatcacaaaaagaattgtacaagaatgtttatagcagctttattt
cataaccgcaaatgggaaacaactcaaaaggccatcaaaaggacggatatacaatcgatg
gactatactaaatgaaaaggagcaaaatactgatatatacaacatgaacgaatgtcagac
agtacattgaaggacagaagcccgacaaaaatgagcacataatgtatgattccccccttt
tttttgagacggagtttcgttcttgtcgcccaggctggagtgtagtggcacgatcttggc
tcactgcaacctctgcctcccgggttcaagcgattctcctgcctcaccctcccgaatagc
tgggattacaggcacccaccacgcccagctaatttttgtattttttagtagagacgggga
ttcaccacgttggccacgctggtctggaactcctatcctcaagtaatccgcccgcctcgg
cctcccaaagtgcaggcgtgagccacagcgcccagcctgattccattctatatgaagttc
tccaacaggcaaaatggttatggagatcaaaataaaggtggggtcgggaatcgactggga
agagacgtgatgaaacgtttctgggacgatgaaaagggtctgtgacttggtaggcatcac
ggagcggttaggggccaaaactcatcttcctgtgcacttgctgtgtgcactggcgctgtg
tgtaaatgccacctcgaTTTAGGAAAAAGATGACGTAAGTACGGCACAAAGTGGCCGGTA
CGCGGCAGGTGCATGGGAAGAAACTGCGGAATGAAACAACCGCGAGCTAAGAGATGGGGC
AGCGGGAGAAATGAATTCGAGTTCCGCCTCCTACCAGGAAGAACCGGCTCGGGCCGGAGG
GCTGCACGGAGGACCACACGGACGCCTGCGGGCCCGCCCCTTCCGCTTCACGACGTTCAG
CCTGCGTCTGGAACTGGAATGGCCTAGCCCAAAGCTAGATAACAGGTAGATTGTTTTTCC
GACAAATTATCAAACGACCCATCATTGCACTCTTTCAAAATTTGATTCTCAGACGTACCC
ATTCTTTTTTTTTTTCCTCCGGGAAGATGAGATATACTCATTCTTGAAAATACCTCCGGG
CTTGCCTTCTGCACACTTCTTTCCCTCCCTGTCTCACGCCATGGTAGCGTCCGCCTAGGT
TGCAGGCGACCCGCGGGGTGGGGCACACCATTCAAAGAAGGGGAGGGATTGAGGTTTGCA
TCAAAACAAATACCCCTGCCTTTGCAAAGGCCATAACTAAGTAATCCAGAAAAAGAAATG
CAGGCGGAGAATAGCAGCCTCCCTCTGCCAAGTAAGAGGAACCGGCCTAAAGGACATTTT
CTCTCTCTCTCCTCCCCTCTCATCGGGTGAATAGTGAGCTGCTCCGGCAAAAAGAAACCG
GAAATGCTGCTGCAAGAGGCAGAAATGTAAATGTGGAGCCAAACAATAACAGGGCTGCCG
GGCCTCTCAGATTGCGACGGTCCTCCTCGGCCTGGCGGGCAAACCCCTGGTTTAGCACTT
CTCACTTCCACGACTGACAGCCTTCAATTGGATTTTCTCCATCTAGCGGAGCCGGGGGCT
GCCTGGAAAGATCGCTCCAGGAAGGACAAAGGTCCGGAAGTTGTGGGACCTTAGCAGCTT
GGGCTCCCCGGATCACCCCCAAATGATCATTTCGGAATGGAGCCCCAGTTTTCACTAGGA
TGCCATGGGCTCTAAAATATACAGCTATGAGTTCTCAATGTTTCGAGATCCAAAAGTCTC
AGACCTCAATGCTTTGTGCATCTTTTATTTCAGGGATTCCCTACGCCCAGCACCGGGTGG
ATGTGCAAAGAAGTACGCTTTAGGCCGGCTCAAGGTTCCCCAAAGCTCCACTCCTCTGCC
TAGGCGTTCAACTTTGAGTTCGGATGGTCCTAACATCCCCATCATCTACACCCAGGTCTC
CCAACAATGCAACTCCTATGATGATCCCTCTAGCCAAGCTTCCATCCCACTCACCCCCAA
ACTCGCTAAGTCCCCACTGCCCCACCCCCAGCCCCAGCGATTTTCCCGAGCTGAAAATAC
ACGGAGCCGAGAGCCCGTGACTCAGAGAGGACTCATCAAGTTCAGTCAGGAGCTTACCCA
ATCCAGGGAAGCGTGTCACCGTCGTGGAAAGCACGCTCCCAGCCCGAACGCAAAGTGTCC
CCGGAGCCCAGCAGCTACCTGCTCCCTGGACGGTGGCTCTAGACTTTTGAG
