>scga-mini-dna-007-normal-2
ATGAAACTCCCTTTTAGGAAGACGGAGTAAGAGGCACCACCACCTGCTCCTGCTGCCTCT
GCTGTCCTCAGCTTCTGGGAGCATCTTAGCAGCCAGCTCCGGGTGAGGACAGGGTCCACC
GGTGCACATGGCAGAGCAGGGCAGATGCTGTGACTTGGCGGCTTTGGGGGAACAGGGTGG
GGCTCCTCCCTGGGAAAAATCTTTAGGTTTGGATCCAGCCTTTATTTAAAGAGGGGGATT
GTGTATAGACTTGTGTGACTGTTCAGCCTCTTTCCACCTCGGTGCgtgtgtgtgtgtgtg
tgtgtgtgtgtgtgtgtgtgtgtgagagagagagagagagagagagCCTGTGGGTCAATG
CCCAGTATGCCCCTCTGAGAGTGTGTCTGTTAGTAGACACCAGTGTGTGACATTGCTTCT
GTGGGCAACTATGTCAAGGCGTGGGTTTGTCACTGTGTGCGGTGTGGAGCAGTATGATAA
GCCGGCGGCCGACCCCCGAGTGTGTAGACGCGGGAGCTGGTGTCAGGGTATTTGTAGGGC
TGCAATTCTGTGTAGGTCTGTCTCAGATTGTGTGAGAGTGTCTGTGTTCCAGCAGGTGCT
TGTTTCTGAGTGTGAATGTGTGTGAAGCTGTGACCGTCTGTCTCTAGCTCTGCATGGGAC
GGTGATCCGgtgtgtgtgtgtgtgtgtgtgtgtgtgcgtgcgtgtgtggtgtgtgtgtgt
ATTAGAGTGCACTCTAAACTGTGTGGCTGTGTGTGTACGTGTGCGTGCCTGTCACAGTGG
CCCAGTCTGCTTCTGGGTGAGTGGGGCAGAGCCCAGAGAgtgtgtgtgtgagtgtgggtg
tcggtgtCTCTGGGAAGCAGTGATTCGGGATGTGTGTGTCAGGCAGTGTGCGGCTGTCGC
TGTGAGTCTGCATGGGAGAGTGGCGGCGTGCTCTCCTCTGCGCGGCAGTGCCCCGTGTGT
TTGTGGGTCTGTGTCTGGGTGTGAGCGTCATGGTGCGTGTGTTAGAGCCCGTGGGGCCCC
GGTGAAAGGCTGTGGCTCTGGGTGACTGGTGTGTGTGTGTGTGTGTGTGTGTATCAGAGT
GGGTGGCGGCGTCTCTGCTCGGCAGTGGCGCGTGTGGCCCGCCCCGCGCGCGTGTTCTCG
CGGGCCGGGGCAGGGCGTGGGCCCCCTCCGGCGGAGCCGCGACCCCTCCCCCGGGCGGCG
GGAGGTGCGCACCGGCGCCTCTAGGACCCGGCGGCGGCCGGCCGCTGTCCCCGGGCCGCG
CGAGTGAGCATGTGCAGAgcccggcgcccgctcgcccgcccgctgcccgccccggctccg
cgcccgcccgcccgccccgccgttcagcccggacgccagcAGCCCCGGGGAGCCAGGCGG
CGGCGCCCTGTGCCCGGGCGCGTGGGTCCGCTTGCCGCGGGCGGCCGGAGACGTGcgggc
gccggggcttctgggctccgggcactgcggggggctgcgggctcggcgcccgggGAAGGC
GGGCCATGGGCGCGGGTGCGGGCGCCCCAGCCGGCCGCGATCGCGGGGTGAGTCCTGTCT
CTCGGCGCTCCAGCCGGACCCCCGCGCGGGCTGCGAGCAGGGTGTTCCCCTTGCCGCGGG
CAAACAAGTTTGTGCAGACGCGGTTGGGAGCGCGGCGGGGCTGCACCTGCTCCGGCTGCA
GGGCGGGCTTGCCGGGGGCACCTTCCCGGGGGCCCGGGGCGGCTCGGCCGGGGCAGGGGA
GAGTGAgcgggtgcgtgcaggggttgtgggggggcgggggcggcgctcggcgcggccggg
atggggtgggggtgcgCGAGGCGCCGCACGAGCCGCGTCCCCCTCCGGAGTCCTGAGAGC
CCGTCCGTCACCCGGGAGGGCGCTGCGGTTGGTCCCGGGGAGGGGGCGAGGGCAGGGTGT
GGGGTGCGCACAGCTTCCCTCCTAGGCGGCGACGTTTACCCAGAAGCAGCTCCCTCTCGT
TCCGCTACCAAGAGAGGCTTCCGGTCAGCGGAGGGTTTGCTCCGTCTCTTGGTGAACTTG
AACAGAGGCAGAGGCAAAAGCAAAACGTATGTATTTTGTCCAGAAAATTACCTAGTGTAG
AGCTTTGCGTCTTCGTAGGTGTGGACGGAGACTCACGACTGAAGGTTGCTAAATTGCGTT
TTTCTTGGCTACTCAGGAGCGTACGTACCTGGCTGGGTCCCCTGCCTCCGGGTAACCTCG
CTGGTGGTTTTCCTGAGCATTTGTGCGCCTGGGATGATGCCTGCTCTGCTGATCGGGAAT
GCGGGTGGGGAAGGGGACCGCTCTTCCTTCCGCTGAGCAGTGGGAAGGCTCATATAGGAG
TTCTAGCCTCATAGCCCTGCACTGGGATCCAGCTGCTCCCCACACTGGCCCTGCCCCTGC
AGCTCCCAAGATGGACAGATGCAGGACTCCGCTGTACTTTTCTAACATGAGATACCCGCA
TCCCTCTTGTTGCTGGAACAGCATGCTTAGGTTTATGGAGGCACTTGGTTTATCCCACTT
TGGCATCAGGAGTGGGGGCCTTTCTTTTTTCCTCTGATTTGCCTAGGTTGTCAGGCACAG
AAAGTGAGGGTGGTGGGGAGTGAAAGTTACAGGAGATATAAAGCTGGCTTGCCCTGCGCT
GTTTGCAATCACCCACTCCTGGTGGCTGCAGGTGCTGGGGAGAGAGCTAGGGGAGGTTTC
CTTGGGCTATGGGAGAATGAGGTTTGTCTCTCTCAATCATGCCCCCACCCCCACACACTT
AGATTGGCCCTCAGGAGATCCTCCGGGAAGGGGCCTCAACCGGCTGCCAGAGCTCAGGGT
TTCTAGGAGGAAGAGCAGGAGCTCTCCCAGGCATGGGATCTGAAGGAGGCTTGGCGGTGG
TTGGGCTGGTGGCTGAGCCTGACTGCCTCATCTTCTCCGCCAGAAGGCTCTCACCTGTGG
CTGCATCCTCCAGGCCTCAGCAGGGCCATTTCCACAGCTCCTCTGTAAAAATGCCTTCTT
CTGGGGTGAGGGGATCCCTCTCTTCAGTGGGCATtgtgccctatggggtactgccctgtg
gcctgtggcatgtCTGGTTGGAAGTGAAGAGAAGCTGGGATAAGGCAGAAGGCCAGACTC
CTGTCTCTTCCTCCTGTCTTCCTAACCGAGCAGAAGTGGATATTCAGTGCCACTAGTGGG
TCTGCTGCTGAAGCTTGAGCCTCCAACCTGATCAGTTTGGCCAGAGCACTGGGGAATGAG
TCACAGAGCTGGTTCCTTATGGCATCAGCCTGAGCAGGCGACTCAGAGCCTCTGAATCCA
GAGCCTCCAGGCCCTGATGGAACCCCTCCGAGCAGGGCCTCTAGGGAAGTGGTGTTTCTC
ATTATAGAAGCTCCAAGCTTGTACTCCCATCCAGCTCAGACCCCCATCAGCCTTGGTGAG
ACCAGCTCCCTGACTCTTTCTCTGGAGGTACAATGAGGTCAAGGCCAAGGACTTTGGGGC
AGCTCAGTGTTTAGACCTTCAGGGCCTTAGGCCTTAAAATGCAGGTGATAATCATATACA
CTAGCAGGGCCAGAGCTGGGCCCTAACATCCAGGGCTGCTCATCTGGGGAATGAGGGAAT
GAATGTGGCTTTCCGCTCACCACCTTCTCCCTGGGCCTCCTGGTCTGGCCTTCACATTCT
TCCTTTAATCTCTCCTCATCATGGCTTTGACAATCGTGCTGACATACGGCCTGAAAAATT
ATCGGAAGTGTGCCACTTGGAGAATGTGGTCAGGGAGGAACTCTGCATATGCCCTGCCTC
CTGGTGTGGATGTGAGAAGTGGATGGAAGAATGGGCTGGATTCATTTCATCAGCTATGAA
ATACAGTGCACCTGCTGGTAGCTGTTAAGGCCCCTCCCCTTCACTTCGCTTCCCTTCCTT
TGCTGCCGGAAGCCCCTGGAGATGTGAGCTCCCTTCTAGAGAGTGGCTCCCTTGACATGA
GGGGGTCGAGAGTATTCTGAGGACAAGGATGTGCAGCAGGCTGTCTTGGCCTCTCTCCCA
TAGCCCGAGTGCCCAGTGGCAGCATCAAGTTGGGCAGGTCTGACTTTGGTTGGGCACTCC
ACTCACTTGTCCACCTGTATCCAACTCACTCCGTGGGGTTTCAACACCTGTTTACCTTCC
AGATTCTGGGATGGGCTTGAGACGACCCTTAAGCTTTCAGCACCAGGTGGAAGAAACACA
TGAATAAGTAAACAAAATAAGATTCTATAAAAGAGATAGCCCAggccaggcgtggtggct
cacacctgtaattctggtgttttggaagccaaggtgggcagatcacctgagtccaggagt
ttgagaccagcctggcaaacatggcaaaaccccatctctactaaaaatacaaaaattagc
tgggcatggtggtgtgtgcctgtaatcccagctactagggaggctgaggcaggaaaatcg
cttgaacccaggaggcggaggttgcggtgagccaagatcatgccactacattctagcttg
ggcgacagagcgagactccttcttgaaaaataaataaaaataaaagagataaCCCAGAGA
TAGGCTGGAAAAGGTTGCGACTGGCTGTTTCAAAAGTGAGAAAGGCTCCAAATCAGGCAC
CAGGAAAGGAAAAATGCCGGCCCCGGCGCTGGTGCTGTGTCTTTCTGTGTGGACCCAGCC
TCCAGCATGGTGCTTGGAAGGATCTCTGTCCTTGGTATTGCACACATGAAGACCATGTGA
TATGGCTGGTGATGATATGCTCTGGAATCAGAGCGACTTAGCAAtagccgtttgtatttg
ttcaagttaattggccttctctgtctcagattctgcatctgtatgatggggacgataatg
attttggcctcacagatttgtgggaagatcaCTCATTCATTTGTTCATCTGATCATTCAT
CCAATGCACTTGACAGTTGGTGAAAGTACCTGGAACTCTAATATGGTATGTTAAATTTTT
TATTTATATGAACCCCAACAGTGGGTTAATTGAAGAGGTTTCCCTCCTTTGTGTGGAATG
GAGTTTTGACCTATTATGTTTTATACCCTTTTAGCAACATATTAAAATTTTGAATCTTTT
TTCAAGCTCTGAAGTTCAAACTCTCAAGAGATTTGCCTCATCAAAGACAGGGATCCCACC
CCATTTGCATTTCCCAGACCTTGTTCCCCCAAAGGGCCCAACAGATTTTTGTTTAGTGGG
TCTCTTGCTTTTTCTCAGTCTCCAAGACCCAGAGTTGTTAGGCCTGTCAGTAATGGCAGC
ATGGCCCTGAGCATCGAAGGATGTCCAGTCCAGCAGGCACTTATTTTCAGGGGCATTCCC
TGTGCCCCACCCAGAGGTGGGCAGAGGCACTGACTGTGCCTTTGACAGGCCTACAGGCTG
GAAGGAGAGGTAGGGACATTAGCAGGGAACCCTGACTCAAGACCACACACTACCCAGGCA
CAGTTTGTAGCAGCAGCCTTGCTGCTTAGTGCCTagcactgaggagtggttctgctccag
agatcagggaggcttcatggaagaggaggcatgggagctgaaccttgatggcctgaagca
tttcagagccgtgagatggggcacaagcatccctggctggtggaagggcatgcgtgaggg
tgcTTGACGCCTCTCTCGCTAACCAGGTGATGCTCTGGTGGGATACAGGGCTTGCTTGTC
AATCCCTGGGAAGCCATTACAGGCTGTGGCATCATTAGCTCCTCATATTAGAAAGATCAC
TTTCTTAGATGGAAAGGGGACAGTCTTTTGGAGAGGGGATGGGGTACAGAAGCCAGGCGC
TATGCCTGAGCGGGGTAGGGGCAGGGGCAAGGGGAAAGTCACAGGAGGGGAATCCAGGAG
CTGTGAGCCCAGCTGGAGGCTCCTGCATGTACTCTGCCCGGGTCCTGAAGCTGAGACCCC
CTGGCTGCCAGTCACTGAGGCTGAGGCTTCGAGCTTCTAGGACCCAGATGCCCATCACCT
TGTCTAGAGAGCAACGTTCTGGGCCCTATTCTTGTCGCTGGGGCTCCTGCCCTGCAAAGA
GCAGGCAGCTCCAAGTCCCAAGAGGTTTGCAGCCCTTGCTGCAGCTGCCACAGTAGCTGA
GATCCTTCTGGGGATGTCTGGTGTCATTTTCCCTTCAGCTGCCTCTGCCTGTTCTCTCTG
ACCGGGGGTCACGGGGAGGTTGAGTCATCTGACTGAACCCCAGTGGCCACTGGCTGCACC
TGGGCCAGCTCCGAGTTCTATCTTGCAGCCCCCAGCCCCAGGGACTGCCTCCTCTCCTCT
CCCTGCTGCCACCCCTCAGTCTCTGGACCCCTAGCCTGGCTGAGAAGTGGCCACCTGACC
AGCCCAAGCCACCCATCATTCAGGCTGGGCAGTTGCTGCTCCCTCGGTCCCAGATGGCAA
CAAAGTAATAGACAAAAGCTCAGGTTGTCTGAATATCCAGGTGCTCTGGGCTCCTGCTCC
CTCCCTGAGACTTCCAGAAGCCCATTTGTTCTGTTACTCTCTTCTCATGCTTGACAGGGA
ACTCAGAATCTCCCTCCCCAGGCCCTGCTCTTCTGTAGGGTGACCCCAGGACAGGGCAGT
GGGTGTGCACCTTTGTCCAGCCCTGGCGTGCCCCCTCTACCCCCAATAAGGCCAAGCCCC
AGGCAGGGATAGAACCCCTCTAGCCTCCCCCTGAAGCACTCTGCAGGGTTCCAAGATGGG
AGGTGCCCACAGGAAGCACACCTTGGGGAAAAATTCTCCAGACTTTCAGAGGGGAGGGGC
CCCAGGCTGCCTCCCAGTCCCAGTGGGCTGGGGCGGGAACACTCACGGACAAGGCACTGT
CTGGAAGGCTTGGCTGGGGAGACACCATGTGTGGCATCATCTCTAGGAGCTTTGGCCCGG
CATGACTTCAAAAAGGTGCTGACAGAGGCGCACTAAACTCCTCTCAAGAATAAATCTTGC
CTCGTGTGAAACCGGAGCTGGGATGGGGAGAGAAATAGGAAGCTTCgtgggcataatgta
ggccctgggagcaggtggcctggtctgagtgctggccctgagctgtctggctttaggcag
tgtgcatcacctggctgagcttcagagacctcagtgctcaaatggggtatgcggggcatt
tgcttggtgggttgtctggaggaaatgagatggtgcaggtaaagtgcacagcccagttca
acctattcacactgcaaatgcttcataaatggtggcATTGACAAAGCAATTGCTAACAGC
AGTCTCAGCATGGGGATCAGCTGTGAGCAAGAGTGGGATCCTGGGTGCACTCCAGGGACT
GTGGGGGCTCAGAGCTGGGGAGAGGCCTCTTGAGTCTGACTTCACCAGTGGCACAGCTAC
TACAGGCCCGTCCTCCGGCTTTTCCTTGCTTGCCTCTTTTGCATTCATAACCAATCCATG
CCACAGTCTGTAGGGAACAGAGTAGCGGAGGTTTCATGTCCACTCCCTAATTCGATCCCA
TAAagcatatttacccccatttaatggacaatgagcctgaggccctgccctgtgcaatgc
tttgctcgaggtAGGTTTACTGTCATGGACAGCCTGCTGGCTTTCGGATGTAGTGGGTAT
AGCTGATGGCCTCCCAGGCCCTATGCAGATGAGCAGTGGCTAGCATTCTGCCCCCGACCC
CAGGTGTTGGCCGGTTGTGCTGTCTGACTTACCTCGTGGCTTGGCTGTGAGCCCTTGTGT
AGATGCTCCAAGTTTCCCAGCCCACCCCCAGGTCTCTTTTGGGttcattcacttagcaaa
catttaccatcactgccctgctagctgtgtgctgggatctgggaacatggagataaacga
ggtgtggtctgtgccctggaggggggctgccagccttgaggagagacagTGTGATGTGAT
GTTGGCTATAAAGTGTGGTGGAAGTCCAGGGCAGGGTGACAAGTTCCTGCAAGTTCCTGA
TGCtttttttttttttttttttgagacagagtcttgctctgtcaccaggctggagtgcag
tggtgtgatcttggctcactgcaacctccgcctcccaggtttaagcatttctcctgcctc
agcctcctgagtagctgggattacaggtgcatgccaccacatccagctaatttttgtatt
tttagtagagacggggtttcaccatgttggccaggatggtctccatctcttgaccttgtg
atccacccgcctcggcctcccaaggtgctgggattacaggcatgagccactatgcccagt
cTTTTGTTTCTCCCTACCAGTCTACCCGCAATGAGTTTTCCAGGCTAGGAATCTGCTTTG
TGATTTTAAAAGTTGGGAGTGCAGCCTGCTTCATAGAAGACCTGGGCCATGGAAATCTGG
CCTGCACGTGGCTGTCTGTTGTGTCCACACCAGCACCCACCTCCCCAGACCAGGGAAACC
CCTTCTGGGAAGGGGGAGCGCCAGAAAATACTTTGGAGGACCTTGGGACCCTGTGTGAGA
TGTATTGAATCCTGATTCATCAGCTCTGACCACTCCTCACCCCAGCCCTACTTGTATTGT
ATATCCAAATCCTATCTAGAAAGTCTATACGGAATTCACCAGTATACTCTGCCTTCAAAA
TTCCGAATTGTTGAACTCCTGCCTGCCTTTCTGCTCCATCTCATCAGAAAACTTTTCACA
GCAGGAGTGCTACCCTCTTCCCTTCAGTTATACAGGATTAATGTGCTCCCTAGTTTGTAA
CCGGAGCCCCTTTGTGAGCAGACCTGGAGACCCCTCCTCATAGAATTACATCACAGAAAG
GATGACATAAAGCTCAGCCCAGGCACTCTTGTTAACTCCATGCGTCTGAAAGCCCTCAGC
TCCGTTAAGCTGTGTTCCTGGACCGCCTGGGGGCCTGTGCCTATGCACTGCTCCATCTCT
CCCATGTTTCAGGCTTCATCCATGGCTCTGGGTAAGTGGAATTTGAGATTTCACTGCCCT
GACTCCATAGGAGCAGGTTTCTGATGTCAGGATTTGCGTATCAATTTATCTGTGGTCTCG
TTCATTTTTAAGatgtattcataaacaatgatcactgagcatccacactcccaggcctca
tgctggggctggggttaggaaaatgaatgaggcatggcctctacccctaaggagattaca
gactttggagggtaaccgacaagtagatggacagttctgatcaaccccgggatggtgagt
gctgggctgagggtcagcaggggctgtggaaagactgaggaatcttcagggaagctttct
ctgaggaacaatatctggcctgagccttagaggatacacagggatttgataagtgaagag
gaaggaaacagcataaataaagggtagcttgtgcaaaggcaccgaggcagATGTGCTGTG
GTTCCGGTTCCCGGTGGCTCTGCTGGAAtgtggagggtgtgtgtgtgtgtgtgtgcgtgt
gtgtgcgtgcatgcatgcgtgtgcatgtgagatggggaagccaaaggaagagacctggca
agagatgaggctggatgggctggatcatgaaggggcccttgtgtgtcatgctaaggagct
tagagtttatccagtaaccacagggggctattgaacggggttttaagcagggacgcgcca
tgatcagatgtgcatgttaggaggatcaccctggcagccttgtggaagatggattggagg
gtccaaagctggaggcagagagatcagtcaggaTTTCTTGGGATTTTCTCTGTGGTTTTA
CAAATCTGATGAGGTTGTCTGGGGTGGGCCTGGCAGACATATCAGCCTAGAAAATAGAAG
CTCTGGAGAACCGTCTGCAATTTCCCAGCCCAGAGTTTAATTCCACCTTCATTTGCTGAT
TACTGAGTCTGCTACCTCCGCCCCAGCCTAAAGGACCAGCCGACCCAGATTTCCAGATCT
CTGCTCTCCCCGAGGGCCTCGGAACCTGGCGGCCCTCGCCATTTACTCAGAGAGGGTCAT
GCCTATCTGGGGTCTTTGTCCGAAGCCTCCAAGCTTTCTGGGGGCCTGGAATGCCAGCCC
AAACATTGTCCTTCCTCTCACACCCGCTGTCTGTCCCTGGTGCACAGAGTAGCCATTGAG
TGGCTGCACAGGCCTGGCGGGGGGCCCGGACCAAGTTAGTTACGGGCAGTGGCTTAGTCA
CGCTTCTAGGGGCCTTTTTTTCTGGGATAAGCCTGTCCTTGTGCTAAGGGCTTTGCTCAC
GCAACAGCCCAGGTCGTGGCAGCTGCAAAACCCTCTCCCAACCCCAACAGCACACTTCAG
AGGTGCCGCCAATGAGAACCGAAACCCAGAGTGACAGCTGAGTCCTGGGGAGTGGAGAGA
CCCATGGAAGGCAGATCAGAGAGCCTTCTGCCTTCTCTTCTCTGGGTGCTCAGCCTCTGT
TTGCAGGTGCACGGCTCAGGCGCTACCCTGGTCCTTTGATTCTGGCCTCTGGAGTCCAGG
AGGCCTGGGAAGGCTACACAAGCCCCTCCCTCCCCTGGGCCCCATCCTGTGTGAAAGCCA
ACGACCAGCCTGTGCAGAAGCTCCTTCCAACCCAGGCTCACAGTTCCAGTGCACCCCTGG
GAGTCAGCTGATTGCATGCATATATCAAGCATCTGCAACATAGTCCTGCCTGGGCTAGGT
ACATTTATATGTGGTAGTGTCTCATTGCAGGCTGGGCCATGCagtcattgagagtccagg
ctccgaacacagactcttcaaaaccttggctctcctgtttaccagctgtgtggcttggga
aaaactagctaatatgccttcttttgccagtttcctcatctgtgtaacagggatatgata
tctctaggttgttggattggtttcagggttaagtgagataatatgtaaagtgtttagctg
agtgcttgacacacaggaagggctGAGGAAGAGCCCCTGCTGCTGTTCCTCCTCCCCCTT
ATTGATATTGCTGTCAtcactgactcctcattattcctcaaggggagagctgttgtcccc
attttacagatggggaagctgaggcccagcaaggttaagcaacctacccagtgtcacaca
gctggccagtaacaaagctgggatttaaacctggctttgtccagtgctcctgcaacacaG
CTGGTCCTTGGATAAAGCAAGCACAGGGTGAGGGGTGTCCCAGCCTGGGAGTGCCAGGTA
GTGGACCCGCCTATTACATCTCGGTGCTCTTTCTCCACCTTCCAGATTTCTGCGCCAGGA
GATGAGGGGCGGTAGAGCCCTGGAATGGAGATGTCCTTGACGCCTGGGCAGAGGCTGCAG
CTGCAGGACCCTGTGGCCACTGGAGATAAGTAATGGTGCCATTTGAACACCTACTGGAAA
CGGGGCAGGAACAGTGAGTGACCCCAGGCGAGCACAGGCAGGTGCCAGGAGCCAGGATGC
AAGGATGACGCCTCCGGAGGCCCTGGCCTCACTCCCACCTGGGCGCTAGGAGCCATCCCG
GGGCTCCAGCCAGGAGCCCTGCTGCCCAGGGGCATGGCCAAACCTTTCTTCCGACTCCAG
AAGTTTCTCCGCCGAACACAGTTCCTGCTGTTCTTCCTCACGGCTGCCTACCTGATGACC
GGCAGCCTGCTGCTGCTGCAGCGGGTCCGCGTGGCTCTCCCACAGGGCCCCCGGGCACCC
GGCCCCCTGCAGACCTTGCCAGTGGCCGCCGTGGCGCTGGGCGTGGGCTTGCTGGACAGC
AGAGCCCTGCACGACCCTCGAGTCAGCCCAGAGCTGCTGCTGGGTGTGGACATGCTGCAG
AGCcccctgacccggccccggcccggcccccgcTGGCTCCGGAGCCGCAACTCGGAGCTG
CGTCAGTTGCGTCGCCGCTGGTTCCACCACTTCATGAGTGACTCCCAGGGACCGCCCGCC
CTGGGCCCCGAGGCTGCCAGGCCCGCCATCCACAGCCGAGGTAGGCGCTCAGCTGCATTT
GGGGGAGCTGTTCCCAGGACCCCCCATTCAGGGTCACAGGTTTGGTGTCCCCTTTCTCTC
TGCAGGCCTGTGGCCTTCACCGCTAGATGGTTCTTTCCTTCTGCTCTGCAGGACAGGAAG
GGGCCTGCGATGCGAAGTCCTTCAGGGTTTTGCTCACTCACCAGCTGGAGTTCCACATGG
CTCAAGGCTGAGATGTTGTGAGCAGGTCACTTagcgctccggctttggattcagacagac
attggctggaatcctggcCAACAATTTTTTTTTTTAATCTCAGAGAATCTAGTAGGACAA
GTTTCATTGAATATATGAAAATAggttgggcgcagtggctcatgcctgtaatcccagcac
tttgggagaccgaggcgggcagatcacttgaggtcaggagttcaagaccagcctggccaa
catggtgaaagcccatctctgctaaaaatacaaaaattagccgggtgtggtggcgcatac
ctgtaatcccagctgctcgagaggctgaggtaccagaatcgctggaatctgggaagcaga
ggttgccgtgagcagagatcgggccactgcactccagcctgggaaggagactctgtctca
aaaaaaagaaaaaaaaaaaaTTAGACGTGTCACTTAATGTCACCAGGTCTGCCTGAAATG
GAGCTAAAGACGCCATTCCTGGGCTATTGTGACAAGCAAATGTGATAACACAGAGGaatg
ggtcacaaagtggggtccctgaccagcagcatcagctccgcctgggatcttgtcacaagt
gcaaattctcagattctcccggagttgcctagtcaggaactctggggtaggggccagcag
gctttgtatttaacgctgtctccaggtgagtctgatgcatgctgaagctgagaacTCCCA
GGACAGAGGCCCTGGTATATTATTTGGCACTCTAACTGGCAGCTATTATGACTTAataaa
agcagctaatgcatatgggatttcctatgcacctgtaagtctgctgtttacaggtattat
tattatatcgcagttttacaggtaaagaaaccaaggcatggagaagttgagtcaattgcc
aaggttattctcttagtgtgggttccctagaagcaaactctgaaaccaggattcacgtgc
atccagtatatttgggatgtgatcccagggaacactagtgggggcgcgggaagtgggaca
gggaagggaaggcagccagtgaagggtgtgttatcaagcaggttacaaatgggcaaccag
acttcatccggctggaggctcagtaccagagcagaatacacatctcaaagGACCCGCTGG
AAGTGGCAGGCCTGGGAGACATGGAAGGGACACGGCAGGGTCTACCATCGTCACACTGCT
GGATGCCAGCGTGGGGACAGTCTGGCTCCGGGTTGGAGCTGTTTATGCTGAATTATGCAG
ACTCTCTCTGCAGGGTGCAGCAAATGTGCCTGGTGCTTGGGGAGCTCCCAGTAAGCGTGG
AAGTTGTTGTTGGAGGGTGACTGAGCTCAGTCAGCTTCTCAGCATCCCTGTCACCACCTC
ACTGGGCCCTGCAcccgaagtcagaagaggaactgctctctggactgtaataagtgtggc
cagagcacagtggaccacctggcagaatataaaaggagatgaggcaggaggagcactggg
gcctgggttagggagggccacgagtgccaggcctaggagtttggctttattttgatcatg
acgagaaggttctgtggaagagaacggagcccaagctgtccttactttaggagactgact
ggtagctcagtcaaataaagactggagggCTGTGGGTTCATGTCGCTGTGGAAGGAAGTT
CCTTCAGAAATCATTCAGGCCATTGCACTTGCTGTAGGATTTCTCAGCAAGGCTCGTGTG
TCAGAAGGGAGGGAGGAATGAGGAGCTGATGCTTCAGCTCATTTGACACAGGCATGATTT
CTGCAAACTCTCCGCAACACACCAAGAGACTGGGTCTCTGTGCAGGTTTTATCAGTGAAA
CTTCTTTGGACTAAAGTATACTTGACCGGCAGGAGTCAACGTTACTTGAGAGGAAgccat
gtaaaatgcacacgttttaaaaatagacctgtgtattgccacttattgggcatgtgacct
tgggcatagtgggctcagttcctctcttcattgccttcatTCCACGCTTACTGATGAGCC
ACCAAATGACTCTTCACGTGTGCACCTCACTGtgccctggaggagctcggtctggtgata
gagtcagatatgcacccaaattatttctacaaAGCACGACCGAGGTCTGCTAGAGGCACG
TGCGAAGTGGGCTGTGGACTCAGTGAGAAGTGACCTTTATAACTGACCAGcagcctccca
aagcgctaggattacaggcgtgagccaccacgcccAgccgaggcaggcggatcacctgag
actaggagtttgagaccagcctggccaacatggtgaaaccctgtctctactaaaaataca
aaaattagccaggcgtggtggcacgtgcctgtaattccagctacttgggaggctgaggca
ggagaatcgcttgaacccaggaggcagaggttgcagtgagccgagatcgcgccactgcac
tccagcctgggcgacagagcaagaccctgtctcaaaaaatatatataataataataaaaa
taaaaaTAGAAGTGACCAGCAGAGGGGAGGGCTCAGCCCTGACTGCAGAGTGTATATGTC
TCAGGGAACCAGTGAGCCCCCCTTTACTTTAAGTTACCCCTAATGACTTACAGAAGTGAT
GGAAGGGGCTCTAGTAAAAGCTAGAGAGATTGTGGCTAGATATAAGcaggactgatatcc
aaatttatataccactatggtcttatcagttgttaaaataattataatacttccaggttg
gctggtaaatggttgctgccctgggccgctggggtgccatctacactctggctgcctccc
cagtggctcccagacctcccccttatccagcaaagagagggttaatgTGATTCCAGTGCC
AAATGGTGGCAATTCTGAATGGTCAGTGCCCTCCATAGGTTGTCAAGTATTGTGAATGTG
TGCCAGGACCGAAGGAAGAATTTGCTCTCCTTTGAACAGCAAAACAACCAAGTCTGGGGA
GGCTGTGCTCTCATGGTCATCAGAGAATGGGGGAAGGCAGGGTGCTGGCCTGCAATCCCT
GTGGGCCCCTTCCTGTCGTGGGGCTCCATGGGCCAAGCACAGCCAGTCCGGCCTCACTGG
TGGAGAGTAGCCTGCAGCCCAGCCCTCAGGACAGCTGCTGGGGCCTCAAACAAAGCGGGT
GTCTCTTTGTGGCCCGGGCAGCCCGCCATCCTCCTGAAAGGGGATCCTGTAAGGCGCGGA
AGCTGCAGGAGGCTCCATCAATCACTGAGCATTTCATTATACCTTGGACAACATCCATAA
TGGAATAAAATGTCTGTAAGTTTACTAGGGGAAAAATAGTAACTTCTCCATAGCCAGTTT
GTTTTTTATTGATAGTAATTTCCAAAGACATTCCAATATCTTCAAAGCCGTCGTTACTAG
CCTCACGGTATGTCCATTTTGATGTGCAAATGAACAGATGCAGAGTGACAGACAATAATG
CAATGCCTCCATTTCAGCTGAAAGGAATAAATCCGCCTCAGAGTGGGTCCCAGTGTATCC
CTCGGAAGTTCTTTCTTTCCTGAACATTCTCGCCTCTGTCGGGGAGTTAGAAAAGCTGTT
CATTCTGCGTCCAGATAAAAGAGCTCGCCTCCTCTTTTATCCCCGTCGCACACTGAGACG
GGGCCAGCCAGGCCCGGGCTCGCCCTCCACGCCGGTGAGCTCCATCAAATGGCCAGCTGG
TCACAGGTGGGCCACTCCCTGTTTCCAGAAGAACCAGAGCCTGACTGCTTGAAACAATTT
TTTTTCTCTCTTTTATTAACGTGTTAATTATTCAGCTAATATTTACTGATCCATCCATCA
CACGTCCCAGGTTAGAGTGTAGGATCAGaataataatggctgttatttatttggacatct
gttatgtgccaagcattgtattgtatagacatacatctgttatctcatttaatttaatct
tcaaacagccttatgatgtaagtgccgctatcactgttttaatgatgaagaatttgagtt
tctgggaagaaaagtaatttAAATGTTTTCATTATTAATAACAATATATTAACAGTAAAA
ACAATCGCTGCtgagtaattactgcatgccaagccttgtattagacattttacatgtgtt
accttatggaattttcacaactacctcatggaattggaaccgtatccccattttatagat
ggggaagttgaggctcagagagaggcagctgcacatcccagcttgcacagccagatagtg
gtggagcctattcccaaaggctgtctCCATCCACTTCCTCAGAAGCATGTACAGCCTGGG
AAGCATGTACAGCCACGTGCAGTCTCAGTCTGGGAAGGTCTTGAGCCCAAGCACCTTGAA
AACCTTGTGGTTAATTTCCCATCTACAATGATAAATGTTTAATAATCCTGAGCTTATGCT
TTGGCTGTTTAATTGAAAGCTGAAATGGAACTTCTTTGCTGAGCAACCCATCAGAAATTT
CTCAAATATTAGTTTTCTTTTACTAAGTAGGCAGGCAGAGGAGAAGGATCCATTCTCACT
GACCCGGGTGAAAGCTCTGTGCAGTGGTCCGTGCTGGTGGCGGTGGACCTGAGACTTACA
GAAGTAGAGAGATGCACGTGGGACTGGATGTCTGGGCAGTGGAgggcagtagcatgtgcc
tgtgggcgtggccatgtgtgctgatgggcGTCCCCAGATGAAGGTGACCTCAAGAGGCTC
AGAGCCTGGCTGGGAACCAGACCCTTTGGCAAACACTGGAGAAGGTGGCCGTTGTTCCCT
CCTCAGCCCTGGGGTTCTGTGGTCCGAGGGTCTCCTGGGTCCCTTGGGTCTTGGTGTGGT
GGGGAGTCCTGTCTCCTGCCATCTCGCTTGTTCTCCTCTGCTTTGCCTTAACCTGGGGCC
CTGGATATTGCACCTTGGTGCAGTCAGTAAGACCGTCCTGACTTCatatatatatatata
tatatatataCTTATGTACTTCATGCATTACTGCTAGTCCCCATGGATAATAAATAGTAC
TATAATTGTTCATTCATATATATATAttcagacagagtcttgctctgtcacccaggctgg
agtgcagtggcatgatcccagctcactgcaacctccacctcctaggttcaagtgattctc
ctgcctcagcctctggagtagctgggattacaggtgtgtgctaccacatccagctaattt
ttggtatgtatatattttttgtatttttagtagagacggggtttcaccatgttgaccagg
ctggtctcgaactcctgatctcaagtgatccacccgccccggcctcccaaagtgctggca
ttataggtgtgagccacagcacctggccCCCTTCTTTGTATTTAGGCTCTCTGCTAAGTA
CAAAGAAAAGTCACTCCCCGATTCAGGCCCAGAAGTGGATGGTTGGCAGACTTCCTCCCC
TAGGCCACTCAGCAGTGGCCCCACTCCCCCAGCCGCTgccctggaccaggctcttggcag
gaacagagacagtctcccttgccctcacggagcatccaggcctgtggACCATCAGGACTT
TTCTCCTCACTAAAAAGCCGCTTGGGAGCCACTGGCAGGCTGCTGGGAGGTCCTGGGCAT
GTTACTTCCCAGAGACAGCCTAATTTCTCTGGAGGCAGTGGTGCGCTCCCCAGGTGACAT
GAATGAGCGGAACGCGGCCCTTCCTGGGGAGACGTGCAGCGTGTTTATCACAGGTGCCCG
ATCCAGATCTCGGCGCAGCTATTGTGGGTGTGCGTTCACGGCTTGGGGACTGTGTGACGG
CGTGTTTGCAAATTCCCATGCCGCTCCTTCAAAACACTGGTGCGCGTGACATTTACATGC
CTACCCGCGTTTGCATCAGGACTGCCATCTCCCAACTTCTCTGTGCATCTCTGGGAGATG
TCTCCCTCCCTCGGGGTGGCAGGGCAGGGCTGTGACAGACTCTCACTGGCGCGTGCACGG
CTGGCTTCTCACTGCAGCATGAGTGTCCCCAGTATCCCCTTCCAGGGATGTGTGCAGGTG
ACCAGCCTGGAGAGGCCTCTGCGGTCACTTGGCCCTGTTGTTTCCCACACAGGACACTTG
CTCCCATTCTTAAcagactctgcggacacactccagagatggggtcttactccctcttgg
gacgacagactttatcttgaaatagctttccccgtttgaaagatcttccttaaatttgct
aaaatcaaacttgccctaactGATTTCTTCTCTCTGGCCCCCAAGGAGGCAACGACCCTG
TCTCTCAGGGCATTTGCCAAGGTAGAGAGGCCTCTCTGAGCCCAGGGAGGGCAGGGCTAG
AGAGGAGGGGTAGAGTCCATGAGAGGTAATCCAGCCTTCCCAACTTCTGAGTTGGGGTAG
TGGAAGAAAGCAGTGGTCAGGCCGACGCCTGGCTCCTGGCAGAGCCGTCAGGGTGGACAG
TGGGCCATTAAAAAAGAGAAAATGGGCAGGAAACAAACAAGTGGGAGGTGTCAGATGCTC
ACTTTGCTCAGCACTGAGTGGGAGGGAGGTAGCCTGCAGCACTCATCTCCCGGGTTTCTC
TGAGAGTGGCCTTGGCCAGGAAGGCAGAGGTTCCCCTGGCTTTTCCTAAGGGTGGGCCCA
TGATTCCTGGGCCTCTGGTATTAGCCATGCTTCCCTTTCTGCAGGCACCTACATTGGATG
CTTCAGTGACGATGGCCACGAGAGGACTCTGAAAGGAGCTGTGTTTTATGACTTGAGAAA
GATGACTGTCTCCCACTGCCAGGATGCGTGTGCTGAGCGGTGAGTGCTGGGGCCCTGGAC
TGTTGATTCTAGAGGCAGGAAGGTCCAGGGACAGTTCCAGAATGAGGAGGCATATCAGCT
ACCAGTTGGCTGTCATAGCATAATTGGAACTCACTGCTCAGATCCCAGTTTTCCAGAAGA
AAGGAAGTTTGTTGGCAGATGACctgggtgccgggagctgggtgctgggtgatggcctgg
gtgctgagagctgggtgaccgcctgggtgctgggagttgggtgatgacctgggtgctggg
agcttgggtgctggTGctgggtgcagggagatgcgacttccagtccagccatagcaggga
ctcagcgtgtgactttgatgagttcttttccttctctgggcctcagtttacttatatatt
ttacaataagataaagggctttaactgagatttctctgagaggatctttccagctctggt
aGGAAAAGTATTTTCACCTTGTGTCTATAACAAGGTTTACTTTTTCTGATACTTCCAGCT
CACCCAGTAGTTGCCAGACACTTGTCATGTGCCAGGGAAATGGTTCCTAATGTCAAGGCC
CTCACAACTGACTGTGTGTCTGTGTGTGCTGcacacacacacacacacacaTCTGAGAGA
GGTGGGTTAAACAGAATCAGACTTCCCTCTTCACTTATTTCTCCCACAGAtttttttcac
cttttttttttttttgagacggagtctcgctctgttgcccaggctggagtgcagtggcgc
gatctccactcactgcaagctccacctcctgggttcacgccattcgcctgcctcagcctc
ccgagtagctgggactacaggcgcccaccaccacgcccggctaattttttgtatttttag
tagagatggggtttcactgtgttagccaggatggtctcaatctcctgacctcatgatctg
cccgcctcagcctcccaaagtactgggattacaggcgtgagccaccacacccggccTCAC
CTTTGttatgtcacataaattctttccatagtcagccaggtagcaattagttatccccat
tttacagatggagaaactgacgctggagaaagaaaagacAAGGTCCTTACATAAACATAC
GTTATGGTCTAGATACGGTGGAAACAGGATgatacattctctttttagtctcctaataga
tcaggaaactgagactcagagatggtaagtcatgttcagggtctcaccgccaggacgtgg
tcaaatggggacttgaagcttgtgtttggattttcagtctgggcttttcacatctaAATC
CACTGATTTGAAAGTGTTGACTGCTTTCTGTAGCTGAAGTCCTGTGTGATTCATTGAGGG
TTCTGTTTCCAACCTTTCTTTACCTACGGTATTACTAGGTCAAAGTAAGTAGAGAAATGG
CTGTGGAGATGGGGGCTGTGCAGTAGGGCCCATGTGTAACAAGATGTGACACGTGGCAGG
CACTTCAGACCAGCTCACGGCCGCTCACCATGGGAAGCTGTTAAATGTTTAGAGTTGTTG
TGAGCCCGTTCTAAAACcattgggagcttaaaatctcctatagtgggagtgtttacatca
cagaaattggcaaacagtacaaaccagagctctCCCTGTCGCATACTGAGAACCAGCTTA
CAGGCACATCACAGATTTAGACCCATTATAACCTGTAACCACGGCACTCTGCAGGGCAGA
GCTCAGGGCTGGCAAGAGGGACCAACGGGGCTGGTTCCATTCGTTTATCACAAAGGAAAG
ACTGTTGCCTGAACTTAGCCTGGTGGCCCTTGAGTCTGGCTAGAGACTGATTCCTAAGGC
CAGCCATAGGCCGATGGCTGTGGCCCCTGTCTGTTCACCTAGACCCAAACTCAGCTTCAA
GTCCAGTCCGTTTCCTGACTCCAGACTCAGTTGCCATtgcatgacccacataaatcctct
ccacagtctgccaggtagcaaggagttatccctcttatacagatggagaatctgaggctg
gagaaagaaaagacAAGGTCCTTacggcacatgtatacatatgtaactaacctgcacgtt
gtgcacatgtaccctaaaacttaaagtataattaaaacaaaaaaCAAAAAAAAAACATAC
TTTCTAATCTACATCAAGCTGAAACAGTCTGCAGTTTAGACCGCAGCCCTAGCTCTGGGC
CAAGGTCCGGACTCACCCAGGCCTCCTCCCTGCAGGTCCTATGTCTACGCCGGCTTGGAG
GCCGGGGCGGAGTGTTACTGCGGGAACCGGCTGCCAGCGGTGAGCGTGGGGCTGGAAGAG
TGTAACCATGAGTGCAAAGGCGAGAAGGGCTCTGTGTGCGGGGCTGTGGACCGGCTCTCC
GTGTACCGTGTGGACGAGCTGCAGCCGGGCTCCAGGAAGCGTGAGTGTGCCAGCCTCTTC
CTGAGCTTTGTCCGTCTGTCCCACCCGCTCTGGCTGCCCATCCCCCACAACCTCTCAATG
AAACTACCTGGGGCAGAACCTGTGCCAACCTCTGCCCTCCCTTCCCTATTGCCATCACTG
GACAGGCTCCTGGCAGGGCAGGGATGGGGTTAGGATCCATCGAAGGCTTAACTGCTTGAG
TTCATGACTGAAGCATACCTTTGCCTGTCCCCTGCAGgagagagaaactgattagggggc
ctgggtatgcctcagacatgctgtgtggcctccggcagctcactgcccctctctgagcta
cggtctattttgtaaattgcagagggagacctagatTTCTTTCTtttttttaatttttat
atttgattttttatttttgagacagagtctcactctgtcacccaggccaggctagaatgc
aatggcccaatctcggctcactgcaacccccacctctccggttcaaacaattctcctgcc
tcagcctcccgaggagctaggattacaggcacctgccaccacacccggctaatgtttttt
gtatttttagtagagacggggtttcaccacattggccaggctggtcttgaattactgacc
tcaggtgatctgcctgtctcggcctcccagagtgctgggattacaggcgtgagccacgca
cccATCCAGGAGACCTAGAtttctagcagtggtgtgagctagataatcagaaaattccct
aactataaagcacctagaaatgctgcataaaatttagcaaacattattgtaaatgcatag
ctgaactagcagaaaagtaaggcaatcccttggatccaaaaatgaagaaagaacaaagac
ccacagtggagagagttagagataggctgtgtggccgtggggctcagcggagggaagtcg
ccaggctgcatggccactctgtttgggtcttaatgtccaagcaggatagggaaggaggcc
ttgggcttctcagggtaaggaattggaCCCTGAAGGGGCCCAGCTCAAAGGAGGAATGGG
AAACTCAGGTTTGTCCTCACTGCAAGATGATGAGCACAAATCCGCTTCCTCTAATCACAG
AAGGCTCCTTTGTAAAATAATAGGGCTGTGCACTGTTGCACATGCTGGGGGCCATTCTTT
TCATGGCTGGGAGAGGCAGATTGGGAAGGAGTCAGAGCCTGGGAGACCACCCCCACCACT
GGCAAGGGTAGGACAGTGGTGATGGAGGCAGAGGCACAGCCCAGGGTCCAGGCTCACCGC
CTCTGGTCATGCCCTAGTAACAGGGCTCCAGGAGAGCTGACGGATTAGTTCAAGAATGGG
GCAGAGCCCAGGTAAAGAGGTATTGGAACAgccgggcgcggtggctcacgcctgtaatcc
cagcactttgggaggccaaggcgggcgaatcatgaggtcaggagttcgagaccagcctga
ccaacatggtgaaaacccgtctctactaaaaatacaaaatttgccggatgtggtggcagg
tgcctgtaatcctagctactcaggaggctgaggcaggagaatcgcttgaacccgggaggc
ggaggttgcagtgagccaaaatcatgccattgtactccagcctgggcgacagagtgagac
tctgtctccaaaaaaaaaaaaaaaaaaaaGGTATTGGATCAAAAGCTAAGGCTTCACAGG
GGTTCTGGGGAGGGCTGTCGAGTGAGTTTTCCAAGCAGCACAGAAGCCGAGCCCTGAGAA
CCGTGGGTGAACCTAAAGGCCACCCTGGCTGGCAACTGTCTGTGGGGTCACAGTGCCCAG
AAGAGCTGCTCCGTGTTTGACCCCAGCTGACCGGGGCTTCTTAGATGCCTCTTGCATTCA
GACAGGATGTGTCTGGGAGCTCAGGGGTCCAGATGGGGCAATGGGGACAGGGGCGGAGAA
ACTGACCACACATCGTTTAGCTGACAGGTTCACTAGTGACACCATGAACTTGGCAGTGTC
TCACCGACACCTACTCTGCCAGGCCCTGACCTCATAGAGGGGTTTGCCATGGCACGTGGG
CACAGTCCTATCCTGTCACCTGGACATGCAAACGGGCTTCCTGAGGACCAAACTGCTCCA
CGCTGGCTTCTTGGAGCTTTTATTTCTTTGGTTTCAAACAACATTCCTGCCCCCAAGTAA
GACCAATTCTATATATGGACTCCCGGCGGCCCTCCCAGCCCCATCTGCCTGCTCAGTAAT
TGATTCTGAAAGGCAGTTGTTTTGCTTTAGGTTGCCCATGGATTAAGAGACAGATGGTCC
AATCATTCAAGCCAGCCCTAGATCCGGAGTTGGCTGGACTTGCTGTCATGGTTAGTGTTG
AAGATGGTGTCCTAGCTGCCTCTTTGGGCAGGCTGTGGAGCCCCCCGTGAGGTACCTTTG
CCTTCCTGCCCCCTTCCTGAGGGAATGAGCTGACAGGATCTCTCTCAAGAGGTGACCAGG
TGACCACCATTGTGAGCTGCAGCTTCTGCCAGCAAGGAGCATTCACAAGGAGTAAGACCC
ATGAATTTGCTCCCCAGGTTGGAATCGGAGTGGGTTCTGAGCAAGTCATCAACGTCTTCG
CCTTGGAGGCGTCATTCTGCCAAGTGACCCTCAGGCTCCCACCTGGGGAATGAGGGAGAC
TGGACTGTACCAGGTGACAACCTGTGTCCTGAGAGTCGCATCAGTGAAGTGCGGAGGCAG
CCAACACTTCCTTCTTTAGCGGCTCATGGACCACTCACCTGTTGCAGTATATGCAGTGCC
TTCCTGCTTTATCTCATTCAGttcattcgttcgctcaccacgtagtgggcacctgctgtg
tgtcaggatcagggcttggtgtggggaacacaggggtCACCCAGGATGTAGCTTCCCCCC
AGGAGCTGTGTTCTGGAGGCCTCATGGCCCCCTTTTGTCCCTCCCTGTGGCCCAGGGCTT
GCTGAAATCTTGATCCCTCCCCCATCTCTGGATTGTGCCTACCCTGATGACTCTCCCCAT
TGTCTGTTCTATCCCCGTGGAGCTGGTTGAGGACCAGTGCCCAGTCCATTGAAATGTTTG
TTCTTTGGGGCATCAATCATGCCAAAGAACAGGAAAGAGTTTTGTGAGCCCAGCACCTGC
CACCACCCTCGACCTTGACACCAAAAGCCAGGGCAGACACACGGTGGTGGGGAGACATGG
CCCCATCAGGGGATGTGCGTGGGTATACAttgttcctcatgacaaccctaggaactacgc
tgtatgtaggtgaggaaattgagagtctgagcccgagacatggcagagttgcagagctgg
tcactggcagtgcaaggacttgaacctaagcacttataaccctaagccctggtgttttcc
ccacactaggctgTTGTCTGTGCCCTAATAGGTCGTGCCCTGACACGTGCACCACAGGTG
CTGTGGTCAGTTGAGATGGGCTTCCAGATCCAGGGTTTGGTCCTACTTGGCAGATTCTGG
CTGGTAAAAGGGTTTCTGTTTGCACCACGTGGTGTGGCAGCTAGAGAGCCAGGGGAGATA
CTGAGCCCTGGGAGACCCCGTGTAGAGAAGAGCATGGGGTAATAATCAGGATGCCATCTA
GAGAAACCCTGATGAGTCTGGAAGAAATACGAGCAGTTGGTGCAAGAACATTCCAGAAAG
TTTGTTCAGCTCCAAGGAAGCCAGCTAGGGCACTGGACTTTTCCACCTGGAGGCTCTACA
GAGCAGCAGGAGGCTTGGCAGGAGGCTTCTTTGTAACATGGGCTTGAGGAGTTCCTAGAA
ATTGAGTGGGAGTTCAAGATCAGAGAGAGGCAAACCTTGCAAAGAGGCAAAGCAGTGGTA
TGACTCCAACGGCACAGCAAGAACAAACATGGCTGGGTTTCAGATTTCCATGTCTGCTTT
TCTTTTAATGCATCTTCCGGTAGGACATTGAATTTTTCACAATATCAGCCTCTCAGGTCA
CCTACCATGGGAGGAATCTGGCACCTAGTAAAAGCACCATCCAAATTTGTTgaaggaagg
aagaaagaaggaaggaaggaaggaaaaggaaggagaaggaagggaggaaggaaggaagga
aggagaaggaaggaaggaaggtaggcaggccggcaggaaggctggcattatggagaactg
gcagaagcaagagagggaaggaaggaaggaaggaagggagagggaaggaaggaagaaagg
gagggagggaaggagggagggagggaatggagaactggcagaagcaagagaaggaaggaa
ggaagggaggaagggagggaggaagggaggaaggaatgaCTTATGGAGAACTGGCAGAAG
CAAGAGCTGAGCGCTGCAGTTTCAGCCAAGTGGTCCCTTGTAGATGACCCTGGACGGTCA
AGGTGCTGATGCCTGGTTTCTCTCAGAAGCTCAGCATGACTATGTCCCATGCAGGGCCGT
TTTCCCTCCCTGATTTGAACTCGCCTCGTAAGTTTATTTATACCTGTCTCAGGACCTAAA
GCCAGCATTTTCCCTGGTGACAGGCACCAACAACTGGACACCATCTCTTACCAGAAACCC
CTCTCTTTTCCCCCAGGGCGGACCGCCACCTACCGCGGATGCTTCCGACTGCCAGAGAAC
ATCACACATGCCTTCCCCAGCTCCCTGATACAGGCCAATGTGACCGTGGGGACTTGCTCG
GGCTTTTGTTCCCAGAAAGTAAGACCAAGTGATCATTTCACAACCCTTTCCTTTAAGTGT
GTGTGGTGGTCCTGAGAGAGGGGGGCACATGTGCTGGGCTGCGGGTGTCCCCTCTGGCAG
TCCAGATGGGAGCAGAGGAAGGGGGCATGGATGGGAGGCAGGCACCAGGTACCACAGAGG
GAGCCGGCAGGGAGCCCTTCGCCTCTGTCCACCATGTGAGGCTGGGTGGGGAATTGTCAG
CAAGGCTTGTAAAGCCGAAAGGAGAGTGCCTTTCTGGATGCGAACTCTTGCCACAAGTGT
CAGATGTTAAATTGACTTGGTTTGGAAGCCAGAAGATGCTGGCTCGGGACTTGGGGATAG
CTGATGGATTTTCTGTTATTGGTGCTGACGGTGTTGGGCCGTGAATCTGATGACAGGGGC
TGGAGCCACACTTGCATCTTTGGTTTAGCCTGGGCTGAGGAGTAGAGCGTGACCCCATGG
AGGGGCAGGGCTAGGCACCAAAGGCCACTGACCCCGCATTGCATGGTAGCTCTGGGGTGG
GGAAAGTTGGTCAAGGCCAGAGGTGGCTTGCAAAAAGCAGGGCCTGGAGTGTGTGAAGCA
AGGCTGGGGGAGACCCAGCAGACTGTGTCCAAAGAACATTGAGATCTCGGGCTGGAGTCA
GGCAGACTCCAGATTGGGGTGGATGCTGTGGCTCTAGAAATGGCCCTTGGTGGCAGTAGG
CTTGGGGCTGGGGCTGTTTCACATGCGCTGGGATTGCTGTACCCTCAATGTGGCTTTGAT
ACTTGGCAATGTAATAGAACAGGGCTAAGGTGAGAGGATGGCCTTGGCCAGGATGATGAT
GACGATTATGACAATCAACAGAAGCTGCcattcgttgatcgctcattccatgccaggtac
tgttccaagcgctttatgggttaactcatttaatcctcctaacaaccctacagctaggtg
ctgtgattatctgcattttccaggtgaggaaactgaggcagagggtttgagccgtgtgcc
tgaggtcacacagccagtaagtggtggggtcagggtttgaactcaggtagctccatagtc
tgCTGTGGGTTGAAGGGTGCAGGGGTGGACTTCAATGACAGCAGATGTGATCGGATCTGC
AGGAGCAGCACAGCCATCCTCTGCTGCACCCCCCCACTCCCGCTCTCCCTGCTTCATGTG
TTCCTCCGCACTCTGGGGACACCTCCCTTGGAGGGGGCTGGAGAACAAGGGGGCTGGACA
CCTCCCTTGGAGGGGGCTGGAGGGGGCTTTCATATGTGCTTTCTTCTTGTCCAAGTGCAT
CCTTTGAAGTGGCTCTCCTGCGTCACCAGCATTTCCGAAGCCACAGCCAAGGATGTCTTG
GGCATCAGGGCACCCACGACACAATTAAATGAGCCAAAAAGGCAGTTTGTTGATTTGCGG
ACATCTGGCCTGGGGACCTCCTCATCCCTTCTCCTCCTCATGGGAGCAGAGCGATGGGTA
GAGGCAGCAAGGATGCGCGCTCAGCTGCCGGCCCTGCTGGTGCTCTCAGGAGAATGAGCC
ACCCTCCTAGGGCTTCCCTCACACCTGCAGCTCAGAGCAGTTCCCTTGAGAGGCCCTCTG
GTTGGAATCAAAGGAACTCTGTGGTCCAGACCAGGCTGGAGGCAGGCCTGCCTTGAGCAA
CCAGCTTGGATAGTcctgctgtgtgctgggcatggcactaggagccttcctgcggggggt
tatctgctttaatcctcccagtagctcCCAATGGGGGATACTCAGATGCCTGCTTGCTGC
GAGAGGCTGGGCAGGTGTGCAGAGCTGAGAGCCCTCAAACACAGGCACAGAGTGGCCGGC
TTTGCAGCTCCTGCTCCTGATGCCACACACAGCCACACACTGGCACAGAGCGGCCGGCTT
TGCAGCCCTTGCTCCTGACGCCACACACAGCCCGTGGTTTTACACACTGCTGCCATTCGG
CGTTATGGAAGGGGGAAGAGACGGAGAAGATGAGGAGGAAGAGAAGGGAAAGAAAGGGGT
GGCCATTGTGGCCATGAGCCATTAGTGTTTCGGACTAGTTTTAAATAGGAACATGCTTAC
TTGGAGCATAATGAAGACGCCAAAGGGCATAGCAGGGAAGCCTTCCTCTCACTCCATGCA
TTTCCTTGCCTGGATTGTCCTGgcttctcatgtctacttccagagagactgaatattcaa
gcaactgcatccttgcccattctctaacaagccccgcagccgggcaggagctgcacccgc
ccttctgcactgaactcttcaccggacagcctgtctcggagattgtctcacgtcgcgaca
caaagtgctttctcattcttttttaccattgcacggaggtcctataatttatttaaccag
tttagcatttcgcctatttccagccttcacaaacgatgcggcagtgactacctgtgtatg
tacgtagatcactttgtgtgagtgaatctgtaagaaaaatattccttggagatgctgggt
caaagactgagtgtctttatcattttggtaaactttgtcaggttgtccttggcgaggatt
gtattcattttataccccgatcagtgatgtgtgagggGGAGGCAAGGCACCCTCGTAACC
CTTATTTTGTGTGTGTTGGGGGGCTCAAAGCAGCATTTTAGGCAGATGCCTCAGTTTTCT
GGGGGTCCTCCCTTTGTGTACCTCATTAGGGCCCAGAGAGttctttcttttttttttttt
tttgagacagtgttccgctctgatgcccaggttggagtgcagtggtgtgatcatagctca
ctgtagcctctggctcctgggctcaagtgatcctcccaccttggcctcctgagtagctgt
gactacaggcacacactaccatgcccagctaatttttttgtgtattttttgcagagacag
gggggcggggtggggggggtctcaccaagttgcccagactggtcttgaactcctgggctc
aagcaatctgccctccttggcctcccaaagtgctgggattacaagcatgagccactgtgc
ccggcTGGTCCAGAGAGTTTGTATTTGTGATTACAGACAAGAATTTAAAGGCTTATAACT
CTTCAACTTGTATTTTCAGCCTTCCTTCATATTTACTGGCATAAATCCAGATTGCTGCAG
TTTCACACTGGAGCATGTGCCAGAAGATACACGCAGGCTCTTGGTGTCTTGTGCTATCAC
ACATTAGCACCTTGTCCATCTCCCCTCACAACGCATTTCAAGGACAAGTTCCCTTCTCTG
CTATGGCCGGAGCAGTCGTGAATTGTTTGGGTCAGAACTACATGGAAAGGGCATCCAGGT
TTCTCAGAAACAGCCTCTGTCCTCAGCACTCACAACACTGGAGCCAGTGCTGACACCTGA
TCCTTATCCGGGCTGCCTCTGCGTGGTCAGATGGGACTGGGAGGGTGGTGTTTCCTGAGT
TCCATTGTTTAGGGCTGCAACATTTGCAGCTGTGAGGAACAGAGTCATCATTTCCAGCTT
TAAAGTTTAAAGTGGGTATTGGCAGCGCATATTTAGTGGGACTTGGCAAAACGCAAATGC
TGAGACGGTGGGCACAGCCAGGGGCAGGTGACTCTCACTGGTGGCAGAGTAAGGGCAGTG
CCTGAAGAAGGTGAAGAAGGCTTGGAAGGAGGCTGAGAAAGGAAGATGGTTGCAACTTTT
GGGAAGGGTTGGAACTGGAGGATGTGGGGCAGTGTTGGCAGGTGGCTGAGGGGATTAAGG
AGTGTGTTCCAAGAAGAGGCAACTGCTGAGCAGGAACCAGGTGGCAGGAAAGCAGCCCAG
GTGGCCCAGCGTGCAGGGTTACTTGGGGGGCTGTGAAAGGTCAGGGGGTACAAATTGCAG
AGGGCTTTGtgatacaagagttattaagaagttattttaggcagaaagtaaggttctggg
tggaaattttcctgtaataagaaacaacccccaaaccatctcttttctaacagaaaaggc
ggcttaaagggccaggcacggtggctcatgcctgtaatccctgcactttgggaggctgag
gtgggcggatcatgagttcaagagattgtgaccatcctggccaacatggtgaaacactgt
ctctactaaaaatacaaaaattagccaggtgtggtggcgcctgcctgtaggcctagctac
tcaggagactgagggaggagaatcgcttgaacccaggaggcagaggttgcagtgagccga
gatcacaccaccgcgctccagcctgggcgacagagcaagactctgtctcaaaaacaaaaa
aaaaaagagagcaactgggttcactcaatatggtgattcccactgtcttttccttgttac
caggtgtaccgagtgtcatggccacctccagataacaccatgtgttcagaacatcatgat
gacctgcatttgcatattaaaggactaaggtgggagggccaggtttttcaagggctacgt
aaatgacacacctggtcaaaccaatcccctgggccttatggaacgcagacaccgcttcct
ccagcatcccaatataagcagccacttttccgctgcacacggggttttctctttgttcaa
atcccccctccctctgtctctgtacggggagctgttttcttcttccttccttctttcttg
cctgttaaacttttcactccttaaaatcaccccacatgtgtccatgtctaaaccggcacg
agaccaagaaccctggtgtccctccagtcatcagagccatatAGCTTGAATGCCTGCCTC
AAGGTTGAGACTTTTTTCAGTGGGTGGGAGGGGCTGGTATGGCTTGTGTGGCACTTTATA
GCTGCAGGTAGGATGTTCTGGAGCACGGAGAGGATGAGAGCTAATAAAGAAGGGAGTAGG
TCTAAGAGACACCACAGGGTTGGAATCCACAAGAGAGGATGTGGGGGCATGAAAGAAGGA
GTGGGAACCCCCAGGGAGGAGGATGAGGCATGGATGGGTTTGTGGGTGAGCGGGGCAGCT
GACCTGTCCAATGTGGGAGGGAAGTTCTCCTTGGATCCTTCTGGGATACAGCATTTCTCA
GGGGTACCCTCAGAGATGCCTTGGCAAAGCTGCCACAGAAGTCGACCTGTGACCTGGTTC
TGGAGTTAGGGATTTCAGGTAGGGCAAGAACAGTGCCCTGGATGTCATGCCTTTAAGTCA
AACCGCCATCTGCCCAACGGAGCGAGCCTTTGGCTCCCAGATTGTCCATCCATTCTCGCT
TGTCTCGCCCGTGGATGTGGGTGTAACTTGAACTCAAACCGTCTGTACTGTTAGCCCCTC
AGCTCTGAGCTCTGCAGATGCCTGGCAGGGGTTTTGCTGGAATTCTGACTTCACTCTAGA
Gcaggggttcacagccttggatctgttggcatttggggttggatattactcatgttggga
tctgtctgtgcattgtaggatatctagcagcatccctagcctctacccactagatgccaa
cagcccatattccctcagttgtgacacacagtccccacacattgccgtatgtcctctgga
gggtaaaatcacccctggttgagaaccacAGCCCTGGAGAGCCACCTGAAGATGCCAGGC
AGCCATGCCCAGTCATGGCCCATATCCCCGTGGGGCTGAATCCTGGGGAGCAATGGTCTC
TTCCAACCATTGTGAGGATGGAGAAGCAAATTCTCCCTCTAGTATTGAGGTCTGATGGAT
GTGAAATTGTTTGGAAGTTGATCTGACCCAGACCTGCAGAGGCCAGAGAACTCTTTGCAG
GGAATGGTATCCTCTCTTCCCTCCTGAATGTTGAGGGTGGCGAGAGAGGTGAATCTGGGG
ATGTCTGGCCGTATTTGCCTGCTCTGAAGTGCCAAGCACGTCCTCTCTGGAAAGGCCAGT
GGTGTGGAGGCTGCCTGGCAGTCCCGGtggcagctttatctcatcctaatttggccgaaa
aacaagctcaaatgtcctatgatgtgggaatggttaaattatgccacggccatacagtgg
actataatacaaccattgaaaatgttttcaaagactttgatgatggaaaatgctcacagt
agaatgttaaatgGGGCAGAGCTGAGCCTGGGGGTAGGAAGCTAGGGGCTTAATTAGAGC
TGGCCGGGCAGTGGGGCTGGGAGCAGCAGATGTGAGAGGTGGGGCTTGGAAACAGGAAAA
GAGGAGGGGGTTCCTTGTAGTGCCCCCACCTTTGAGCACCATCTGAGGCTTATTTGTGGC
CCCAGATAAAATGTCTACTGTTTTTGCTAGTTCGCGAAAATGGATTTGGGGAGATCCAAG
AGTGTAGTTTGACAGAAAAAGAACATTCCAGGTGATATCTGCATCTTAATGATCTGACTC
TCTGCCAGCAAGAGGGAATTGACCAATGTAATGTGTTTTTAAAGCCCAGTGAAATGATCT
TGTCTAATTTCCTGTGATCGTATGGAGATGGAAAGAGACCTGCTCATTCTCAGTCCCCTT
CAGGATCCTATCGGCTCCTTTGTTTCAACGCAAGGCAAGAGTGAGCAGGGGGCAGCTTCG
ATATTTGCATTGCTACCAATTCAGATCTGGGGTAATTAGTTTTGTCGCCTGATATTTGTG
CTCAAGTAGATAGGCCATTTGTGGGGGTGCTCCGAAAGGAGGCTGATGAGCGAAATCTAA
CACCATCTGCAAATAGGTTACTAATGTGAGACACTCCACCGGCGATTATACCTTGTGATG
TGAGGTTTGTTCTCCCAGCTGCTGTTAGTGATTCTACTGATAAAGGAATCGCAGGGAGAG
GAGGAAGAAAGGTGTTGAGCTTTCTTTTTCCCCTCTTTTAGCCTCTTTTGGGCGTCTAAA
TTCTTTACGCATTAATCACCTGGATGTTTTCCCATTGACATTTCTTCTAAGTTTTTTTGC
TTGTTTGGCCATTTAATGGTGGTGCTCATCTAGCCACCTTTCAAATGGAAAAGCATGCAT
TAATATGGAACCTGTTTGTTCTCAGCTGGGCAGCTGCTCTTGCAAAATCCACTTGGATTC
CAATAGATTCGGTCTATCCAAGGTAGCCTTATGGTCTCCATGGGGCACCCAAGTTCATGT
CTTTGCCAATGGTTGGGTCTGTAAGAGTCTGGGTTTTGTGAGCCTTGAGAATAAGAATTT
TCTCTTTGACAAAATGCTGTAGTCATTCCAAGAGCTATTGGATATGCTTTGAATTGCTTA
TAAAAAGTCTGTGGTAAACCTGTTGATACTGTACTCTCTGCATATTTTGAAAAACACGTA
TTGTTTGTTTTTCTGGGGGGTTAACACATATCTATTTTAGAGAATTTGAAAATTTTCCAA
GTGCAGAAATAAAAATAGAATGCACCTGTAACAACTAATAACATTGAACATCTTTTTGGT
CTTTTGTTCTAGGTGTATCTCTACGTAATTTGTTTTATAAACATTGACTCATTCCTTCTC
ACATTTGTTCCTTTTTCTCATTGAATATGTTGTGAGCATTTTCTTTCACCGTGCTatgcc
ttatcgcttattggcattctgtcctctcctgagggacatttaggccatttcctttctttt
tttttctttttccttattgctgttataaacaatgctgccacaaacatccttgaaaataaa
cctttgagcccattcataagtatttcattgggctatattggcagataaggaattgctggg
gcaaaggataggtacattttatatgagcccttttaagactttttatacattttgggaagt
gtgtcttctagCCTCATCCTTCTGAAGCTGGTAAAAgggctttagagtcgtggtaacctg
ggttcatactcctactccaccactttctcattttgtgatcctggccaggtcacataacac
agagccttagttttctcgtctgctaaatgggatgggtggagatgaaagtgcctcaccaga
ctgtgatgaggattcagtgaCTTTGTGGGCACGAACAGTTTTGTGATTTATGTTTTGGGG
TGTGTCTGGAGTAGCAAGTGTTCCAGACAATGCTTATGATCATTGTGATTATTCAGTGTC
CCCTAGTTCTTTCAGTGTGTGGGGGATGTTTGAGAAACTTCCTGGGATGAAGAGCCAGTC
CTTTCCCAGGTCAGTGGAAAGCCAGGTACCTTAGGATCCCAATGGTTGGGCGGTTCTGAG
TCACACTGTGTTTCACAGACTCTTCTGTCTGAAGGATGTTTGTTTGGCTTTGATAGGGAT
GGTGTTACCTGGGGTGGTTGGTGGGTTAAGTAGGTCTGCTGTCTGGGGCTCAAGTCTTCA
GAGAGCCATCTGCCCCTGGAGACATCCCACATCCCACAGGGTCCCCTGGAGACACTCTGA
CATTTGCCACAAACAATCATGCTTGGCCTGCTCTCATATGCATAGAGTGGATATTGCAGC
CTCTGTTTAGAGTGTGTGCTACAGCGCACGGAGAAGGGGACTGGTGAGTGTACTCTTTTT
GTGGAGAAAAGTGAATGCTGTGGGGGTGGGAGGAAGCCCCTGCCTCTGACCCCATGCATT
TGCCTCCCCTGGACTCAGCCCATCCATGCTTACTGAGTGTCTACTCTCTGAAAGGCACTT
CAAGAGTATTTCAATCCCCAGATCCACCATATGGATGGAGGAACCAAGACTCAATTCAGC
TAAATTTAAACTCACACCTATAGACTCCAGAGCCtgtgttagcccatttgcattgctata
aaggaatacctgaggctgagtaatttataaagaaaagaggcttatttggctcatggttct
gcaagttgcataagtatggccctagcatctgcttccggtgaggcctcaggaagcttccaa
tcatggtagaaggtgaagggggagccagcatatctcatggtgagagatggagcaagagat
ggggaggaggtgccaggctcctataaacaaccagctgtccgtgaactgagagcaagaact
ccctcattcattaccaagcggatggtgctaagccattcataaggcatccccacccctatg
atctaacccctccaaccaggccccacctccaacattgggggtcacatttcagtatgagat
ttggaggggacacacatccaaacTctgtgagagcccttagtcattaaactgcaagccctt
ttacagatgataaagccaaggctcagagatgcccagttgctcgttggcagtccatggatg
ggattcaaagcccacagttcctgatgacaagctttgtgttggttccactcccagcatctg
cctcTCCAAATCACAAGGCCCCATTCTCAGTTACAGCATCACTGGACAAGTTTTCAGCCA
ACCTGACATATGCCTGAAAGCAAAAGTCTGTCCCCTTTGTCCCCAGTCCTTGAAGTCATC
TTTGTGGGTGTCTTCTTTCCTTTTTGTACCTTGAATATCCAGATCTGCCTCTGGAGTGAA
GGGAACTGCTCTGGAGGCAAGAGACTGGCAGAGCTAACCTCCATATTGGTTTGCAGATTT
CACTGGAAACCCAGCACATCCATGTATTTGCCTCTTAGGAGTTGAGCtgtgttgatgtgg
caaggtcctggacttggagtccagaaggctggctccttttcccactcacctggcaggctg
ggcatcctgggctgttcactgcctacctccgagcctcagtttccccttctgtgaTCCCTG
AAATCTCTGTCATTCTGTGTAACCCTGGGGATCCTAGAAAAGTGCTCAAGGAGGACTGAA
GATGGAGGAGATGATGCCGAGAGGGGCTGGTTTGTTACAGAGGTCCCGCCTGGAACCTTG
CTCCTTACCTGGAGGAATGTTCACTCCTTGACCTAGTGGCCACAGACCAAGCCTCCCGCA
TGTGGATCCCCGCCAGCCTCAGAGCCCTGCCCTTGCTGAGTCATGACCTTGCTCTAGGCT
GAATgcccacccatacctcagcccagcccagcactagccgtgcgtccagaccgacccagg
ctcaggctgtagatgcaggatcaggatgaggatgCATATCTTTCTGCCCTCGGACACAGG
CTGAGCCAGCTCTTTCTTTAACCCCTCACCTGTCTGATTGAAACAATCCCAAATCTATCT
TCTCACTTTCTTTTTTTGCCTTGTATTCTTGGATCCTTTTTTCCTCTTCTTTCTCTCACT
GAAGCACCCTTTCTCTCTCTCACTGAAGCATAGGGTAGGGTGCGAGAAGCAGGGAAGTTG
GCAGAGAGATAAGATTCATCAATATTTAATTTTTATGGAAATCATGTCCTAGAAATCCCC
AAGGGGCTGAAAATTGTACTGTGTTTTCAGAATCCAGTGATGTTGCTGGAGCGGTGATGT
TGTAAATAAAACCACATTACTGTCTGCAGCTCTCCTGTCGCTCTGCAAACACCCGGAAAC
TTGACAGTTTAATCCACTCAAGGAAGCAAAAAGGTTCGGGTCACTGCTGGGGGCAGCCCA
TTCTCCAGTCCTGGGATATAAGATTGTGGGGCATCAACGTCAGTGGGGCTGTTACTGCTG
GGAAGGGAGACGGAGCCAGCGTGCCTTGAGTAGATTTACCATGCTGGTGGATTTTTTTTC
CTCGGAACAGGAATCCCAGGACAGCAGAGCCCCCTCTGGGCTTTCTGATATGGGGAAGAT
TTGCTTAGAGATAGCGGCTTTTCTTTTCCCTCATGCCTGTGGTGCAGTTAACCCAATGAC
CAGCAGAAAAATCAGACTCAAGTTAGTTTCCAGCAGCTTCTGGTGCAATTGGGATTTGGA
AGGGAcattcatttgcttcttcattcattcactcattcattcatttcttcattcatcaaa
catttattgagcatctgccatgtgcaaggcacttttctagattctgagaatataacaaag
cacacaaaaaacacaacaaccctgcttatgttcttgtggaaagaggcagacaaccaacca
ggtaagtaaattatatagtatgttgtatggtgatctgtgtcatggaggaaaaggaagtag
gAAtcataggtgtttacccatgagaaatgcaaacttttttggaccaaaggcttgcacaag
aatgttcagaggagcattattcacaatagctaaaaaccgggaacagcccaggtgtcaatc
actagtggatgaatcaacaaaccagtgcattcttggatggaatactacacagcaatgaaa
aaggaatgatccacagacacagataacaacatgaatggatttgacaaatgtttttctgaa
tgaaagaagccaggcacacaaaaaacatgtgctgggtgattctatttatatgacattcca
gtatagataaaacgaatccatggtgatagaaatctgaaaggtggttgctctggggaggga
aggaggatggtgaatggggagaggGGCCTCCGGTGTCACCGATGTGCTGCCTGTCTTGAT
TGAATGGTACACCTGGGATCAGAGCATGTCATCAgataggttagtacacaaaactgtaaa
gcatggtgagggaatagcatgtggtggtgatggtgggaagggtttgcaacttgaaaaggg
ggtggccagggaaggccccacagagaaggtgacttgaagaaagtgagggagagagctatg
agggtatctgggtgaagggcattcctggcagggggaacagcaagtgcaaaggccctgagg
tgggatcatgagtggagaagtcagggaacagcaaggaaaccactgCATTCATCAACTTgg
ctgctatgagagcgtgccacagactgggcagtgtaaacaacagacatttattttctcatt
ctggaagctgaaagtctgagatcaaggtctcagcagggttggtttcttccgaggcctccc
cacttggcttgcagatggaagccttcttactgtgtccttgtgtgcttgtcccttggtctg
tgtgttggctgtatcctaacctcctcttcttgtaaggacctttgtcgtattagattaggg
cctaccctgatggcctcatttgaacttaattatctctgtaatcccagcactttgggaggc
tgaggcgggcagatcatctgaggtcaggagttcaagaccagactggccaacgtggtgaaa
ccccatctctactaaaaatacaaaaagtagccaggcatggtggtggctacctgtaatccc
ggctattcaggaggctgaggtaggacaatcgcttgaacccgggaggcagaggttgcagtg
agccaagatcctgccacagcactccagcctgtgcaacagagtgagactctgtctcaaaaa
ggagaagaaaaaaaaaagatcctacatccaaataaggtcccattctaaggccctggggtt
aggacttcaacatatgaatttgggggacacagttcagcccatagcaGCCAGCATGGACAG
AGGTACCTGAGACACAGATGGGCCGCCGTGTGCCGTGGACATCCGGGCTGCTTGTTTCTG
CTGCTCCCTGTGATGAAGGTGTTGGTGTGGAATGAGGTGGGATGAGGGTTTTGTGATAGA
GGGTGGATGAAGCTGTAGAGGCCGGAGGTGGCAATTCTTGAAGTTGCCTTTCATGAATTC
ACATGACCGGGGAAACTTGCTTCTGGAAAAGCCAGCAGTGTTGAGATTGAGGGTCAGGCC
CCAGCTCTCGCTTTCCATAGAAGAGTGGTGTAGGGGCCGTGAGGATGGGTCTAGTTGGAC
GTACTACCGAGGCTCAATAGCCTATCATGCACTGACTCACAGCGCAGGTGCCTCCTTGGC
TTGAAGAAGGACGAGGAGAGTCGGGAGAGGCTTTCCTTGGGGGCTGCTTGGCACCTAGGA
GAGCATGCGGCCTGTACTTATAAGAACAGCCTGACAGTGGGGGGCAACCTCCAACAGCAT
TTCCCCTGACTCCCTCCAAAGATACCTGCCCTCCCGCCAATGCCCCAGGCCCTGCGTCAT
CTTCGCTTGCATGGGACACAGGCTGTTGTCTTTTATGAGTGCCCAAATCCTCAGCTTTAC
CTAGCCATGCTCAAAAAATGCTATTGATTTTCTTTTTCTTATTTATTTATGAGATTTTTG
CTGTGAGCAAAAAATAAAAAGGTTTGTGCAGTGTTCCCCTTAGCAGTGAGAAGTTTTCTC
CACCCACTGCCTCCCTCCCTGGCACACACACTCACAGATTACTCTCTCATCTCTCTACGC
TCCAAAAGTCCTAGCATCTCCCGACTGTAGGATGCAGAGAAGGAAGAGATGAAAAGGGGC
TAGTGCCTGGGGCAGAGTGAGGACTCTCCCATACATGTGGGAGAGGTGGGTGGATACATT
TTTGAGCAAGACACAGCTGATGCCCAGAGAGTTAGGGAGGTCGAGAATGACCTCTTCCTC
CTTGGAAgcatgccaggcccggtgctgggcactttggacctgtctcattcagccctcacc
ttaaacctacaaggcagattttattacttttttcagtgatgaaattcaaagaagttaggc
accttgctcaagggtgcctagcaagcgagctagaattcactttcacaccttcaggatgcc
agctctcttcagtgtgtggtgcagcctcccCAAAGGGGAACAAGGACCCACTTAAGAGAC
TGCTGGGAGCTGGGCTGGCCCACAGAGTGAGACGACTCCTCTCTCCTACCCCTGACAGGG
CCCCCCTCCATTTTGAAGAATCCTCCTTGGGCTGAGCATCTTGGGTGGGAACAAAGTCTG
TTCTTCTCCACCCCTTCCATCTTTGGAAAGATGACTGTATGAGAATCTCTGCACCCTGCA
GTGGGACATCTGGCATGAGAGTTGGTTTTAGTCTCTTTCCAGGGAGGTGGCTGGCCAAGG
AAGACCAGAGGGAATCGAATCTCAGTCCTCTCTCAGGGCTTGAGGTCTGTTCATTAGTGG
TGTGACACGTGGATCCTTGGGGATGCCCTAAGTCAGCTGATCTGCCCCGCTCTGTGCCAT
GCAGACATCCACTCATATGGATGCCCCTGCCCAGAGTGCCATTTCTATCTCTGGCACTCC
TGACAAATGCCTTGGAATCTCAAAAACATGATTCCAGCCTCTGCCCCCTGCTTTCTGCAC
GTCGCTCATCCCTCAGTCATATTGCTGCTCATACTGTTGACTTGTCAAGGAACCAACCAA
GTAGGGCTGTGCTTATAAGAACATGGGCTACTTGAGCTGCTTGAAGCTCACATCTTGTTG
ATCTTTGTCTCCCCTGGAATTGGGCACAGAGCACAGTGGTGGAAGGATGGTGGTCATCCC
TGTGGATTCCATACAGATACAGCTGGCAATACATCGTCCATGTTCATCCCATTCCTGAGC
CCTGGGAAGCATGACCCTCAAATTCACTCAGTGTGCTTCTCTTCTTATCGTTCCCTGGCA
GGAGTTCCCCTTGGCCATTCTCAGGGGCTGGGAATGCTACTGTGCTTACCCTACCCCCCG
GTTCAACCTGCGGGATGCCATGGACAGCTCAGTATGTGGCCAGGACCCTGAGGCACAGAG
GCTGGCAGAATACTGTGAGGTCTACCAGACACCTGTGCAAGGTGGGTTCTGCATCCCCGA
CTGGTAGTGGCATTTGGTCTGGGGGGTGGGGAGAGCTTCCAGGGTTTGGAGATGCCAGTC
ATGGCCAAGCATGCAGTTATGAGGTATGGCATGTGTCTGTGTAAAGGTCTTGGCATCTTG
ATGGGTGTTGGAGATAATGGGGAGGGTCAGTTTTCCACCCTCCACAGAGGCTGAATCCTG
GACTCACTTTAAAAAACACTGGACCCTTTATCTAAGTCTCTCTGGAGATGACAATGGTAA
GAGGATGAACAGAGAGGGGCAGGTCCTAGAGAGATAGCAACAGAAAGGTGGTAGGATTGG
GAGGCGTGGGAAGAATGAGATCCCAGGAGCTGCAGGGGCCACTGGTGCCTCCAGGACCTG
GGAACCCTCCTTGGTGTGAGCATCAGGTCTGCCCCTGTTGACCTTAGGAACTGATGAAAG
GAAGAGCCGGGGACGAGGGATGTTACCACCTTTATCAAGTGCCTACTGTGACCCAGCATG
GCCCTGGATGTTTTGGGGCTTTCCCCTGGTGATTTCATGTGCTCCTTGTAGCAGCCCTGG
GGATGAGACATAACGAATGACTTGCCTGTCATTAGTCCAGCTCTGGTTTATTGTTGGCAG
TACCTGGGTGTGTTACTTTGCTCAGCCTAGCCTCAATCCCCACCCACTTCCCCTATTAGA
ATCTGGAATTATCTGTGCTATGTCAGGAGCAAGAGTTTGGCTGTGGCCATAGAGACAGAA
TGGGAGTCGAGGGTCCATAGGGTGTCTGATTCCCATCTTACTCCTGCACTGCAGTATTGC
AGGCCTCATTACGGGGCTttctcggactggccacagacctgtgcagctaaggtatatttg
gaagatctcttcccttctttgggccttggttcccccatctattaaatgggagtCTTCGTT
CATCAGTTCCTCTAAGGGAGTTTAGTGGTGAATTGGTGAGTCATAATGGAAGTGAGTAAC
CCCGTGATGACTTTTGGACTTTCAGACACTCGTTGTACAGACAGGAGGTTCCTGCCTAAC
AAATCCAAAGTGTTTGTGGCTTTGTCAAGCTTCCCAGGAGCCGGGAACACATGGGCACGG
CACCTCATTGAGCATGCCACTGGCTTCTATACAGGGAGCTACTACTTTGATGGAACCCTC
TACAACAAAGGTAAGTCAAAGCTACAGGGGACGATGGAAGGCAGCTCCCGGTGACCAAAC
TGTCACCTTGCCAGCCAAGCTTCTCAGAGCACTAGAGcagtgcatctcaaacttgagtgt
acataagagtcacctgtgggtGGagccactgtgtgccatactcacccttcaggtattgaa
gaccagcccgcctggtggtccccatccacaacaaagttacgccattgtatccacaaacac
ccacgatctaggccactgaggcacttgcagacaccactgatattgattacagccaaagaa
attacactgagactacactactccaccacccagaaccaaaacctaagcatgctacccaac
ccacactataggatacatctactagaaaaagtcttttcctatgaaagctgctccataaaa
ttggaagaggtgactgttccaccagatgtgcagatatcaatgcagtcacacaagaaacat
gaaaaagcaaggaggccaggcgcagtggctcacgcctgtaatcctaacactttgggaggc
tgaggtgggtggatcgcctgaggtcaggagtttgagaccagcctgaccaatatggtgaaa
cctcatttctactaaaaatacaaaaattagctgggcgcggtggtaggcgcctgtaatccc
agctactcaggaggctgaggcaggagaattgcttgaacctgggaggcagaggttgcagtg
agtcgagattatgccaccgcactccagcctgggcaacagagtgacactccgtctcaaaaa
aaaaaaaaaaaaaaaaaaagagcaaggaaacatgacgtctgcaaagaaacacaataattc
tccaataacagaccccaaagaaaaggaaatgtatgaaatacctgaaaagtaatttaaaat
aatgattttaaggaaactcagcatgatacaagagaatacaaatagacaattcaatgaaat
taggaaaacattttatgatccgaatgagaaattcgatagaaatagatatcatacaaacaa
ccaaacaaatctgttagttgaataattaaaatgaatttttaatgaatgaaattaatgatc
tagtctgttacaaaagctctcaactgtgtttttaattttataccaaaacctatgggatac
agcaaaagaagttctaagacaaaagtttacagcaataaatgcctacatcaaaatagtaga
aagattttaaataagcaacctaatgacgtacctcaaggaactagaaaagcaagaacaagc
caatccaaaagtactggagggaaagaaatgatgaagatcagagcagaaataaatgataaa
attcaacatccctttagggcaaaaacaatcaacaaattaggtatagagggaacgtacctc
accacaatgaaggccatatgtgaaaaacccacagctagtatcatactaaatgaagaaagt
gttgaaaaccttttctctaagaactgaaacaagacaaggatgcccactttcaccatgtct
gttcagcctagtaatggaagtcctatgcagcaattaggcaagaaaaagaaacaaagggca
tccaaattgggaaggaggaagtccacttgtccctgtttgcagatggcatgatcttacata
tagaaatgcctaaaggcttcaccaagaaacccttagaaccaataaatgaattcagtaaag
ttacaggatacaaaataaacatgcaaaaatcagtagcatttccatataccaatagtgaac
tacccgaaaaagaaatgaagaaagcggtaccatttaaatagctatgaaaaaatacctagg
aataaatttaataaaagagatgaaagatctctgcaaagataactataaaacacttatgaa
attgtagaggacacacaaaaaaatggaaagacatcccatatttatggattggaagaatta
atattgggaaaatgaccatgctaccaaaagcaatcaacagatccaatacaatccctatca
aaataccaatgacattcttcacagaaacagaaaaaaacaattctaaaatttgtatggaac
cacaaaagaccctgaatagccaaggcaattctgagcaaaaagaacaaagctggaggtatc
acactactgacttaaaaatatgttacaaagctttagtaacaaaaaacagcatggtactgc
tacaaaaacagatgcatagaccaatggaacaaaatagagaacccagaaataaatccatgc
atttacagccaactcatttttgacaaagatgccaagaacatacatttgggaaaggacagt
cttttcaataaatggtgttgggaagactggataaccatatgcagaagactgaggctgtac
aaatggtgttgggaagactggataaccatatgcagaagactgaagatatacccctatctc
tctccttatgcaaaaatcaactcaaaatcaagacttaaatgtaagacccaaatctattaa
actgctagaagaaaacggggaatatttcaggacattggtctgggcaaagatgtttttgct
tttgagataggacctcaagagcacagacaacaaaagcaaaattagacaagtggtattatg
tcaaagtgaaaaacttctgcacaaccaaggaaacaatcaacagagtgaagagacagcctg
cagaatgggagaaaatattggcaaactattcatccaacaagggattaataaccaaagtat
ataaggaactcaacaacaaaaacccaaaagaatctgatttaaaaatggacagatgatatg
aatagacatttatcaaaagaagacatacaaatggtcaacaagtatatgaaaacatgctca
gtatcactaattatcagggaaatgcaaatcaaaaccacaatgagatatcatctcgcccca
gttagagtggctactatcaaaaagacaaaaaataacaagtgttggagaggatgtggagaa
aagggaactcttatactctattggtgggaatgtaaactagtacagctcttacggaaaata
gtatggaggctcctcaaaaaaaagtagaattgtcatatatatgatccagcaatcccactg
ctgggtatatattcaagggaaaggaaatgagtatgttgaagagatacctgtactctcatg
cttattacagcaccatacacaatagccaaggtatggaatcaaccttagtatctatcaata
ggtgaatttttaaaatgtggtacatatacacaatggctagttagccgtaaaaaaaaaaaa
aaaaaaagaattaaatgctgtaattcacggccacatggatgagcctaagggacattatgt
taagtgaaataaaccaggcacagaaagatgaataccacatgctctcattcatatgtcaaa
gcttaaaaagttgatctcactgatgtggagagtagaatagtggtcactagaggctgggaa
gggtaggagggagggcaggatagggagatgttggttaaaggatacaaaattacagctaga
tatgaggaataagtcctagtgttttatagcactgtagggtgactacagttgacaataatt
gattgtatgttttcaagtagccagaacagaggattttgaatgtttccagctcaaagaaat
gataaatgtttgaggcgatggatatcctaattactttgatttgattattaaacattgtat
acatgcattgaaatatcacattgcaccccataaagaagatgtacacttatcatgcatcag
tttaaaataaTAATAAAtatatttatatttattattattttattttactttcagttctgg
gatgcatgtgcagaatgtgcaggtttgttacataggtatgcatgtgccaaggtggtttgc
tgcacctaccaacccatcgtctaggttgtaagccccgtatgccttaggtatttgtcctaa
tgctctcccttcccttgtcccccaccccccaacaggcccctgtgtgtgatattcccctcc
ctgtgtccatgtgttctcattgttcacctcccacttatgagtgagaacatgtggtgtttg
gttttctgttgctgtgttagtttgctgagaatgatggcttccagcttcatgcatgttcct
gcaaaggacatgaactcattcttttttaataaaaatatttttaAGTAAAAAAGAGAATCA
CTTGGTCctggcccacacccctgacagtctgattcaggtagtccgaggtggggcctgaga
attttcatttctaacaagctcccaggtgaccctgatgaaggcagcccgaggaccccactt
agagCGGAACTTCATGAGATCGTGCCTATTCTGGATTCAAAGAGAAAGACTAGCAGCTTG
AATTTTCTCTCTGTAAACATTTCTTGAATTTTCCTTAATTTTTAGAACCCTCAATAATTA
GGGGTGAAACTGATTTAATCTGCTCATTCCTTTTTTGAGGCAAGAACTAGTTCATCAAAA
TGTAATAAAAAATGTCCAAAAATCTTTTAAGAGTTTTGATTTGTAATCTTTCCCTTGTAG
AAATAAGAGAAATTAAGTTAAATGGCTGAAGACTGTGTTTTGTTTAAGAATGAAAAACCT
CAGACAAGTCCATTGGCATCAAATTTGGCAAAAATGTATTAAAATGTATTTCTCTGTTGT
CAAGCATTTTCTCTGGATTTCTTTCTTTCCTtttttcttttcttttcttttctttttttt
tgagatagagtctcactttcactctgtcgcccaggatggagtgcaatggcacaatctcag
ctcactgcaacctccgcctcttgggttcaagcgattctcctgtctcagcctcccgagtag
ctagaaatacaggcacctgccaccacacccagctaatttttgtattttagtagagacagg
gaggtttaccatgttggccaggctagtctcaaactcctgacctcaattgatctgcctgcc
tcaccctcctaaagtgctgggattataggagtgaaccaccatgcctagccCATTTTCTCT
GGATTTCTTAACCAGAGTTTGGTGTAGGAAAGTTGATACTGTCAGTAACATCCTAGAGAA
GCAGAAACTTCCCAAGCTTGGGATTGGGCTCTGGAATCACTTATAACAATCTTGGTTCTG
GGGAAAAGCTATAGTTGTCCATATAACCCAGCCTTGTACTCCCTGGGAACCTCGAGTGTT
ACAGGCATCTTCAGGTGAGGGAGGAAGTGGCCACATGAGCACATGGCCCTGTCCACTCTG
GCTTAGTCCCCTAGGAATCACCCACTGTGCCCAGGCTGCAGTTACCCACCTTGTTCATCT
CCAAGGCCCTTACCTTATTCAAGCAGCTGGCTGTTTTGGTCTACATATGGTAAGCGGCCC
AATGACTGATATTGCCAGCTATAGAGGTTGGGTCGACACTGCCTCAGAAATGCTTTAGAG
ATACCTCACACACATCTTTGAGCCTTACAAGACCATTAGATGTGGCCAGTGGCCTCAGAG
CACTGACAGAGTGATcacacacacacacacacacacgcacaATTCACAAGGCATCTCCAA
TGCCCAACCACCAAATCTATTGTGGTAGGTCGAATGTGGTCTGAGCTGCAAGGCAGAATA
GCTGTTGTTGGAAGAGGCGGAGGCAGTATGGAAGGCACCCCGGGTCTCAGGGTTGTTAAA
GACTAGATCTCAAGTTTATTCATTCCAGTTTGACTCTTCCTTTCATAGCATTTTCCAGCT
GTTTGACAGAATGAATCAAAGCGAGGCCTTTTGGTATTTGGCCCATGGCAGAGATAAGTT
TGAAGCTTGTTGAGTTTCAGTGGGTAAACCCGGACTTCCAGATTCAAAAGAGACTTGCAT
TTTCCAGGCATCAAAGCGTCCCTCAGTGCTCACTGCAGATACAAATGCTTTCCAGCAATT
CCTGCAGAGGGGCAGGTGGTAGGACTCATTTTGTTTCCAAGAGCCCAAGATAAGCACATG
AGCACTTACGGAACATGTCTCAGGGCTGGGAGCATGGGCTACATTGGGTGTGGCCAGGAG
ACTAGTTTCAGGAGacctcttcccaggaagtcttctaggacatcccactatttgggatcc
ctgctctttgtttccataagcccctatagcctgcacttaggctatttcctctactagaac
ataagcttaaagacaaggtctgagtcttaaccctctgtccccaaaataaagtctaacata
gtgagcacataataaccttcattgataaatgtgtggctctggatgaatgGGCGGAGTCTG
GCCTTCTCTGCCAGTAGTCAGTCATTCAGGTTCTGAGTGCCCAGTACTATAGCAAGGGAC
CAAGGAAAGAGAGGGCCCCCGATGGGCTGATCAATGGGAACAAGTCTCCATTCATAGAAA
TTGGGCCCTGGGTCCTCAGGGCCAGGCTCAAGCACTGTGGATGAGGCCTTGACCAGACCT
GCTCTGAGGCAAGGCTGGGCCCTGTCATAGAACCATGGCATCAGGTCAGAGGGTGGATCT
ATACCTGCTCACAGCCATTGAATCTGTAAATCAGGATCCTGCCCTGACTGTGGGGAGGTG
AGAGGAGGCTGGGGGTCTCACAGAGACACACGGTGGCATGTGGAGAgagccctggcgctg
ttttcacagcactgtgtgatcttgggcaagtcccatgctcactctgtgccttagtctctt
catTCAGCTATGTTTGCAGCTATGGTTAAATCAAAGGTTGTTTGTAATGCTTGTGTAAAA
TTATCTCTATGAAGATGCCCAAAACATATGCGTGCATCTGCAATGACGGGTCTTCTGCCC
TCTGACTCCTGGAGGTCTTCAGGGAATACCTCATCTCATTTCTCTTGCAGATGCCATCTT
TCCCCACTGTTAGATAACTCCTGCTGTCACTTTCCCTTGGACAGGGTCACTCCTGTGGAG
GCCGTTCCTATCACCATCCATAGGTCCTCTCAGTGTCCTCTGTGTCTTCCATGGGCCCTC
TCTTATGCCCCTGATGCCAGCTTTACCCAATCTGTCTGCTGCTATGGTAGGGTGCCCCAT
GGACACCATCTTCCACAGAGACCCTCTCATTTTTCCCTGCAGGGTTCAAGGGCGAAAAGG
ACCACTGGCGGAGCCGACGCACCATCTGTGTCAAAACCCACGAGAGTGGCAGGAGGGAGA
TTGAGATGTTTGATTCAGCCATCCTGCTAATCCGGAACCCATACAGGTCCCTGGTGGCAG
AATTCAACAGAAAATGTGCCGGGCACCTGGGATATGCAGCTGACCGCAACTGGAAGAGCA
AAGGTAATCAAGGACCTTGCGGTGGGGGTGGGAGGCTTGTCAGTACAGGTAGGTTGCTCA
TcaggatgcaggatcaatttacacaggtaggcactgcaggatgcaggatcagtatacaCA
GGTAGGCACTCAAACCCCATCCTGCTAGGGACTTAGTGCTGCTGTGCCTGGGCTTGAGTT
CACCTCCTCCCCTTGCCCCCCATGCCTGCTGAGGTCCATACGCCAAGGCATTTTACTTAG
ATGCCAGCTTGATTACCAAGAATCTTCTCTGCCTCCATGAGTGCATAGTGGGGTGATATG
CACCCCTTTCCATCTCTGCTTCTGCCCAGGAGCTCATGCAGGGCTGGGAGAAGAGCACAT
GGGGTGCACATGGACCTGCTTTGCACCTTCCTCTGTGTTCAGCACCAGGTTCCTCTTTTA
TAGAATGAGACCTGCACCTTGTGGGGCATTCAGGGAGCAGTGAGATGATGTGCCTGCCTG
GTCTCTGGTCAGAGCTCAGCATGTTAATTCCCTCCTAAGCTGCCTCTTGCTGACTCTTCA
CAGTGTCTGGTGGGGAAATCACATCAGCCCTACATTCCAGATGAGCCCAGAGAACATGGC
TGCAGGACTTGGCCTTGGTGGTGAGCAGCAGAGCTGGGACTCACACCCAAtgtcttagtc
agctctggctgccataacaaaataccacaaaactgggggatggggcagggggtggtgctt
aagcagcagacatttatttctcatagtcttagaggctgggaagtccaagatcaaagtgct
ggctaattccattcccaggaagggcctgttttcaggcttggagacagctgccttctcact
gtgtcctcacatgtccccaacagctctctggtgactcttctgataaaggcactaattcca
tcacaagggccccaccctcatgaccatatctgactctaatcgcctcccaaatcccccatc
cctaataccatgatatggtgggttaggactctctgtgaatttggggggcatacaagcatC
TGGGCCCCAACATCCAGAGTGTCTGATTCTGGGTCAGATTGGCCTGTTCCCCACTGCAGC
TTTATTCATGGAAtcagtcttctgactcacacttgctgaagtcttcctgggtgccaggca
tggggcaaggtaccaggagcgcaggctgatgaggtcagggtctctgccctcgaggcatgc
acagCTGAGCCTTTGGGTGGTGACGAATAGAGTCTGGGTGGTAAGTGATGTGAAATGAAG
TTGGTCAGAAACAAAGCAGTGTCCAGGCAGGGTGGGGTGAGAGAAGTCACAGGACCCATG
GCCAGACCAGCTTGTGCTCCTGTCCACTTGTTACTGGATCACCCAGTGGGTGGCCTCTGC
CGGCCTCTAGTCTTCCCCTTCCCCCATCATCCTTTACTTAGACAGCCCCCGACagtcagg
caggctgatctctgacgcctcctctgcctcttatgagccgtataactccgggaaagctgc
ttatcttgtcttctgagcctgttttctcacattaaaaacaaggataggccctgtctccta
gggtcattgtgaagattagagaaagcaaacgcttcagacggcgtttgaggtgtgttaata
gcccaataatggaaactttttattGGGATGATTTCTGATATCTGGACCCTGCACACCCCT
CCCCCAAAATTAATTTCTTAATTTGCTGGAAAAGAAAGCTCATAAAGTAGATTACCTGCA
AAAGTCCGAGGCCACCCCGTCTGTGGCTTCACTGTATGTCCTACTGCCCTGCAGTTTCAC
AGGTTCAAACTGGCAATCAAACCACAAGATGCGTATTTGCCCATCAGGCATCACGCTGAC
TTAGCTTTATAGGAGGACCTGGGATGGGAAATGGAGGCTGCACAGCGTCCTCATCCCACC
AGGATGCCCAGAGCTGCCCCCACCCACCACGGACACACTGCTCAGCCACCAAAGGGTCCT
CCTCCATGGGGAATGCCAGGTTGACTCTAGGCAGTGGACAGTGGAAAACCCTGCCCACTT
CCCTCTCCCGAGCAGCCCCCCGGGGACCGGCAGCCCTGGCAGGGCCAGCCCCCGACTCTG
CATCTCTCCTGTCCTCACTCTAGAGTGGCCGGACTTTGTCAACAGCTACGCCTCGTGGTG
GTCCTCGCACGTCCTGGACTGGCTCAAGTACGGGAAGCGGCTGCTGGTGGTGCACTACGA
GGAGCTGCGGCGCAGCCTGGTGCCCACGTTACGGGAGATGGTGGCCTTCCTCAACGTGTC
TGTGAGCGAGGAGCGGCTGCTCTGCGTGGAGAACAACAAGGAGGGCAGCTTCCGGCGGCG
CGGCCGGCGCTCCCACGACCCTGAGCCCTTCACCCCGGAGATGAAAGACTTGATCAATGG
CTACATCCGGACGGTGGACCAAGCCCTGCGTGACCACAACTGGACGGGGCTGCCCAGGGA
GTATGTGCCCAGATGATAGGCCTGGCCCACGCCGCCGCCCCCGCTGAGTGACGCAATCGC
ACCACGGGGCTGCGCTCCCCACTCTGATGCTCAGGCCCGTGGCCTCACTGGGACGAACGG
TGGGTGGGGGGCTCACCCTGGTGCTGCCTCCCGCACAAGGAGACCTGGACACAACAGACA
CACATCACAAGGCGAACACAAATGGACACACATACCTGGCCACGAACCCACACCTCCTCA
GACACTCAGACACCACTCCAGGCTCATAGCCCCGTCTTGATGCAGAGAAGCCACCCACGT
GGGGTGTGCCAGGCACCCCCAGATACAAATGCAGCCACGCACAGACGTAACACACAGGTG
CCAGGCCGTGTGCTCCTGGAGGCTGGCTGGCTGTCTCTCTCACACAGATACACGTGCGCT
CCCTGGGATCCGGGAGGCCCTGGGCTTCCTGTGTGTAGCCCTGGCATAGACTTGCTCGTC
AGGGTGTTCGACTCTGGGATGCTGGGCCGGGCAGACATTTATGCTCTGAGCAGCAAGGAC
CATTGGGATGGAGGTGGGCACAAAGACTGCTGCTTCCAGGGTGTGCGGCCCTGGCCGTGT
GTCTGACATCCCATAAATGTGTGTGTGGTGTGACTACGGGCACCACAAACTCCGCAGCCT
TGCCTCTCTTTTCTCTGTGGCTGGGCTGGCTGCACCATGGGCAGGGTTGAGGACTGCCCC
CCACCCCGCCCAAGCCAATGCAGACACTGACCTCAAGACCAGCCACACCAAGTCTGTGCA
CTGCCCACCACCCCCTTCAACCCCTCCTACACCATGCTCCGGGGCCTGGGGCCTCCTTGC
CTGGCTTCTTCCTCCAGCTATCCTCAGGGAAGCTGGAGATTCAAGTCATGCCCCAGAAGC
AAGGTGTAAGCATGGGGGCGTGGGGAAGAGGGCAGGAGCTGAAGTTCCAGGGGAGCCCAG
GACCCCTGGGGACCTGTACACTAGCAGGATGGGTCTTGGGAGTTGGCATGGGGAGATTGT
AAGGGCTGTATCTCCGCGATTACTGGTACTGGTGCTCCACCCATAGGGGCCCTGTTCTCT
CTGGGGTCCCACACTGGGGTCATGAGAGCTAGTTAGTACTCAGCCTGACCCCTAGGTCTG
GTCCTGCCAGCCTGGGATGGGGGTCAATGTATGCTACACATCTTGGGCTCACAAGTGAGG
CTGTGGAGGCCAGGAGGTTCAAGTATGGAGGGTAGGAGTGCAACCCAGGAGCAACGCTCA
AGGTGGCCGAGATGCAGGGAGGATTGTGGCGATCCGGTTGCACACTGGCCTCTGTGGAGG
TCAGGGAGGTGGGAAGGTGGGTGGGCCTGAACTCAGGCAGCCCTTCAGTGGCTTCTTCAG
GCCTAGGATAACCCTGGCCAGGCCCCATGGTCCTGCTCTGGGTCAGCTGTCAGGGAGACC
TCCCTTCAGCCTGAGCCAAGCTGCATTGGGAGGAGAAGGCAGGGTGAGGGATCTGGGAGA
GCAGGACGTTGAGATATCCTGACCCTCTGCTTCCTAGCCTGATGATGGGGAACCCAGAGC
CACCCGCTATGAGCACAGGCCGGGGGTGGAAGGCCCAGTAGAGCTGCCCTTCCCCAGATG
GAAGCTTCCTCCAACCTTCAGTTTGGCCAGTGGGTGGGTTTGGGCATCTGTGCCCCTGGT
GGCCTCCAAATCCTTCCTGGGATTCCCCCAAACCCACACTGATGCGAAGCTGTTCTTGAC
CCTCCCATAGCATCAACTCAGTTCAGCTCAAAGCTAGAAACACCAAGGTCTTTGAAAATG
TTTATTGGCTCAGGATAGCTTCGGCATCCAATCTGCGAAGGCCCCTGATGGAGCTATTTC
TTCCTAGTATCAGGAGCAATTGAGACCCCTCAGGAGTTTCCACACTGCTGTGGACGGGAT
AGCCAGGGCAGACCTGCATCCCAGAGCAAGCCTAGATCCTTGAAAGCAATGTCAGGCGTG
GCAGTGGGGAAGCCATGGAGGCTGGGAAGGGCAAAGTGTGGAGAGAGGAGTGACCGGGAC
TGGAGCCAGGGTCTGGGGAGAGCAACAGCACCAGGCTTTTCCTGGTAGTTGGATTGGTAC
ATTCACTGCTGCCAGGTACCCAGAGATGTCATCTCTCTCCAGGTAGAGCATCACCAGCTC
CTGTGGCCTTGTAGATGACTCTGTACCTCAGTGAAGAGTGCAGGCAAGTAGAGTGATGGG
GTCAGTGTCCATCCAGTTTACGCTGAGTCAGTCCATACAGCAAGACACCTGGCACTTGGC
AGGTACTCCTGGATGTTGATGAGCAAGGAAGAGCAACGGCCCTGTCAGCTGGCAGTGGTC
CTCACAGCCTTCATCCCAGGTCTGCCTACGTGGGAGATCTCATCAGAAACAGGAACGGGG
ATCTGTCTGTGCTTGCAGGAAAGTCCATTTGTTTTTCTCCAAGTTAGGTCTCATCTACAG
CTCTTAGCTTCTCAGTAAAGAGGATACTCTCCCAACCAGCCAAGGAATAAAAGCTGATCT
GTATGTAGGGCAGAAGTGTGGCAAATGCATCAGGAACCGGTTAGAACAGAACAGAGAAAC
CCTGACTGTCTACAGATTCCAACTTTAATAGCAAGCCTGTGGAGTTACACAAACCTGTGT
TAAAACATGTAATTTTTATGGATTTCATCTCCCGTTGTGGATCAATTTGGAAAAACCAAA
ATATGTAATTTTAAAAAACTAAAACACATCCTGGTAGTCCCAGTGATGTGTAAATGAGAG
AGAAGAATAGACAGGCTTCCAAACCCTGGGAAGAAAGCTGCTTAATTATGTGAACATCTT
ATAATGAAGTCTCTTGCAGCTAAAATTAGATTTTGAGTGCATGAATCTGTGATAATGTTT
GCATATCAGAATGCATTCTCCCCTTAAAAGTAGCAGTAGCCACTTGGTTCTTAGGGGGCC
CCAAGAGGAGAGGAGAAGTGCTGAGGTTGATGTTACGACTGCAAGAATTCTTGGGACACA
GGTTTGTTTTCTGCTGACTTGCTCGGAAACCCATTGGAGGTATCTGAAATGTGATGACTC
CAAAGGGGTTCATTTCACTATAGGGAGAAATTGATTCGTCTGACTTCCTATTTATCACCA
CTCAATATTGGGTGAGTTGGTCTGAACAAGGTGGGGATAAAgtagagtggaaataatgta
gagtcgtcagactgaaaggccaggttgtagtcccagctcttatctgccatcttggacaaa
gcttttcccatctccagtctcagtttcccatccataaaatgggggaagtggTAGGTCTTG
CTGATTGCATCCACATTCATTCCTCCATTTCCTTTCCCAGCAACCCCCCATTTCTGTTTG
GGAATTCATATGATCTGCCAGAGCCTctccaggggtggaatacatgtcctggactaagcc
aatgacaccttccatctttccagctatggtgactgggttaggtatgatcttgtgagttaa
gacaatgaagccagagggaatttcaagacttatgggaatgctgggtagaagctgttttaa
ttcccctgttgaatgtgaaaaaggtagtagtattcctgggtctttatgatgaccaccttg
ggccttgggatcatgaccaggaatcacgtgaagctgacaccactgaagggagagttgaga
ggcagaaagagatcaagtccttggtgaaattgtttaagtacaggatcaagccttgcttga
gattggccttacctctggactttttttgttatatgagctaataaattctgtttattgttt
aa
