>scga-mini-dna-007-normal-1
AGAACTTGTAACAGAAAATTAAAATATACTCCACTCAAGGGAATTCTGTACTTTGCCCTT
TGGGTAAAGTCTCATTTACATTTCTAAACCTTTCTTAAGAAAATCGAATTTCCTTTGATC
TCTCTTCTGAATTGCAGAAATCAGATAAAAACTACTTGGTGAAATGACTTCTTGTCACAT
TGCTGAAGAACATATACAAAAGGTTGCTATCTTTGGAGGAACCCATGGGAATGAGCTAAC
CGGAGTATTTCTGGTTAAGCATTGGCTAGAGAATGGCGCTGAGATTCAGAGAACAGGGCT
GGAGGTAAAACCATTTATTACTAACCCCAGAGCAGTGAAGAAGTGTACCAGATATATTGA
CTGTGACCTGAATCGCATTTTTGACCTTGAAAATCTTGGGTAAGACtatgctttgtattg
tatatgtatgtatgttgtgtgAAAAGTGGTAGGTGTGTGAAAGAGAACACATATATGTAT
ATGCAGATGATAATTCATGTCCGTACATGCAGTCGTATGTTGAATAAGATCACTTTCACT
TTTAATTATACTGCATTGTGAATTGCACAATTATCTAAACTGGGCATTCACATGCTCTTT
TATAAACCTTCTTAAGCACCAGATTATTAAGTTTTCTTTTCAAATGTATACAGACTGAGA
CAATAAATAGAAAAGGGTTTTGTTTTAAAATCATACCTTTAAAGAAACAGATTTAATACT
CCTTTGCATTGAGTTAGTGTTTGGCCACTATGCTTGCATATAAAATTGTTAGCTTTTTAG
GAAATTCACTACGTTTTCAAGCAACTATGCTTACGGTAATGCATAAAGTTCTAGTTCAAA
AAATGTAATGTTTCAAGTAATATTTGTTGAATGAAAGCGTGATTAAATATCTTTTGTCAG
AAGACATCAGAcactttgggaggccgaggcaggcggatcacgaggtcaggagatcgagac
catcctggctaatgcagtgaaaccccatctctactaaaaatacaaaaaattagccgggcg
tagtggcgggtgcctgtagtcccagctacttgggaggctgaggcaggagaatggcgtgaa
cccgggaggcggagcttgcagtgagccaagattgtgccactgcactccagcctgggagac
agagcaagactccgtctcaaaaaaataaataaataaataaaaataaaGACATCAGACCTC
CCTGTGATCCGAAGTAGCAGACGTACTTAACTTCCATGGTGGATTGTTGTAGATGGGATA
CCAGAGATGAGAACTAAAGACACCATCTGAATTTTCAGAGCTTATATTTTGCTGATTTGT
AATATATTGCATACAACGTAAGCAGTCATAACATGCTAGGTTAGGTCCTTATTAATTATT
TTTGCCTTCGTTTACATCATAATAGCTACCACTGTGGATATAATATGACTCCACATATTT
GCTTTTTACCACttctttctttctttctctttttgagatggagtttcgctcttgttgccc
agtctggagtgcaatggtgcaatctcagctcactgcagcctccacctccgggttaaagtg
attctcctgcctcaacctcccgagtagctgggattacaggcacttgccaccatgtccggg
taattttttgtatttttagtagagacggggtttctccatgttggccaggctggtctcaaa
ctcctggcctcaggtgatctgcctgcctcagcctcccaaagtgctgggattataggcatg
agccaccgcgctgggccGCTTTTTttcttttactaaaaaatattctgaaacatctgtttt
tctcaggaaactgtgccaggtactgggggagtacacagctctatacaacttggtttctac
ccctcaaggagttggtagactactagctaagataTAAGATACATggccgggcacagtggc
tcacacctgtaatcccaacactttgggaggctgaggcaggcagatcatgaggtcaggaga
tcaagaccatcctggctaacacggtaaaaccccgtctctactaaaaaaaatacaaaaaat
tagccgggcatggtggcgggcacctgtagtcccagctattcgggagactgaggcaggaga
atggcgtgaacctgggaggcggagcttgcagtgagcagagatggtgccactgcactccag
cctgggtgacagagcgagactccgtctcaaaaaaaaaaatatatatatatataagatatG
CACAGGCACAACTAGCCACTGTTCTATGTGCTTGTTTTCTGATCAACTCTAATTTGAGTT
AGATCACTCCTTAGGTTTAGTCTCAACACAGATCAAAACATGGACACTACTCTTAATAGA
AACATGCCTCACTTTATGGAATAGATGTTTTTCAGGGCAATTATACTGCAGTCATCCTGT
TTGTATCAAATCATATTTTTACTAGCATAAATTTTAATTTGAGAAATGCTTTATCTTCAT
GACTGAGGTTATGTCAACACAATTCATGCTTATCTATTGACCTAAGAGAGCTGTTAACTA
ACTTCTATATTACAAGTAAGAATTTGTTGAAGGATAACTTTTAGTCGGCATATTAACTTC
CCAAATAGGTGTGAAATGGACTGGGGTGAGTTTATGAGCACCCAGTAGTATGCATTTCAG
TGAGCACAGTCTTTTCACTTAAATTCACTTTCTGCTCCTTACTGTTAACACTGTTCAGAG
ACTAGACTGTTCCCAGCGTGGTTGAAAAATTATAAAATAGATaaactaattaacttctcc
catcctgcctctcccaaatttattcattttcctatattcctcatctcagtggtggcatca
ttatccaccaagtcccctgtgaaaatcaccctagaaccttcccagtcctttgtctcccac
gtctagtgggtcactaagtcctcccaattattccttgcaagtacttcacaaatccagcct
tcctctccagttttactaccttagttgatttcctctgtggacagttagaatagcctccta
aagggtctctctgcatccagacttgctctgacccttcctgtcatctattttccatctgat
acctctaggaatcatcctaatatgcaaatcttatcatgtctctcccctgctgaaaattct
ttaaaaatgtatccagaatagatttaatcaacttagtatggctaatgcccttcagaatct
cactcttccctattcttcatcccttgggactcttccAATGGGAGCTCAACTGCAGGCATG
AGAACTCAAAAGTGTCCATCTTTTTGAAAACTTCCAGACttgactctgagcaactgggta
gatactagcaccatttactcaaatgcggaagaatgatatagaaccaaaattgtcgggcgc
gacctcagggggttatttcatgaattaacttttaaaatgtataaatatccattaggcttg
gtttgcatacaataggaacctaagaatagtggtttaaacaaataagggtttcttgttcac
aaataataagtccagaagtaggctgtccagggctgatggagcggccacatgatatcatca
atgccacaggctccttctaccttcccacagcactgtctcaacatggccccttccacctTC
CCACTGCACCATCTCAACGTGGCCCTTTCCACCTTCCCCCTGCACCGACTCGACGTGGTC
CCTTCTACCTTCCCAGTGCACTATCTCAAGATGCCGGCTTTGTCCTCATGGTTTTTGCTT
CAAAGTCACAAAATAACTACTCCACCTTCCTGATCTCATTCCAGGCAGGAATTAGCCCAT
TGTACACAGTAGGTCCCTTGAAGATACTAGCAAAAATAACCAAGGAATACAAATAGATGG
AATTTTAGGAAAATGTGGTTGAACGGTTTAATGAGGAAAAGTAAATGAAAAACATTATTA
TATCTAGAAAAAAAATGTATCTTAACCATTGTGGGAAGTGGGGAGAGGGTAGAGGCCCAT
TTGAGAATGGAAGAAAAACTACTGGCCCTTGTGCCAGAAAAAAAATACATATATCTGTAC
CTGCAAACTTGTGGCCTTTTTGGAGAGGTTAGACTCTGAAAACTCTGTCCCTGGACCTCT
AGTGGTTCCTGGACCTCAATTAAGAATCTCTAATTAggccaggtgtggctgctcatactt
gtaattccagcactttgggaggccaaggcaggaggattgcctgaggccaagacttctgta
accacccagcaagttctcctcatccgctgcccagacagagctgatttatcaagacaaggg
aactgcaataaagagtttaattcacacagagccggctgtacagaaggccagagttttatt
attactcaaatcagtctccccgaaaattcagacactggaatttttaaggataatttggtg
ggtagggggccagtgagtcgggagtgctgattgatcagattgaaggtaaaatcataggga
gttggagctgtcctcttgcgctgaatcagttcctacgtggggaccacgagaccagataag
ccagtttatccatctgggtggtgccagctgatctgtcaactcagggtttacaaaatatct
caagccctgatcttaggttttacaatagtgatgttatccccaggagcaatttcaggaggt
tcagaatcttgcggccctccagctgcatgactcctaaaccataatttctcatcttgtggc
taatttgttagtcctgcaaaggcagtctagtccccaggtaggaagggggcttgttttggg
aaagggctgttatcatctttgtttcaaagttaagctgtaagttcctcccaaagttagttc
agtttacacccaggcatgaacaaggatagcttggagattagaagcaagatggagtcaggt
tagatctctttcattgtaataattgtctcagttataatttttgcaaaggcagttttagtt
caagaccagcctgggcaacagagcaagactgtatctccacaaaagataagaagattagct
gggcatggtggcacgcacctgtagtttcagcagctactcaggaggctgagatgggaagat
tgcttgagcccaggagtttgagggtacagtgatccataattgggccactgcactccagcc
tgggcaacagagcagaatcctgtctcaaaaaattaaaaaTTAAAATGATCTCTAATTAGA
TTATGTGAGCCCCTAAGTGACTATATTTGTGCACTAGAATTAGCTAAAGTGGGGGAAAAA
AAGATGCATTTGATGGTCTAGTCCCATAATAAATAACCCAGTGTACCATAACTACTAAGA
AACTGTTCATTAAATTAATGGATATGTTGCGTTCAAGATTGAAATCAAATGATAAATTCT
GTTTGATATGTCCTATTCATGACCAGCCACATAAATGCACGTATTACTTCGCAAGCATGC
CAATGCAACATTAGTTATATGGAATCAAATGAAGAAAAAGAATGTAAGTTTTCATATATA
AACATTTCAGGTAAGTTTTTACTTACCACACAGATTTTTCATATTAAAGATTTGGCGACT
GGTTCTTTTTACACTGTGTTCTTATTATATGTTTATATTATCTCAGGCACAGATGTTGTT
CATCTTTTTCTTTCTGCTTATAACAGCAAAAAAATGTCAGAAGATTTGCCATATGAAGTG
AGAAGGGCTCAAGAAATAAATCATTTATTTGGTCCAAAAGACAGTGAAGATTCCTATGAC
ATTATTTTTGACCTTCACAACACCACCTCTAACATGGGGTGCACTCTTATTCTTGAGGAT
TCCAGGAATAACTTTTTAATTCAGATGTTTCATTACATTAAGGTAATGTTAATGTTATTA
ATTTATAAGTTAGCAAAGGACTTGTACTTTTAAGTCAATTATGGATGTGAGACAATCAGA
AAACAGTTATGAGGGAAGGTGCAAGAGAAATGGGGTTTATTCCATAGCCAGGCTTGGTGG
TTGGGGGGAAAGGGTGCTACCAGAACACAGAGGCAGTGGTGAGAGGAAGGAGAAAAAGAG
AGGaaataagtaaaataataaacacaattaataaagtaataaaACACTTGTGGATTCTTG
TGTCTATAAAATTACACGTTTTATCCAGACAGCCACCAGATGGTGGGGTATTTGTTAAAA
CCaagtaaaattaatattaaaagtttaaatggtatggtcaatttgttaaaaccaagtaaa
attaatattaaaactttaaatGGTATGGGATCTCAATTACAAGGTTTTAGGAAACTTAAG
AAATAGTCCTTTAACGTAGACTAAAGCCCAGTGATAAAAAGATTGCCTCCCTTTAGTCCT
GCCCTCGTCCCCATTTGATTTAGACACCCCAGAATACGTCTAATCTTTCAGTACTTCATA
ATCATTTTAAGGCTCAGAAATCTCAGAGAAAATTTGCTAGAAAATAGCAACCAACCAGAA
ACACACATAAGGAACTGTATGCTTATTTCTGTGTACTAGATAGCCTTCCTTCCTGAGAGC
AAGGATGATTGAGAGGAAAGAGTGTggcctgtgctcagatcctgactttctccttcacta
accttagacaaaacacaccattcccaaaaccttgcctccttcattttataaaattggtgt
cataacaaacaacacttacccataagggtactcaaagccttaaatgacataaagtattta
aaacatttagcctcatacctggcctatagtaaAGATTATTATTTTTGTTTCCCTTCAGTT
TTGGACAGTAACTGGGTAGTGGTCCTGGTAGGAGATCATAATGTAGCGAttctttttttt
tttaattttttttAAAttttattactattatactttaagttttagggtacatgtgcacca
tgtgcaggtttgttacatatgtatacatgtgccatgttggtgtgccgcacccattaactc
gtcatttagcattaggtatatctcctaatgctatccctcccccctccccccaccccaatt
cttcattgcctattgaagagagagcggaatgctttggttgccagatatggaagcagaatt
gctgacactttgttatccaaaccaagaggcctgtcttcaattttcatgcagatAAGCAGG
AGGAGGGGGAATCACCCAACATCTGTAGAGAGCTGGACCACAGGAATAGAAACAGAATTG
TTTAAGAGACCAATACCAAGCTAAATAGTTAGTGTAACCAGTGATGAAACAAAAATCACC
ACATCCATTAAGAAAGAACATTTATTTCATGTTTTTTGATCATGGTTCTGGAGAACTATT
TAATGTATATTTTACCTGGAAAGACACTGTATAATTCAATTGTATATGAATTTCATATTG
TATAATTTATTTGTATGTTTTCAAAGCTATAATACCATTGGGTTTTAAAGTATTTCATAA
AGCTGTCTTACCAATCTTAGTTGATGAAGTAAAACGTATTGAAGGTATTATTGACTCTGT
TGAAGCAAAGAGAACAAAACATACGGTTTTTACCTAAGAAAGACGTTTTTGATTTTTTTC
AGACTTCTCTGGCTCCACTACCCTGCTACGTTTATCTGATTGAGCATCCTTCCCTCAAAT
ATGCGACCACTCGTTCCATAGCCAAGTATcctgtgggtaagtcatagttcccactgtcat
aactcaataaaatatgtcctagctgaaactcagagaaatttattttttatcttattttat
ttttgagacagagtcttgctctgtcacccaggctggagtccgatggtgtgatctcagctc
actgcaacctctacctctctggttcaagtgattctcctgcctcaagctccctagtagctg
ggattacaggcatgtgccaccctgtaatttttgtatttttagtacagacggagtttcacc
atgttagccagggctggcctcaaactcctgacctcaggtgatgcacctgcctcagcctcc
caaagtgctgggattacaggcatgagtcactgcctggccgagaaaattatttttaaaaaa
acatttacagctaCCTTCCATATCCTTAGGCTTATAATTGTCAAGTAACAAGCAATTTAg
ctccaggcaggctctaattgtaccgaatttccccaatttcactgagcagctttctggttt
tgttcatgttccctttgctgtaatgcttggcccttctatttagtctggcacaattcttct
cattctcaagattcagttcacctgtcacctcctatagaactttccctgaccctccTCTAT
AGCATTAATTACTCCAGAAATGTGTAcatttgactaatatttatagtgtgcctaccagag
accaaccctgtgctaggtgcgggggacagaacaatgagcaagacacacagtctcccctca
aacagcttcgtatgtgatgagaaaacagacaggtaaccaggtaatcactgcacagagtga
taaatgctaaataggggcaattacaggagactggaagagcaggaaagacctaacccagtc
ttgatggatcacagaaggcccaaagaagtgggatccatcttgaggttgtgtatgtgtatg
tgtttgggggaggaaaggaaaaaaattgagagcagtcaacaggATTCTAGACAAGTGTCT
TGaaattatctgtgatgaaaggccattgctgatttccaatctgctatagagcaatacttt
tgtaaaatgtaatttaaaaatggatttctagaaaaacgatcacatacttgaatattttag
caatgtcaaattgctataaaagtttctaaacacttactttaatttctgtacatatctcgc
ctgggaccagcagcagacaattggtggaccagtccctgtcctcagacaatactttgagGA
AAAAGGAATATCATATACAAGGGCCCCAAACCCCTAACTGATGACATGCCATACTTGATA
CACTGTGTTCTCCATTTATCTTAGCACTCTCTGTTCCCTATCCCCTTCTGCAGGCTGATA
ATGTATGCTTACTAAATATTAGCTCAAATTACCAGTAAGTACACAATTCTAACTTATAAA
TGATCATCATTCACAGTAGGGttttgttttgttttttttctggaaaagggtctcactctg
ttgcccaggctgagtgtagtggcacgatcacagttcactgcagccttgacctcctgggct
caggcaatcctcccatctcagcctcccaagtagcttgaactacaggcacgtgccaccaca
ttcagctaattttttattttttgtagagacaggatctcagtatgatcaggtctcaaactc
ctgattcaagcgatcctcccaccttggcctcccaaagtgctgggattacaagcgtgagcc
accacacctgTACCTCATTCACAGTTTTAATCACACCTATCCCACACAGACTTATACAAA
CTTATCCATTCCTTCCCATGCAGGTTCTATAACTATAACCATATATAAAATACTAGCCAA
Ccaggagaatcgcttgaaccccggaggtggaggttgcagtgagccgagatcatgccattg
cactccagccggggcaacaaaagtgaaactccgtctcaaaaaaacaaacaaacaaaaaTA
CTAGCCATCTAACACTGGAAATACATACATTCATGAGCTTGTCCGGAGTGATCAGATTTG
ACTGGATCAGAAAGGCAAGGGATCTGTTTCTCCAAAGTGCTTGTGCTACCAGTGACCTAC
TCCAGGTTGTTTTCTGACCCTCTCCTtatcaagacctgtcaaagatctgagaaattttac
ccgacttacaagctaaccattagcctagcacctctgagtggatgccagtagaagacacaa
gactcctaaaacagagacaaagaatagattattgacagtagtaatagcagagtgtcagca
tttctgcaccattacccaagctccagttcccacagggtgacatagagagagccagatggc
agctatccatgccagtggttgcattctaggagggaacctttttttttttttttgagacgg
agtttcgctcttgttgccaaggctggagtacagtggcacaatctcggctcactgcaacct
ccgcctcctgggtttaagcaattctcctgcctcagcctcctgagtagctgggattacagg
tgcccaccaccatacccagcaaattttttgcatttttagtagagacagggtttcatcatg
ttggccaggctggtttcgaacttctgacctcaggtgatccacccgcctcggcctcccaaa
gtgctgggattacaggcgtgagccaccgcacccggctgtgaaccttcatttttataatgg
gcagtaggcacgagtgccctttgctccagggaagaccccattcctaacttccaaggctgt
tcactatacagacatccttgaaaagatcatctggaacaaaaatagtccgtgtcttgctca
tgagacttgcagatatgcagaagatccatgaagaatcctctctccacaTCCCTCTTACCA
CCTGCTTTGCAATAGACATTTCACGAGCTGTTTGTCATCTATTCACTTGTTTATCCTGCC
AGTTACTAGGCTGTGACTTCATCTTTACCTTCTGGTAACTTCCAACATGCAGCCCCACAC
TCTCACACACCCTCTCAAACACCCTCTTTCTTCTCTAGTCCATTCTCTTTCTTGAGCGCC
TCATTAGCATAATTAATTATCTGCAGACTACACTACAATTAAAATTACAACTTAAAATAT
TTTTTGTTAAATCTCAGATGGTTTAGCCAGGAGTAATGTAATTTAAAAGCAGGTTGGCAA
ACAATATAAATAAATTAAAATCTAAAATTATTCTGGAAATTCAAGTAGTGATACTTTTGT
GCATAATAAAAGGATCTTTATATGCCATCTTTGGTGGCCCTATTGTCCAAACCAAAAATT
AATTTTTCGATACAAGATCTCATATCAGAGCAGAATATTTAGATTGTAGGACATGGCTAT
GGCAGAGTCAGGGGTGGCGTTGAATGAATAATAATTACACAAATAACTTTCCTAAGTCTC
AAATGAGACCACGGTTAATCTGAGAAAGTTAGGAGAGGGCTGTGTCCAGTCGCTTTCCCA
TATTtgtgtgtgtgtgtgtgtttatgtgtgtgtgtgcgtgtgtgtgtgtgATCATAAGAG
TGGCTGCAGCAAACTGCTTCTTTCTAGGATAAGGTTTGCCTAGAATGATCCTGTCACATT
TCTTCTTCCTTGAGAACAGAGTACAAAGGTGGTCCTTGTAGGTGCCTACTAGAAGTTAAA
GCAAAATTTGTATGCAGCAATATTCTTAGTGTATTATAAAATGTTGACTCAGAAAGATTG
TCTCTCTAATGTTAAACATGCTTTTTTCCCAGTGAGTGCATGATATAAAATATTCCAAAT
AAAACAGCAAAGTTGGAAGGAGAACATATAACATTTCTAATTATTTACAATGAGCTTAAT
ACTCCCTCATATTGAAATATTTTAAAGATTTGGCTCAACTTGTAAGGGCCAAACATATCA
GCAATGTTTGTTCTGGCTAAGAGTAGCATTGCCTACAAATATCATAGCCTAAGATTGATA
TTTGAGAGTTTGGAAATCTTAAGCTTTTATTTGGTGTCACAGAGAAACAGGATCTGTATC
TCTTATTGCTAAGCCTTTGATTTGTTTCAGCTAATTGCCTGTATTTGGATATTTAGCTTA
CTCTAATTCCTTACTTCAAGTATTGATACTTTTGTGCATAATAAAGATTCCTTCATTCTT
AAATCATTGACTAGgggattattatgattgacttaaactattcaacatttactcttgaaa
tggagagaaatttacctaccttgaagattggaagcccaactaatatcaggattctattag
aaacaggaggaaagtgaaatggatttggggtaggcaaacgacaatgtATTCTATAGTATT
CCTACAGACATATCTACAAACACACTTTTTCACATATTTGTGTAAGTCATTTATGCACAG
ATGCATACCTTAGCCACATTTATGACACCATATACTTAAATATATGTTCATACATATATG
CAAGAAACCTAAGCACAACAAATAAAAAATGATGCAAGAGAATAAGATAAGATTTTGTGT
ATTGGGAAATAACAGAAGCGGGTGAAAACAAGATGAGTGTAAAAGAATGCAGTATGTTAA
TGGGATGGAAGAGAATGAGGGTAGTGCAGTTGGGGTAAATGGTTTGCCAAATAGAGAAGG
TGATGACTGGGGAGATGACTTTGTGGGAGACTTGAACAGGAAGGAAGGGTCTACAAAAGT
AGTTTAAAGAAAGAGTATTTTGTAGATGTAAGGATGGATGCTTAACAGCCACACAAAGTA
GACCTAATAGTACAGGCATCATTTCATATGAGTTAGAAGAAATGAACACAAGTTTTTTCC
TGCATAAAATTAAAACCAggccaagcacgacggctcacgcctgtaatcccagcatttggg
gaagccgagaagggcagattacctgcggtcaggagtttgagaccagcctgaccaacatgg
tgaaaccctgcctctactaaaaatataaaaataagccaggaatggtggcccgtgcctgta
atcccagctactcgggaggctgaggcagaagaatcgcttgaacctgggaggcagaggttg
cagtgagcagaaatcacaccactgtactccagcctgggtgacagagtgagactctgtctc
gaaaaaataaataaataaataaaaCCATTGCACTATTGTGTTAGGATGGATTGCTAGGTT
AAGGGCAAAATCATTGCTCAAGGGTCACATAGATTGTCATATTGACTGAAATCCATGATT
CATCTAGTCTGGATTTCTGTGAAATCTATAAAAATAGATGTCCTTCCTCCCGTCACAGCT
AAATGTTAGATCTTAACAGTTTCTCTTCAGGTCCACCTATTATTTTGTCAGCATAAACTT
GTTCACCTTTTTTACTATGTTATGACTTTTAaatattttagcaatactgaaggaaattta
aagaaaaaagaccacaagagtttcctatttctaacaccactgattttttccatgttcttt
cccagtctttattcactatgcatctaacttaaacatgtaaatgttctgcttcacgttttg
ccaaacattatgtctcaaatattttccatgatgctacatggtttACCTTTTTAATAATTT
TAACAACATAATTCTAAATCTTGATACATTAAAATGCTTAGTTTTATAATATATTTTCAT
ACTTATATAAATGTGACTATCTCTCCTTCTGTACCTAGGTATAGAAGTTGGTCCTCAGCC
TCAAGGGGTTCTGAGAGCTGATATCTTGGATCAAATGAGAAAAATGATTAAACATGCTCT
TGATTTTATACATCATTTCAATGAAGGTAAGTAATAATGAAGGTAACGTTATCAAACTTA
ACCACCAAACATTTAAATAACAATTGGAACCTGGGTCAGATTTGCCATGCTAAAGATATG
AAGTGCTTTTTAAAATTTTTATTCACTTCAGCTATTCCCCAATGGCCAGGATAGACACAT
TCAAGAAAAGCAGCTGCCAAATAAAGACTCCACATTAAATCCTTATTTCCTGCTAATCTC
CATTTTAAAAAGAAAagacgagaaaatacaaatgcccagtaaacatatgaaaagatgttc
aacatcactagtaattagagaaatgcaaattaaaataagaagtcacttcccccattaagt
tgggaaaatattaaagtctgcaaatatcaagcgttggtaaatgtgtaggaaaaggggaaa
ctctcattacctgctggtgaacatataagtgaacatataagttggtaaagacattttaga
ggataatcttacagcatccacttcttaaaacacaccaatcttattacccagcgattccac
atctcaaagaaacacaagcacaagcaacatgttgtttacaaagattgttatcgtgcatca
tttataacagcaaaagaatggaaacagcatgaatgtccacctgttggtggagagttaaat
aaactaacatggaagaatcttcaaaacacaatggtaattagcagaaagcaagttgcagac
caagacattcagtacaccaattggctttaaaataacaataataatcatcaccttctagga
tacatatatatgttaacacatcacagggaaagtcctagaagaaaacacaccaaactgata
acaatagttaccggggacgggaggcaaaacccaggctaattttgtcttaattatattcaa
taagaataatgtatttatgtattatttctgtaattaaaaattaattAAACGGGGACTGGT
ggacaaggtgggtatatgcagctctatgcactatctgctcatttatttggtaaatctaaa
actgcactaaaaagtctattagttATAAAAAAAGTTTACTTTAAAATGGAAAATAGTTGC
TTAAAATCAAAGAGACATTCTATGTAAACAATTATTCCAACAGACTGAGTTGAAATTGTT
GTTGAGGAATGGGCAATTATAATAACAGAGGGGGTGTGTACTTCGGTGTCTGTGGGGAGT
GAATTCCTCAACCTCAGATCGTGCGCACCCCACTGCAATCACAGACATTCGTTTTGTGCT
TGGGAATCCTTTGACTCCAAAATCATGAAAACTGAAAATTTGCTTTTTACCATCTTTGTC
TGAGGGCAGGTTCTATACTGTCTAATGGAACTGGTTTTGAGAAGATCACAACATACTTAC
AATAAACCCTCTgaataggaagtgtgggactacaatatattaagaagtgatacattcaga
tagaaggccacaaatctgggtggaaaacgtggtTGGTTTTCAGATCATAGTCCATAGAAT
CCTATCACAACGGTGGAGAAAAGCAGTTCCTGGAACACCCCACCCCTTAACCCCTTATCT
CTGCTTCAACCAGAGCTCTTCTGTGTAACATTTCATTTAAGCAAAGGATTCGGCAAATCA
AAAATTGTCAACCACGATTAATTTAGACTATCcagcttggtggattttcaactgagcact
cctatccacagaatgctgacaaatgaatcatagccgccatgtgaaaagtctgaagaagtg
tgtagaagggcttcattcttgactctgtcctactcagaactgtagttagtgacttggata
aagacatatgcgacatgcttagctaagtgacaggtctcaggaagatagcaggaaaacatc
ctggttgagaaggcagatccaagaagtcctgacaatctttaacaattgtttaaaccaaat
gtttaaggttaacaacatcagggaccaaagttttgttcttatgtttaaaaaaAATCccag
aataagggaggtaatggtcttttttttctgccttgaataaacaacacttgagaactgtaa
ataaattctgagtccgtaatccaggagaaacatctataaagaggaatttagccaaggaga
gcattgagaatgttgaagagcttgaaaatcataatgagaaTAATTCCTggccaggcgcgg
tggctcatgcctgtaatccttgcactttgggaggctgaggcaggcagatcacttgaggtc
aggagttcaagaccagtctgggcaacatggggaaaaccttgtctctactaaaaatgcaaa
aattagctgggtgtggtggcatgcgcctataattccagctactccgaaggctgagacatg
agaatcgcttgaaccaaggaggcagagattgcagtgagccgagttcatgccactgcactc
cagcctcggtgacagagtgagactgtctcaaaaaaaaaaaagaaagaaagaaagaaGTCT
ACATTAGaaagaaattcaacacattttctgtgacccagagggcagaagagaatcaatgag
ataaagttatctagagacagaaatttttttcttttgttttcttttttttttttttttttg
agacagggtctcactctgttgcctaggctggagtgcagtggtccaatcacagctcaatgg
agcctcaagttcctgggctcaagcaatcctcccacccagcctcctgagttgctgggacta
caggcgtgcaccaccacacctggctaatttctgtggtttttgtagagacagggttttgcc
acgttgcccaggctggtcttgaactcctgagctcaagcaatctgcctgcctcggcttccc
aaagcattggggttacaggcctgcgccattgcgcctggcgagacagaaatttcttattaa
aaaagctgagcagcaatgaaacgggccacACTTTTTGAGGCTGTAAGAAGTCATCTTCTG
CATCTGTAAGATGGCCAGAACAATACGGAGAATACTCAAACATAGATGGAAGTTAGGCTT
TCAAGACTCCTTCCAACTGTAAGTAGCAAAAACATACTCCTTTGTGTTCTATCAGTTTTT
ACTTTCTTCCTATCCAACTTTTTGGTTTAAAGAAATGAGATCTGGTAAGTTCCCATCTTC
ATCTTGGAAGGTGTGGTAGATTTTaattcttccctttcccgcgtccacatcctggcagtg
tgatgtttcatatccttctgttcagagatagagtctatttttccacttctggaatagctg
gcttgcccatgtgaattgttttgtgccatagaagaggcttgaaaagcacttgcacattgg
agcttgctctcttcctgctcttggaaaccctgtacgtgtaccattatgtacaacagccca
cattggcctgctggataatgaaagcctttgaggtggaaaactcaggcaccctaacagaca
gagtcatgcaactccagctgacagcccatcagacataacagtaaggccatcccataggat
ccagcctccaggtgagctgtcagcttaccacaaaggcaggagcaaaacaataaaaaaaat
ccacaaagccagtgtagacggaagaaactttccaaccaacccacagaatcatgaactaaa
ttaggaggtggttgtttgaagccactaaattctggggtagtatgttatgcagcagaagct
aactgatacaGAAGTGATCACTGGGCATACCCATTCTAACTCTGCTCTAAAAGCAAAGGA
AGGCTTTCCTTTGAGTTGTGACCATAACACGCTGTGGGCCCTACATTGGACCAAACGTTC
ATCCTGTTTGCTCAGAGATAGCCTGGTATATGCATAAACTACTCCTTTTCCAAGTTTCTG
GGAATTGGGTTGAGGTTGCTGCATCTTTGGAAGTTGGTCTCCACCACTGGCAGGCTGCCT
GCATCACAAGATCTCATTACTCAGGAGCTGTCCAAGTGTCTAATGTACTTAGTTAAGAAA
AAGAggctgggcatggtggctcacgcctgtaatcccagcacttggggaggctgaggcggg
cggatcacaaggtcaagaaatcgagaccatcctggccaacatggtgagaccccatctcta
ctaaaaatacaaaaattagccgggcgtggtggtgcatgcccatagtcccagctactcagg
aggctgaggcaggagaatcgcttgaacccgggaggtggaggttgcagtgagccaagacca
cgccactgcactccagcctgggtgaaagagcgaggttccatctcaaaaaaaaaaaaaaaa
aaaaaaaggaaaGAAAAAGAGCACGATACTGAAGTCACCTCAGTTGCTGGAACTCCTCCT
GAAAATATGCagtcataaaacatcatagctggaagggtcctccaagataagctaatccaa
taccttcatttgacaggtcaagaaagcgagcctcaagaagttaagcatcttgttcaaggc
cgcatagccaggggattagagcccaggtctcctgacccctaaacctagattctttttctc
tcaaactggctttttcagttctgttttctacctctggccgtcggcgtgtttgtggacaga
gtgctgataggaatcattcaaggacatcttttggcctagtgctgtttatgaacatcctta
actAAACGTTATCTGTTCTCCCCATAGCTGTCTTCATTttgttattgttgctgttgttat
tattgttTCTTCCTTACATTGTTAACTTCCCTTTTTCCAGAttttttttttttttttgag
acagagtttcactcttgttgcccaggttggagtgcaatggcttactgcaacctccacctc
ccaggttcaagagattctcctgcctcagcctcccaagtaactaggataatcccaacctgg
gtatttttagtggagatggggttcaccatgttggccaggctgttctcgaactcctgacct
caggtgatccacccaactcggcctcccaaagtgctgggatgacaggcatgagccaccaca
cccggccCAGAGATGTTTTTAGTTGCCATTGATACATATTGTTTTTGTCATAGGAAAAGA
ATTTCCTCCCTGCGCCATTGAGGTCTATAAAATTATAGAGAAAGTTGATTACCCCCGGGA
TGAAAATGGAGAAATTGCTGCTATCATCCATCCTAATCTGCAGGTAACATTTGTTCTTTC
TTTAAAATGTTGAAaataataatgctgtacctttgaatagaagtttatagctcatacagc
acttcgcgtacattcgcccatttgatgctctcattagacactgagtgtagatagggaaga
tgttCGGACTGtcgctcaataaatacttattcagtgtaacctgtgctggctgtgtggaca
caccagtaagtatggcctgcacgctcaatggaatttatagtgtagGTACACAAAAGTCTA
ACTTTAGTCTAGAAATGAAGACAGCCAGATGAGATGACAGAATAATGAGATGGGAGAGGA
GTGGTCAGACAAGGCCACTTAGAGAAAGTGAAACTCCTACCCACATTCAGCGGGTGGGAA
TTATGATGTCTATTTTAATATAAGGAAATACAGGGACGGAAGTTAGAACCTTCCCACAGC
CATGTAGCTATCAATGACAGATCCAGAGTTAGTGCTCTTTCAAGTTGGCCGCATCACTTG
CTACCTCCCTGTGACAGAATAAGTTAGAGAAAAACGACTGGAACCTCTTTCTTCTGCCAC
CATTCCCCAACTCTCCTCAGAACCCCCAGAATCTACTCCTTGCCTAGTTTTATCAATAAT
GACATAGTGAAGAAGGAAAAAAAAAAGGCTCTTGAGAGAATGTAGGAGGTTTAAATCCGG
AAAAGGCAAAGGGAAAAGGAGAGAAGAACAGATTTCCAAAGCCAAAGTATCCATTCCCCA
GTGCAAGTGGCCTGCACACtcccagacctcagagatggaagagaactggtggattatcta
gtccagggctttcaaccccgactaacctttacctagagagcttttaaaaaacatcataat
agcaatggcaggactccactctgagatactctgatctttttggcttggATAATCAGGATT
GAAAAACACTGATTGATCCAGTTCCTATCCCTGTTTAGTGACTCTAATAGTCATCCAGAC
TTGCAACTGAATGAAGTGGCCTGCCCAGTAATACAGACGAGTGAAGCAAATCCTGCTTTG
TGGCTTAATGGGACCCAGGTGGAAACCTGAAGAAGCAGCCTTAGGCAGTGtttgtttttg
tttttgtttttgtttttgtttttgttttttgagatggagtctcgctctgtcgcccaggct
ggagtgcagtggtgcaatctcagctcactgcaagctccacctcccgggttcaagcaattc
tcctgcctcagcctcccgagtagctgggattacaggctcacgtcaccacacccggctaac
ttttgtatttttagtggagatggggtttcaccatgttggccaggatggtctcaatctcct
gacatcatgatccacctgcctcggcctcccaaagtggtgggattacaggcatgagccacc
ttgcccagccTTAAGCAGTGTTTTAAAGGAAAGGTAAAGACTGGGGGAGAGAAAGGAAGA
AAGCACTATTGGTGACAAAAATATCAAGTACAAGAAACAGAGGCCAAGGTGATGATATCA
TGGCAGGCTAAAACAGGATTTTTCAGGTTTTAGGATACTCTTGAGGAGTACAAAAATAAT
CCCAGGCAGACGGAGAAGTGAGATGAATGAGATCAGTAGCAAACTGGGCTAGTGGTAGGT
CTCGAAAGTTAGGAAGGATGGTTTTGATTTGACAGACAATAATGAATGGCTCAGTATTCT
ACAGGAGGGATTGATTGGttaattctgccaacaaatatttttgaatgacaactaagctca
ttctgggccttgagattcaagatagggaaggttcctcatggagcttccatcccaatgggt
gaggagaactgaccatgaataagtaaacaatatgtaaaccaaatcatttcaaactgtaat
aagtgctgtaaaagaaatacacaaaataatatagcagagggtataacaaagggttccaat
tagacggagtggtcacaaagtgccatctcagagatggtggcactgaagttggaacctaga
agatgagaagccagccatgtggaaggcaagtgagaggccctgaggctggaacaaacttgg
agcatctgaggaacagcaagaagacccatatccctggagaggaggagtgagcagaggacg
gtagAGCCTGGAGAAAACACAGTTCAGGACCCGGTTATGAGTCTAGATTTTGTCCTAAGA
ATGACAGTTCTTACTAAGGGATGCTAACTGGAATCACGTAGGGGACCCCCTCCCAGTGCC
TAGAACCCACCACAAACTACTAAAGTagcgcttctcaaacttgagccacatgacaattat
ggggagctttttaaaaatgctgattcctggccaggagcggtggctcacgcctgtaatccc
agcgctttgggaggccgaggcgggcggatcacgcggtcaggagatcgagaccatcctggc
taacacggtgaaaccccatctctaccaaaaatacaaaaaattagccgggcatggtggcag
gcgcctgtaatcccagctactcgggagcctgaggcaggaaaattgcttgaactcgggagg
tgaaggttgcagtgagctgagattgtgccactgcactccagcctggacagagctgagatt
acgtctaaaaagaaaaagaaaaaatgctgatttctgagtcctcttcccaggggctctgat
ctaattcatcagggtgtagacagggaatcaattgagttcaccaggtgattttcatgtggc
tcaggtCTGGATAGCACTGCACAATGTCGGAATCTCCACAGGTGGGGCTAGCCAGACGTG
TGTTGAAGAGGTTCCTTTAGTGATTCTGGGGCAAGTCTCTGCCTGAAAAACCACCGGTTC
AGAGAAATAGTTCTCAGCCGAGCCACCCTGTAAATCATCTGGGGCCTAAATACAATAAAC
ACAGAAAACAGTGAactataaatgggtagcatgagggattcgaggaggtggctgaaagaa
gcacgtatcctgatggcatggttgcgggttatatgactccatgctctgcaagtcagaact
catagaactgcacacaaaaatgagcgaatttcactgtaggtaaattTAAAAATAAAATAT
aaaaataatgatgcctaggccctcctctcagattctgatttgatttatctgaaatgggcc
agcccctctacctgtatatatgtatttaacatcccaagcgatcataatgtgccaccagga
tggagaaAACTGCGGTGATGCGGCActtcccaaacactaatgtcgtgcacgtgaacgtca
aggacctgttaacatgaagattttgatttggtaggtctgctgcgcataatgaaatcctgc
ttttctaacaggctcctgggtgatgcggatgctgctgggaaatgttagacatgcagaatc
ccaggcccccacccccaacctatagaatcagaatcttcatcttaacaaaatccccagatg
atttacaagcacctcaaagtttgagaagaactgTTCTGGGGTTCCCGTGGTGTGACAGCC
ATGGTGCTTGAGGGCTCAAAGGTCCAAATCCCTGGTGCGGGACCCTTCAGATAACTCAGT
TGTTACCCTAATGTAGGAGCACATTTGGAATACACCCACCTTGTCCCAGACTCTCCCCAG
CCCAGCACCACCTTCTCTCACCAATccccgtcagaatagaatctccttgtatgcaggtac
aacatggctcatttttatatttcccaacggtagaatgtcttgcacacagaagactcctaa
tggatatttcctaaatTTTGCTGAACAGAATTTAACTTGAGCTGGCAACAGGCAGACTAT
GCACTTAGGTAGACATGCATTTAGTTTTGCCTTTTAATATTATAAATCTCTTTGGCTACA
TTCAAGGTAAACCTGGTATTGAAGCAAACTCttttttatttttttttagagacagggttt
cattctgtcacccaggctggagtgcagtggtgtgaacatagctcactgtagcctcaacct
ctgggggcttgagcaatcctcccacctcagcctcctgagtatctgggactacaggcatgc
accaccacacccagctaatttttcgtattttttctagagataggatctctgtgttgccca
ggctggttttgaactcctaggctcaagcgatccacccacattggcctccccaagtgctgg
gattacaggcaaggagccactgcacctggcTGAAGCAAATGTTAATTACACGTTTCAATT
ATACAAATGCAAAGGGGAACTCTTAAAACTACTGCCAAAATTCACGACCCAATGTCAGCG
CAGTCAGATCACTTGCCTGCATCTCAATGCCTCGCTCAAGTATCTCTTTTAAAACAACAG
AATACTGTAATTTGTTAGTTGTCTAGAGTCTGACATAAATTTTTAGAGGAGAAAAACCAA
ATATAATATATTTATTTTGATTGTTTCCTGAGAGGATCAAGACTGGAAACCACTGCATCC
TGGGGATCCCATGTTTTTAACTCTTGATGGGAAGACGATCCCACTGGGCGGAGACTGTAC
CGTGTACCCCGTGTTTGTGAATGAGGCCGCATATTACGAAAAGAAAGAAGCTTTTGCAAA
GACAACTAAACTAACGCTCAATGCAAAAAGTATTCGCTGCTGTTTACATTAGAAATCACT
TCCAGCTTACATCTTACACGGTGTCTTACAAATTctgctagtctgtaagctccttaagag
tagggttgtgccttattcaactgcatacatagctcctagcacagtgccttattcggtagg
catctaagcacatttcttaaattaattaatATATCTTTAAAGATATCATATTTTATGTAT
GTAGCTTATTCAAAGAAGTGTTTCCTATTTCTATATAGTTTATTATACATGATACTTGGG
TAGCTCAACATTCTTAATAAACAGCCTTTGTATTCAGAATATAAAATTGAAATAGATATA
TATAAAGTTATttgttttattgtgctttgccttactacacttcacggatactgtacttgt
actttttttccaaattgaaggtttttggcaaccctgtgtctagaaagtctaacagtgcca
tgtttccaacagcatgtgctcactccttgtctctgtgtcaccctttgataatatttcaag
cttttttatgatttatttattatatctgctatggtgatctgtgatcagtggcctttgatg
ttactgttgttaagtgttttggggcaccatgaatcgtgcccatgtgagactgcgaactta
gtgaatgttgtgtgagttctaactgctctactgaccggccatttccttgtctctctccct
gtcctctggcctccctgttccttgagacacaataattaataagtctacagcagactctgt
gtgttcaagtgaaagaaagggtcatacttctagaaattaagcttagtaaggaaggcatgt
caaaagctgagacaggctgaaagctaggcctcttgcactggttagccaagttgtgaattc
aaagaaaaggatcttgaagaaaattaaaaattctactccagtgcacacacacaaatgata
agaaagcaaaacaaccttattgctgatatggagacagttttagtggtctggatagaagat
caaaccagccacacattaagccaaagcatgacccacagcaaggccctaactctcttcaat
tctgtgaaggctgagagaggtgaggaagctgcaggaagctgggagaggttggttcacaag
gtttaaggaaagaagacagctctaaaacctacaagtggaaagcgaaccagcaagttgctg
atgtggaagctgtagcaagttatccagaagatgtagctaaaatcattgacaaagatggct
acactaaacaacggatcttcagtgtagttgaaacagccttctattggaagaagatgctat
ctaggactttcctagctagaggggagaaatgaatgcctagcttcaaagcttcaaaggaca
gcctgactctcttaagagctaacacagctggtgactttgggttaaagccaaagctcatta
actgtttcaaaaatcctaaaactcttgttttttgttttttttttgagacggagtcttgct
ctgtcgtccaggctggagtgcagtggcgcaatctcggctcactgcaagctccgcctccca
ggttcatgccattctcctgcctcagcctccccagtagctgagattacaggtgcctgccac
cacgcccggctaattttttgcatttttttagtagagatggggtttcactctgctagccag
gatggtctcgatctcctgacctcatgatccgcctgcctcggcctcccaaagtgctgggat
tacaggcatgagccaccacgcccggcccaaaaatcgtaggactctgaagactgatgctaa
acctgctgtgtctgagctctataaatggaacaacaaagcctcgctggcagcacatctgtt
tgcggcatggtttactgtatattttaagcccactgttgagacctactgcttgggaaaaaa
aaaaattcctttcaaaatactactgctgattgacaatacaccatgttacccaagagctct
gctggagatgtgcgaagagattagcattgttttcgcgcctgctaccacgacatccagccg
aagcccatggatcaaggcgtcattgtgactttcaaatctaactatttaagaaatacattt
caggctgggggaggggagaaaaaagaaaaaaaagaaaggaagaaaaaaatcatttcataa
ggctatagctgccatagatagtgattcctctgatggagctgggcaaagtaaacagaaaac
ctctggaaaggattcagcattccagatgccattaagaacattcaggatccgtgggaggag
atcaaaatatcaacattaacaggagtttggaaaaagtgaattccaaccctcttggatgac
tctgaggaattcgagacttgagtaaaggaagtcatgcagatgtacagcaagagaatgaga
agtggagcctgaagatgtaactgaactgctgcaatctcatgatcacacttgaatggatga
ggagtcgcttcttataaatgagcaaaaaagtggtttcttggctgcaatcaactcttgttg
cagatgctgtgaacactgttgaaatgacaaaggatttagaatattacgtaaacatagttg
ataaagcagcagcagggtttaagaggattgactcctattttgaaatgagttcggctggga
gaagtggctcatgcctgtcgtcctagcactttgggaggccaaggcagacagagcacctga
ggtaaggagttcgagaccagcctggccaacatggtgaaaccccctctctactaaaaatac
caacatattagccaggcgtggtggcacgtgcctgtagtcccagctacttgggaggctgag
gcagaaggatcacttgaacccaggaggcagaggttgcagtaagccaagactgcgccactg
cactccagcctggtggacacagcaagcctccatctcaaaaaaaaaaaaaaaaaaaaaatg
agttctactgtgaataaaatgttattaaacagcatttcatgctacagagaaatctttcac
gaaaggaagagtcaatcaatgcagcgaacttgttgttttattttaagaaattgtcacggc
catcccaaccctcagtgcccaaccaccctgatcaggcagccatcatcaaggcaaggccct
ccaccagcaaaaagatcatgaattgctgaaagctcaaatgatggttagcttttttagcaa
taaagcatttttaatgaaggaatgtacatgttttagatataatgctattacacatttaac
atactacatatagtgtgagcataacttttacacgtactggaaaatcaaaaaatatgtgtg
gctcatctgttataatgtttgttttattgtggtgatctggagccaaggctgaaatatctc
tgaggtatgcctgTAATGTATAAGTGCTAGTAGAAATGAGTTGTGCAGAATTGCTATTTT
TTTCAATTTTTATATTTGGGTTAATGGTAATATACTAAGCGTCCAGTCTATAAACTTCAG
CATTCGTTGCGAAATCCAGAGGAGACTTTTAAGTGCTGTTTTGTAGATGAAATATGAAAG
AGAAACAAGGGCTTAATGGTAAAGATGACATATGACTATATTAAGAAACTGAATGGCCCT
TTGTCCACAAACAGTAACCCACACAGCATTGCTACTGTGGCATGCCCACTGCTCTGCACT
GACCTCATGGAGCAGAGAACCTCCTTCAGACACCTCACGCACCCCCTGAGGAGCTAATGT
TTCTTCCCAACATGGAAAATTTGGAAGAGGCCTATTCTTCACAGCTGTCACTTCTCATTT
TGAAAGAATATGCCCACCCTTATTCGCAGGCAAGGTGTGAGGAGGTCTTTGGGCTCCAGC
TGTTGCCAGCAGAGGTGGTGAAAGTCAACAACAGGGCACTGGACACACATAGAAATGTGA
CCCACAGCTATGGTTTGCAAATACAGTCTTTCAAGAAGTCCTGCCATGTCCTAAATGCCC
AAACCCCTTGCCTCCCATGATTCTTCTCCTCAAAGGACCTTCTGCTGGACGCCGCCCCCT
CCCTCTCCAGCCCCACCAGGGCCCTCCCCGCCATCCTCTTAGGCCACAGCAGCCAATAAA
GAGTGTTTTTATTCCATGATCTGTACCCCCAATGAATCCATAATCATAGTTTCAAATGTA
TTTACCAAAAATACTAACATTATCTGgaatgaatgaatgaatgaatgaatgaatAAATAT
TATATATTTATACATTTTCATTCTTCCAAAGTGAACCCCACTATGCCAGTTTTACTCCAT
ACTCAGTGTTCTGGAAAGCCCATATTCTTTCTAAATTTTTCAGCATTTTTTTCTATTTTT
GTACTTTACCAAAATTATTTACATTGGAATAAACTCTCTTCCTTCTGAA
