>scga-mini-dna-002-tumor-1
TGGCAGCAAAGTTTTATTGTAAAATAAGAGATCGATATAAAAATGGGATATAAAAAGGGA
GAAGGAGGGGAAGGGTGGGGTGAAAATGCAGATGTGCTTGCAGAATGTAAAAGATGTTGA
CCCTTCCAgctggacgtggtggctcacaattgtaatcccagcactctgggaggctgagac
aggtggatcgcctgagcccaggagtttgagaccagcctgggcaacactgtgagaccccat
ctctacaaaacatgcaaaagttggctggccatggtggcatgaacctgtggtcccagctac
tccggaggctgaggcaggactgctcgagccggggaggcaaaggctgcagtaagccaagat
cacgccactccactccagcctgggcaacaaagcgagacccagtctcaaagaaaaagaaaa
aaaaaaaaaaaaaagaaaaaagaaaTTGACCCTGAGCATAAAACAAGTCTTGGTGGATCC
AGATCATCATATACAAGAGATGAAATCCTCCAGGGTGTGGGATGGGGTGAGATTTCCTTT
TAGGTACTAAGGTTCACCAAGAGGTTGTCAGACAGGGTTTGGCTGGGCCAGCAGAGACTT
GACAACTCCCTCTACCTAACCAGCTGCCCAACTGTAGAAACTACCAACCCACCGACCAAC
AGGGAGAGGGAACAAGCACCCTCAAGGGGGTCAAGTTCTAGACCCCATGTAATAAAAGGT
Ggtttcaaggccagatgtacattatttcattaaccctcacaatgcactctgtgaggtagg
tgcaaatgccagcatttcacagatatgggccttgaagttagagaAAATTCAACAGTGAGG
GACAGCTTCCCTGGTTAGTACGGTGAAGTGGGCCCCTACCTAGAATGTGGCTGATTGTAA
ACTAACCCTTAACTGCAAGAACATTTCTTACATCTCCCAAACATCCCTCACAGTAAAAAC
CTTAAAATCTAAGCTGGTATGTCCTACTCCCCATCCTCCTCCCCACAACAAAACACCAGT
GCAGGCCAACTTGTTCAGTGGAGCCCCGGGACAAAGCAAATGGAAGTCCTGGGTGCTTCT
GACGCACACCTATTGCAAGCAAGGGTTCAAAGACCCAAAACCCAAAATGGCAGGGGAGGG
AGAGATGGGGGTGGGAGGCTGTCAGTGGGGAACAAGAAGTGGAGAATGTCAGTCTGAGTC
AGGCCCTTCTGTCTTGAACATGAGTTTTTTATGGCGGGAGGTAGACTGACCCTTTTTGGA
CTTCAGGTGGCTGTAGGAGACAGAAGCAGGGAGGAGAGATGACATCACATGAGTGAGAGG
GTCTGTGCCCCTTTTCCCTGACCAATGCTTTGAAGGGCCTAAGGCTGGGACAACGGGAAT
TCAAATCAAGATGGTGGCCACACCCCATGCAAATATGTTTACTGAGCACCTCAGAGTATT
AGTGTGTATTAGTCTCGTAATCTTCCCTTACCCCAttttactttatttatcttttttgag
acggagtttcactcttgttgcccaggctggagtgtaatggtgagatctcagctcaccgca
acctctgcctcccgggttcaagcgattctcctgcctcagcctcccgagtaggtagctggg
attacaggcatgcatcaccacgcccggctacttttgtatttttagtagagatggggtttc
tccatgttggtcaggctgggctcaaactcccgacctcaggtgatccactcgccttggcct
cccagagtgtgggattcgtgagccactgcgcccggccCCCTTAccccattttatatataa
ggaaactgagtttgacgggggtcacctaggacctgccggtgcatggcagggctgagtata
tgacctgaaactcTGGCTGTATTCAGTATTACACAATTATTAGGCCCCTCCTTGAGACCC
TCCAGCTCTGGGCTGGGAGTTGCGGAGAATGGCAAAGAAGTATCCACACTCGTCCCTGGG
TTTGGATGTTCTGTGGATACACTGAGGCAAGAATGTGGTTATAGGATTCAACCGGAGGAA
GACTAAAAAAATGTCTGTGCAGGGCTGGGACCCAATGAGATGGGGTCAGCTGCCTTTGAC
CATGAAGGCAGGATGAGAATGGAATCCTATGGCTTTCCAACCTAGGAAGGCAGGGGAGTA
GGGCCAGGAAGGGGCTGAGGTCACTCACCTGGAGTGAGCCCTGCTCCCCCCTGGCTCCTT
CCCAGCCTGGGCATCCTTGAGTTCCAAGGCCTCATTCAGCTCTCGGAACATCTCGAAGCG
CTCACGCCCACGGATCTGCAGCAACAGAGGAGGGGGAGAAGTAAGTATATACacagtacc
tgagttaaaagatggttcaagttacaattgtttgactttatgacggtacaaaagcaacat
gcatttagtagaaactgcacttcaagtacctatacagcTGACTTTTAAAAATAtttattt
atttattttgagatggggtctcactctgttgcccaggcgggagtgcaatggtgcaatctt
ggctgattgcaatctccgcctctggggttcaagtgattcttgtgcctcagcctcccgagt
agctgggactacaggcgtgtgctaccacacctggctaatttttgtgtttttagtagagat
ggggcttcaccatgttagccaggctggtttccaactcctgacgtcaggtgatctacccac
ctccacctcccaaagtgctgggattacaggtgtgagccactgtgcccggccCttttttaa
attttagagatgatgtcttgctatgttgttcaggctggactcaaactcttgggctcaaga
gatcctcctgccttagcctctcaagtaactgggactacatgtgcatgcgactgtgcctcg
tttcttttcttttttttctgagacggagtctcactctatcgcccaggctggagtgcagtg
gcgccatcttggctccctgcaacctccgcctcctggttcaagcgattctcctgcctcagc
ctcccaagtagctgggattacaggcacctgccatcacgcccggttaatttttgtatttta
gtagagacggggtttcaccatgttggctaggctggtcttgaactcctgacctcaggtgat
ccacccgcctcagcctcccgaaatgctgggattacaggcgtgagccagtgcgcctggcct
tttctttttttgagtctcgctctgcgcccaggctgTGCCTGGCTCGACTGTGCCTCCTTT
catgcaaccatgctgtttctcactttcagtaacaatattcaataaatcacatgagatata
caacattttattactataaaaagggctttgtgttagatgactttgcccaactgtagggta
acttaaatgctctgaacacgtttcaagtaggctagggctgagtgtggtagctcatgcctg
taaccccaatacttggggaggctgaggtggaaggattgattgagcccaggggtttgatac
cagcatgggcaacgtagcaagaccttgacttcacagaaaataaaaaattagctgggtgtc
gtggcatgtgcctgtagtcctagctacttgggagggtgaaatcaccggagcccagggagg
tcaaggctgcagtgagctgagatggtgccactgcactctagcctgagtgacagagtgaga
ctctgtctttaaataaataaataaaaaTTAgccgggcgtggtggctcacacctgtaatcc
cagcactttgggaggccgaggcgggcggatcacatggtcagaagttcgagaccagcctgg
ccaacatggtgaaaccctgtctctactaaaaatacaaaaattagctgggcgtggtagcag
gcgcttgtagtcctagctattcgggaggctgaggcaggagaatcacttgaacccaggagg
cagaggttgcagtgagccgagatcatgccactgcactccagcctgggcgacagagtgaga
ctgagtctcaaaaaaataaaataaaataaaataaaaataaataaataaaaattagccagg
catggtggtgcaggcctgtagttgaagcaacttgggaggctgagctgggaggatggatgg
agcctgggaggtggaggctgcagtgagctgtgactgcactactgcactctatccagcctg
ggtgacagagcaagaccttgtctcaaaaaaGTAGGCTAgagaccagcctgggcaacatag
tgagactctatctatctacaaaaaattttaaaaattagctgggtatggtggtgtatgcct
gtggtcctagctactggggaggcagagttagggggattgcttgagcccaggagggtataa
tgagctatgatcacatcactgtaatccagcctgggcaacagagcaagatgctgtctccat
taaaaataaaataaaaGTAGGCTAGGCAggccgggtgcggtggctcacgcctgtaatccc
agcactttgggaggccaaggcaggcagatcacaaggtcaggagttcgagactagcctggc
caacatggtgaaacctcatctctactaaaaaaaaaaataaataaataacaaaaaattagc
tgggcgtcggggcaggtgcctgtaatcccagctactcagtgggctgaggcaggagaatcg
cttgaacccagaaggcggaggttgcagtgagccgagatcccgccactgcactccagcctg
ggtgacagagtgagactctgtctccaaaaaaaaaaaaaaaaaaagcaggctaggctaagc
tatgatgttccttagattaggtgtattaaatccattttcaacttacaatattttcaactt
acgacgagtttatcaggaagtaacaccatcgtaagtcaagtagcatctgTATCAGGCAAA
GTCATAGAACCATTTTCATGCTCTCTTTAACAATTTTCTTTTTGAAAGCTGGTCTGGTCC
TTTAAAATATATATTATGGTATAAGTTGGTGTTCTGAAGTTAGTTAGCTACAACCAGGAG
CCATTGTCTTTGAGGCATCACTGCCCCCTGATGGCAAATGCCCCAATTGCAGGTAAAACA
GTCAAGAAGAAAACGGCATTTTGAGTGTTAGACTGGAAACTTTCCACTTGATAAGAGGTC
CCAAGACTTAGTACCTGAAGGGTGAAATATTCTCCATCCAGTGGTTTCTTCTTTGGCTGG
GGAGAGGAGCTGGTGTTGTTGGGCAGTGCTAGGAAAGAGGCAAGGAAAGGTGATAAAAGT
GAATCTGAGGCATAACTGCACCCTTGGTCTCCTCCACCGCTTCTTGTCCTGCTTGCTTAC
CTCGCTTAGTGCTCCCTGGGGGCAGCTCGTGGTGAGGCTCCCCTTTCTTGCGGAGATTCT
CTTCCTCTGTGCGCCGGTCTCTCCCAGGACAGGCACAAACACGCACCTCAAAGCTGTTCC
GTCCCAGTAGATTACCACTACTCAGGATAGGAAAAGAGAAGCAAGAGGCAGTAAGGAAAT
CAGGTCCTACCTGTCCCATTTAAAAAACCAGGCTCCATCTACTCCCAACCACCCTTGTCC
TTTCTGGAGCCTAAGCTCCAGCTCCAGGTAGGTGGAGGAGAAGCCACAGGTTAAGAGGTC
CCAAAGCCAGAGAAAAGAAAACTGAGTGGGAGCAGTAAGGAGATTCCCCGCCGGGGATGT
GATGAGAGGTGGATGGGTAGTAGTATGGAAGAAATCGGTAAGAGGTGGGCCCAGGGGTCA
GAGGCAAGCAGAGGCTGGGGCACAGCAGGCCAGTGTGCAGGGTGGCAAGTGGCTCCTGAC
CTGGAGTCTTCCAGTGTGATGATGGTGAGGATGGGCCTCCGGTTCAGGCGGATGGGCATG
CCGCCCATGCAGGAACTGTTACACATGTAGTTGTAGTGGATGGTGGTACAGTCAGAGCCA
ACCTAGGAGATAACACAGGCCCAAGATGAGGCCAGTGCGCCTTGGGGAGACCTGTGGCAA
GCAGGGGAGGCCttttttttttttttttgagatggaatctcgctctgtcgcccaggctgg
agtgcagtggcgtgatctcagctcactgcaagctccaccgcccaggttcacgccattctc
cttcctcagcctcccgagtagctgggactacaggtgcccagcaccacgcccggctaattt
ttttttgtatttttcagtagagacggggtttcaccgttagccaggatggtctcgatctcc
caacctcgtgatccgcctgccttggcctcccaaagtgctgggattacaggcatgagccac
tgcgcccagccAAGCAGGGGaggcccttagcctctgtaagcttcagttttttcaactgtg
caatagttaaacccatttactttgcacatctcatggggttatagggaggtcaaataagCA
GCAGGAGAAAGCCCCCCTACTGCTCACCTGGAGGGCCACTGACAACCACCCTTAACCCCT
CCTCCCAGAGACCCCAGTTGCAAACCAGACCTCAGGCGGCTCATAGGGCACCACCACACT
ATGTCGAAAAGTGTTTCTGTCATCCAAATACTCCACACGCAAATTTCCTTCCACTCGGAT
AAGATGCTGAGGAGGGGCCAGACCTAAGAGCAATCAGTGAGGAATCAGAGGCCTGGGGAC
CCTGGGCAACCAGCCCTGTCGTCTCTCCAGCCCCAGCTGCTCACCATCGCTATCTGAGCA
GCGCTCATGGTGGGGGCAGCGCCTCACAACCTCCGTCATGTGCTGTGACTGCTTGTAGAT
GGCCATGGCGCGGACGCGGGTGCCGGGCGGGGGTGTGGAATCAACCCACAGCTGCACAGG
GCAGGTCTTGGCCAGTTGGCAAAACATCTTGTTGAGGGCAGGGGAGTACTGTAGGAAGAG
GAAGGAGACAGAGTTGAAAGTCAGGGCACAAGTGAACAGATAAAGCAACTGGAAGACGGC
AGCAAAGAAACAAACATGCGTAAGCACCTCCTGCAACCCACTAGCGAGCTAGAGAGAGTT
GGCGTCTACACCTCAGGAGCttttcttttttttttttttttttgagatagggtcttgctc
tgtcactcaggctggagcacagtggtgtgatcacagctcactgcagcctccatctcctgg
cctcaagtgatcttcccacctcagcctcctaagtggctgggactataggtgtgcaccacc
atgcctggctaattttttgtatttttttgtagagacgaggtttcatcatgttacccaggc
tggtcttgaactcctgggctcaggtgatctgcctgccttggcctctttgagagtgctggg
attgcaggtgtgagccaccaagcctggtcAGGAGCTTATTTTCAAAAGCCAAGGAATACA
CGTGGATGAAGAAAAAGAAAAGTTCTGCATCCCCAGGAGAGATGCTGAGGGTGTGATGGG
ATGGATAAAAGCCCAAATTCAAGGGGGGAATATTCAACTTTGGGACAGGAGTCAGAGATC
ACACATTAAGTGGGTAAACTATAAAAAAACACTGACAGGAAGCCAAAGGGTGAAGAGGAA
TCCCAAAGTTCCAAACAAAAGAAATGCAGGGGGATACGGCCAGGCATTGAAGTCTCATGG
AAGCCAGCCCCTCAGGGCAACTGACCGTGCAAGTCACAGACTTGGCTGTCCCAGAATGCA
AGAAGCCCAGACGGAAACCGTAGCTGCCCTGGTAGGTTTTCTGGGAAGGGACAGAAGATG
ACAGGGGCCAGGAGGGGGCTGGTGCAGGGGCCGCCGGTGTAGGAGCTGCTGGTGCAGGGG
CCACGGGGGGAGCAGCCTCTGGCATTCTGGGAGCTTCATCTGGACCTGGGTCTTCAGTGA
ACCATTGTTCAATATCGTCCGGGGACAGCATCAAATCATCCATTGCTTGGGACGGCAAGG
GGGACTGTAGATGGGTGAAAAGAGCAGTCAGAGGACCAGGTCCTcagccccccagccccc
cagccctccaggtccccagccctccaggtccccagcccAACCCTTGTCCTTACCAGAACG
TTGTTTTCAGGAAGTCTGAAAGACAAGAGCAGAAAGTCAGTCCCATGGAATTTTCGCTTC
CCACAGGTCTCTGCTAGGgggctggggttggggtgggggtggtgggCCTGCCCTTCCAAT
GGATCCACTCACAGTTTCCATAGGTCTGAAAATGTTTCCTGACTCAGAGGGGGCTCGACG
CTAGGATCTGACTGCGGCTCCTCCATGGCAGTGACCCGGAAGGCAGTCTGGCTGCTGCAA
GAGGAAAAGTGGGGATCCAGCATGAGACACTTCCAACCCTGGGTCACCTGGGCCTGCAGA
GAAGGAACCCCCTCCCCCAACACCATGCCAGTGTCTGAGACAGCTCGGCTTCCTGTGGAG
CAGGAAAAGAatggctgcttcacattctctcttccaatgtttcaccacaacccaagcact
cctgccccacccctcaccagccatgcacttctttgaggaaaagacaatcagagagggact
tccaaccttcccaccactaaatccccaagacttcctaaatgtgcaccctattcccaactc
ccttcctgtAttttttttttttttttgagatggagtctctctctgtcacctaggctggag
cacagtggcatgatctcagctcactgcaacctctaccttccgggttcaagccattctcct
gcctcagtctcccgagtagctgggattacaggcgagtaccaccacacccagctaattttt
gtatttttagtagagacagggctttgcatgttggccaggctggtctcgaactccttactt
caggtgatcggcccgcctcagcctcctaaagtgccaagattacaggtgtgagctaccgtg
ccctgcTCCCACCTCCTGTTAACAAGGATATAGTCATTCTCAGCCTGCAATCTCTGTATG
GGGAAGGACACCCCCTTGGCCCCCACCCTTCCCCACCTGATACACGGCTCCATTTCTTTG
ATTCCTTTCACTGCAAAGCTTCTGGAAGAACAACTGTCTCACCGCTCACCTGCCCATTCT
CTTCGGACACTCCTCAGCCCTGCATTACAAACCCCTCACGAATGGCCCGTCTCGGCTTCT
TTAATCTCATCTCTTAACAACCACTCCCTCTTCCCCAAAAGCTCTAGCTAGACTGGCTGC
CCTTCTCTGCTAATCAACTGGTGGTTCCTTGGCTAGCCAGGAACATGGGGGTAGGCTCCT
TCCCGTGCAGACTTTAAGTCATCCTATTTTAATTCACATCAcctcatttgcattctcata
gcacttacattgtctgatacttttccttgtttattttatctgtttcctctaatagcatat
acacttcctaagggcagggcagtgatctatcttgttgtcttgctgaccaaagtattagat
cacaatgccttgcacctgcttgggctcaataaatgtGAATAACACACAAGCCTGTTATAT
GAGAGGTTAAGAGAGCGAGAAAGAGCAAGGGGCAGCCCCTGTGTGGACCAGCATCTTGCA
CGAAGTTATGCAACTATCATCGCACCTTCTCCCAGACAAGCTTTCAAAGGCTTTGCCATG
TTTtcttttgttttgtttttttgtttgttttttgagatggagtttggctcttttcgccca
ggctggagtgcagtggtgcagtctaggctcactgcaacctctgccttctggtttcaagca
attctcctgcctcagcctcccgagtagctgggattacaggcccctgccaccatgcctggc
tgattttttgtatttttagtagagacagggtttcaccatgttggccaggctggtgtggaa
ctcctgaccttgtgatccacctgcctcggcctctcaaagcgctgggattacaggtgtgag
ccactgtgcctggccCGCCATGttctttctttctttcttttttcttttgaggcagggtct
tgctttgttgcccaagctagggtacagtggtgcaatcatggctcactacagcctcggact
cctgggctcagtgattctcctgcctcagcctcccaagtagctgggaccacagaggcctgc
ctggctaattttttagtctttttctttttctttttttttttggagacggagtctcgccct
gtcacccaggctagagtgcagtggtgtgatctcgactcactgtaacctccacctcccaga
ttcaagcgatcctcttgcctcaacttcctgagtagctgggattacaggcgcccaccaatg
cgcctgattaattttttgtatttttagtagagatggggttttgccatgttggccaggctg
gtttcgaactcctgacctcaggtgatcctcccgcctccgactcccaaagtgctgggatta
caggtgtgagccactgcacccggccaatttttgagtttttttgtagaggcagggtttcac
tatgttgcccaggcAGGATGCTCTCtttctttttctttttttttttttCAGGGATGCTCT
CTTTCTTTATGCCAAATTTGTCATCAGATTTGCTAAGAAACATGCCTACTGTAAGTGTTT
GTTACACttttctgtttttttttttttttgagacagagttttgctctcgtccaggctgga
gtgcaatggtgcgatctcggctcaccgcaacctctgcctcccaggttcaagcgattctcc
tgcctcagcctcccgagtagctgggattacaggcatgcgccactgcgcccggctaatttt
gtatttttagtagagacggggtttctccatattggtcaggctggtcttgaactcccaact
tcaggtgatccgcccgccttggcctcccaaagtgctgggattacaggcatgaaccactgt
gcccagccCACTTTTCTGTTGTTTGCACTGACAAAACATCCCCTACCAAACAGCTCCTTT
AATGGCAGGCTCTTTTCTTTttttattttattttattttattttattttattttatttta
ttttgagacggagtctcagctcttattgcccaggctggagtacagtggcactatctccgc
ttactgcaacctcctcccggattcaaatgattctcctgcctcagcctgctgagtagctag
gactacaagcatgtgccaccacacctggctaattttgtacttctagtagagacggggttt
caccatgttggtcaggctggtcttgaactcccgacctcaggtgatccaccccccttggcc
tcctaaagtgctgggattacaggcgtgagccaccaagcctggccTACCTAGTACTCTGTG
TATTATGGGAAatgtagagttgaggaaagtgctgggcacacagtaagagctcaacaaagg
ttagctctTTCTGCAATTGTTCTATTTCACTTGTTCTATATTATTATTCTAGAGAGAACT
GTGTGATTGTTAGTGCGGATCTGTGGTACTGCTCCCACCCCCACTCCATTAATGCAAGTA
CACCTCCTTCAGGGATCTATTCAGTCAACAGGCCAGGAGGTGCTGTCCTGAAATGGGGGG
CCCAAAGTCTCAATCCCACTTGGAGGGACACAGGTCTACAGACAGGTCTCCCTGTCTTTA
TCTCTCAAATCTTCAGTAGCAACTAAAATCTCCGTGTTTTTCAGAGCAGGACCTTCCCAG
GGGTACCAGCATCAGTGGGCCAGGATACAAATGTGCCAGGCTGAACTAGGCCTTCCAAAT
GGCCAGGGAGCCAAGAGAAATGCAGGTGCCCTTGGCTGGGTGGGAAGGCAATGAGATCAA
CTGAGACCCCAAACAGGGGCAGGCCTGACCAGAATCTTAACAGTGGCTGCTGGTATCAGT
CTTGAAGGCCTATATGTCCAGTGattccctaaacaatatagtacaagtacttacatacat
acttgcatgtacattagcattttcattgtatgggggtaatgtaagtaatctagagataat
ttaaactatatgggaggatatgtgtaggttaaatccaaatactataccgtcttatatatg
ggacttagacatctgtgggtttggtgtgtgaggagtcccagaaccaagcccctacagata
gagggataactatattgccctgtaacctgcaaccctgctatatttatttattagttttgg
tagctttttatggattttccattaggacttttttttttttttgagatagagtttcactct
ttttttttttttttgagacggaatctcgctctgttgcccggcgtggtgtgcaatggcatg
atctcagctcactgcaacctccacctcctgggttcaagcaattcttctgtctcagcctcc
caagtagctgggattacaggcgcccaccactacacccagctaattcttgtatttttagta
gagacggggtttcaccatgttaggttggtctcaaactcctgacctcaggtgatcggcctg
cctcagcctcccgaagtgctgggattacaggcgtaagccaccacaccctgccggagtttc
actcttgttgcccaggctggagtgcaatagcgcgatctcggctcactgcaacctctgcct
cccaggtccaagcaattctcctgcctcagcctcctgagtagctgggattagaggtgcccg
tcaccacgcctggctgattttttgtatttttattagagttggggtttcaccatgttggcc
aggctggtcccagggaagccacctgcctcagcctcctaaaagtgctaggattacaggcat
gagccaccacgcctggccccattaggacatgtatgtatagaatcatactggctgtgaatg
tgttttatttcttcctttctaatcgttattttttttctttcctttttttttttttttttt
gacatggaattttgctcttgtcgcctaggctggagtgcaatgggacaatctcggctcact
gcaacctctgcctcctgggttcaagtgattctcctgcctctgcctcctgagtagctggga
ctacaggcgttcaccactacccctggctaattcttttttttttgagacggagtttttgct
tttgtcacccaggctggagtgcaatggtgcaatctcggctcactacaacctccgcctccc
aggttcaagcgattctcctgcctaagcctcccaagtagctgggattacaggcgcccgcca
ctacgcccggctaatttttgtatttttagtagagatggggtttcaccatgttggccaggc
tggtgttgaactcctgacctcaggtgatccacccacctcggcctcccaaagtgctgggat
tacaggcatgagccactgtacccggccaacgcctggctatttttttaatattttaataga
gacgaggtttcaccatctttgtcaggctggtctccaactccagacctcaggtgatctgcc
cacctcggcctcccaaagtgctgggattataggcgtgagacatcgggccACTAATCAtta
tttctttttctttttttttttttgagacacagtcttgctctgtcgcccaggctggagtgc
agtggctcgatctcagctcactgcaagctccgccccctgagttcacgccattctcctgcc
tcagcctcccgagtagctgggactacaggcgcccgccactacgcccggctaattttttgt
atatttagtagagacagggtttcaccgtgttagccaggatggtctcgatctcctgacctc
gtgatccacccgtctcggcttcccaaagtgctgggattacaggcctgagccaccgcaccc
ggccctcattatttctttttcttgcctggttaaaacctccagtatggtatcaacgttgtg
agagtcaaatccttttctagttcctgatcttagaggaaaaagcgttgagttttcttttct
tttttttttttttttttttttgagacgaagtctcactctgtcacccaggctggagtgcag
tggcacgatctaggctctgcaagctccgcctcccgggttcacgccattctctcgcctcag
cctcccgagtagctgggactataggcgcccgccaccatgcccggctaattttttgttttt
gtatttttagtagagacggggtttcagcatgctagtcaggacagtctcgatctcctgacc
tcgtgatccgcccgcctaggcctcccaaagtgctggcattacaggcgtgagccaccgcgc
ccggcagcactgagttttctaccattatgtatgctgctagtggaactccgactgtggacg
ccctgttatcaaactaggttaagtttcctttccctagtttgctaggaggttggttggttt
gtaatcatgcatatgtgttgaatatcattaactgcttttgctacatctgttgaaatgatc
atagggtttttatgtttccctttgttaatgtggtgaattacacagactgatttttttccc
cccagtaaagaccagtctgactatgttgcccaggctggtcttgaaatcctgggctcaaga
gatcttcctgcctcagcctcctaaaatgttgggattacaggcctgagctactgcaccagg
ccaatttttgaatgttgaatcagctacaatcatgagataaacattatttggttagaatgt
atttatcctttttctttttctttttttgagatggagtctcactctgttgcccaggctgga
gtgcaatggtgtgatcccagctcagtgcaacttctgcctcctgggttcaagcgattctcc
tgcctcagactcccgagtagctgggatttcaggtgcccaccaccatgcccagctaatttt
tttttttttttgagatgaagtcttgctctgtcgcccaggctggagtgcagtggcacgatc
ttggctcactgcaacctctgcctcccgggttcaagcaattctgcctcagcctcctgagta
gctgggattacaggcaggtgccaccacaccggctgatttttgtatttttagtagagatgg
cgtttcaccacattggtcaggctggtcttgaactcctgacctcgtgatctgcccacctcg
gcctcccaaagtgctgggattacaggcgtgagccaccgtgcccagcctgatttttgtatt
tttattagaaacggggtttcaccatgttggtcaggctggtctcaaactcctgacctcaag
tgatctgcctgcctcagcctcccaaagtgctgggattacaggcgtgagccaccgcgactg
gcctatttatccttttttctatattaccaggtttggtttgctaaaattggttagctgttg
catgtctatgctaacaggaatattggtctatattttcttttcttataatgtccttgtttg
gttttggtaccaggattatgctggcttcgaaaacaagttgggaaatattcctctattttt
tctttctttctttttttttctgagacagggtctcactctgttgcccaggctggagtgcag
tggcgcaatctcggctcactgcaacctccgcttcccaggttcaagggattcttgtgcctc
agcctcctgagtaactggcattacaggtatgtgtcaccacgcctagctactttttgtatt
tttagtagagatggggtttcgccgtgttggccaggctggtctcgaactcccgacctcaaa
tgatcccctgcctcagcgtaccaaagtgctgagattacaggtatgagccaccgcgcccag
tctgttcctctgttttctgaagagtttgtgtaagatgggtactgtttcttcctccaacgt
ttAAAGAgagcagagaacagaggagataaatagaaaatagcactaagaggtcaggcatgg
tggctcacacctgtaatcccagcactttgggaggccgagatgggatgaaagcttgaggcc
agcagtttgagaccagcctgggcaacatagtgagatcctgtcaatacaaaaaaataaaat
agttagctgggtgtggtggagtaatcccagctactcgtgaggctgctagaggactgcttg
agcccaggggttcgaggctgcagtaagccttgattgtgccattgtactctagcctgggca
acagtgtgagtccctgtctcaaaaattaacaaagaaaaaaagaaaatagcactaaaatgg
tagccctatactccaactgtaaaataattaaaattaaaAGCattcagtagagaaaggaag
cctatttcaacaagtggagacagaataactggatttccatacaggaaagataccagagac
tgactcctacacctcacaccataaacaattaattttaagaattaattaatggctcaagga
ccttactgtaaaacttacaaccataaaggtcctaaaagaaaatgtaagataatatcttca
tgaccctggggttaaaaaaaaaaaaaaagatgtcctaaacaggacaaggcaaatactgaa
cataaaaaagataaatccactcctcttaagatactgtaaactctgtaaagcaaacaaata
ggcaagcaacagatcagaagaaaacattcacgacacatggatctgataaaggacttgtat
ccagaatgtataaagcagtcccacaactgaacaataaaaacaaacaaaaaaccaaaataa
caggtaaaagactcgaagagctactttacaaacaaaatacgaatggccaataggcacatg
aaaaaatgctgaacatccttagtcaatagagaactgtaaattacaaccacaaggatatac
cacattagaaagactgacaatacctaatgtccggaaggctgtggcacaaccataataact
cccataccttgctagttggagtgtaaaatggtacaaccgctctggaaaactcagagcttc
tgaaaaagttcaaaatacagctactttttacttccaaactcgcaattcccctcctaagta
tttctccaagaaacacgaaaacatatgatcacaaaaagaattgtacaagaatgtttatag
cagctttatttcataaccgcaaatgggaaacaactcaaaaggccatcaaaaggacggata
tacaatcgatggactatactaaatgaaaaggagcaaaatactgatatatacaacatgaac
gaatgtcagacagtacattgaaggacagaagcccgacaaaaatgagcacataatgtatga
ttccccccttttttttgagacggagtttcgttcttgtcgcccaggctggagtgtagtggc
acgatcttggctcactgcaacctctgcctcccgggttcaagcgattctcctgcctcaccc
tcccgaatagctgggattacaggcacccaccacgcccagctaatttttgtattttttagt
agagacggggattcaccacgttggccacgctggtctggaactcctatcctcaagtaatcc
gcccgcctcggcctcccaaagtgcaggcgtgagccacagcgcccagcctgattccattct
atatgaagttctccaacaggcaaaatggttatggagatcaaaataaaggtggggtcggga
atcgactgggaagagacgtgatgaaacgtttctgggacgatgaaaagggtctgtgacttg
gtaggcatcacggagcggttaggggccaaaactcatcttcctgtgcacttgctgtgtgca
ctggcgctgtgtgtaaatgccacctcgaTTTAGGAAAAAGATGACGTAAGTACGGCACAA
AGTGGCCGGTACGCGGCAGGTGCATGGGAAGAAACTGCGGAATGAAACAACCGCGAGCTA
AGAGATGGGGCAGCGGGAGAAATGAATTCGAGTTCCGCCTCCTACCAGGAAGAACCGGCT
CGGGCCGGAGGGCTGCACGGAGGACCACACGGACGCCTGCGGGCCCGCCCCTTCCGCTTC
ACGACGTTCAGCCTGCGTCTGGAACTGGAATGGCCTAGCCCAAAGCTAGATAACAGGTAG
ATTGTTTTTCCGACAAATTATCAAACGACCCATCATTGCACTCTTTCAAAATTTGATTCT
CAGACGTACCCATTCTTTTTTTTTTTCCTCCGGGAAGATGAGATATACTCATTCTTGAAA
ATACCTCCGGGCTTGCCTTCTGCACACTTCTTTCCCTCCCTGTCTCACGCCATGGTAGCG
TCCGCCTAGGTTGCAGGCGACCCGCGGGGTGGGGCACACCATTCAAAGAAGGGGAGGGAT
TGAGGTTTGCATCAAAACAAATACCCCTGCCTTTGCAAAGGCCATAACTAAGTAATCCAG
AAAAAGAAATGCAGGCGGAGAATAGCAGCCTCCCTCTGCCAAGTAAGAGGAACCGGCCTA
AAGGACATTTTCTCTCTCTCTCCTCCCCTCTCATCGGGTGAATAGTGAGCTGCTCCGGCA
AAAAGAAACCGGAAATGCTGCTGCAAGAGGCAGAAATGTAAATGTGGAGCCAAACAATAA
CAGGGCTGCCGGGCCTCTCAGATTGCGACGGTCCTCCTCGGCCTGGCGGGCAAACCCCTG
GTTTAGCACTTCTCACTTCCACGACTGACAGCCTTCAATTGGATTTTCTCCATCTAGCGG
AGCCGGGGGCTGCCTGGAAAGATCGCTCCAGGAAGGACAAAGGTCCGGAAGTTGTGGGAC
CTTAGCAGCTTGGGCTCCCCGGATCACCCCCAAATGATCATTTCGGAATGGAGCCCCAGT
TTTCACTAGGATGCCATGGGCTCTAAAATATACAGCTATGAGTTCTCAATGTTTCGAGAT
CCAAAAGTCTCAGACCTCAATGCTTTGTGCATCTTTTATTTCAGGGATTCCCTACGCCCA
GCACCGGGTGGATGTGCAAAGAAGTACGCTTTAGGCCGGCTCAAGGTTCCCCAAAGCTCC
ACTCCTCTGCCTAGGCGTTCAACTTTGAGTTCGGATGGTCCTAACATCCCCATCATCTAC
ACCCAGGTCTCCCAACAATGCAACTCCTATGATGATCCCTCTAGCCAAGCTTCCATCCCA
CTCACCCCCAAACTCGCTAAGTCCCCACTGCCCCACCCCCAGCCCCAGCGATTTTCCCGA
GCTGAAAATACACGGAGCCGAGAGCCCGTGACTCAGAGAGGACTCATCAAGTTCAGTCAG
GAGCTTACCCAATCCAGGGAAGCGTGTCACCGTCGTGGAAAGCACGCTCCCAGCCCGAAC
GCAAAGTGTCCCCGGAGCCCAGCAGCTACCTGCTCCCTGGACGGTGGCTCTAGACTTTTG
AG
